<html>
<body>
<pre>
<h1>µVision Build Log</h1>
<h2>Tool Versions:</h2>
IDE-Version: ¦ÌVision V5.29.0.0
Copyright (C) 2019 ARM Ltd and ARM Germany GmbH. All rights reserved.
License Information: afterGlow,4ever afterGlow,4ever, afterGlow,4ever, LIC=RC93N-YD3HA-PCYJ8-3Z99I-82HWP-H3LZU
 
Tool Versions:
Toolchain:       MDK-ARM Plus  Version: 5.29.0.0
Toolchain Path:  C:\ResearchProgram\Keil_v529\ARM\ARMCC\Bin
C Compiler:      Armcc.exe V5.06 update 6 (build 750)
Assembler:       Armasm.exe V5.06 update 6 (build 750)
Linker/Locator:  ArmLink.exe V5.06 update 6 (build 750)
Library Manager: ArmAr.exe V5.06 update 6 (build 750)
Hex Converter:   FromElf.exe V5.06 update 6 (build 750)
CPU DLL:         SARMCM3.DLL V5.29.0.0
Dialog DLL:      DCM.DLL V1.17.3.0
Target DLL:      Segger\JL2CM3.dll V2.99.36.0
Dialog DLL:      TCM.DLL V1.36.5.0
 
<h2>Project:</h2>
F:\share\cm3_ahbmtx_mcu\project\firmware_sdk\keil_fw_test\baremental.uvprojx
Project File Date:  11/26/2021

<h2>Output:</h2>
*** Using Compiler 'V5.06 update 6 (build 750)', folder: 'C:\ResearchProgram\Keil_v529\ARM\ARMCC\Bin'
Build target 'fw_test'
compiling advtim_test.c...
..\..\..\user\firmware\fw_test\advtim_bsp\advtim_test.c(57): warning:  #223-D: function "advtim_mix_int_init" declared implicitly
  	advtim_mix_int_init();
..\..\..\user\firmware\fw_test\advtim_bsp\advtim_test.c(87): warning:  #223-D: function "advtim_mix_int_init" declared implicitly
  	advtim_mix_int_init();
..\..\..\user\firmware\fw_test\advtim_bsp\advtim_test.c(99): warning:  #188-D: enumerated type mixed with another type
  		drv_advtim_gen_set_dir(&hadvtim, advtim_int_flag % 2);
..\..\..\user\firmware\fw_test\advtim_bsp\advtim_test.c(117): warning:  #223-D: function "advtim_mix_int_init" declared implicitly
  	advtim_mix_int_init();
..\..\..\user\firmware\fw_test\advtim_bsp\advtim_test.c(150): warning:  #223-D: function "advtim_ch1_pwm_int_init" declared implicitly
  	advtim_ch1_pwm_int_init();
..\..\..\user\firmware\fw_test\advtim_bsp\advtim_test.c(186): warning:  #223-D: function "advtim_ch1_pwm_int_init" declared implicitly
  	advtim_ch1_pwm_int_init();
..\..\..\user\firmware\fw_test\advtim_bsp\advtim_test.c(228): warning:  #223-D: function "advtim_ch_all_pwm_int_init" declared implicitly
  	advtim_ch_all_pwm_int_init();
..\..\..\user\firmware\fw_test\advtim_bsp\advtim_test.c(272): warning:  #223-D: function "advtim_ch_all_pwm_int_init" declared implicitly
  	advtim_ch_all_pwm_int_init();
..\..\..\user\firmware\fw_test\advtim_bsp\advtim_test.c(319): warning:  #223-D: function "advtim_ch1_pwm_with_deadzone_init" declared implicitly
  	advtim_ch1_pwm_with_deadzone_init();
..\..\..\user\firmware\fw_test\advtim_bsp\advtim_test.c(355): warning:  #223-D: function "advtim_ch123_pwm_with_deadzone_init" declared implicitly
  	advtim_ch123_pwm_with_deadzone_init();
..\..\..\user\firmware\fw_test\advtim_bsp\advtim_test.c(399): warning:  #223-D: function "advtim_ch_all_pwm_with_deadzone_init" declared implicitly
  	advtim_ch_all_pwm_with_deadzone_init();
..\..\..\user\firmware\fw_test\advtim_bsp\advtim_test.c(440): warning:  #223-D: function "advtim_ch1_mode_with_deadzone_init" declared implicitly
  	advtim_ch1_mode_with_deadzone_init();
..\..\..\user\firmware\fw_test\advtim_bsp\advtim_test.c(477): warning:  #223-D: function "advtim_ch_all_pwm_and_gpio_with_deadzone_init" declared implicitly
  	advtim_ch_all_pwm_and_gpio_with_deadzone_init();
..\..\..\user\firmware\fw_test\advtim_bsp\advtim_test.c(529): warning:  #223-D: function "advtim_ch1_once_cap_int_init" declared implicitly
  	advtim_ch1_once_cap_int_init();
..\..\..\user\firmware\fw_test\advtim_bsp\advtim_test.c(635): warning:  #223-D: function "advtim_ch1_cap_int_init" declared implicitly
  	advtim_ch1_cap_int_init();
..\..\..\user\firmware\fw_test\advtim_bsp\advtim_test.c(741): warning:  #223-D: function "advtim_ch1_cap_pwm_int_init" declared implicitly
  	advtim_ch1_cap_pwm_int_init();
..\..\..\user\firmware\fw_test\advtim_bsp\advtim_test.c(847): warning:  #223-D: function "advtim_ch1_enc_direct_first_edge_int_init" declared implicitly
  	advtim_ch1_enc_direct_first_edge_int_init();
..\..\..\user\firmware\fw_test\advtim_bsp\advtim_test.c(871): warning:  #223-D: function "advtim_ch1_enc_quadrature_first_edge_int_init" declared implicitly
  	advtim_ch1_enc_quadrature_first_edge_int_init();
..\..\..\user\firmware\fw_test\advtim_bsp\advtim_test.c(957): warning:  #223-D: function "advtim_ch1_enc_direct_both_edge_int_init" declared implicitly
  	advtim_ch1_enc_direct_both_edge_int_init();
..\..\..\user\firmware\fw_test\advtim_bsp\advtim_test.c(981): warning:  #223-D: function "advtim_ch1_enc_quadrature_both_edge_int_init" declared implicitly
  	advtim_ch1_enc_quadrature_both_edge_int_init();
..\..\..\user\firmware\fw_test\advtim_bsp\advtim_test.c(1067): warning:  #223-D: function "advtim_ch1_enc_direct_quadrature_forward_int_init" declared implicitly
  	advtim_ch1_enc_direct_quadrature_forward_int_init();
..\..\..\user\firmware\fw_test\advtim_bsp\advtim_test.c(1094): warning:  #223-D: function "advtim_ch1_enc_direct_quadrature_reverse_int_init" declared implicitly
  	advtim_ch1_enc_direct_quadrature_reverse_int_init();
..\..\..\user\firmware\fw_test\advtim_bsp\advtim_test.c(1123): warning:  #223-D: function "advtim_ch_all_pwm_with_deadzone_with_break_init" declared implicitly
  	advtim_ch_all_pwm_with_deadzone_with_break_init();
..\..\..\user\firmware\fw_test\advtim_bsp\advtim_test.c(1196): warning:  #223-D: function "advtim_ch_all_pwm_with_deadzone_with_break_init" declared implicitly
  	advtim_ch_all_pwm_with_deadzone_with_break_init();
..\..\..\user\firmware\fw_test\advtim_bsp\advtim_test.c(1252): warning:  #223-D: function "advtim_ch_all_pwm_with_deadzone_with_break_init" declared implicitly
  	advtim_ch_all_pwm_with_deadzone_with_break_init();
..\..\..\user\firmware\fw_test\advtim_bsp\advtim_test.c(1330): warning:  #2820-D: string literal too long -- excess characters ignored
  	{'q', advtim_ch_all_pwm_and_gpio_with_deadzone_with_break_on_test,				"[ADVTIM] advtim all channels pwm output with deadzone with break detection test...\r\n"}, 
..\..\..\user\firmware\fw_test\advtim_bsp\advtim_test.c: 26 warnings, 0 errors
linking...
Program Size: Code=10824 RO-data=724 RW-data=220 ZI-data=4364  
FromELF: creating hex file...
After Build - User command #1: fromelf --bin -o "F:\share\cm3_ahbmtx_mcu\project\firmware_sdk\keil_fw_test\Objects\baremental.bin" "F:\share\cm3_ahbmtx_mcu\project\firmware_sdk\keil_fw_test\Objects\baremental.axf"
After Build - User command #2: fromelf --text -a -c --output=Objects\baremental.dis Objects\baremental.axf
".\Objects\baremental.axf" - 0 Error(s), 26 Warning(s).

<h2>Software Packages used:</h2>

Package Vendor: ARM
                http://www.keil.com/pack/ARM.CMSIS.5.6.0.pack
                ARM.CMSIS.5.6.0
                CMSIS (Cortex Microcontroller Software Interface Standard)

<h2>Collection of Component include folders:</h2>
  .\RTE\_fw_test
  C:\ResearchProgram\Keil_v529\ARM\PACK\ARM\CMSIS\5.6.0\Device\ARM\ARMCM3\Include

<h2>Collection of Component Files used:</h2>
Build Time Elapsed:  00:00:00
</pre>
</body>
</html>
