<html>
<body>
<pre>
<h1>礦ision Build Log</h1>
<h2>Tool Versions:</h2>
IDE-Version: μVision V5.29.0.0
Copyright (C) 2019 ARM Ltd and ARM Germany GmbH. All rights reserved.
License Information: afterGlow,4ever afterGlow,4ever, afterGlow,4ever, LIC=RC93N-YD3HA-PCYJ8-3Z99I-82HWP-H3LZU
 
Tool Versions:
Toolchain:       MDK-ARM Plus  Version: 5.29.0.0
Toolchain Path:  C:\ResearchProgram\Keil_v529\ARM\ARMCC\Bin
C Compiler:      Armcc.exe V5.06 update 6 (build 750)
Assembler:       Armasm.exe V5.06 update 6 (build 750)
Linker/Locator:  ArmLink.exe V5.06 update 6 (build 750)
Library Manager: ArmAr.exe V5.06 update 6 (build 750)
Hex Converter:   FromElf.exe V5.06 update 6 (build 750)
CPU DLL:         SARMCM3.DLL V5.29.0.0
Dialog DLL:      DCM.DLL V1.17.3.0
Target DLL:      Segger\JL2CM3.dll V2.99.36.0
Dialog DLL:      TCM.DLL V1.36.5.0
 
<h2>Project:</h2>
F:\share\cm3_ahbmtx_mcu\project\firmware_sdk\keil_fw_test - 副本 (2)\baremental.uvprojx
Project File Date:  08/08/2020

<h2>Output:</h2>
*** Using Compiler 'V5.06 update 6 (build 750)', folder: 'C:\ResearchProgram\Keil_v529\ARM\ARMCC\Bin'
Build target 'fw_test'
compiling uart_bsp.c...
compiling uart_test.c...
compiling main.c...
compiling interrupt.c...
linking...
Program Size: Code=9380 RO-data=656 RW-data=360 ZI-data=4376  
FromELF: creating hex file...
After Build - User command #1: fromelf --bin -o "F:\share\cm3_ahbmtx_mcu\project\firmware_sdk\keil_fw_test - 副本 (2)\Objects\baremental.bin" "F:\share\cm3_ahbmtx_mcu\project\firmware_sdk\keil_fw_test - 副本 (2)\Objects\baremental.axf"
After Build - User command #2: fromelf --text -a -c --output=Objects\baremental.dis Objects\baremental.axf
".\Objects\baremental.axf" - 0 Error(s), 0 Warning(s).

<h2>Software Packages used:</h2>

Package Vendor: ARM
                http://www.keil.com/pack/ARM.CMSIS.5.6.0.pack
                ARM.CMSIS.5.6.0
                CMSIS (Cortex Microcontroller Software Interface Standard)

<h2>Collection of Component include folders:</h2>
  .\RTE\_fw_test
  C:\ResearchProgram\Keil_v529\ARM\PACK\ARM\CMSIS\5.6.0\Device\ARM\ARMCM3\Include

<h2>Collection of Component Files used:</h2>
Build Time Elapsed:  00:00:01
</pre>
</body>
</html>
