Flow report for mcu_top
Sat Jan 20 19:06:42 2024
Quartus Prime Version 18.1.0 Build 625 09/12/2018 SJ Standard Edition


---------------------
; Table of Contents ;
---------------------
  1. Legal Notice
  2. Flow Summary
  3. Flow Settings
  4. Flow Non-Default Global Settings
  5. Flow Elapsed Time
  6. Flow OS Summary
  7. Flow Log
  8. Flow Messages
  9. Flow Suppressed Messages



----------------
; Legal Notice ;
----------------
Copyright (C) 2018  Intel Corporation. All rights reserved.
Your use of Intel Corporation's design tools, logic functions 
and other software and tools, and its AMPP partner logic 
functions, and any output files from any of the foregoing 
(including device programming or simulation files), and any 
associated documentation or information are expressly subject 
to the terms and conditions of the Intel Program License 
Subscription Agreement, the Intel Quartus Prime License Agreement,
the Intel FPGA IP License Agreement, or other applicable license
agreement, including, without limitation, that your use is for
the sole purpose of programming logic devices manufactured by
Intel and sold by Intel or its authorized distributors.  Please
refer to the applicable agreement for further details.



+--------------------------------------------------------------------------------------+
; Flow Summary                                                                         ;
+------------------------------------+-------------------------------------------------+
; Flow Status                        ; Successful - Sat Jan 20 19:06:33 2024           ;
; Quartus Prime Version              ; 18.1.0 Build 625 09/12/2018 SJ Standard Edition ;
; Revision Name                      ; mcu_top                                         ;
; Top-level Entity Name              ; mcu_top                                         ;
; Family                             ; Cyclone IV E                                    ;
; Device                             ; EP4CE55F23I7                                    ;
; Timing Models                      ; Final                                           ;
; Total logic elements               ; 25,364 / 55,856 ( 45 % )                        ;
;     Total combinational functions  ; 24,108 / 55,856 ( 43 % )                        ;
;     Dedicated logic registers      ; 7,201 / 55,856 ( 13 % )                         ;
; Total registers                    ; 7201                                            ;
; Total pins                         ; 25 / 325 ( 8 % )                                ;
; Total virtual pins                 ; 0                                               ;
; Total memory bits                  ; 327,680 / 2,396,160 ( 14 % )                    ;
; Embedded Multiplier 9-bit elements ; 6 / 308 ( 2 % )                                 ;
; Total PLLs                         ; 1 / 4 ( 25 % )                                  ;
+------------------------------------+-------------------------------------------------+


+-----------------------------------------+
; Flow Settings                           ;
+-------------------+---------------------+
; Option            ; Setting             ;
+-------------------+---------------------+
; Start date & time ; 01/20/2024 19:01:20 ;
; Main task         ; Compilation         ;
; Revision Name     ; mcu_top             ;
+-------------------+---------------------+


+--------------------------------------------------------------------------------------------------------------------------+
; Flow Non-Default Global Settings                                                                                         ;
+--------------------------------------+----------------------------------------+---------------+-------------+------------+
; Assignment Name                      ; Value                                  ; Default Value ; Entity Name ; Section Id ;
+--------------------------------------+----------------------------------------+---------------+-------------+------------+
; COMPILER_SIGNATURE_ID                ; 52242430821.170574848013808            ; --            ; --          ; --         ;
; ENABLE_SIGNALTAP                     ; Off                                    ; --            ; --          ; --         ;
; FITTER_EFFORT                        ; Standard Fit                           ; Auto Fit      ; --          ; --         ;
; MAX_CORE_JUNCTION_TEMP               ; 100                                    ; --            ; --          ; --         ;
; MIN_CORE_JUNCTION_TEMP               ; -40                                    ; --            ; --          ; --         ;
; MUX_RESTRUCTURE                      ; Off                                    ; Auto          ; --          ; --         ;
; NOMINAL_CORE_SUPPLY_VOLTAGE          ; 1.2V                                   ; --            ; --          ; --         ;
; NUM_PARALLEL_PROCESSORS              ; All                                    ; --            ; --          ; --         ;
; OPTIMIZATION_MODE                    ; Aggressive Performance                 ; Balanced      ; --          ; --         ;
; PARTITION_COLOR                      ; -- (Not supported for targeted family) ; --            ; --          ; Top        ;
; PARTITION_FITTER_PRESERVATION_LEVEL  ; -- (Not supported for targeted family) ; --            ; --          ; Top        ;
; PARTITION_NETLIST_TYPE               ; -- (Not supported for targeted family) ; --            ; --          ; Top        ;
; PHYSICAL_SYNTHESIS_COMBO_LOGIC       ; On                                     ; Off           ; --          ; --         ;
; PHYSICAL_SYNTHESIS_REGISTER_RETIMING ; On                                     ; Off           ; --          ; --         ;
; PLACEMENT_EFFORT_MULTIPLIER          ; 4.0                                    ; 1.0           ; --          ; --         ;
; POWER_BOARD_THERMAL_MODEL            ; None (CONSERVATIVE)                    ; --            ; --          ; --         ;
; POWER_PRESET_COOLING_SOLUTION        ; 23 MM HEAT SINK WITH 200 LFPM AIRFLOW  ; --            ; --          ; --         ;
; PROJECT_OUTPUT_DIRECTORY             ; output_files                           ; --            ; --          ; --         ;
; ROUTER_TIMING_OPTIMIZATION_LEVEL     ; MAXIMUM                                ; Normal        ; --          ; --         ;
; SMART_RECOMPILE                      ; On                                     ; Off           ; --          ; --         ;
; USE_SIGNALTAP_FILE                   ; stp1.stp                               ; --            ; --          ; --         ;
+--------------------------------------+----------------------------------------+---------------+-------------+------------+


+--------------------------------------------------------------------------------------------------------------------------+
; Flow Elapsed Time                                                                                                        ;
+----------------------+--------------+-------------------------+---------------------+------------------------------------+
; Module Name          ; Elapsed Time ; Average Processors Used ; Peak Virtual Memory ; Total CPU Time (on all processors) ;
+----------------------+--------------+-------------------------+---------------------+------------------------------------+
; Analysis & Synthesis ; 00:01:43     ; 1.0                     ; 1493 MB             ; 00:02:02                           ;
; Fitter               ; 00:03:20     ; 1.2                     ; 2488 MB             ; 00:08:04                           ;
; Assembler            ; 00:00:03     ; 1.0                     ; 990 MB              ; 00:00:03                           ;
; Timing Analyzer      ; 00:00:09     ; 2.1                     ; 1341 MB             ; 00:00:15                           ;
; Total                ; 00:05:15     ; --                      ; --                  ; 00:10:24                           ;
+----------------------+--------------+-------------------------+---------------------+------------------------------------+


+----------------------------------------------------------------------------------------+
; Flow OS Summary                                                                        ;
+----------------------+------------------+--------------+--------------+----------------+
; Module Name          ; Machine Hostname ; OS Name      ; OS Version   ; Processor type ;
+----------------------+------------------+--------------+--------------+----------------+
; Analysis & Synthesis ; icpc             ; CentOS Linux ; CentOS Linux ; x86_64         ;
; Fitter               ; icpc             ; CentOS Linux ; CentOS Linux ; x86_64         ;
; Assembler            ; icpc             ; CentOS Linux ; CentOS Linux ; x86_64         ;
; Timing Analyzer      ; icpc             ; CentOS Linux ; CentOS Linux ; x86_64         ;
+----------------------+------------------+--------------+--------------+----------------+


------------
; Flow Log ;
------------
quartus_map mcu_top
quartus_fit mcu_top
quartus_asm mcu_top
quartus_sta mcu_top



