Component: ARM Compiler 5.06 update 6 (build 750) Tool: armlink [4d35ed]

==============================================================================

Section Cross References

    drv_uart.o(i.drv_uart_deinit) refers to drv_uart.o(i.drv_uart_logic_reset) for drv_uart_logic_reset
    drv_uart.o(i.drv_uart_deinit) refers to drv_uart.o(i.drv_uart_int_allclear) for drv_uart_int_allclear
    drv_uart.o(i.drv_uart_getchar) refers to drv_uart.o(i.drv_uart_int_get) for drv_uart_int_get
    drv_uart.o(i.drv_uart_getchar) refers to drv_uart.o(i.drv_uart_int_clear) for drv_uart_int_clear
    drv_uart.o(i.drv_uart_getchar) refers to drv_uart.o(i.drv_uart_logic_reset) for drv_uart_logic_reset
    drv_uart.o(i.drv_uart_getchar_timeout) refers to drv_uart.o(i.drv_uart_int_get) for drv_uart_int_get
    drv_uart.o(i.drv_uart_getchar_timeout) refers to drv_uart.o(i.drv_uart_int_clear) for drv_uart_int_clear
    drv_uart.o(i.drv_uart_getchar_timeout) refers to drv_uart.o(i.drv_uart_logic_reset) for drv_uart_logic_reset
    drv_uart.o(i.drv_uart_init) refers to drv_uart.o(i.drv_uart_set_config) for drv_uart_set_config
    drv_uart.o(i.drv_uart_init) refers to drv_uart.o(i.drv_uart_logic_reset) for drv_uart_logic_reset
    drv_uart.o(i.drv_uart_init) refers to drv_uart.o(i.drv_uart_int_allclear) for drv_uart_int_allclear
    drv_uart.o(i.drv_uart_interrupt_handler) refers to drv_uart.o(i.drv_uart_int_get) for drv_uart_int_get
    drv_uart.o(i.drv_uart_interrupt_handler) refers to drv_uart.o(i.uart_int_tx_done_callback) for uart_int_tx_done_callback
    drv_uart.o(i.drv_uart_interrupt_handler) refers to drv_uart.o(i.drv_uart_int_clear) for drv_uart_int_clear
    drv_uart.o(i.drv_uart_interrupt_handler) refers to drv_uart.o(i.drv_uart_int_disable) for drv_uart_int_disable
    drv_uart.o(i.drv_uart_interrupt_handler) refers to drv_uart.o(i.drv_uart_logic_reset) for drv_uart_logic_reset
    drv_uart.o(i.drv_uart_interrupt_handler) refers to drv_uart.o(i.uart_int_rx_stop_callback) for uart_int_rx_stop_callback
    drv_uart.o(i.drv_uart_interrupt_handler) refers to drv_uart.o(i.uart_int_rx_parity_error_callback) for uart_int_rx_parity_error_callback
    drv_uart.o(i.drv_uart_interrupt_handler) refers to drv_uart.o(i.uart_int_rx_noise_detect_callback) for uart_int_rx_noise_detect_callback
    drv_uart.o(i.drv_uart_interrupt_handler) refers to drv_uart.o(i.uart_int_rx_stop_detect_callback) for uart_int_rx_stop_detect_callback
    drv_uart.o(i.drv_uart_interrupt_handler) refers to drv_uart.o(i.uart_int_tx_fifo_thres_callback) for uart_int_tx_fifo_thres_callback
    drv_uart.o(i.drv_uart_interrupt_handler) refers to drv_uart.o(i.uart_int_tx_fifo_empty_callback) for uart_int_tx_fifo_empty_callback
    drv_uart.o(i.drv_uart_interrupt_handler) refers to drv_uart.o(i.uart_int_rx_fifo_thres_callback) for uart_int_rx_fifo_thres_callback
    drv_uart.o(i.drv_uart_interrupt_handler) refers to drv_uart.o(i.uart_int_rx_fifo_noempty_callback) for uart_int_rx_fifo_noempty_callback
    drv_uart.o(i.drv_uart_putchar) refers to drv_uart.o(i.drv_uart_int_get) for drv_uart_int_get
    drv_uart.o(i.drv_uart_putchar) refers to drv_uart.o(i.drv_uart_int_clear) for drv_uart_int_clear
    drv_uart.o(i.drv_uart_putchars) refers to drv_uart.o(i.drv_uart_int_get) for drv_uart_int_get
    drv_uart.o(i.drv_uart_putchars) refers to drv_uart.o(i.drv_uart_int_clear) for drv_uart_int_clear
    drv_uart.o(i.drv_uart_rx_data) refers to drv_uart.o(i.drv_uart_int_get) for drv_uart_int_get
    drv_uart.o(i.drv_uart_rx_data) refers to drv_uart.o(i.drv_uart_int_clear) for drv_uart_int_clear
    drv_uart.o(i.drv_uart_rx_data) refers to drv_uart.o(i.drv_uart_logic_reset) for drv_uart_logic_reset
    drv_uart.o(i.drv_uart_set_config) refers to drv_common.o(i.drv_check_rw_data) for drv_check_rw_data
    drv_uart.o(i.drv_uart_tx_data) refers to drv_uart.o(i.drv_uart_int_get) for drv_uart_int_get
    drv_uart.o(i.drv_uart_tx_data) refers to drv_uart.o(i.drv_uart_int_clear) for drv_uart_int_clear
    drv_uart_ex.o(i.drv_uart_printf) refers to drv_uart_ex.o(i.vprintf) for vprintf
    drv_uart_ex.o(i.vprintf) refers to vsprintf.o(.text) for vsprintf
    drv_uart_ex.o(i.vprintf) refers to strlen.o(.text) for strlen
    drv_uart_ex.o(i.vprintf) refers to drv_uart.o(i.drv_uart_putchars) for drv_uart_putchars
    drv_uart_ex.o(i.vprintf) refers to uart_bsp.o(.bss) for huart0
    drv_gpio.o(i.drv_gpio_deinit) refers to drv_gpio.o(i.drv_gpio_int_clear) for drv_gpio_int_clear
    drv_gpio.o(i.drv_gpio_init) refers to drv_gpio.o(i.drv_gpio_set_config) for drv_gpio_set_config
    drv_gpio.o(i.drv_gpio_init) refers to drv_gpio.o(i.drv_gpio_int_clear) for drv_gpio_int_clear
    drv_gpio.o(i.drv_gpio_interrupt_handler) refers to drv_gpio.o(i.gpio0_int_callback) for gpio0_int_callback
    drv_gpio.o(i.drv_gpio_interrupt_handler) refers to drv_gpio.o(i.drv_gpio_int_clear) for drv_gpio_int_clear
[...]
    ../clib/printf.c                         0x00000000   Number         0  _printf_hex_int_ptr.o ABSOLUTE
    ../clib/printf.c                         0x00000000   Number         0  _printf_hex_ptr.o ABSOLUTE
    ../clib/printf_percent.s                 0x00000000   Number         0  _printf_g.o ABSOLUTE
    ../clib/printf_percent.s                 0x00000000   Number         0  _printf_n.o ABSOLUTE
    ../clib/printf_percent.s                 0x00000000   Number         0  _printf_lc.o ABSOLUTE
    ../clib/printf_percent.s                 0x00000000   Number         0  _printf_l.o ABSOLUTE
    ../clib/printf_percent.s                 0x00000000   Number         0  _printf_a.o ABSOLUTE
    ../clib/printf_percent.s                 0x00000000   Number         0  _printf_lld.o ABSOLUTE
    ../clib/printf_percent.s                 0x00000000   Number         0  _printf_o.o ABSOLUTE
    ../clib/printf_percent.s                 0x00000000   Number         0  _printf_e.o ABSOLUTE
    ../clib/printf_percent.s                 0x00000000   Number         0  _printf_f.o ABSOLUTE
    ../clib/printf_percent.s                 0x00000000   Number         0  _printf_u.o ABSOLUTE
    ../clib/printf_percent.s                 0x00000000   Number         0  _printf_d.o ABSOLUTE
    ../clib/printf_percent.s                 0x00000000   Number         0  _printf_i.o ABSOLUTE
    ../clib/printf_percent.s                 0x00000000   Number         0  _printf_llu.o ABSOLUTE
    ../clib/printf_percent.s                 0x00000000   Number         0  _printf_p.o ABSOLUTE
    ../clib/printf_percent.s                 0x00000000   Number         0  _printf_x.o ABSOLUTE
    ../clib/printf_percent.s                 0x00000000   Number         0  _printf_c.o ABSOLUTE
    ../clib/printf_percent.s                 0x00000000   Number         0  _printf_percent.o ABSOLUTE
    ../clib/printf_percent.s                 0x00000000   Number         0  _printf_llx.o ABSOLUTE
    ../clib/printf_percent.s                 0x00000000   Number         0  _printf_s.o ABSOLUTE
    ../clib/printf_percent.s                 0x00000000   Number         0  _printf_llo.o ABSOLUTE
    ../clib/printf_percent.s                 0x00000000   Number         0  _printf_percent_end.o ABSOLUTE
    ../clib/printf_percent.s                 0x00000000   Number         0  _printf_ll.o ABSOLUTE
    ../clib/printf_percent.s                 0x00000000   Number         0  _printf_lli.o ABSOLUTE
    ../clib/printf_percent.s                 0x00000000   Number         0  _printf_ls.o ABSOLUTE
    ../clib/signal.c                         0x00000000   Number         0  defsig_general.o ABSOLUTE
    ../clib/signal.c                         0x00000000   Number         0  __raise.o ABSOLUTE
    ../clib/signal.c                         0x00000000   Number         0  defsig_rtmem_inner.o ABSOLUTE
    ../clib/signal.c                         0x00000000   Number         0  defsig_exit.o ABSOLUTE
    ../clib/signal.c                         0x00000000   Number         0  defsig_rtmem_outer.o ABSOLUTE
    ../clib/signal.c                         0x00000000   Number         0  defsig_rtmem_formal.o ABSOLUTE
    ../clib/signal.c                         0x00000000   Number         0  defsig_abrt_inner.o ABSOLUTE
    ../clib/signal.c                         0x00000000   Number         0  defsig_fpe_inner.o ABSOLUTE
    ../clib/signal.c                         0x00000000   Number         0  defsig_rtred_inner.o ABSOLUTE
    ../clib/signal.c                         0x00000000   Number         0  defsig_stak_inner.o ABSOLUTE
    ../clib/signal.c                         0x00000000   Number         0  defsig_cppl_inner.o ABSOLUTE
    ../clib/signal.c                         0x00000000   Number         0  defsig_segv_inner.o ABSOLUTE
    ../clib/signal.c                         0x00000000   Number         0  defsig_other.o ABSOLUTE
    ../clib/signal.c                         0x00000000   Number         0  defsig_pvfn_inner.o ABSOLUTE
    ../clib/signal.s                         0x00000000   Number         0  defsig.o ABSOLUTE
    ../clib/stdlib.c                         0x00000000   Number         0  exit.o ABSOLUTE
    ../clib/string.c                         0x00000000   Number         0  strlen.o ABSOLUTE
    ../fplib/fpinit.s                        0x00000000   Number         0  fpinit.o ABSOLUTE
    ../fplib/istatus.s                       0x00000000   Number         0  istatus.o ABSOLUTE
    ../fplib/printf1.s                       0x00000000   Number         0  printf1.o ABSOLUTE
    ../fplib/printf2.s                       0x00000000   Number         0  printf2.o ABSOLUTE
    ../fplib/printf2a.s                      0x00000000   Number         0  printf2a.o ABSOLUTE
    ../fplib/printf2b.s                      0x00000000   Number         0  printf2b.o ABSOLUTE
    ../fplib/usenofp.s                       0x00000000   Number         0  usenofp.o ABSOLUTE
    ../mathlib/fpclassify.c                  0x00000000   Number         0  fpclassify.o ABSOLUTE
    ..\..\..\library\cmsis\Device\ARM\CM3DS\Source\ARM\startup_CM3DS.s 0x00000000   Number         0  startup_cm3ds.o ABSOLUTE
    ..\..\..\library\drivers\common\src\drv_common.c 0x00000000   Number         0  drv_common.o ABSOLUTE
    ..\..\..\library\drivers\gpio\src\drv_gpio.c 0x00000000   Number         0  drv_gpio.o ABSOLUTE
    ..\..\..\library\drivers\uart\src\drv_uart.c 0x00000000   Number         0  drv_uart.o ABSOLUTE
    ..\..\..\library\drivers\uart\src\drv_uart_ex.c 0x00000000   Number         0  drv_uart_ex.o ABSOLUTE
    ..\..\..\user\firmware\fw_test\gpio_bsp\gpio_bsp.c 0x00000000   Number         0  gpio_bsp.o ABSOLUTE
    ..\..\..\user\firmware\fw_test\gpio_bsp\gpio_test.c 0x00000000   Number         0  gpio_test.o ABSOLUTE
    ..\..\..\user\firmware\fw_test\interrupt.c 0x00000000   Number         0  interrupt.o ABSOLUTE
    ..\..\..\user\firmware\fw_test\main.c    0x00000000   Number         0  main.o ABSOLUTE
    ..\..\..\user\firmware\fw_test\uart_bsp\uart_bsp.c 0x00000000   Number         0  uart_bsp.o ABSOLUTE
    ..\..\..\user\firmware\fw_test\uart_bsp\uart_test.c 0x00000000   Number         0  uart_test.o ABSOLUTE
    ..\\..\\..\\user\\firmware\\fw_test\\gpio_bsp\\gpio_bsp.c 0x00000000   Number         0  gpio_bsp.o ABSOLUTE
    ..\\..\\..\\user\\firmware\\fw_test\\gpio_bsp\\gpio_test.c 0x00000000   Number         0  gpio_test.o ABSOLUTE
    ..\\..\\..\\user\\firmware\\fw_test\\interrupt.c 0x00000000   Number         0  interrupt.o ABSOLUTE
    ..\\..\\..\\user\\firmware\\fw_test\\main.c 0x00000000   Number         0  main.o ABSOLUTE
    ..\\..\\..\\user\\firmware\\fw_test\\uart_bsp\\uart_bsp.c 0x00000000   Number         0  uart_bsp.o ABSOLUTE
    ..\\..\\..\\user\\firmware\\fw_test\\uart_bsp\\uart_test.c 0x00000000   Number         0  uart_test.o ABSOLUTE
    dc.s                                     0x00000000   Number         0  dc.o ABSOLUTE
    !!!main                                  0x0000005c   Section        8  __main.o(!!!main)
    !!!scatter                               0x00000064   Section       52  __scatter.o(!!!scatter)
    !!dczerorl2                              0x00000098   Section       90  __dczerorl2.o(!!dczerorl2)
    !!handler_zi                             0x000000f4   Section       28  __scatter_zi.o(!!handler_zi)
    .ARM.Collect$$_printf_percent$$00000000  0x00000110   Section        0  _printf_percent.o(.ARM.Collect$$_printf_percent$$00000000)
    .ARM.Collect$$_printf_percent$$00000001  0x00000110   Section        6  _printf_n.o(.ARM.Collect$$_printf_percent$$00000001)
    .ARM.Collect$$_printf_percent$$00000002  0x00000116   Section        6  _printf_p.o(.ARM.Collect$$_printf_percent$$00000002)
    .ARM.Collect$$_printf_percent$$00000003  0x0000011c   Section        6  _printf_f.o(.ARM.Collect$$_printf_percent$$00000003)
    .ARM.Collect$$_printf_percent$$00000004  0x00000122   Section        6  _printf_e.o(.ARM.Collect$$_printf_percent$$00000004)
    .ARM.Collect$$_printf_percent$$00000005  0x00000128   Section        6  _printf_g.o(.ARM.Collect$$_printf_percent$$00000005)
    .ARM.Collect$$_printf_percent$$00000006  0x0000012e   Section        6  _printf_a.o(.ARM.Collect$$_printf_percent$$00000006)
    .ARM.Collect$$_printf_percent$$00000007  0x00000134   Section       10  _printf_ll.o(.ARM.Collect$$_printf_percent$$00000007)
    .ARM.Collect$$_printf_percent$$00000008  0x0000013e   Section        6  _printf_i.o(.ARM.Collect$$_printf_percent$$00000008)
    .ARM.Collect$$_printf_percent$$00000009  0x00000144   Section        6  _printf_d.o(.ARM.Collect$$_printf_percent$$00000009)
    .ARM.Collect$$_printf_percent$$0000000A  0x0000014a   Section        6  _printf_u.o(.ARM.Collect$$_printf_percent$$0000000A)
    .ARM.Collect$$_printf_percent$$0000000B  0x00000150   Section        6  _printf_o.o(.ARM.Collect$$_printf_percent$$0000000B)
    .ARM.Collect$$_printf_percent$$0000000C  0x00000156   Section        6  _printf_x.o(.ARM.Collect$$_printf_percent$$0000000C)
    .ARM.Collect$$_printf_percent$$0000000D  0x0000015c   Section        6  _printf_lli.o(.ARM.Collect$$_printf_percent$$0000000D)
    .ARM.Collect$$_printf_percent$$0000000E  0x00000162   Section        6  _printf_lld.o(.ARM.Collect$$_printf_percent$$0000000E)
    .ARM.Collect$$_printf_percent$$0000000F  0x00000168   Section        6  _printf_llu.o(.ARM.Collect$$_printf_percent$$0000000F)
    .ARM.Collect$$_printf_percent$$00000010  0x0000016e   Section        6  _printf_llo.o(.ARM.Collect$$_printf_percent$$00000010)
    .ARM.Collect$$_printf_percent$$00000011  0x00000174   Section        6  _printf_llx.o(.ARM.Collect$$_printf_percent$$00000011)
    .ARM.Collect$$_printf_percent$$00000012  0x0000017a   Section       10  _printf_l.o(.ARM.Collect$$_printf_percent$$00000012)
    .ARM.Collect$$_printf_percent$$00000013  0x00000184   Section        6  _printf_c.o(.ARM.Collect$$_printf_percent$$00000013)
    .ARM.Collect$$_printf_percent$$00000014  0x0000018a   Section        6  _printf_s.o(.ARM.Collect$$_printf_percent$$00000014)
    .ARM.Collect$$_printf_percent$$00000015  0x00000190   Section        6  _printf_lc.o(.ARM.Collect$$_printf_percent$$00000015)
    .ARM.Collect$$_printf_percent$$00000016  0x00000196   Section        6  _printf_ls.o(.ARM.Collect$$_printf_percent$$00000016)
    .ARM.Collect$$_printf_percent$$00000017  0x0000019c   Section        4  _printf_percent_end.o(.ARM.Collect$$_printf_percent$$00000017)
    .ARM.Collect$$libinit$$00000000          0x000001a0   Section        2  libinit.o(.ARM.Collect$$libinit$$00000000)
    .ARM.Collect$$libinit$$00000002          0x000001a2   Section        0  libinit2.o(.ARM.Collect$$libinit$$00000002)
    .ARM.Collect$$libinit$$00000004          0x000001a2   Section        0  libinit2.o(.ARM.Collect$$libinit$$00000004)
    .ARM.Collect$$libinit$$0000000A          0x000001a2   Section        0  libinit2.o(.ARM.Collect$$libinit$$0000000A)
    .ARM.Collect$$libinit$$0000000C          0x000001a2   Section        0  libinit2.o(.ARM.Collect$$libinit$$0000000C)
    .ARM.Collect$$libinit$$0000000E          0x000001a2   Section        0  libinit2.o(.ARM.Collect$$libinit$$0000000E)
    .ARM.Collect$$libinit$$0000000F          0x000001a2   Section        6  libinit2.o(.ARM.Collect$$libinit$$0000000F)
    .ARM.Collect$$libinit$$00000011          0x000001a8   Section        0  libinit2.o(.ARM.Collect$$libinit$$00000011)
    .ARM.Collect$$libinit$$00000012          0x000001a8   Section       12  libinit2.o(.ARM.Collect$$libinit$$00000012)
    .ARM.Collect$$libinit$$00000013          0x000001b4   Section        0  libinit2.o(.ARM.Collect$$libinit$$00000013)
    .ARM.Collect$$libinit$$00000015          0x000001b4   Section        0  libinit2.o(.ARM.Collect$$libinit$$00000015)
    .ARM.Collect$$libinit$$00000016          0x000001b4   Section       10  libinit2.o(.ARM.Collect$$libinit$$00000016)
    .ARM.Collect$$libinit$$00000017          0x000001be   Section        0  libinit2.o(.ARM.Collect$$libinit$$00000017)
    .ARM.Collect$$libinit$$00000019          0x000001be   Section        0  libinit2.o(.ARM.Collect$$libinit$$00000019)
    .ARM.Collect$$libinit$$0000001B          0x000001be   Section        0  libinit2.o(.ARM.Collect$$libinit$$0000001B)
    .ARM.Collect$$libinit$$0000001D          0x000001be   Section        0  libinit2.o(.ARM.Collect$$libinit$$0000001D)
    .ARM.Collect$$libinit$$0000001F          0x000001be   Section        0  libinit2.o(.ARM.Collect$$libinit$$0000001F)
    .ARM.Collect$$libinit$$00000021          0x000001be   Section        0  libinit2.o(.ARM.Collect$$libinit$$00000021)
    .ARM.Collect$$libinit$$00000023          0x000001be   Section        0  libinit2.o(.ARM.Collect$$libinit$$00000023)
    .ARM.Collect$$libinit$$00000025          0x000001be   Section        0  libinit2.o(.ARM.Collect$$libinit$$00000025)
    .ARM.Collect$$libinit$$0000002C          0x000001be   Section        0  libinit2.o(.ARM.Collect$$libinit$$0000002C)
    .ARM.Collect$$libinit$$0000002E          0x000001be   Section        0  libinit2.o(.ARM.Collect$$libinit$$0000002E)
    .ARM.Collect$$libinit$$00000030          0x000001be   Section        0  libinit2.o(.ARM.Collect$$libinit$$00000030)
    .ARM.Collect$$libinit$$00000032          0x000001be   Section        0  libinit2.o(.ARM.Collect$$libinit$$00000032)
    .ARM.Collect$$libinit$$00000033          0x000001be   Section        2  libinit2.o(.ARM.Collect$$libinit$$00000033)
    .ARM.Collect$$libshutdown$$00000000      0x000001c0   Section        2  libshutdown.o(.ARM.Collect$$libshutdown$$00000000)
    .ARM.Collect$$libshutdown$$00000002      0x000001c2   Section        0  libshutdown2.o(.ARM.Collect$$libshutdown$$00000002)
    .ARM.Collect$$libshutdown$$00000004      0x000001c2   Section        0  libshutdown2.o(.ARM.Collect$$libshutdown$$00000004)
    .ARM.Collect$$libshutdown$$00000007      0x000001c2   Section        0  libshutdown2.o(.ARM.Collect$$libshutdown$$00000007)
    .ARM.Collect$$libshutdown$$0000000A      0x000001c2   Section        0  libshutdown2.o(.ARM.Collect$$libshutdown$$0000000A)
    .ARM.Collect$$libshutdown$$0000000C      0x000001c2   Section        0  libshutdown2.o(.ARM.Collect$$libshutdown$$0000000C)
    .ARM.Collect$$libshutdown$$0000000F      0x000001c2   Section        0  libshutdown2.o(.ARM.Collect$$libshutdown$$0000000F)
    .ARM.Collect$$libshutdown$$00000010      0x000001c2   Section        2  libshutdown2.o(.ARM.Collect$$libshutdown$$00000010)
    .ARM.Collect$$rtentry$$00000000          0x000001c4   Section        0  __rtentry.o(.ARM.Collect$$rtentry$$00000000)
    .ARM.Collect$$rtentry$$00000002          0x000001c4   Section        0  __rtentry2.o(.ARM.Collect$$rtentry$$00000002)
    .ARM.Collect$$rtentry$$00000004          0x000001c4   Section        6  __rtentry4.o(.ARM.Collect$$rtentry$$00000004)
    .ARM.Collect$$rtentry$$00000009          0x000001ca   Section        0  __rtentry2.o(.ARM.Collect$$rtentry$$00000009)
    .ARM.Collect$$rtentry$$0000000A          0x000001ca   Section        4  __rtentry2.o(.ARM.Collect$$rtentry$$0000000A)
    .ARM.Collect$$rtentry$$0000000C          0x000001ce   Section        0  __rtentry2.o(.ARM.Collect$$rtentry$$0000000C)
    .ARM.Collect$$rtentry$$0000000D          0x000001ce   Section        8  __rtentry2.o(.ARM.Collect$$rtentry$$0000000D)
    .ARM.Collect$$rtexit$$00000000           0x000001d6   Section        2  rtexit.o(.ARM.Collect$$rtexit$$00000000)
    .ARM.Collect$$rtexit$$00000002           0x000001d8   Section        0  rtexit2.o(.ARM.Collect$$rtexit$$00000002)
    .ARM.Collect$$rtexit$$00000003           0x000001d8   Section        4  rtexit2.o(.ARM.Collect$$rtexit$$00000003)
    .ARM.Collect$$rtexit$$00000004           0x000001dc   Section        6  rtexit2.o(.ARM.Collect$$rtexit$$00000004)
    .text                                    0x000001e4   Section       56  startup_cm3ds.o(.text)
    .text                                    0x0000021c   Section        0  vsprintf.o(.text)
    .text                                    0x00000240   Section        0  strlen.o(.text)
    .text                                    0x0000027e   Section        0  heapauxi.o(.text)
    .text                                    0x00000284   Section        0  _printf_pad.o(.text)
    .text                                    0x000002d2   Section        0  _printf_truncate.o(.text)
    .text                                    0x000002f6   Section        0  _printf_str.o(.text)
    .text                                    0x00000348   Section        0  _printf_dec.o(.text)
    .text                                    0x000003c0   Section        0  _printf_charcount.o(.text)
    .text                                    0x000003e8   Section        0  _printf_char_common.o(.text)
    _printf_input_char                       0x000003e9   Thumb Code    10  _printf_char_common.o(.text)
    .text                                    0x00000418   Section        0  _sputc.o(.text)
    .text                                    0x00000424   Section        0  _printf_wctomb.o(.text)
    .text                                    0x000004e0   Section        0  _printf_longlong_dec.o(.text)
    .text                                    0x0000055c   Section        0  _printf_oct_int_ll.o(.text)
    _printf_longlong_oct_internal            0x0000055d   Thumb Code     0  _printf_oct_int_ll.o(.text)
    .text                                    0x000005cc   Section        0  _printf_hex_int_ll_ptr.o(.text)
    _printf_hex_common                       0x000005cd   Thumb Code     0  _printf_hex_int_ll_ptr.o(.text)
    .text                                    0x00000660   Section        0  __printf_flags_ss_wp.o(.text)
    .text                                    0x000007e8   Section      138  lludiv10.o(.text)
    .text                                    0x00000872   Section        0  _printf_intcommon.o(.text)
    .text                                    0x00000924   Section        0  _printf_fp_dec.o(.text)
    _fp_digits                               0x00000927   Thumb Code   432  _printf_fp_dec.o(.text)
    .text                                    0x00000d44   Section        0  _printf_fp_hex.o(.text)
    .text                                    0x00001040   Section        0  _printf_char.o(.text)
    .text                                    0x0000106c   Section        0  _printf_wchar.o(.text)
    .text                                    0x00001098   Section        0  _wcrtomb.o(.text)
    .text                                    0x000010d8   Section       74  sys_stackheap_outer.o(.text)
    .text                                    0x00001124   Section       16  rt_ctype_table.o(.text)
    .text                                    0x00001134   Section        8  rt_locale_intlibspace.o(.text)
    .text                                    0x0000113c   Section        0  _printf_fp_infnan.o(.text)
    .text                                    0x000011bc   Section        0  bigflt0.o(.text)
    .text                                    0x000012a0   Section        0  exit.o(.text)
    .text                                    0x000012b4   Section        8  libspace.o(.text)
    .text                                    0x000012bc   Section      128  strcmpv7m.o(.text)
    .text                                    0x0000133c   Section        0  sys_exit.o(.text)
    .text                                    0x00001348   Section        2  use_no_semi.o(.text)
    .text                                    0x0000134a   Section        0  indicate_semi.o(.text)
    CL$$btod_d2e                             0x0000134a   Section       62  btod.o(CL$$btod_d2e)
    CL$$btod_d2e_denorm_low                  0x00001388   Section       70  btod.o(CL$$btod_d2e_denorm_low)
    CL$$btod_d2e_norm_op1                    0x000013ce   Section       96  btod.o(CL$$btod_d2e_norm_op1)
    CL$$btod_div_common                      0x0000142e   Section      824  btod.o(CL$$btod_div_common)
    CL$$btod_e2e                             0x00001766   Section      220  btod.o(CL$$btod_e2e)
    CL$$btod_ediv                            0x00001842   Section       42  btod.o(CL$$btod_ediv)
    CL$$btod_emul                            0x0000186c   Section       42  btod.o(CL$$btod_emul)
    CL$$btod_mult_common                     0x00001896   Section      580  btod.o(CL$$btod_mult_common)
    i.BusFault_Handler                       0x00001ada   Section        0  interrupt.o(i.BusFault_Handler)
    i.DebugMon_Handler                       0x00001ade   Section        0  interrupt.o(i.DebugMon_Handler)
    i.Gpioa_Handler                          0x00001ae0   Section        0  interrupt.o(i.Gpioa_Handler)
    i.HardFault_Handler                      0x00001af4   Section        0  interrupt.o(i.HardFault_Handler)
    i.MemManage_Handler                      0x00001af8   Section        0  interrupt.o(i.MemManage_Handler)
    i.NMI_Handler                            0x00001afc   Section        0  interrupt.o(i.NMI_Handler)
    i.PendSV_Handler                         0x00001afe   Section        0  interrupt.o(i.PendSV_Handler)
    i.SVC_Handler                            0x00001b00   Section        0  interrupt.o(i.SVC_Handler)
    i.SysTick_Handler                        0x00001b02   Section        0  interrupt.o(i.SysTick_Handler)
    i.Uart0_Handler                          0x00001b04   Section        0  interrupt.o(i.Uart0_Handler)
    i.UsageFault_Handler                     0x00001b18   Section        0  interrupt.o(i.UsageFault_Handler)
    i.__ARM_fpclassify                       0x00001b1c   Section        0  fpclassify.o(i.__ARM_fpclassify)
    i.__NVIC_ClearPendingIRQ                 0x00001b44   Section        0  interrupt.o(i.__NVIC_ClearPendingIRQ)
    __NVIC_ClearPendingIRQ                   0x00001b45   Thumb Code    22  interrupt.o(i.__NVIC_ClearPendingIRQ)
    i._is_digit                              0x00001b60   Section        0  __printf_wp.o(i._is_digit)
    i.drv_check_rw_data                      0x00001b6e   Section        0  drv_common.o(i.drv_check_rw_data)
    i.drv_gpio_deinit                        0x00001b96   Section        0  drv_gpio.o(i.drv_gpio_deinit)
    i.drv_gpio_init                          0x00001bca   Section        0  drv_gpio.o(i.drv_gpio_init)
    i.drv_gpio_int_clear                     0x00001be2   Section        0  drv_gpio.o(i.drv_gpio_int_clear)
    drv_gpio_int_clear                       0x00001be3   Thumb Code    16  drv_gpio.o(i.drv_gpio_int_clear)
    i.drv_gpio_interrupt_handler             0x00001bf2   Section        0  drv_gpio.o(i.drv_gpio_interrupt_handler)
    i.drv_gpio_output                        0x00001d42   Section        0  gpio_test.o(i.drv_gpio_output)
    drv_gpio_output                          0x00001d43   Thumb Code    20  gpio_test.o(i.drv_gpio_output)
    i.drv_gpio_set_config                    0x00001d56   Section        0  drv_gpio.o(i.drv_gpio_set_config)
    i.drv_uart_default_config                0x00001e0e   Section        0  drv_uart.o(i.drv_uart_default_config)
    i.drv_uart_getchar_timeout               0x00001e2a   Section        0  drv_uart.o(i.drv_uart_getchar_timeout)
    i.drv_uart_init                          0x00001e96   Section        0  drv_uart.o(i.drv_uart_init)
    i.drv_uart_int_allclear                  0x00001ee8   Section        0  drv_uart.o(i.drv_uart_int_allclear)
    drv_uart_int_allclear                    0x00001ee9   Thumb Code    16  drv_uart.o(i.drv_uart_int_allclear)
    i.drv_uart_int_clear                     0x00001ef8   Section        0  drv_uart.o(i.drv_uart_int_clear)
    drv_uart_int_clear                       0x00001ef9   Thumb Code    18  drv_uart.o(i.drv_uart_int_clear)
    i.drv_uart_int_disable                   0x00001f0a   Section        0  drv_uart.o(i.drv_uart_int_disable)
    drv_uart_int_disable                     0x00001f0b   Thumb Code    12  drv_uart.o(i.drv_uart_int_disable)
    i.drv_uart_int_get                       0x00001f16   Section        0  drv_uart.o(i.drv_uart_int_get)
    drv_uart_int_get                         0x00001f17   Thumb Code     8  drv_uart.o(i.drv_uart_int_get)
    i.drv_uart_interrupt_handler             0x00001f1e   Section        0  drv_uart.o(i.drv_uart_interrupt_handler)
    i.drv_uart_logic_reset                   0x0000207c   Section        0  drv_uart.o(i.drv_uart_logic_reset)
    drv_uart_logic_reset                     0x0000207d   Thumb Code   106  drv_uart.o(i.drv_uart_logic_reset)
    i.drv_uart_printf                        0x000020e6   Section        0  drv_uart_ex.o(i.drv_uart_printf)
    i.drv_uart_putchars                      0x00002100   Section        0  drv_uart.o(i.drv_uart_putchars)
    i.drv_uart_set_config                    0x00002148   Section        0  drv_uart.o(i.drv_uart_set_config)
    i.gpio0_int_callback                     0x00002198   Section        0  drv_gpio.o(i.gpio0_int_callback)
    i.gpio10_int_callback                    0x0000219a   Section        0  drv_gpio.o(i.gpio10_int_callback)
    i.gpio11_int_callback                    0x0000219c   Section        0  drv_gpio.o(i.gpio11_int_callback)
    i.gpio12_int_callback                    0x0000219e   Section        0  drv_gpio.o(i.gpio12_int_callback)
    i.gpio13_int_callback                    0x000021a0   Section        0  drv_gpio.o(i.gpio13_int_callback)
    i.gpio14_int_callback                    0x000021a2   Section        0  drv_gpio.o(i.gpio14_int_callback)
    i.gpio15_int_callback                    0x000021a4   Section        0  drv_gpio.o(i.gpio15_int_callback)
    i.gpio1_int_callback                     0x000021a6   Section        0  drv_gpio.o(i.gpio1_int_callback)
    i.gpio2_int_callback                     0x000021a8   Section        0  drv_gpio.o(i.gpio2_int_callback)
    i.gpio3_int_callback                     0x000021ac   Section        0  gpio_test.o(i.gpio3_int_callback)
    i.gpio4_int_callback                     0x000021b8   Section        0  drv_gpio.o(i.gpio4_int_callback)
    i.gpio5_int_callback                     0x000021ba   Section        0  drv_gpio.o(i.gpio5_int_callback)
    i.gpio6_int_callback                     0x000021bc   Section        0  drv_gpio.o(i.gpio6_int_callback)
    i.gpio7_int_callback                     0x000021be   Section        0  drv_gpio.o(i.gpio7_int_callback)
    i.gpio8_int_callback                     0x000021c0   Section        0  drv_gpio.o(i.gpio8_int_callback)
    i.gpio9_int_callback                     0x000021c2   Section        0  drv_gpio.o(i.gpio9_int_callback)
    i.gpio_testmenu                          0x000021c4   Section        0  gpio_test.o(i.gpio_testmenu)
    i.gpioa2_deinit                          0x000021e0   Section        0  gpio_bsp.o(i.gpioa2_deinit)
    i.gpioa2_init                            0x000021f4   Section        0  gpio_bsp.o(i.gpioa2_init)
    i.gpioa2_out_gpioa3_in_it_test           0x00002210   Section        0  gpio_test.o(i.gpioa2_out_gpioa3_in_it_test)
    i.gpioa2_out_gpioa3_in_test              0x000022e8   Section        0  gpio_test.o(i.gpioa2_out_gpioa3_in_test)
    i.gpioa3_deinit                          0x00002340   Section        0  gpio_bsp.o(i.gpioa3_deinit)
    i.gpioa3_init                            0x00002354   Section        0  gpio_bsp.o(i.gpioa3_init)
    i.gpioa3_int_init                        0x00002370   Section        0  gpio_bsp.o(i.gpioa3_int_init)
    i.main                                   0x000023a0   Section        0  main.o(i.main)
    i.mcu_testmenu                           0x000023ac   Section        0  main.o(i.mcu_testmenu)
    i.show_testmenu                          0x000023c8   Section        0  main.o(i.show_testmenu)
    i.test_execute                           0x00002458   Section        0  main.o(i.test_execute)
    i.test_printf_s                          0x0000254c   Section        0  uart_bsp.o(i.test_printf_s)
    i.uart0_init                             0x00002558   Section        0  uart_bsp.o(i.uart0_init)
    i.uart_int_rx_fifo_noempty_callback      0x00002578   Section        0  drv_uart.o(i.uart_int_rx_fifo_noempty_callback)
    i.uart_int_rx_fifo_thres_callback        0x0000257a   Section        0  drv_uart.o(i.uart_int_rx_fifo_thres_callback)
    i.uart_int_rx_noise_detect_callback      0x0000257c   Section        0  drv_uart.o(i.uart_int_rx_noise_detect_callback)
    i.uart_int_rx_parity_error_callback      0x0000257e   Section        0  drv_uart.o(i.uart_int_rx_parity_error_callback)
    i.uart_int_rx_stop_callback              0x00002580   Section        0  drv_uart.o(i.uart_int_rx_stop_callback)
    i.uart_int_rx_stop_detect_callback       0x00002582   Section        0  drv_uart.o(i.uart_int_rx_stop_detect_callback)
    i.uart_int_tx_done_callback              0x00002584   Section        0  drv_uart.o(i.uart_int_tx_done_callback)
    i.uart_int_tx_fifo_empty_callback        0x00002586   Section        0  drv_uart.o(i.uart_int_tx_fifo_empty_callback)
    i.uart_int_tx_fifo_thres_callback        0x00002588   Section        0  drv_uart.o(i.uart_int_tx_fifo_thres_callback)
    i.vprintf                                0x0000258c   Section        0  drv_uart_ex.o(i.vprintf)
    locale$$code                             0x000025c0   Section       44  lc_numeric_c.o(locale$$code)
    locale$$code                             0x000025ec   Section       44  lc_ctype_c.o(locale$$code)
    x$fpl$printf1                            0x00002618   Section        4  printf1.o(x$fpl$printf1)
    x$fpl$printf2                            0x0000261c   Section        4  printf2.o(x$fpl$printf2)
    .constdata                               0x00002620   Section        8  _printf_wctomb.o(.constdata)
    x$fpl$usenofp                            0x00002620   Section        0  usenofp.o(x$fpl$usenofp)
    initial_mbstate                          0x00002620   Data           8  _printf_wctomb.o(.constdata)
    .constdata                               0x00002628   Section       40  _printf_hex_int_ll_ptr.o(.constdata)
    uc_hextab                                0x00002628   Data          20  _printf_hex_int_ll_ptr.o(.constdata)
    lc_hextab                                0x0000263c   Data          20  _printf_hex_int_ll_ptr.o(.constdata)
    .constdata                               0x00002650   Section       17  __printf_flags_ss_wp.o(.constdata)
    maptable                                 0x00002650   Data          17  __printf_flags_ss_wp.o(.constdata)
    .constdata                               0x00002661   Section       38  _printf_fp_hex.o(.constdata)
    lc_hextab                                0x00002661   Data          19  _printf_fp_hex.o(.constdata)
    uc_hextab                                0x00002674   Data          19  _printf_fp_hex.o(.constdata)
    .constdata                               0x00002688   Section      148  bigflt0.o(.constdata)
    tenpwrs_x                                0x00002688   Data          60  bigflt0.o(.constdata)
    tenpwrs_i                                0x000026c4   Data          64  bigflt0.o(.constdata)
    locale$$data                             0x0000273c   Section       28  lc_numeric_c.o(locale$$data)
    __lcnum_c_name                           0x00002740   Data           2  lc_numeric_c.o(locale$$data)
    __lcnum_c_start                          0x00002748   Data           0  lc_numeric_c.o(locale$$data)
    __lcnum_c_point                          0x00002754   Data           0  lc_numeric_c.o(locale$$data)
    __lcnum_c_thousands                      0x00002756   Data           0  lc_numeric_c.o(locale$$data)
    __lcnum_c_grouping                       0x00002757   Data           0  lc_numeric_c.o(locale$$data)
    locale$$data                             0x00002758   Section      272  lc_ctype_c.o(locale$$data)
    __lcnum_c_end                            0x00002758   Data           0  lc_numeric_c.o(locale$$data)
    __lcctype_c_name                         0x0000275c   Data           2  lc_ctype_c.o(locale$$data)
    __lcctype_c_start                        0x00002764   Data           0  lc_ctype_c.o(locale$$data)
    __lcctype_c_end                          0x00002868   Data           0  lc_ctype_c.o(locale$$data)
    .data                                    0x00010000   Section      144  main.o(.data)
    .data                                    0x00010090   Section       16  gpio_bsp.o(.data)
    .data                                    0x000100a0   Section      148  gpio_test.o(.data)
    .bss                                     0x00010134   Section       56  uart_bsp.o(.bss)
    .bss                                     0x0001016c   Section       96  libspace.o(.bss)
    HEAP                                     0x000101d0   Section     3072  startup_cm3ds.o(HEAP)
    Heap_Mem                                 0x000101d0   Data        3072  startup_cm3ds.o(HEAP)
    STACK                                    0x00010dd0   Section     1024  startup_cm3ds.o(STACK)
    Stack_Mem                                0x00010dd0   Data        1024  startup_cm3ds.o(STACK)
    __initial_sp                             0x000111d0   Data           0  startup_cm3ds.o(STACK)

    Global Symbols

    Symbol Name                              Value     Ov Type        Size  Object(Section)

    BuildAttributes$$THM_ISAv4$P$D$K$B$S$PE$A:L22UL41UL21$X:L11$S22US41US21$IEEE1$IW$USESV6$~STKCKD$USESV7$~SHL$OTIME$ROPI$IEEEJ$EBA8$UX$STANDARDLIB$REQ8$PRES8$EABIv2 0x00000000   Number         0  anon$$obj.o ABSOLUTE
    __ARM_use_no_argv                        0x00000000   Number         0  main.o ABSOLUTE
    __Vectors                                0x00000000   Data           4  startup_cm3ds.o(RESET)
    _printf_flags                            0x00000000   Number         0  printf_stubs.o ABSOLUTE
    _printf_return_value                     0x00000000   Number         0  printf_stubs.o ABSOLUTE
    _printf_sizespec                         0x00000000   Number         0  printf_stubs.o ABSOLUTE
    _printf_widthprec                        0x00000000   Number         0  printf_stubs.o ABSOLUTE
    __ARM_exceptions_init                     - Undefined Weak Reference
    __alloca_initialize                       - Undefined Weak Reference
    __arm_preinit_                            - Undefined Weak Reference
    __cpp_initialize__aeabi_                  - Undefined Weak Reference
    __cxa_finalize                            - Undefined Weak Reference
    __sigvec_lookup                           - Undefined Weak Reference
    _atexit_init                              - Undefined Weak Reference
    _call_atexit_fns                          - Undefined Weak Reference
    _clock_init                               - Undefined Weak Reference
    _fp_trap_init                             - Undefined Weak Reference
    _fp_trap_shutdown                         - Undefined Weak Reference
    _get_lc_collate                           - Undefined Weak Reference
    _get_lc_monetary                          - Undefined Weak Reference
    _get_lc_time                              - Undefined Weak Reference
    _getenv_init                              - Undefined Weak Reference
    _handle_redirection                       - Undefined Weak Reference
    _init_alloc                               - Undefined Weak Reference
    _init_user_alloc                          - Undefined Weak Reference
    _initio                                   - Undefined Weak Reference
    _printf_mbtowc                            - Undefined Weak Reference
    _printf_wc                                - Undefined Weak Reference
    _rand_init                                - Undefined Weak Reference
    _signal_finish                            - Undefined Weak Reference
    _signal_init                              - Undefined Weak Reference
    _terminate_alloc                          - Undefined Weak Reference
    _terminate_user_alloc                     - Undefined Weak Reference
    _terminateio                              - Undefined Weak Reference
    __Vectors_End                            0x0000005c   Data           0  startup_cm3ds.o(RESET)
    __Vectors_Size                           0x0000005c   Number         0  startup_cm3ds.o ABSOLUTE
    __main                                   0x0000005d   Thumb Code     8  __main.o(!!!main)
    __scatterload                            0x00000065   Thumb Code     0  __scatter.o(!!!scatter)
    __scatterload_rt2                        0x00000065   Thumb Code    44  __scatter.o(!!!scatter)
    __scatterload_rt2_thumb_only             0x00000065   Thumb Code     0  __scatter.o(!!!scatter)
    __scatterload_null                       0x00000073   Thumb Code     0  __scatter.o(!!!scatter)
    __decompress                             0x00000099   Thumb Code    90  __dczerorl2.o(!!dczerorl2)
    __decompress1                            0x00000099   Thumb Code     0  __dczerorl2.o(!!dczerorl2)
    __scatterload_zeroinit                   0x000000f5   Thumb Code    28  __scatter_zi.o(!!handler_zi)
    _printf_n                                0x00000111   Thumb Code     0  _printf_n.o(.ARM.Collect$$_printf_percent$$00000001)
    _printf_percent                          0x00000111   Thumb Code     0  _printf_percent.o(.ARM.Collect$$_printf_percent$$00000000)
    _printf_p                                0x00000117   Thumb Code     0  _printf_p.o(.ARM.Collect$$_printf_percent$$00000002)
    _printf_f                                0x0000011d   Thumb Code     0  _printf_f.o(.ARM.Collect$$_printf_percent$$00000003)
    _printf_e                                0x00000123   Thumb Code     0  _printf_e.o(.ARM.Collect$$_printf_percent$$00000004)
    _printf_g                                0x00000129   Thumb Code     0  _printf_g.o(.ARM.Collect$$_printf_percent$$00000005)
    _printf_a                                0x0000012f   Thumb Code     0  _printf_a.o(.ARM.Collect$$_printf_percent$$00000006)
    _printf_ll                               0x00000135   Thumb Code     0  _printf_ll.o(.ARM.Collect$$_printf_percent$$00000007)
    _printf_i                                0x0000013f   Thumb Code     0  _printf_i.o(.ARM.Collect$$_printf_percent$$00000008)
    _printf_d                                0x00000145   Thumb Code     0  _printf_d.o(.ARM.Collect$$_printf_percent$$00000009)
    _printf_u                                0x0000014b   Thumb Code     0  _printf_u.o(.ARM.Collect$$_printf_percent$$0000000A)
    _printf_o                                0x00000151   Thumb Code     0  _printf_o.o(.ARM.Collect$$_printf_percent$$0000000B)
    _printf_x                                0x00000157   Thumb Code     0  _printf_x.o(.ARM.Collect$$_printf_percent$$0000000C)
    _printf_lli                              0x0000015d   Thumb Code     0  _printf_lli.o(.ARM.Collect$$_printf_percent$$0000000D)
    _printf_lld                              0x00000163   Thumb Code     0  _printf_lld.o(.ARM.Collect$$_printf_percent$$0000000E)
    _printf_llu                              0x00000169   Thumb Code     0  _printf_llu.o(.ARM.Collect$$_printf_percent$$0000000F)
    _printf_llo                              0x0000016f   Thumb Code     0  _printf_llo.o(.ARM.Collect$$_printf_percent$$00000010)
    _printf_llx                              0x00000175   Thumb Code     0  _printf_llx.o(.ARM.Collect$$_printf_percent$$00000011)
    _printf_l                                0x0000017b   Thumb Code     0  _printf_l.o(.ARM.Collect$$_printf_percent$$00000012)
    _printf_c                                0x00000185   Thumb Code     0  _printf_c.o(.ARM.Collect$$_printf_percent$$00000013)
    _printf_s                                0x0000018b   Thumb Code     0  _printf_s.o(.ARM.Collect$$_printf_percent$$00000014)
    _printf_lc                               0x00000191   Thumb Code     0  _printf_lc.o(.ARM.Collect$$_printf_percent$$00000015)
    _printf_ls                               0x00000197   Thumb Code     0  _printf_ls.o(.ARM.Collect$$_printf_percent$$00000016)
    _printf_percent_end                      0x0000019d   Thumb Code     0  _printf_percent_end.o(.ARM.Collect$$_printf_percent$$00000017)
    __rt_lib_init                            0x000001a1   Thumb Code     0  libinit.o(.ARM.Collect$$libinit$$00000000)
    __rt_lib_init_fp_1                       0x000001a3   Thumb Code     0  libinit2.o(.ARM.Collect$$libinit$$00000002)
    __rt_lib_init_heap_1                     0x000001a3   Thumb Code     0  libinit2.o(.ARM.Collect$$libinit$$0000000A)
    __rt_lib_init_lc_common                  0x000001a3   Thumb Code     0  libinit2.o(.ARM.Collect$$libinit$$0000000F)
    __rt_lib_init_preinit_1                  0x000001a3   Thumb Code     0  libinit2.o(.ARM.Collect$$libinit$$00000004)
    __rt_lib_init_rand_1                     0x000001a3   Thumb Code     0  libinit2.o(.ARM.Collect$$libinit$$0000000E)
    __rt_lib_init_user_alloc_1               0x000001a3   Thumb Code     0  libinit2.o(.ARM.Collect$$libinit$$0000000C)
    __rt_lib_init_lc_collate_1               0x000001a9   Thumb Code     0  libinit2.o(.ARM.Collect$$libinit$$00000011)
    __rt_lib_init_lc_ctype_2                 0x000001a9   Thumb Code     0  libinit2.o(.ARM.Collect$$libinit$$00000012)
    __rt_lib_init_lc_ctype_1                 0x000001b5   Thumb Code     0  libinit2.o(.ARM.Collect$$libinit$$00000013)
    __rt_lib_init_lc_monetary_1              0x000001b5   Thumb Code     0  libinit2.o(.ARM.Collect$$libinit$$00000015)
    __rt_lib_init_lc_numeric_2               0x000001b5   Thumb Code     0  libinit2.o(.ARM.Collect$$libinit$$00000016)
    __rt_lib_init_alloca_1                   0x000001bf   Thumb Code     0  libinit2.o(.ARM.Collect$$libinit$$0000002E)
    __rt_lib_init_argv_1                     0x000001bf   Thumb Code     0  libinit2.o(.ARM.Collect$$libinit$$0000002C)
    __rt_lib_init_atexit_1                   0x000001bf   Thumb Code     0  libinit2.o(.ARM.Collect$$libinit$$0000001B)
    __rt_lib_init_clock_1                    0x000001bf   Thumb Code     0  libinit2.o(.ARM.Collect$$libinit$$00000021)
    __rt_lib_init_cpp_1                      0x000001bf   Thumb Code     0  libinit2.o(.ARM.Collect$$libinit$$00000032)
    __rt_lib_init_exceptions_1               0x000001bf   Thumb Code     0  libinit2.o(.ARM.Collect$$libinit$$00000030)
    __rt_lib_init_fp_trap_1                  0x000001bf   Thumb Code     0  libinit2.o(.ARM.Collect$$libinit$$0000001F)
    __rt_lib_init_getenv_1                   0x000001bf   Thumb Code     0  libinit2.o(.ARM.Collect$$libinit$$00000023)
    __rt_lib_init_lc_numeric_1               0x000001bf   Thumb Code     0  libinit2.o(.ARM.Collect$$libinit$$00000017)
    __rt_lib_init_lc_time_1                  0x000001bf   Thumb Code     0  libinit2.o(.ARM.Collect$$libinit$$00000019)
    __rt_lib_init_return                     0x000001bf   Thumb Code     0  libinit2.o(.ARM.Collect$$libinit$$00000033)
    __rt_lib_init_signal_1                   0x000001bf   Thumb Code     0  libinit2.o(.ARM.Collect$$libinit$$0000001D)
    __rt_lib_init_stdio_1                    0x000001bf   Thumb Code     0  libinit2.o(.ARM.Collect$$libinit$$00000025)
    __rt_lib_shutdown                        0x000001c1   Thumb Code     0  libshutdown.o(.ARM.Collect$$libshutdown$$00000000)
    __rt_lib_shutdown_cpp_1                  0x000001c3   Thumb Code     0  libshutdown2.o(.ARM.Collect$$libshutdown$$00000002)
    __rt_lib_shutdown_fp_trap_1              0x000001c3   Thumb Code     0  libshutdown2.o(.ARM.Collect$$libshutdown$$00000007)
    __rt_lib_shutdown_heap_1                 0x000001c3   Thumb Code     0  libshutdown2.o(.ARM.Collect$$libshutdown$$0000000F)
    __rt_lib_shutdown_return                 0x000001c3   Thumb Code     0  libshutdown2.o(.ARM.Collect$$libshutdown$$00000010)
    __rt_lib_shutdown_signal_1               0x000001c3   Thumb Code     0  libshutdown2.o(.ARM.Collect$$libshutdown$$0000000A)
    __rt_lib_shutdown_stdio_1                0x000001c3   Thumb Code     0  libshutdown2.o(.ARM.Collect$$libshutdown$$00000004)
    __rt_lib_shutdown_user_alloc_1           0x000001c3   Thumb Code     0  libshutdown2.o(.ARM.Collect$$libshutdown$$0000000C)
    __rt_entry                               0x000001c5   Thumb Code     0  __rtentry.o(.ARM.Collect$$rtentry$$00000000)
    __rt_entry_presh_1                       0x000001c5   Thumb Code     0  __rtentry2.o(.ARM.Collect$$rtentry$$00000002)
    __rt_entry_sh                            0x000001c5   Thumb Code     0  __rtentry4.o(.ARM.Collect$$rtentry$$00000004)
    __rt_entry_li                            0x000001cb   Thumb Code     0  __rtentry2.o(.ARM.Collect$$rtentry$$0000000A)
    __rt_entry_postsh_1                      0x000001cb   Thumb Code     0  __rtentry2.o(.ARM.Collect$$rtentry$$00000009)
    __rt_entry_main                          0x000001cf   Thumb Code     0  __rtentry2.o(.ARM.Collect$$rtentry$$0000000D)
    __rt_entry_postli_1                      0x000001cf   Thumb Code     0  __rtentry2.o(.ARM.Collect$$rtentry$$0000000C)
    __rt_exit                                0x000001d7   Thumb Code     0  rtexit.o(.ARM.Collect$$rtexit$$00000000)
    __rt_exit_ls                             0x000001d9   Thumb Code     0  rtexit2.o(.ARM.Collect$$rtexit$$00000003)
    __rt_exit_prels_1                        0x000001d9   Thumb Code     0  rtexit2.o(.ARM.Collect$$rtexit$$00000002)
    __rt_exit_exit                           0x000001dd   Thumb Code     0  rtexit2.o(.ARM.Collect$$rtexit$$00000004)
    Reset_Handler                            0x000001e5   Thumb Code     4  startup_cm3ds.o(.text)
    Resv0_Handler                            0x000001fb   Thumb Code     0  startup_cm3ds.o(.text)
    Resv1_Handler                            0x000001fb   Thumb Code     0  startup_cm3ds.o(.text)
    Resv2_Handler                            0x000001fb   Thumb Code     0  startup_cm3ds.o(.text)
    Resv3_Handler                            0x000001fb   Thumb Code     0  startup_cm3ds.o(.text)
    Uart1_Handler                            0x000001fb   Thumb Code     0  startup_cm3ds.o(.text)
    __user_initial_stackheap                 0x000001fd   Thumb Code    10  startup_cm3ds.o(.text)
    vsprintf                                 0x0000021d   Thumb Code    32  vsprintf.o(.text)
    strlen                                   0x00000241   Thumb Code    62  strlen.o(.text)
    __use_two_region_memory                  0x0000027f   Thumb Code     2  heapauxi.o(.text)
    __rt_heap_escrow$2region                 0x00000281   Thumb Code     2  heapauxi.o(.text)
    __rt_heap_expand$2region                 0x00000283   Thumb Code     2  heapauxi.o(.text)
    _printf_pre_padding                      0x00000285   Thumb Code    44  _printf_pad.o(.text)
    _printf_post_padding                     0x000002b1   Thumb Code    34  _printf_pad.o(.text)
    _printf_truncate_signed                  0x000002d3   Thumb Code    18  _printf_truncate.o(.text)
    _printf_truncate_unsigned                0x000002e5   Thumb Code    18  _printf_truncate.o(.text)
    _printf_str                              0x000002f7   Thumb Code    82  _printf_str.o(.text)
    _printf_int_dec                          0x00000349   Thumb Code   104  _printf_dec.o(.text)
    _printf_charcount                        0x000003c1   Thumb Code    40  _printf_charcount.o(.text)
    _printf_char_common                      0x000003f3   Thumb Code    32  _printf_char_common.o(.text)
    _sputc                                   0x00000419   Thumb Code    10  _sputc.o(.text)
    _printf_wctomb                           0x00000425   Thumb Code   182  _printf_wctomb.o(.text)
    _printf_longlong_dec                     0x000004e1   Thumb Code   108  _printf_longlong_dec.o(.text)
    _printf_longlong_oct                     0x0000055d   Thumb Code    66  _printf_oct_int_ll.o(.text)
    _printf_int_oct                          0x0000059f   Thumb Code    24  _printf_oct_int_ll.o(.text)
    _printf_ll_oct                           0x000005b7   Thumb Code    12  _printf_oct_int_ll.o(.text)
    _printf_longlong_hex                     0x000005cd   Thumb Code    86  _printf_hex_int_ll_ptr.o(.text)
    _printf_int_hex                          0x00000623   Thumb Code    28  _printf_hex_int_ll_ptr.o(.text)
    _printf_ll_hex                           0x0000063f   Thumb Code    12  _printf_hex_int_ll_ptr.o(.text)
    _printf_hex_ptr                          0x0000064b   Thumb Code    18  _printf_hex_int_ll_ptr.o(.text)
    __printf                                 0x00000661   Thumb Code   388  __printf_flags_ss_wp.o(.text)
    _ll_udiv10                               0x000007e9   Thumb Code   138  lludiv10.o(.text)
    _printf_int_common                       0x00000873   Thumb Code   178  _printf_intcommon.o(.text)
    __lib_sel_fp_printf                      0x00000925   Thumb Code     2  _printf_fp_dec.o(.text)
    _printf_fp_dec_real                      0x00000ad7   Thumb Code   620  _printf_fp_dec.o(.text)
    _printf_fp_hex_real                      0x00000d45   Thumb Code   756  _printf_fp_hex.o(.text)
    _printf_cs_common                        0x00001041   Thumb Code    20  _printf_char.o(.text)
    _printf_char                             0x00001055   Thumb Code    16  _printf_char.o(.text)
    _printf_string                           0x00001065   Thumb Code     8  _printf_char.o(.text)
    _printf_lcs_common                       0x0000106d   Thumb Code    20  _printf_wchar.o(.text)
    _printf_wchar                            0x00001081   Thumb Code    16  _printf_wchar.o(.text)
    _printf_wstring                          0x00001091   Thumb Code     8  _printf_wchar.o(.text)
    _wcrtomb                                 0x00001099   Thumb Code    64  _wcrtomb.o(.text)
    __user_setup_stackheap                   0x000010d9   Thumb Code    74  sys_stackheap_outer.o(.text)
    __rt_ctype_table                         0x00001125   Thumb Code    16  rt_ctype_table.o(.text)
    __rt_locale                              0x00001135   Thumb Code     8  rt_locale_intlibspace.o(.text)
    _printf_fp_infnan                        0x0000113d   Thumb Code   112  _printf_fp_infnan.o(.text)
    _btod_etento                             0x000011bd   Thumb Code   224  bigflt0.o(.text)
    exit                                     0x000012a1   Thumb Code    18  exit.o(.text)
    __user_libspace                          0x000012b5   Thumb Code     8  libspace.o(.text)
    __user_perproc_libspace                  0x000012b5   Thumb Code     0  libspace.o(.text)
    __user_perthread_libspace                0x000012b5   Thumb Code     0  libspace.o(.text)
    strcmp                                   0x000012bd   Thumb Code   128  strcmpv7m.o(.text)
    _sys_exit                                0x0000133d   Thumb Code     8  sys_exit.o(.text)
    __I$use$semihosting                      0x00001349   Thumb Code     0  use_no_semi.o(.text)
    __use_no_semihosting_swi                 0x00001349   Thumb Code     2  use_no_semi.o(.text)
    __semihosting_library_function           0x0000134b   Thumb Code     0  indicate_semi.o(.text)
    _btod_d2e                                0x0000134b   Thumb Code    62  btod.o(CL$$btod_d2e)
    _d2e_denorm_low                          0x00001389   Thumb Code    70  btod.o(CL$$btod_d2e_denorm_low)
    _d2e_norm_op1                            0x000013cf   Thumb Code    96  btod.o(CL$$btod_d2e_norm_op1)
    __btod_div_common                        0x0000142f   Thumb Code   696  btod.o(CL$$btod_div_common)
    _e2e                                     0x00001767   Thumb Code   220  btod.o(CL$$btod_e2e)
    _btod_ediv                               0x00001843   Thumb Code    42  btod.o(CL$$btod_ediv)
    _btod_emul                               0x0000186d   Thumb Code    42  btod.o(CL$$btod_emul)
    __btod_mult_common                       0x00001897   Thumb Code   580  btod.o(CL$$btod_mult_common)
    BusFault_Handler                         0x00001adb   Thumb Code     4  interrupt.o(i.BusFault_Handler)
    DebugMon_Handler                         0x00001adf   Thumb Code     2  interrupt.o(i.DebugMon_Handler)
    Gpioa_Handler                            0x00001ae1   Thumb Code    16  interrupt.o(i.Gpioa_Handler)
    HardFault_Handler                        0x00001af5   Thumb Code     4  interrupt.o(i.HardFault_Handler)
    MemManage_Handler                        0x00001af9   Thumb Code     4  interrupt.o(i.MemManage_Handler)
    NMI_Handler                              0x00001afd   Thumb Code     2  interrupt.o(i.NMI_Handler)
    PendSV_Handler                           0x00001aff   Thumb Code     2  interrupt.o(i.PendSV_Handler)
    SVC_Handler                              0x00001b01   Thumb Code     2  interrupt.o(i.SVC_Handler)
    SysTick_Handler                          0x00001b03   Thumb Code     2  interrupt.o(i.SysTick_Handler)
    Uart0_Handler                            0x00001b05   Thumb Code    16  interrupt.o(i.Uart0_Handler)
    UsageFault_Handler                       0x00001b19   Thumb Code     4  interrupt.o(i.UsageFault_Handler)
    __ARM_fpclassify                         0x00001b1d   Thumb Code    40  fpclassify.o(i.__ARM_fpclassify)
    _is_digit                                0x00001b61   Thumb Code    14  __printf_wp.o(i._is_digit)
    drv_check_rw_data                        0x00001b6f   Thumb Code    40  drv_common.o(i.drv_check_rw_data)
    drv_gpio_deinit                          0x00001b97   Thumb Code    52  drv_gpio.o(i.drv_gpio_deinit)
    drv_gpio_init                            0x00001bcb   Thumb Code    24  drv_gpio.o(i.drv_gpio_init)
    drv_gpio_interrupt_handler               0x00001bf3   Thumb Code   336  drv_gpio.o(i.drv_gpio_interrupt_handler)
    drv_gpio_set_config                      0x00001d57   Thumb Code   184  drv_gpio.o(i.drv_gpio_set_config)
    drv_uart_default_config                  0x00001e0f   Thumb Code    28  drv_uart.o(i.drv_uart_default_config)
    drv_uart_getchar_timeout                 0x00001e2b   Thumb Code   108  drv_uart.o(i.drv_uart_getchar_timeout)
    drv_uart_init                            0x00001e97   Thumb Code    82  drv_uart.o(i.drv_uart_init)
    drv_uart_interrupt_handler               0x00001f1f   Thumb Code   350  drv_uart.o(i.drv_uart_interrupt_handler)
    drv_uart_printf                          0x000020e7   Thumb Code    26  drv_uart_ex.o(i.drv_uart_printf)
    drv_uart_putchars                        0x00002101   Thumb Code    72  drv_uart.o(i.drv_uart_putchars)
    drv_uart_set_config                      0x00002149   Thumb Code    76  drv_uart.o(i.drv_uart_set_config)
    gpio0_int_callback                       0x00002199   Thumb Code     2  drv_gpio.o(i.gpio0_int_callback)
    gpio10_int_callback                      0x0000219b   Thumb Code     2  drv_gpio.o(i.gpio10_int_callback)
    gpio11_int_callback                      0x0000219d   Thumb Code     2  drv_gpio.o(i.gpio11_int_callback)
    gpio12_int_callback                      0x0000219f   Thumb Code     2  drv_gpio.o(i.gpio12_int_callback)
    gpio13_int_callback                      0x000021a1   Thumb Code     2  drv_gpio.o(i.gpio13_int_callback)
    gpio14_int_callback                      0x000021a3   Thumb Code     2  drv_gpio.o(i.gpio14_int_callback)
    gpio15_int_callback                      0x000021a5   Thumb Code     2  drv_gpio.o(i.gpio15_int_callback)
    gpio1_int_callback                       0x000021a7   Thumb Code     2  drv_gpio.o(i.gpio1_int_callback)
    gpio2_int_callback                       0x000021a9   Thumb Code     2  drv_gpio.o(i.gpio2_int_callback)
    gpio3_int_callback                       0x000021ad   Thumb Code     8  gpio_test.o(i.gpio3_int_callback)
    gpio4_int_callback                       0x000021b9   Thumb Code     2  drv_gpio.o(i.gpio4_int_callback)
    gpio5_int_callback                       0x000021bb   Thumb Code     2  drv_gpio.o(i.gpio5_int_callback)
    gpio6_int_callback                       0x000021bd   Thumb Code     2  drv_gpio.o(i.gpio6_int_callback)
    gpio7_int_callback                       0x000021bf   Thumb Code     2  drv_gpio.o(i.gpio7_int_callback)
    gpio8_int_callback                       0x000021c1   Thumb Code     2  drv_gpio.o(i.gpio8_int_callback)
    gpio9_int_callback                       0x000021c3   Thumb Code     2  drv_gpio.o(i.gpio9_int_callback)
    gpio_testmenu                            0x000021c5   Thumb Code    22  gpio_test.o(i.gpio_testmenu)
    gpioa2_deinit                            0x000021e1   Thumb Code    12  gpio_bsp.o(i.gpioa2_deinit)
    gpioa2_init                              0x000021f5   Thumb Code    20  gpio_bsp.o(i.gpioa2_init)
    gpioa2_out_gpioa3_in_it_test             0x00002211   Thumb Code   170  gpio_test.o(i.gpioa2_out_gpioa3_in_it_test)
    gpioa2_out_gpioa3_in_test                0x000022e9   Thumb Code    58  gpio_test.o(i.gpioa2_out_gpioa3_in_test)
    gpioa3_deinit                            0x00002341   Thumb Code    12  gpio_bsp.o(i.gpioa3_deinit)
    gpioa3_init                              0x00002355   Thumb Code    20  gpio_bsp.o(i.gpioa3_init)
    gpioa3_int_init                          0x00002371   Thumb Code    40  gpio_bsp.o(i.gpioa3_int_init)
    main                                     0x000023a1   Thumb Code    12  main.o(i.main)
    mcu_testmenu                             0x000023ad   Thumb Code    22  main.o(i.mcu_testmenu)
    show_testmenu                            0x000023c9   Thumb Code    58  main.o(i.show_testmenu)
    test_execute                             0x00002459   Thumb Code   142  main.o(i.test_execute)
    test_printf_s                            0x0000254d   Thumb Code    12  uart_bsp.o(i.test_printf_s)
    uart0_init                               0x00002559   Thumb Code    22  uart_bsp.o(i.uart0_init)
    uart_int_rx_fifo_noempty_callback        0x00002579   Thumb Code     2  drv_uart.o(i.uart_int_rx_fifo_noempty_callback)
    uart_int_rx_fifo_thres_callback          0x0000257b   Thumb Code     2  drv_uart.o(i.uart_int_rx_fifo_thres_callback)
    uart_int_rx_noise_detect_callback        0x0000257d   Thumb Code     2  drv_uart.o(i.uart_int_rx_noise_detect_callback)
    uart_int_rx_parity_error_callback        0x0000257f   Thumb Code     2  drv_uart.o(i.uart_int_rx_parity_error_callback)
    uart_int_rx_stop_callback                0x00002581   Thumb Code     2  drv_uart.o(i.uart_int_rx_stop_callback)
    uart_int_rx_stop_detect_callback         0x00002583   Thumb Code     2  drv_uart.o(i.uart_int_rx_stop_detect_callback)
    uart_int_tx_done_callback                0x00002585   Thumb Code     2  drv_uart.o(i.uart_int_tx_done_callback)
    uart_int_tx_fifo_empty_callback          0x00002587   Thumb Code     2  drv_uart.o(i.uart_int_tx_fifo_empty_callback)
    uart_int_tx_fifo_thres_callback          0x00002589   Thumb Code     2  drv_uart.o(i.uart_int_tx_fifo_thres_callback)
    vprintf                                  0x0000258d   Thumb Code    48  drv_uart_ex.o(i.vprintf)
    _get_lc_numeric                          0x000025c1   Thumb Code    44  lc_numeric_c.o(locale$$code)
    _get_lc_ctype                            0x000025ed   Thumb Code    44  lc_ctype_c.o(locale$$code)
    _printf_fp_dec                           0x00002619   Thumb Code     4  printf1.o(x$fpl$printf1)
    _printf_fp_hex                           0x0000261d   Thumb Code     4  printf2.o(x$fpl$printf2)
    __I$use$fp                               0x00002620   Number         0  usenofp.o(x$fpl$usenofp)
    Region$$Table$$Base                      0x0000271c   Number         0  anon$$obj.o(Region$$Table)
    Region$$Table$$Limit                     0x0000273c   Number         0  anon$$obj.o(Region$$Table)
    __ctype                                  0x00002765   Data           0  lc_ctype_c.o(locale$$data)
    g_mcu_menu                               0x00010000   Data         144  main.o(.data)
    gpioa2                                   0x00010090   Data           8  gpio_bsp.o(.data)
    gpioa3                                   0x00010098   Data           8  gpio_bsp.o(.data)
    gpio_int_flag                            0x000100a0   Data           1  gpio_test.o(.data)
    g_gpio_menu                              0x000100a4   Data         144  gpio_test.o(.data)
    huart0                                   0x00010134   Data          28  uart_bsp.o(.bss)
    huart1                                   0x00010150   Data          28  uart_bsp.o(.bss)
    __libspace_start                         0x0001016c   Data          96  libspace.o(.bss)
    __temporary_stack_top$libspace           0x000101cc   Data           0  libspace.o(.bss)



==============================================================================

Memory Map of the image

  Image Entry point : 0x0000005d

  Load Region LR_IROM1 (Base: 0x00000000, Size: 0x0000299c, Max: 0x00008000, ABSOLUTE, COMPRESSED[0x000028b8])

    Execution Region ER_IROM1 (Exec base: 0x00000000, Load base: 0x00000000, Size: 0x00002868, Max: 0x00008000, ABSOLUTE)

    Exec Addr    Load Addr    Size         Type   Attr      Idx    E Section Name        Object

    0x00000000   0x00000000   0x0000005c   Data   RO          385    RESET               startup_cm3ds.o
    0x0000005c   0x0000005c   0x00000008   Code   RO          760  * !!!main             c_w.l(__main.o)
    0x00000064   0x00000064   0x00000034   Code   RO         1083    !!!scatter          c_w.l(__scatter.o)
    0x00000098   0x00000098   0x0000005a   Code   RO         1081    !!dczerorl2         c_w.l(__dczerorl2.o)
    0x000000f2   0x000000f2   0x00000002   PAD
    0x000000f4   0x000000f4   0x0000001c   Code   RO         1085    !!handler_zi        c_w.l(__scatter_zi.o)
    0x00000110   0x00000110   0x00000000   Code   RO          844    .ARM.Collect$$_printf_percent$$00000000  c_w.l(_printf_percent.o)
    0x00000110   0x00000110   0x00000006   Code   RO          833    .ARM.Collect$$_printf_percent$$00000001  c_w.l(_printf_n.o)
    0x00000116   0x00000116   0x00000006   Code   RO          835    .ARM.Collect$$_printf_percent$$00000002  c_w.l(_printf_p.o)
    0x0000011c   0x0000011c   0x00000006   Code   RO          840    .ARM.Collect$$_printf_percent$$00000003  c_w.l(_printf_f.o)
    0x00000122   0x00000122   0x00000006   Code   RO          841    .ARM.Collect$$_printf_percent$$00000004  c_w.l(_printf_e.o)
    0x00000128   0x00000128   0x00000006   Code   RO          842    .ARM.Collect$$_printf_percent$$00000005  c_w.l(_printf_g.o)
    0x0000012e   0x0000012e   0x00000006   Code   RO          843    .ARM.Collect$$_printf_percent$$00000006  c_w.l(_printf_a.o)
    0x00000134   0x00000134   0x0000000a   Code   RO          848    .ARM.Collect$$_printf_percent$$00000007  c_w.l(_printf_ll.o)
    0x0000013e   0x0000013e   0x00000006   Code   RO          837    .ARM.Collect$$_printf_percent$$00000008  c_w.l(_printf_i.o)
    0x00000144   0x00000144   0x00000006   Code   RO          838    .ARM.Collect$$_printf_percent$$00000009  c_w.l(_printf_d.o)
    0x0000014a   0x0000014a   0x00000006   Code   RO          839    .ARM.Collect$$_printf_percent$$0000000A  c_w.l(_printf_u.o)
    0x00000150   0x00000150   0x00000006   Code   RO          836    .ARM.Collect$$_printf_percent$$0000000B  c_w.l(_printf_o.o)
    0x00000156   0x00000156   0x00000006   Code   RO          834    .ARM.Collect$$_printf_percent$$0000000C  c_w.l(_printf_x.o)
    0x0000015c   0x0000015c   0x00000006   Code   RO          845    .ARM.Collect$$_printf_percent$$0000000D  c_w.l(_printf_lli.o)
    0x00000162   0x00000162   0x00000006   Code   RO          846    .ARM.Collect$$_printf_percent$$0000000E  c_w.l(_printf_lld.o)
    0x00000168   0x00000168   0x00000006   Code   RO          847    .ARM.Collect$$_printf_percent$$0000000F  c_w.l(_printf_llu.o)
    0x0000016e   0x0000016e   0x00000006   Code   RO          852    .ARM.Collect$$_printf_percent$$00000010  c_w.l(_printf_llo.o)
    0x00000174   0x00000174   0x00000006   Code   RO          853    .ARM.Collect$$_printf_percent$$00000011  c_w.l(_printf_llx.o)
    0x0000017a   0x0000017a   0x0000000a   Code   RO          849    .ARM.Collect$$_printf_percent$$00000012  c_w.l(_printf_l.o)
    0x00000184   0x00000184   0x00000006   Code   RO          831    .ARM.Collect$$_printf_percent$$00000013  c_w.l(_printf_c.o)
    0x0000018a   0x0000018a   0x00000006   Code   RO          832    .ARM.Collect$$_printf_percent$$00000014  c_w.l(_printf_s.o)
    0x00000190   0x00000190   0x00000006   Code   RO          850    .ARM.Collect$$_printf_percent$$00000015  c_w.l(_printf_lc.o)
    0x00000196   0x00000196   0x00000006   Code   RO          851    .ARM.Collect$$_printf_percent$$00000016  c_w.l(_printf_ls.o)
    0x0000019c   0x0000019c   0x00000004   Code   RO          892    .ARM.Collect$$_printf_percent$$00000017  c_w.l(_printf_percent_end.o)
    0x000001a0   0x000001a0   0x00000002   Code   RO          941    .ARM.Collect$$libinit$$00000000  c_w.l(libinit.o)
    0x000001a2   0x000001a2   0x00000000   Code   RO          958    .ARM.Collect$$libinit$$00000002  c_w.l(libinit2.o)
    0x000001a2   0x000001a2   0x00000000   Code   RO          960    .ARM.Collect$$libinit$$00000004  c_w.l(libinit2.o)
    0x000001a2   0x000001a2   0x00000000   Code   RO          963    .ARM.Collect$$libinit$$0000000A  c_w.l(libinit2.o)
    0x000001a2   0x000001a2   0x00000000   Code   RO          965    .ARM.Collect$$libinit$$0000000C  c_w.l(libinit2.o)
    0x000001a2   0x000001a2   0x00000000   Code   RO          967    .ARM.Collect$$libinit$$0000000E  c_w.l(libinit2.o)
    0x000001a2   0x000001a2   0x00000006   Code   RO          968    .ARM.Collect$$libinit$$0000000F  c_w.l(libinit2.o)
    0x000001a8   0x000001a8   0x00000000   Code   RO          970    .ARM.Collect$$libinit$$00000011  c_w.l(libinit2.o)
    0x000001a8   0x000001a8   0x0000000c   Code   RO          971    .ARM.Collect$$libinit$$00000012  c_w.l(libinit2.o)
    0x000001b4   0x000001b4   0x00000000   Code   RO          972    .ARM.Collect$$libinit$$00000013  c_w.l(libinit2.o)
    0x000001b4   0x000001b4   0x00000000   Code   RO          974    .ARM.Collect$$libinit$$00000015  c_w.l(libinit2.o)
    0x000001b4   0x000001b4   0x0000000a   Code   RO          975    .ARM.Collect$$libinit$$00000016  c_w.l(libinit2.o)
    0x000001be   0x000001be   0x00000000   Code   RO          976    .ARM.Collect$$libinit$$00000017  c_w.l(libinit2.o)
    0x000001be   0x000001be   0x00000000   Code   RO          978    .ARM.Collect$$libinit$$00000019  c_w.l(libinit2.o)
    0x000001be   0x000001be   0x00000000   Code   RO          980    .ARM.Collect$$libinit$$0000001B  c_w.l(libinit2.o)
    0x000001be   0x000001be   0x00000000   Code   RO          982    .ARM.Collect$$libinit$$0000001D  c_w.l(libinit2.o)
    0x000001be   0x000001be   0x00000000   Code   RO          984    .ARM.Collect$$libinit$$0000001F  c_w.l(libinit2.o)
    0x000001be   0x000001be   0x00000000   Code   RO          986    .ARM.Collect$$libinit$$00000021  c_w.l(libinit2.o)
    0x000001be   0x000001be   0x00000000   Code   RO          988    .ARM.Collect$$libinit$$00000023  c_w.l(libinit2.o)
    0x000001be   0x000001be   0x00000000   Code   RO          990    .ARM.Collect$$libinit$$00000025  c_w.l(libinit2.o)
    0x000001be   0x000001be   0x00000000   Code   RO          994    .ARM.Collect$$libinit$$0000002C  c_w.l(libinit2.o)
    0x000001be   0x000001be   0x00000000   Code   RO          996    .ARM.Collect$$libinit$$0000002E  c_w.l(libinit2.o)
    0x000001be   0x000001be   0x00000000   Code   RO          998    .ARM.Collect$$libinit$$00000030  c_w.l(libinit2.o)
    0x000001be   0x000001be   0x00000000   Code   RO         1000    .ARM.Collect$$libinit$$00000032  c_w.l(libinit2.o)
    0x000001be   0x000001be   0x00000002   Code   RO         1001    .ARM.Collect$$libinit$$00000033  c_w.l(libinit2.o)
    0x000001c0   0x000001c0   0x00000002   Code   RO         1021    .ARM.Collect$$libshutdown$$00000000  c_w.l(libshutdown.o)
    0x000001c2   0x000001c2   0x00000000   Code   RO         1034    .ARM.Collect$$libshutdown$$00000002  c_w.l(libshutdown2.o)
    0x000001c2   0x000001c2   0x00000000   Code   RO         1036    .ARM.Collect$$libshutdown$$00000004  c_w.l(libshutdown2.o)
    0x000001c2   0x000001c2   0x00000000   Code   RO         1039    .ARM.Collect$$libshutdown$$00000007  c_w.l(libshutdown2.o)
    0x000001c2   0x000001c2   0x00000000   Code   RO         1042    .ARM.Collect$$libshutdown$$0000000A  c_w.l(libshutdown2.o)
    0x000001c2   0x000001c2   0x00000000   Code   RO         1044    .ARM.Collect$$libshutdown$$0000000C  c_w.l(libshutdown2.o)
    0x000001c2   0x000001c2   0x00000000   Code   RO         1047    .ARM.Collect$$libshutdown$$0000000F  c_w.l(libshutdown2.o)
    0x000001c2   0x000001c2   0x00000002   Code   RO         1048    .ARM.Collect$$libshutdown$$00000010  c_w.l(libshutdown2.o)
    0x000001c4   0x000001c4   0x00000000   Code   RO          762    .ARM.Collect$$rtentry$$00000000  c_w.l(__rtentry.o)
    0x000001c4   0x000001c4   0x00000000   Code   RO          863    .ARM.Collect$$rtentry$$00000002  c_w.l(__rtentry2.o)
    0x000001c4   0x000001c4   0x00000006   Code   RO          875    .ARM.Collect$$rtentry$$00000004  c_w.l(__rtentry4.o)
    0x000001ca   0x000001ca   0x00000000   Code   RO          865    .ARM.Collect$$rtentry$$00000009  c_w.l(__rtentry2.o)
    0x000001ca   0x000001ca   0x00000004   Code   RO          866    .ARM.Collect$$rtentry$$0000000A  c_w.l(__rtentry2.o)
    0x000001ce   0x000001ce   0x00000000   Code   RO          868    .ARM.Collect$$rtentry$$0000000C  c_w.l(__rtentry2.o)
    0x000001ce   0x000001ce   0x00000008   Code   RO          869    .ARM.Collect$$rtentry$$0000000D  c_w.l(__rtentry2.o)
    0x000001d6   0x000001d6   0x00000002   Code   RO          950    .ARM.Collect$$rtexit$$00000000  c_w.l(rtexit.o)
    0x000001d8   0x000001d8   0x00000000   Code   RO         1003    .ARM.Collect$$rtexit$$00000002  c_w.l(rtexit2.o)
    0x000001d8   0x000001d8   0x00000004   Code   RO         1004    .ARM.Collect$$rtexit$$00000003  c_w.l(rtexit2.o)
    0x000001dc   0x000001dc   0x00000006   Code   RO         1005    .ARM.Collect$$rtexit$$00000004  c_w.l(rtexit2.o)
    0x000001e2   0x000001e2   0x00000002   PAD
    0x000001e4   0x000001e4   0x00000038   Code   RO          386    .text               startup_cm3ds.o
    0x0000021c   0x0000021c   0x00000024   Code   RO          754    .text               c_w.l(vsprintf.o)
    0x00000240   0x00000240   0x0000003e   Code   RO          756    .text               c_w.l(strlen.o)
    0x0000027e   0x0000027e   0x00000006   Code   RO          758    .text               c_w.l(heapauxi.o)
    0x00000284   0x00000284   0x0000004e   Code   RO          765    .text               c_w.l(_printf_pad.o)
    0x000002d2   0x000002d2   0x00000024   Code   RO          767    .text               c_w.l(_printf_truncate.o)
    0x000002f6   0x000002f6   0x00000052   Code   RO          769    .text               c_w.l(_printf_str.o)
    0x00000348   0x00000348   0x00000078   Code   RO          771    .text               c_w.l(_printf_dec.o)
    0x000003c0   0x000003c0   0x00000028   Code   RO          773    .text               c_w.l(_printf_charcount.o)
    0x000003e8   0x000003e8   0x00000030   Code   RO          775    .text               c_w.l(_printf_char_common.o)
    0x00000418   0x00000418   0x0000000a   Code   RO          777    .text               c_w.l(_sputc.o)
    0x00000422   0x00000422   0x00000002   PAD
    0x00000424   0x00000424   0x000000bc   Code   RO          779    .text               c_w.l(_printf_wctomb.o)
    0x000004e0   0x000004e0   0x0000007c   Code   RO          782    .text               c_w.l(_printf_longlong_dec.o)
    0x0000055c   0x0000055c   0x00000070   Code   RO          788    .text               c_w.l(_printf_oct_int_ll.o)
    0x000005cc   0x000005cc   0x00000094   Code   RO          808    .text               c_w.l(_printf_hex_int_ll_ptr.o)
    0x00000660   0x00000660   0x00000188   Code   RO          828    .text               c_w.l(__printf_flags_ss_wp.o)
    0x000007e8   0x000007e8   0x0000008a   Code   RO          877    .text               c_w.l(lludiv10.o)
    0x00000872   0x00000872   0x000000b2   Code   RO          879    .text               c_w.l(_printf_intcommon.o)
    0x00000924   0x00000924   0x0000041e   Code   RO          881    .text               c_w.l(_printf_fp_dec.o)
    0x00000d42   0x00000d42   0x00000002   PAD
    0x00000d44   0x00000d44   0x000002fc   Code   RO          883    .text               c_w.l(_printf_fp_hex.o)
    0x00001040   0x00001040   0x0000002c   Code   RO          888    .text               c_w.l(_printf_char.o)
    0x0000106c   0x0000106c   0x0000002c   Code   RO          890    .text               c_w.l(_printf_wchar.o)
    0x00001098   0x00001098   0x00000040   Code   RO          893    .text               c_w.l(_wcrtomb.o)
    0x000010d8   0x000010d8   0x0000004a   Code   RO          895    .text               c_w.l(sys_stackheap_outer.o)
    0x00001122   0x00001122   0x00000002   PAD
    0x00001124   0x00001124   0x00000010   Code   RO          897    .text               c_w.l(rt_ctype_table.o)
    0x00001134   0x00001134   0x00000008   Code   RO          902    .text               c_w.l(rt_locale_intlibspace.o)
    0x0000113c   0x0000113c   0x00000080   Code   RO          904    .text               c_w.l(_printf_fp_infnan.o)
    0x000011bc   0x000011bc   0x000000e4   Code   RO          906    .text               c_w.l(bigflt0.o)
    0x000012a0   0x000012a0   0x00000012   Code   RO          934    .text               c_w.l(exit.o)
    0x000012b2   0x000012b2   0x00000002   PAD
    0x000012b4   0x000012b4   0x00000008   Code   RO          947    .text               c_w.l(libspace.o)
    0x000012bc   0x000012bc   0x00000080   Code   RO          955    .text               c_w.l(strcmpv7m.o)
    0x0000133c   0x0000133c   0x0000000c   Code   RO         1013    .text               c_w.l(sys_exit.o)
    0x00001348   0x00001348   0x00000002   Code   RO         1024    .text               c_w.l(use_no_semi.o)
    0x0000134a   0x0000134a   0x00000000   Code   RO         1026    .text               c_w.l(indicate_semi.o)
    0x0000134a   0x0000134a   0x0000003e   Code   RO          909    CL$$btod_d2e        c_w.l(btod.o)
    0x00001388   0x00001388   0x00000046   Code   RO          911    CL$$btod_d2e_denorm_low  c_w.l(btod.o)
    0x000013ce   0x000013ce   0x00000060   Code   RO          910    CL$$btod_d2e_norm_op1  c_w.l(btod.o)
    0x0000142e   0x0000142e   0x00000338   Code   RO          919    CL$$btod_div_common  c_w.l(btod.o)
    0x00001766   0x00001766   0x000000dc   Code   RO          916    CL$$btod_e2e        c_w.l(btod.o)
    0x00001842   0x00001842   0x0000002a   Code   RO          913    CL$$btod_ediv       c_w.l(btod.o)
    0x0000186c   0x0000186c   0x0000002a   Code   RO          912    CL$$btod_emul       c_w.l(btod.o)
    0x00001896   0x00001896   0x00000244   Code   RO          918    CL$$btod_mult_common  c_w.l(btod.o)
    0x00001ada   0x00001ada   0x00000004   Code   RO          394    i.BusFault_Handler  interrupt.o
    0x00001ade   0x00001ade   0x00000002   Code   RO          395    i.DebugMon_Handler  interrupt.o
    0x00001ae0   0x00001ae0   0x00000014   Code   RO          396    i.Gpioa_Handler     interrupt.o
    0x00001af4   0x00001af4   0x00000004   Code   RO          397    i.HardFault_Handler  interrupt.o
    0x00001af8   0x00001af8   0x00000004   Code   RO          398    i.MemManage_Handler  interrupt.o
    0x00001afc   0x00001afc   0x00000002   Code   RO          399    i.NMI_Handler       interrupt.o
    0x00001afe   0x00001afe   0x00000002   Code   RO          400    i.PendSV_Handler    interrupt.o
    0x00001b00   0x00001b00   0x00000002   Code   RO          401    i.SVC_Handler       interrupt.o
    0x00001b02   0x00001b02   0x00000002   Code   RO          402    i.SysTick_Handler   interrupt.o
    0x00001b04   0x00001b04   0x00000014   Code   RO          403    i.Uart0_Handler     interrupt.o
    0x00001b18   0x00001b18   0x00000004   Code   RO          404    i.UsageFault_Handler  interrupt.o
    0x00001b1c   0x00001b1c   0x00000028   Code   RO          945    i.__ARM_fpclassify  m_ws.l(fpclassify.o)
    0x00001b44   0x00001b44   0x0000001c   Code   RO          405    i.__NVIC_ClearPendingIRQ  interrupt.o
    0x00001b60   0x00001b60   0x0000000e   Code   RO          821    i._is_digit         c_w.l(__printf_wp.o)
    0x00001b6e   0x00001b6e   0x00000028   Code   RO            2    i.drv_check_rw_data  drv_common.o
    0x00001b96   0x00001b96   0x00000034   Code   RO          249    i.drv_gpio_deinit   drv_gpio.o
    0x00001bca   0x00001bca   0x00000018   Code   RO          250    i.drv_gpio_init     drv_gpio.o
    0x00001be2   0x00001be2   0x00000010   Code   RO          251    i.drv_gpio_int_clear  drv_gpio.o
    0x00001bf2   0x00001bf2   0x00000150   Code   RO          252    i.drv_gpio_interrupt_handler  drv_gpio.o
    0x00001d42   0x00001d42   0x00000014   Code   RO          694    i.drv_gpio_output   gpio_test.o
    0x00001d56   0x00001d56   0x000000b8   Code   RO          253    i.drv_gpio_set_config  drv_gpio.o
    0x00001e0e   0x00001e0e   0x0000001c   Code   RO           58    i.drv_uart_default_config  drv_uart.o
    0x00001e2a   0x00001e2a   0x0000006c   Code   RO           61    i.drv_uart_getchar_timeout  drv_uart.o
    0x00001e96   0x00001e96   0x00000052   Code   RO           62    i.drv_uart_init     drv_uart.o
    0x00001ee8   0x00001ee8   0x00000010   Code   RO           63    i.drv_uart_int_allclear  drv_uart.o
    0x00001ef8   0x00001ef8   0x00000012   Code   RO           64    i.drv_uart_int_clear  drv_uart.o
    0x00001f0a   0x00001f0a   0x0000000c   Code   RO           65    i.drv_uart_int_disable  drv_uart.o
    0x00001f16   0x00001f16   0x00000008   Code   RO           66    i.drv_uart_int_get  drv_uart.o
    0x00001f1e   0x00001f1e   0x0000015e   Code   RO           67    i.drv_uart_interrupt_handler  drv_uart.o
    0x0000207c   0x0000207c   0x0000006a   Code   RO           68    i.drv_uart_logic_reset  drv_uart.o
    0x000020e6   0x000020e6   0x0000001a   Code   RO          227    i.drv_uart_printf   drv_uart_ex.o
    0x00002100   0x00002100   0x00000048   Code   RO           70    i.drv_uart_putchars  drv_uart.o
    0x00002148   0x00002148   0x00000050   Code   RO           73    i.drv_uart_set_config  drv_uart.o
    0x00002198   0x00002198   0x00000002   Code   RO          254    i.gpio0_int_callback  drv_gpio.o
    0x0000219a   0x0000219a   0x00000002   Code   RO          255    i.gpio10_int_callback  drv_gpio.o
    0x0000219c   0x0000219c   0x00000002   Code   RO          256    i.gpio11_int_callback  drv_gpio.o
    0x0000219e   0x0000219e   0x00000002   Code   RO          257    i.gpio12_int_callback  drv_gpio.o
    0x000021a0   0x000021a0   0x00000002   Code   RO          258    i.gpio13_int_callback  drv_gpio.o
    0x000021a2   0x000021a2   0x00000002   Code   RO          259    i.gpio14_int_callback  drv_gpio.o
    0x000021a4   0x000021a4   0x00000002   Code   RO          260    i.gpio15_int_callback  drv_gpio.o
    0x000021a6   0x000021a6   0x00000002   Code   RO          261    i.gpio1_int_callback  drv_gpio.o
    0x000021a8   0x000021a8   0x00000002   Code   RO          262    i.gpio2_int_callback  drv_gpio.o
    0x000021aa   0x000021aa   0x00000002   PAD
    0x000021ac   0x000021ac   0x0000000c   Code   RO          695    i.gpio3_int_callback  gpio_test.o
    0x000021b8   0x000021b8   0x00000002   Code   RO          264    i.gpio4_int_callback  drv_gpio.o
    0x000021ba   0x000021ba   0x00000002   Code   RO          265    i.gpio5_int_callback  drv_gpio.o
    0x000021bc   0x000021bc   0x00000002   Code   RO          266    i.gpio6_int_callback  drv_gpio.o
    0x000021be   0x000021be   0x00000002   Code   RO          267    i.gpio7_int_callback  drv_gpio.o
    0x000021c0   0x000021c0   0x00000002   Code   RO          268    i.gpio8_int_callback  drv_gpio.o
    0x000021c2   0x000021c2   0x00000002   Code   RO          269    i.gpio9_int_callback  drv_gpio.o
    0x000021c4   0x000021c4   0x0000001c   Code   RO          696    i.gpio_testmenu     gpio_test.o
    0x000021e0   0x000021e0   0x00000014   Code   RO          637    i.gpioa2_deinit     gpio_bsp.o
    0x000021f4   0x000021f4   0x0000001c   Code   RO          638    i.gpioa2_init       gpio_bsp.o
    0x00002210   0x00002210   0x000000d8   Code   RO          697    i.gpioa2_out_gpioa3_in_it_test  gpio_test.o
    0x000022e8   0x000022e8   0x00000058   Code   RO          698    i.gpioa2_out_gpioa3_in_test  gpio_test.o
    0x00002340   0x00002340   0x00000014   Code   RO          639    i.gpioa3_deinit     gpio_bsp.o
    0x00002354   0x00002354   0x0000001c   Code   RO          640    i.gpioa3_init       gpio_bsp.o
    0x00002370   0x00002370   0x00000030   Code   RO          641    i.gpioa3_int_init   gpio_bsp.o
    0x000023a0   0x000023a0   0x0000000c   Code   RO          513    i.main              main.o
    0x000023ac   0x000023ac   0x0000001c   Code   RO          514    i.mcu_testmenu      main.o
    0x000023c8   0x000023c8   0x00000090   Code   RO          515    i.show_testmenu     main.o
    0x00002458   0x00002458   0x000000f4   Code   RO          516    i.test_execute      main.o
    0x0000254c   0x0000254c   0x0000000c   Code   RO          569    i.test_printf_s     uart_bsp.o
    0x00002558   0x00002558   0x00000020   Code   RO          570    i.uart0_init        uart_bsp.o
    0x00002578   0x00002578   0x00000002   Code   RO           75    i.uart_int_rx_fifo_noempty_callback  drv_uart.o
    0x0000257a   0x0000257a   0x00000002   Code   RO           76    i.uart_int_rx_fifo_thres_callback  drv_uart.o
    0x0000257c   0x0000257c   0x00000002   Code   RO           77    i.uart_int_rx_noise_detect_callback  drv_uart.o
    0x0000257e   0x0000257e   0x00000002   Code   RO           78    i.uart_int_rx_parity_error_callback  drv_uart.o
    0x00002580   0x00002580   0x00000002   Code   RO           79    i.uart_int_rx_stop_callback  drv_uart.o
    0x00002582   0x00002582   0x00000002   Code   RO           80    i.uart_int_rx_stop_detect_callback  drv_uart.o
    0x00002584   0x00002584   0x00000002   Code   RO           82    i.uart_int_tx_done_callback  drv_uart.o
    0x00002586   0x00002586   0x00000002   Code   RO           83    i.uart_int_tx_fifo_empty_callback  drv_uart.o
    0x00002588   0x00002588   0x00000002   Code   RO           84    i.uart_int_tx_fifo_thres_callback  drv_uart.o
    0x0000258a   0x0000258a   0x00000002   PAD
    0x0000258c   0x0000258c   0x00000034   Code   RO          228    i.vprintf           drv_uart_ex.o
    0x000025c0   0x000025c0   0x0000002c   Code   RO          932    locale$$code        c_w.l(lc_numeric_c.o)
    0x000025ec   0x000025ec   0x0000002c   Code   RO          953    locale$$code        c_w.l(lc_ctype_c.o)
    0x00002618   0x00002618   0x00000004   Code   RO          854    x$fpl$printf1       fz_ws.l(printf1.o)
    0x0000261c   0x0000261c   0x00000004   Code   RO          856    x$fpl$printf2       fz_ws.l(printf2.o)
    0x00002620   0x00002620   0x00000000   Code   RO          944    x$fpl$usenofp       fz_ws.l(usenofp.o)
    0x00002620   0x00002620   0x00000008   Data   RO          780    .constdata          c_w.l(_printf_wctomb.o)
    0x00002628   0x00002628   0x00000028   Data   RO          809    .constdata          c_w.l(_printf_hex_int_ll_ptr.o)
    0x00002650   0x00002650   0x00000011   Data   RO          829    .constdata          c_w.l(__printf_flags_ss_wp.o)
    0x00002661   0x00002661   0x00000026   Data   RO          884    .constdata          c_w.l(_printf_fp_hex.o)
    0x00002687   0x00002687   0x00000001   PAD
    0x00002688   0x00002688   0x00000094   Data   RO          907    .constdata          c_w.l(bigflt0.o)
    0x0000271c   0x0000271c   0x00000020   Data   RO         1079    Region$$Table       anon$$obj.o
    0x0000273c   0x0000273c   0x0000001c   Data   RO          931    locale$$data        c_w.l(lc_numeric_c.o)
    0x00002758   0x00002758   0x00000110   Data   RO          952    locale$$data        c_w.l(lc_ctype_c.o)


    Execution Region RW_IRAM1 (Exec base: 0x00010000, Load base: 0x00002868, Size: 0x000011d0, Max: 0x00002000, ABSOLUTE, COMPRESSED[0x00000050])

    Exec Addr    Load Addr    Size         Type   Attr      Idx    E Section Name        Object

    0x00010000   COMPRESSED   0x00000090   Data   RW          517    .data               main.o
    0x00010090   COMPRESSED   0x00000010   Data   RW          642    .data               gpio_bsp.o
    0x000100a0   COMPRESSED   0x00000094   Data   RW          699    .data               gpio_test.o
    0x00010134        -       0x00000038   Zero   RW          572    .bss                uart_bsp.o
    0x0001016c        -       0x00000060   Zero   RW          948    .bss                c_w.l(libspace.o)
    0x000101cc   COMPRESSED   0x00000004   PAD
    0x000101d0        -       0x00000c00   Zero   RW          384    HEAP                startup_cm3ds.o
    0x00010dd0        -       0x00000400   Zero   RW          383    STACK               startup_cm3ds.o


==============================================================================

Image component sizes


      Code (inc. data)   RO Data    RW Data    ZI Data      Debug   Object Name

        40          0          0          0          0       9324   drv_common.o
       642          0          0          0          0      13334   drv_gpio.o
       898          4          0          0          0      14241   drv_uart.o
        78          4          0          0          0       1232   drv_uart_ex.o
       144         40          0         16          0       4818   gpio_bsp.o
       364         86          0        148          0      31159   gpio_test.o
        94         14          0          0          0      31569   interrupt.o
       428        194          0        144          0       3019   main.o
        56         22         92          0       4096        948   startup_cm3ds.o
        44         10          0          0         56       1333   uart_bsp.o

    ----------------------------------------------------------------------
      2792        374        124        308       4152     110977   Object Totals
         0          0         32          0          0          0   (incl. Generated)
         4          0          0          0          0          0   (incl. Padding)

    ----------------------------------------------------------------------

      Code (inc. data)   RO Data    RW Data    ZI Data      Debug   Library Member Name

        90          0          0          0          0          0   __dczerorl2.o
         8          0          0          0          0         68   __main.o
       392          4         17          0          0         92   __printf_flags_ss_wp.o
        14          0          0          0          0         68   __printf_wp.o
         0          0          0          0          0          0   __rtentry.o
        12          0          0          0          0          0   __rtentry2.o
         6          0          0          0          0          0   __rtentry4.o
        52          8          0          0          0          0   __scatter.o
        28          0          0          0          0          0   __scatter_zi.o
         6          0          0          0          0          0   _printf_a.o
         6          0          0          0          0          0   _printf_c.o
        44          0          0          0          0        108   _printf_char.o
        48          6          0          0          0         96   _printf_char_common.o
        40          0          0          0          0         68   _printf_charcount.o
         6          0          0          0          0          0   _printf_d.o
       120         16          0          0          0         92   _printf_dec.o
         6          0          0          0          0          0   _printf_e.o
         6          0          0          0          0          0   _printf_f.o
      1054          0          0          0          0        216   _printf_fp_dec.o
       764          8         38          0          0        100   _printf_fp_hex.o
       128         16          0          0          0         84   _printf_fp_infnan.o
         6          0          0          0          0          0   _printf_g.o
       148          4         40          0          0        160   _printf_hex_int_ll_ptr.o
         6          0          0          0          0          0   _printf_i.o
       178          0          0          0          0         88   _printf_intcommon.o
        10          0          0          0          0          0   _printf_l.o
         6          0          0          0          0          0   _printf_lc.o
        10          0          0          0          0          0   _printf_ll.o
         6          0          0          0          0          0   _printf_lld.o
         6          0          0          0          0          0   _printf_lli.o
         6          0          0          0          0          0   _printf_llo.o
         6          0          0          0          0          0   _printf_llu.o
         6          0          0          0          0          0   _printf_llx.o
       124         16          0          0          0         92   _printf_longlong_dec.o
         6          0          0          0          0          0   _printf_ls.o
         6          0          0          0          0          0   _printf_n.o
         6          0          0          0          0          0   _printf_o.o
       112         10          0          0          0        124   _printf_oct_int_ll.o
         6          0          0          0          0          0   _printf_p.o
        78          0          0          0          0        108   _printf_pad.o
         0          0          0          0          0          0   _printf_percent.o
         4          0          0          0          0          0   _printf_percent_end.o
         6          0          0          0          0          0   _printf_s.o
        82          0          0          0          0         80   _printf_str.o
        36          0          0          0          0         84   _printf_truncate.o
         6          0          0          0          0          0   _printf_u.o
        44          0          0          0          0        108   _printf_wchar.o
       188          6          8          0          0         92   _printf_wctomb.o
         6          0          0          0          0          0   _printf_x.o
        10          0          0          0          0         68   _sputc.o
        64          0          0          0          0         92   _wcrtomb.o
       228          4        148          0          0         96   bigflt0.o
      1936        128          0          0          0        672   btod.o
        18          0          0          0          0         80   exit.o
         6          0          0          0          0        152   heapauxi.o
         0          0          0          0          0          0   indicate_semi.o
        44         10        272          0          0         76   lc_ctype_c.o
        44         10         28          0          0         76   lc_numeric_c.o
         2          0          0          0          0          0   libinit.o
        30          0          0          0          0          0   libinit2.o
         2          0          0          0          0          0   libshutdown.o
         2          0          0          0          0          0   libshutdown2.o
         8          4          0          0         96         68   libspace.o
       138          0          0          0          0         80   lludiv10.o
        16          4          0          0          0         76   rt_ctype_table.o
         8          4          0          0          0         68   rt_locale_intlibspace.o
         2          0          0          0          0          0   rtexit.o
        10          0          0          0          0          0   rtexit2.o
       128          0          0          0          0         68   strcmpv7m.o
        62          0          0          0          0         76   strlen.o
        12          4          0          0          0         68   sys_exit.o
        74          0          0          0          0         80   sys_stackheap_outer.o
         2          0          0          0          0         68   use_no_semi.o
        36          4          0          0          0         76   vsprintf.o
         4          0          0          0          0         68   printf1.o
         4          0          0          0          0         68   printf2.o
         0          0          0          0          0          0   usenofp.o
        40          0          0          0          0         68   fpclassify.o

    ----------------------------------------------------------------------
      6876        266        552          0        100       4172   Library Totals
        12          0          1          0          4          0   (incl. Padding)

    ----------------------------------------------------------------------

      Code (inc. data)   RO Data    RW Data    ZI Data      Debug   Library Name

      6816        266        551          0         96       3968   c_w.l
         8          0          0          0          0        136   fz_ws.l
        40          0          0          0          0         68   m_ws.l

    ----------------------------------------------------------------------
      6876        266        552          0        100       4172   Library Totals

    ----------------------------------------------------------------------

==============================================================================


      Code (inc. data)   RO Data    RW Data    ZI Data      Debug   

      9668        640        676        308       4252     109321   Grand Totals
      9668        640        676         80       4252     109321   ELF Image Totals (compressed)
      9668        640        676         80          0          0   ROM Totals

==============================================================================

    Total RO  Size (Code + RO Data)                10344 (  10.10kB)
    Total RW  Size (RW Data + ZI Data)              4560 (   4.45kB)
    Total ROM Size (Code + RO Data + RW Data)      10424 (  10.18kB)

==============================================================================

