Component: ARM Compiler 5.06 update 6 (build 750) Tool: armlink [4d35ed]

==============================================================================

Section Cross References

    drv_uart.o(i.drv_uart_deinit) refers to drv_uart.o(i.drv_uart_logic_reset) for drv_uart_logic_reset
    drv_uart.o(i.drv_uart_deinit) refers to drv_uart.o(i.drv_uart_int_allclear) for drv_uart_int_allclear
    drv_uart.o(i.drv_uart_getchar) refers to drv_uart.o(i.drv_uart_int_get) for drv_uart_int_get
    drv_uart.o(i.drv_uart_getchar) refers to drv_uart.o(i.drv_uart_int_clear) for drv_uart_int_clear
    drv_uart.o(i.drv_uart_getchar) refers to drv_uart.o(i.drv_uart_logic_reset) for drv_uart_logic_reset
    drv_uart.o(i.drv_uart_getchar_timeout) refers to drv_uart.o(i.drv_uart_int_get) for drv_uart_int_get
    drv_uart.o(i.drv_uart_getchar_timeout) refers to drv_uart.o(i.drv_uart_int_clear) for drv_uart_int_clear
    drv_uart.o(i.drv_uart_getchar_timeout) refers to drv_uart.o(i.drv_uart_logic_reset) for drv_uart_logic_reset
    drv_uart.o(i.drv_uart_init) refers to drv_uart.o(i.drv_uart_set_config) for drv_uart_set_config
    drv_uart.o(i.drv_uart_init) refers to drv_uart.o(i.drv_uart_logic_reset) for drv_uart_logic_reset
    drv_uart.o(i.drv_uart_init) refers to drv_uart.o(i.drv_uart_int_allclear) for drv_uart_int_allclear
    drv_uart.o(i.drv_uart_interrupt_handler) refers to drv_uart.o(i.drv_uart_int_get) for drv_uart_int_get
    drv_uart.o(i.drv_uart_interrupt_handler) refers to drv_uart.o(i.uart_int_tx_done_callback) for uart_int_tx_done_callback
    drv_uart.o(i.drv_uart_interrupt_handler) refers to drv_uart.o(i.drv_uart_int_clear) for drv_uart_int_clear
    drv_uart.o(i.drv_uart_interrupt_handler) refers to drv_uart.o(i.drv_uart_int_disable) for drv_uart_int_disable
    drv_uart.o(i.drv_uart_interrupt_handler) refers to drv_uart.o(i.drv_uart_logic_reset) for drv_uart_logic_reset
    drv_uart.o(i.drv_uart_interrupt_handler) refers to drv_uart.o(i.uart_int_rx_stop_callback) for uart_int_rx_stop_callback
    drv_uart.o(i.drv_uart_interrupt_handler) refers to drv_uart.o(i.uart_int_rx_parity_error_callback) for uart_int_rx_parity_error_callback
    drv_uart.o(i.drv_uart_interrupt_handler) refers to drv_uart.o(i.uart_int_rx_noise_detect_callback) for uart_int_rx_noise_detect_callback
    drv_uart.o(i.drv_uart_interrupt_handler) refers to drv_uart.o(i.uart_int_rx_stop_detect_callback) for uart_int_rx_stop_detect_callback
    drv_uart.o(i.drv_uart_interrupt_handler) refers to drv_uart.o(i.uart_int_tx_fifo_thres_callback) for uart_int_tx_fifo_thres_callback
    drv_uart.o(i.drv_uart_interrupt_handler) refers to drv_uart.o(i.uart_int_tx_fifo_empty_callback) for uart_int_tx_fifo_empty_callback
    drv_uart.o(i.drv_uart_interrupt_handler) refers to drv_uart.o(i.uart_int_rx_fifo_thres_callback) for uart_int_rx_fifo_thres_callback
    drv_uart.o(i.drv_uart_interrupt_handler) refers to drv_uart.o(i.uart_int_rx_fifo_noempty_callback) for uart_int_rx_fifo_noempty_callback
    drv_uart.o(i.drv_uart_putchar) refers to drv_uart.o(i.drv_uart_int_get) for drv_uart_int_get
    drv_uart.o(i.drv_uart_putchar) refers to drv_uart.o(i.drv_uart_int_clear) for drv_uart_int_clear
    drv_uart.o(i.drv_uart_putchars) refers to drv_uart.o(i.drv_uart_int_get) for drv_uart_int_get
    drv_uart.o(i.drv_uart_putchars) refers to drv_uart.o(i.drv_uart_int_clear) for drv_uart_int_clear
    drv_uart.o(i.drv_uart_rx_data) refers to drv_uart.o(i.drv_uart_int_get) for drv_uart_int_get
    drv_uart.o(i.drv_uart_rx_data) refers to drv_uart.o(i.drv_uart_int_clear) for drv_uart_int_clear
    drv_uart.o(i.drv_uart_rx_data) refers to drv_uart.o(i.drv_uart_logic_reset) for drv_uart_logic_reset
    drv_uart.o(i.drv_uart_set_config) refers to drv_common.o(i.drv_check_rw_data) for drv_check_rw_data
    drv_uart.o(i.drv_uart_tx_data) refers to drv_uart.o(i.drv_uart_int_get) for drv_uart_int_get
    drv_uart.o(i.drv_uart_tx_data) refers to drv_uart.o(i.drv_uart_int_clear) for drv_uart_int_clear
    drv_uart_ex.o(i.drv_uart_printf) refers to drv_uart_ex.o(i.vprintf) for vprintf
    drv_uart_ex.o(i.vprintf) refers to vsprintf.o(.text) for vsprintf
    drv_uart_ex.o(i.vprintf) refers to strlen.o(.text) for strlen
    drv_uart_ex.o(i.vprintf) refers to drv_uart.o(i.drv_uart_putchars) for drv_uart_putchars
    drv_uart_ex.o(i.vprintf) refers to uart_bsp.o(.bss) for huart0
    drv_gpio.o(i.drv_gpio_deinit) refers to drv_gpio.o(i.drv_gpio_int_clear) for drv_gpio_int_clear
    drv_gpio.o(i.drv_gpio_init) refers to drv_gpio.o(i.drv_gpio_set_config) for drv_gpio_set_config
    drv_gpio.o(i.drv_gpio_init) refers to drv_gpio.o(i.drv_gpio_int_clear) for drv_gpio_int_clear
    drv_gpio.o(i.drv_gpio_interrupt_handler) refers to drv_gpio.o(i.gpio0_int_callback) for gpio0_int_callback
    drv_gpio.o(i.drv_gpio_interrupt_handler) refers to drv_gpio.o(i.drv_gpio_int_clear) for drv_gpio_int_clear
[...]
    .ARM.Collect$$libinit$$0000000C          0x00000192   Section        0  libinit2.o(.ARM.Collect$$libinit$$0000000C)
    .ARM.Collect$$libinit$$0000000E          0x00000192   Section        0  libinit2.o(.ARM.Collect$$libinit$$0000000E)
    .ARM.Collect$$libinit$$0000000F          0x00000192   Section        6  libinit2.o(.ARM.Collect$$libinit$$0000000F)
    .ARM.Collect$$libinit$$00000011          0x00000198   Section        0  libinit2.o(.ARM.Collect$$libinit$$00000011)
    .ARM.Collect$$libinit$$00000012          0x00000198   Section       12  libinit2.o(.ARM.Collect$$libinit$$00000012)
    .ARM.Collect$$libinit$$00000013          0x000001a4   Section        0  libinit2.o(.ARM.Collect$$libinit$$00000013)
    .ARM.Collect$$libinit$$00000015          0x000001a4   Section        0  libinit2.o(.ARM.Collect$$libinit$$00000015)
    .ARM.Collect$$libinit$$00000016          0x000001a4   Section       10  libinit2.o(.ARM.Collect$$libinit$$00000016)
    .ARM.Collect$$libinit$$00000017          0x000001ae   Section        0  libinit2.o(.ARM.Collect$$libinit$$00000017)
    .ARM.Collect$$libinit$$00000019          0x000001ae   Section        0  libinit2.o(.ARM.Collect$$libinit$$00000019)
    .ARM.Collect$$libinit$$0000001B          0x000001ae   Section        0  libinit2.o(.ARM.Collect$$libinit$$0000001B)
    .ARM.Collect$$libinit$$0000001D          0x000001ae   Section        0  libinit2.o(.ARM.Collect$$libinit$$0000001D)
    .ARM.Collect$$libinit$$0000001F          0x000001ae   Section        0  libinit2.o(.ARM.Collect$$libinit$$0000001F)
    .ARM.Collect$$libinit$$00000021          0x000001ae   Section        0  libinit2.o(.ARM.Collect$$libinit$$00000021)
    .ARM.Collect$$libinit$$00000023          0x000001ae   Section        0  libinit2.o(.ARM.Collect$$libinit$$00000023)
    .ARM.Collect$$libinit$$00000025          0x000001ae   Section        0  libinit2.o(.ARM.Collect$$libinit$$00000025)
    .ARM.Collect$$libinit$$0000002C          0x000001ae   Section        0  libinit2.o(.ARM.Collect$$libinit$$0000002C)
    .ARM.Collect$$libinit$$0000002E          0x000001ae   Section        0  libinit2.o(.ARM.Collect$$libinit$$0000002E)
    .ARM.Collect$$libinit$$00000030          0x000001ae   Section        0  libinit2.o(.ARM.Collect$$libinit$$00000030)
    .ARM.Collect$$libinit$$00000032          0x000001ae   Section        0  libinit2.o(.ARM.Collect$$libinit$$00000032)
    .ARM.Collect$$libinit$$00000033          0x000001ae   Section        2  libinit2.o(.ARM.Collect$$libinit$$00000033)
    .ARM.Collect$$libshutdown$$00000000      0x000001b0   Section        2  libshutdown.o(.ARM.Collect$$libshutdown$$00000000)
    .ARM.Collect$$libshutdown$$00000002      0x000001b2   Section        0  libshutdown2.o(.ARM.Collect$$libshutdown$$00000002)
    .ARM.Collect$$libshutdown$$00000004      0x000001b2   Section        0  libshutdown2.o(.ARM.Collect$$libshutdown$$00000004)
    .ARM.Collect$$libshutdown$$00000007      0x000001b2   Section        0  libshutdown2.o(.ARM.Collect$$libshutdown$$00000007)
    .ARM.Collect$$libshutdown$$0000000A      0x000001b2   Section        0  libshutdown2.o(.ARM.Collect$$libshutdown$$0000000A)
    .ARM.Collect$$libshutdown$$0000000C      0x000001b2   Section        0  libshutdown2.o(.ARM.Collect$$libshutdown$$0000000C)
    .ARM.Collect$$libshutdown$$0000000F      0x000001b2   Section        0  libshutdown2.o(.ARM.Collect$$libshutdown$$0000000F)
    .ARM.Collect$$libshutdown$$00000010      0x000001b2   Section        2  libshutdown2.o(.ARM.Collect$$libshutdown$$00000010)
    .ARM.Collect$$rtentry$$00000000          0x000001b4   Section        0  __rtentry.o(.ARM.Collect$$rtentry$$00000000)
    .ARM.Collect$$rtentry$$00000002          0x000001b4   Section        0  __rtentry2.o(.ARM.Collect$$rtentry$$00000002)
    .ARM.Collect$$rtentry$$00000004          0x000001b4   Section        6  __rtentry4.o(.ARM.Collect$$rtentry$$00000004)
    .ARM.Collect$$rtentry$$00000009          0x000001ba   Section        0  __rtentry2.o(.ARM.Collect$$rtentry$$00000009)
    .ARM.Collect$$rtentry$$0000000A          0x000001ba   Section        4  __rtentry2.o(.ARM.Collect$$rtentry$$0000000A)
    .ARM.Collect$$rtentry$$0000000C          0x000001be   Section        0  __rtentry2.o(.ARM.Collect$$rtentry$$0000000C)
    .ARM.Collect$$rtentry$$0000000D          0x000001be   Section        8  __rtentry2.o(.ARM.Collect$$rtentry$$0000000D)
    .ARM.Collect$$rtexit$$00000000           0x000001c6   Section        2  rtexit.o(.ARM.Collect$$rtexit$$00000000)
    .ARM.Collect$$rtexit$$00000002           0x000001c8   Section        0  rtexit2.o(.ARM.Collect$$rtexit$$00000002)
    .ARM.Collect$$rtexit$$00000003           0x000001c8   Section        4  rtexit2.o(.ARM.Collect$$rtexit$$00000003)
    .ARM.Collect$$rtexit$$00000004           0x000001cc   Section        6  rtexit2.o(.ARM.Collect$$rtexit$$00000004)
    .text                                    0x000001d4   Section       56  startup_cm3ds.o(.text)
    .text                                    0x0000020c   Section        0  vsprintf.o(.text)
    .text                                    0x00000230   Section        0  strlen.o(.text)
    .text                                    0x0000026e   Section        0  heapauxi.o(.text)
    .text                                    0x00000274   Section        0  _printf_pad.o(.text)
    .text                                    0x000002c2   Section        0  _printf_truncate.o(.text)
    .text                                    0x000002e6   Section        0  _printf_str.o(.text)
    .text                                    0x00000338   Section        0  _printf_dec.o(.text)
    .text                                    0x000003b0   Section        0  _printf_charcount.o(.text)
    .text                                    0x000003d8   Section        0  _printf_char_common.o(.text)
    _printf_input_char                       0x000003d9   Thumb Code    10  _printf_char_common.o(.text)
    .text                                    0x00000408   Section        0  _sputc.o(.text)
    .text                                    0x00000414   Section        0  _printf_wctomb.o(.text)
    .text                                    0x000004d0   Section        0  _printf_longlong_dec.o(.text)
    .text                                    0x0000054c   Section        0  _printf_oct_int_ll.o(.text)
    _printf_longlong_oct_internal            0x0000054d   Thumb Code     0  _printf_oct_int_ll.o(.text)
    .text                                    0x000005bc   Section        0  _printf_hex_int_ll_ptr.o(.text)
    _printf_hex_common                       0x000005bd   Thumb Code     0  _printf_hex_int_ll_ptr.o(.text)
    .text                                    0x00000650   Section        0  __printf_flags_ss_wp.o(.text)
    .text                                    0x000007d8   Section      138  lludiv10.o(.text)
    .text                                    0x00000862   Section        0  _printf_intcommon.o(.text)
    .text                                    0x00000914   Section        0  _printf_fp_dec.o(.text)
    _fp_digits                               0x00000917   Thumb Code   432  _printf_fp_dec.o(.text)
    .text                                    0x00000d34   Section        0  _printf_fp_hex.o(.text)
    .text                                    0x00001030   Section        0  _printf_char.o(.text)
    .text                                    0x0000105c   Section        0  _printf_wchar.o(.text)
    .text                                    0x00001088   Section        0  _wcrtomb.o(.text)
    .text                                    0x000010c8   Section       74  sys_stackheap_outer.o(.text)
    .text                                    0x00001114   Section       16  rt_ctype_table.o(.text)
    .text                                    0x00001124   Section        8  rt_locale_intlibspace.o(.text)
    .text                                    0x0000112c   Section        0  _printf_fp_infnan.o(.text)
    .text                                    0x000011ac   Section        0  bigflt0.o(.text)
    .text                                    0x00001290   Section        0  exit.o(.text)
    .text                                    0x000012a4   Section        8  libspace.o(.text)
    .text                                    0x000012ac   Section      128  strcmpv7m.o(.text)
    .text                                    0x0000132c   Section        0  sys_exit.o(.text)
    .text                                    0x00001338   Section        2  use_no_semi.o(.text)
    .text                                    0x0000133a   Section        0  indicate_semi.o(.text)
    CL$$btod_d2e                             0x0000133a   Section       62  btod.o(CL$$btod_d2e)
    CL$$btod_d2e_denorm_low                  0x00001378   Section       70  btod.o(CL$$btod_d2e_denorm_low)
    CL$$btod_d2e_norm_op1                    0x000013be   Section       96  btod.o(CL$$btod_d2e_norm_op1)
    CL$$btod_div_common                      0x0000141e   Section      824  btod.o(CL$$btod_div_common)
    CL$$btod_e2e                             0x00001756   Section      220  btod.o(CL$$btod_e2e)
    CL$$btod_ediv                            0x00001832   Section       42  btod.o(CL$$btod_ediv)
    CL$$btod_emul                            0x0000185c   Section       42  btod.o(CL$$btod_emul)
    CL$$btod_mult_common                     0x00001886   Section      580  btod.o(CL$$btod_mult_common)
    i.AdvtimCap_Handler                      0x00001acc   Section        0  interrupt.o(i.AdvtimCap_Handler)
    i.AdvtimEnc_Handler                      0x00001ae0   Section        0  interrupt.o(i.AdvtimEnc_Handler)
    i.AdvtimGen_Handler                      0x00001af4   Section        0  interrupt.o(i.AdvtimGen_Handler)
    i.BusFault_Handler                       0x00001b08   Section        0  interrupt.o(i.BusFault_Handler)
    i.DebugMon_Handler                       0x00001b0c   Section        0  interrupt.o(i.DebugMon_Handler)
    i.HardFault_Handler                      0x00001b0e   Section        0  interrupt.o(i.HardFault_Handler)
    i.MemManage_Handler                      0x00001b12   Section        0  interrupt.o(i.MemManage_Handler)
    i.NMI_Handler                            0x00001b16   Section        0  interrupt.o(i.NMI_Handler)
    i.PendSV_Handler                         0x00001b18   Section        0  interrupt.o(i.PendSV_Handler)
    i.SVC_Handler                            0x00001b1a   Section        0  interrupt.o(i.SVC_Handler)
    i.SysTick_Handler                        0x00001b1c   Section        0  interrupt.o(i.SysTick_Handler)
    i.Uart0_Handler                          0x00001b20   Section        0  interrupt.o(i.Uart0_Handler)
    i.UsageFault_Handler                     0x00001b34   Section        0  interrupt.o(i.UsageFault_Handler)
    i.__ARM_fpclassify                       0x00001b38   Section        0  fpclassify.o(i.__ARM_fpclassify)
    i.__NVIC_ClearPendingIRQ                 0x00001b60   Section        0  interrupt.o(i.__NVIC_ClearPendingIRQ)
    __NVIC_ClearPendingIRQ                   0x00001b61   Thumb Code    22  interrupt.o(i.__NVIC_ClearPendingIRQ)
    i.__NVIC_DisableIRQ                      0x00001b7c   Section        0  advtim_test.o(i.__NVIC_DisableIRQ)
    __NVIC_DisableIRQ                        0x00001b7d   Thumb Code    54  advtim_test.o(i.__NVIC_DisableIRQ)
    i.__NVIC_EnableIRQ                       0x00001bb8   Section        0  advtim_test.o(i.__NVIC_EnableIRQ)
    __NVIC_EnableIRQ                         0x00001bb9   Thumb Code    26  advtim_test.o(i.__NVIC_EnableIRQ)
    i.__NVIC_SetPriority                     0x00001bd4   Section        0  advtim_test.o(i.__NVIC_SetPriority)
    __NVIC_SetPriority                       0x00001bd5   Thumb Code    32  advtim_test.o(i.__NVIC_SetPriority)
    i._is_digit                              0x00001bfc   Section        0  __printf_wp.o(i._is_digit)
    i.advtim_cap_int_reloaded_callback       0x00001c0c   Section        0  advtim_test.o(i.advtim_cap_int_reloaded_callback)
    i.advtim_cap_int_reloading_reaching_rcr_callback 0x00001c1c   Section        0  advtim_test.o(i.advtim_cap_int_reloading_reaching_rcr_callback)
    i.advtim_ch_all_pwm_and_gpio_with_deadzone_with_break_on_test 0x00001c3c   Section        0  advtim_test.o(i.advtim_ch_all_pwm_and_gpio_with_deadzone_with_break_on_test)
    i.advtim_ch_all_pwm_with_deadzone_with_break_init 0x00001d40   Section        0  advtim_bsp.o(i.advtim_ch_all_pwm_with_deadzone_with_break_init)
    i.advtim_deinit                          0x00001e28   Section        0  advtim_bsp.o(i.advtim_deinit)
    i.advtim_enc_int_detected_callback       0x00001e44   Section        0  advtim_test.o(i.advtim_enc_int_detected_callback)
    i.advtim_enc_int_reloaded_callback       0x00001e54   Section        0  advtim_test.o(i.advtim_enc_int_reloaded_callback)
    i.advtim_gen_int_fault_detected_callback 0x00001e64   Section        0  advtim_test.o(i.advtim_gen_int_fault_detected_callback)
    i.advtim_gen_int_reloaded_callback       0x00001e84   Section        0  advtim_test.o(i.advtim_gen_int_reloaded_callback)
    i.advtim_gen_int_reloading_reaching_rcr_callback 0x00001e94   Section        0  advtim_test.o(i.advtim_gen_int_reloading_reaching_rcr_callback)
    i.advtim_testmenu                        0x00001ea4   Section        0  advtim_test.o(i.advtim_testmenu)
    i.drv_advtim_cap_deinit                  0x00001ec0   Section        0  drv_advtim_cap.o(i.drv_advtim_cap_deinit)
    i.drv_advtim_cap_int_allclear            0x00001edc   Section        0  drv_advtim_cap.o(i.drv_advtim_cap_int_allclear)
    drv_advtim_cap_int_allclear              0x00001edd   Thumb Code    14  drv_advtim_cap.o(i.drv_advtim_cap_int_allclear)
    i.drv_advtim_cap_int_clear               0x00001eea   Section        0  drv_advtim_cap.o(i.drv_advtim_cap_int_clear)
    drv_advtim_cap_int_clear                 0x00001eeb   Thumb Code    18  drv_advtim_cap.o(i.drv_advtim_cap_int_clear)
    i.drv_advtim_cap_interrupt_handler       0x00001efc   Section        0  drv_advtim_cap.o(i.drv_advtim_cap_interrupt_handler)
    i.drv_advtim_cap_logic_reset             0x00001f38   Section        0  drv_advtim_cap.o(i.drv_advtim_cap_logic_reset)
    drv_advtim_cap_logic_reset               0x00001f39   Thumb Code    26  drv_advtim_cap.o(i.drv_advtim_cap_logic_reset)
    i.drv_advtim_config_hw_update_enable     0x00001f52   Section        0  advtim_bsp.o(i.drv_advtim_config_hw_update_enable)
    drv_advtim_config_hw_update_enable       0x00001f53   Thumb Code    16  advtim_bsp.o(i.drv_advtim_config_hw_update_enable)
    i.drv_advtim_config_sw_update            0x00001f62   Section        0  advtim_test.o(i.drv_advtim_config_sw_update)
    drv_advtim_config_sw_update              0x00001f63   Thumb Code    28  advtim_test.o(i.drv_advtim_config_sw_update)
    i.drv_advtim_enc_deinit                  0x00001f7e   Section        0  drv_advtim_enc.o(i.drv_advtim_enc_deinit)
    i.drv_advtim_enc_int_allclear            0x00001f9a   Section        0  drv_advtim_enc.o(i.drv_advtim_enc_int_allclear)
    drv_advtim_enc_int_allclear              0x00001f9b   Thumb Code    18  drv_advtim_enc.o(i.drv_advtim_enc_int_allclear)
    i.drv_advtim_enc_int_clear               0x00001fac   Section        0  drv_advtim_enc.o(i.drv_advtim_enc_int_clear)
    drv_advtim_enc_int_clear                 0x00001fad   Thumb Code    24  drv_advtim_enc.o(i.drv_advtim_enc_int_clear)
    i.drv_advtim_enc_interrupt_handler       0x00001fc4   Section        0  drv_advtim_enc.o(i.drv_advtim_enc_interrupt_handler)
    i.drv_advtim_enc_logic_reset             0x00002002   Section        0  drv_advtim_enc.o(i.drv_advtim_enc_logic_reset)
    drv_advtim_enc_logic_reset               0x00002003   Thumb Code    26  drv_advtim_enc.o(i.drv_advtim_enc_logic_reset)
    i.drv_advtim_gen_deinit                  0x0000201c   Section        0  drv_advtim_gen.o(i.drv_advtim_gen_deinit)
    i.drv_advtim_gen_enable                  0x00002038   Section        0  advtim_test.o(i.drv_advtim_gen_enable)
    drv_advtim_gen_enable                    0x00002039   Thumb Code    28  advtim_test.o(i.drv_advtim_gen_enable)
    i.drv_advtim_gen_init                    0x00002054   Section        0  drv_advtim_gen.o(i.drv_advtim_gen_init)
    i.drv_advtim_gen_int_allclear            0x0000208e   Section        0  drv_advtim_gen.o(i.drv_advtim_gen_int_allclear)
    drv_advtim_gen_int_allclear              0x0000208f   Thumb Code    14  drv_advtim_gen.o(i.drv_advtim_gen_int_allclear)
    i.drv_advtim_gen_int_clear               0x0000209c   Section        0  drv_advtim_gen.o(i.drv_advtim_gen_int_clear)
    drv_advtim_gen_int_clear                 0x0000209d   Thumb Code    18  drv_advtim_gen.o(i.drv_advtim_gen_int_clear)
    i.drv_advtim_gen_int_enable              0x000020ae   Section        0  advtim_bsp.o(i.drv_advtim_gen_int_enable)
    drv_advtim_gen_int_enable                0x000020af   Thumb Code    12  advtim_bsp.o(i.drv_advtim_gen_int_enable)
    i.drv_advtim_gen_interrupt_handler       0x000020ba   Section        0  drv_advtim_gen.o(i.drv_advtim_gen_interrupt_handler)
    i.drv_advtim_gen_logic_reset             0x0000210a   Section        0  drv_advtim_gen.o(i.drv_advtim_gen_logic_reset)
    drv_advtim_gen_logic_reset               0x0000210b   Thumb Code    26  drv_advtim_gen.o(i.drv_advtim_gen_logic_reset)
    i.drv_advtim_gen_set_channel1_output_compare_mode 0x00002124   Section        0  advtim_test.o(i.drv_advtim_gen_set_channel1_output_compare_mode)
    drv_advtim_gen_set_channel1_output_compare_mode 0x00002125   Thumb Code    16  advtim_test.o(i.drv_advtim_gen_set_channel1_output_compare_mode)
    i.drv_advtim_gen_set_channel1_output_negative_gpio_value 0x00002134   Section        0  advtim_test.o(i.drv_advtim_gen_set_channel1_output_negative_gpio_value)
    drv_advtim_gen_set_channel1_output_negative_gpio_value 0x00002135   Thumb Code    18  advtim_test.o(i.drv_advtim_gen_set_channel1_output_negative_gpio_value)
    i.drv_advtim_gen_set_channel1_output_negative_mode 0x00002146   Section        0  advtim_test.o(i.drv_advtim_gen_set_channel1_output_negative_mode)
    drv_advtim_gen_set_channel1_output_negative_mode 0x00002147   Thumb Code    18  advtim_test.o(i.drv_advtim_gen_set_channel1_output_negative_mode)
    i.drv_advtim_gen_set_channel2_output_compare_mode 0x00002158   Section        0  advtim_test.o(i.drv_advtim_gen_set_channel2_output_compare_mode)
    drv_advtim_gen_set_channel2_output_compare_mode 0x00002159   Thumb Code    16  advtim_test.o(i.drv_advtim_gen_set_channel2_output_compare_mode)
    i.drv_advtim_gen_set_channel2_output_negative_gpio_value 0x00002168   Section        0  advtim_test.o(i.drv_advtim_gen_set_channel2_output_negative_gpio_value)
    drv_advtim_gen_set_channel2_output_negative_gpio_value 0x00002169   Thumb Code    18  advtim_test.o(i.drv_advtim_gen_set_channel2_output_negative_gpio_value)
    i.drv_advtim_gen_set_channel2_output_negative_mode 0x0000217a   Section        0  advtim_test.o(i.drv_advtim_gen_set_channel2_output_negative_mode)
    drv_advtim_gen_set_channel2_output_negative_mode 0x0000217b   Thumb Code    18  advtim_test.o(i.drv_advtim_gen_set_channel2_output_negative_mode)
    i.drv_advtim_gen_set_channel3_output_compare_mode 0x0000218c   Section        0  advtim_test.o(i.drv_advtim_gen_set_channel3_output_compare_mode)
    drv_advtim_gen_set_channel3_output_compare_mode 0x0000218d   Thumb Code    16  advtim_test.o(i.drv_advtim_gen_set_channel3_output_compare_mode)
    i.drv_advtim_gen_set_channel3_output_positive_gpio_value 0x0000219c   Section        0  advtim_test.o(i.drv_advtim_gen_set_channel3_output_positive_gpio_value)
    drv_advtim_gen_set_channel3_output_positive_gpio_value 0x0000219d   Thumb Code    18  advtim_test.o(i.drv_advtim_gen_set_channel3_output_positive_gpio_value)
    i.drv_advtim_gen_set_channel3_output_positive_mode 0x000021ae   Section        0  advtim_test.o(i.drv_advtim_gen_set_channel3_output_positive_mode)
    drv_advtim_gen_set_channel3_output_positive_mode 0x000021af   Thumb Code    18  advtim_test.o(i.drv_advtim_gen_set_channel3_output_positive_mode)
    i.drv_advtim_gen_set_channel4_output_compare_mode 0x000021c0   Section        0  advtim_test.o(i.drv_advtim_gen_set_channel4_output_compare_mode)
    drv_advtim_gen_set_channel4_output_compare_mode 0x000021c1   Thumb Code    16  advtim_test.o(i.drv_advtim_gen_set_channel4_output_compare_mode)
    i.drv_advtim_gen_set_channel5_output_compare_mode 0x000021d0   Section        0  advtim_test.o(i.drv_advtim_gen_set_channel5_output_compare_mode)
    drv_advtim_gen_set_channel5_output_compare_mode 0x000021d1   Thumb Code    16  advtim_test.o(i.drv_advtim_gen_set_channel5_output_compare_mode)
    i.drv_advtim_gen_set_channel6_output_compare_mode 0x000021e0   Section        0  advtim_test.o(i.drv_advtim_gen_set_channel6_output_compare_mode)
    drv_advtim_gen_set_channel6_output_compare_mode 0x000021e1   Thumb Code    16  advtim_test.o(i.drv_advtim_gen_set_channel6_output_compare_mode)
    i.drv_advtim_gen_set_config              0x000021f0   Section        0  drv_advtim_gen.o(i.drv_advtim_gen_set_config)
    i.drv_check_rw_data                      0x00002478   Section        0  drv_common.o(i.drv_check_rw_data)
    i.drv_uart_default_config                0x000024a0   Section        0  drv_uart.o(i.drv_uart_default_config)
    i.drv_uart_getchar_timeout               0x000024bc   Section        0  drv_uart.o(i.drv_uart_getchar_timeout)
    i.drv_uart_init                          0x00002528   Section        0  drv_uart.o(i.drv_uart_init)
    i.drv_uart_int_allclear                  0x0000257a   Section        0  drv_uart.o(i.drv_uart_int_allclear)
    drv_uart_int_allclear                    0x0000257b   Thumb Code    16  drv_uart.o(i.drv_uart_int_allclear)
    i.drv_uart_int_clear                     0x0000258a   Section        0  drv_uart.o(i.drv_uart_int_clear)
    drv_uart_int_clear                       0x0000258b   Thumb Code    18  drv_uart.o(i.drv_uart_int_clear)
    i.drv_uart_int_disable                   0x0000259c   Section        0  drv_uart.o(i.drv_uart_int_disable)
    drv_uart_int_disable                     0x0000259d   Thumb Code    12  drv_uart.o(i.drv_uart_int_disable)
    i.drv_uart_int_get                       0x000025a8   Section        0  drv_uart.o(i.drv_uart_int_get)
    drv_uart_int_get                         0x000025a9   Thumb Code     8  drv_uart.o(i.drv_uart_int_get)
    i.drv_uart_interrupt_handler             0x000025b0   Section        0  drv_uart.o(i.drv_uart_interrupt_handler)
    i.drv_uart_logic_reset                   0x0000270e   Section        0  drv_uart.o(i.drv_uart_logic_reset)
    drv_uart_logic_reset                     0x0000270f   Thumb Code   106  drv_uart.o(i.drv_uart_logic_reset)
    i.drv_uart_printf                        0x00002778   Section        0  drv_uart_ex.o(i.drv_uart_printf)
    i.drv_uart_putchars                      0x00002792   Section        0  drv_uart.o(i.drv_uart_putchars)
    i.drv_uart_set_config                    0x000027dc   Section        0  drv_uart.o(i.drv_uart_set_config)
    i.exit_current_test_loop                 0x0000282c   Section        0  main.o(i.exit_current_test_loop)
    i.main                                   0x00002854   Section        0  main.o(i.main)
    i.mcu_testmenu                           0x00002860   Section        0  main.o(i.mcu_testmenu)
    i.show_testmenu                          0x0000287c   Section        0  main.o(i.show_testmenu)
    i.test_execute                           0x0000290c   Section        0  main.o(i.test_execute)
    i.test_printf_s                          0x00002a00   Section        0  uart_bsp.o(i.test_printf_s)
    i.uart0_init                             0x00002a0c   Section        0  uart_bsp.o(i.uart0_init)
    i.uart_int_rx_fifo_noempty_callback      0x00002a2c   Section        0  drv_uart.o(i.uart_int_rx_fifo_noempty_callback)
    i.uart_int_rx_fifo_thres_callback        0x00002a2e   Section        0  drv_uart.o(i.uart_int_rx_fifo_thres_callback)
    i.uart_int_rx_noise_detect_callback      0x00002a30   Section        0  drv_uart.o(i.uart_int_rx_noise_detect_callback)
    i.uart_int_rx_parity_error_callback      0x00002a32   Section        0  drv_uart.o(i.uart_int_rx_parity_error_callback)
    i.uart_int_rx_stop_callback              0x00002a34   Section        0  drv_uart.o(i.uart_int_rx_stop_callback)
    i.uart_int_rx_stop_detect_callback       0x00002a36   Section        0  drv_uart.o(i.uart_int_rx_stop_detect_callback)
    i.uart_int_tx_done_callback              0x00002a38   Section        0  drv_uart.o(i.uart_int_tx_done_callback)
    i.uart_int_tx_fifo_empty_callback        0x00002a3a   Section        0  drv_uart.o(i.uart_int_tx_fifo_empty_callback)
    i.uart_int_tx_fifo_thres_callback        0x00002a3c   Section        0  drv_uart.o(i.uart_int_tx_fifo_thres_callback)
    i.vprintf                                0x00002a40   Section        0  drv_uart_ex.o(i.vprintf)
    locale$$code                             0x00002a74   Section       44  lc_numeric_c.o(locale$$code)
    locale$$code                             0x00002aa0   Section       44  lc_ctype_c.o(locale$$code)
    x$fpl$printf1                            0x00002acc   Section        4  printf1.o(x$fpl$printf1)
    x$fpl$printf2                            0x00002ad0   Section        4  printf2.o(x$fpl$printf2)
    .constdata                               0x00002ad4   Section        8  _printf_wctomb.o(.constdata)
    x$fpl$usenofp                            0x00002ad4   Section        0  usenofp.o(x$fpl$usenofp)
    initial_mbstate                          0x00002ad4   Data           8  _printf_wctomb.o(.constdata)
    .constdata                               0x00002adc   Section       40  _printf_hex_int_ll_ptr.o(.constdata)
    uc_hextab                                0x00002adc   Data          20  _printf_hex_int_ll_ptr.o(.constdata)
    lc_hextab                                0x00002af0   Data          20  _printf_hex_int_ll_ptr.o(.constdata)
    .constdata                               0x00002b04   Section       17  __printf_flags_ss_wp.o(.constdata)
    maptable                                 0x00002b04   Data          17  __printf_flags_ss_wp.o(.constdata)
    .constdata                               0x00002b15   Section       38  _printf_fp_hex.o(.constdata)
    lc_hextab                                0x00002b15   Data          19  _printf_fp_hex.o(.constdata)
    uc_hextab                                0x00002b28   Data          19  _printf_fp_hex.o(.constdata)
    .constdata                               0x00002b3c   Section      148  bigflt0.o(.constdata)
    tenpwrs_x                                0x00002b3c   Data          60  bigflt0.o(.constdata)
    tenpwrs_i                                0x00002b78   Data          64  bigflt0.o(.constdata)
    locale$$data                             0x00002bf0   Section       28  lc_numeric_c.o(locale$$data)
    __lcnum_c_name                           0x00002bf4   Data           2  lc_numeric_c.o(locale$$data)
    __lcnum_c_start                          0x00002bfc   Data           0  lc_numeric_c.o(locale$$data)
    __lcnum_c_point                          0x00002c08   Data           0  lc_numeric_c.o(locale$$data)
    __lcnum_c_thousands                      0x00002c0a   Data           0  lc_numeric_c.o(locale$$data)
    __lcnum_c_grouping                       0x00002c0b   Data           0  lc_numeric_c.o(locale$$data)
    locale$$data                             0x00002c0c   Section      272  lc_ctype_c.o(locale$$data)
    __lcnum_c_end                            0x00002c0c   Data           0  lc_numeric_c.o(locale$$data)
    __lcctype_c_name                         0x00002c10   Data           2  lc_ctype_c.o(locale$$data)
    __lcctype_c_start                        0x00002c18   Data           0  lc_ctype_c.o(locale$$data)
    __lcctype_c_end                          0x00002d1c   Data           0  lc_ctype_c.o(locale$$data)
    .data                                    0x00020000   Section      144  main.o(.data)
    .data                                    0x00020090   Section       76  advtim_test.o(.data)
    .bss                                     0x000200dc   Section       56  uart_bsp.o(.bss)
    .bss                                     0x00020114   Section      112  advtim_bsp.o(.bss)
    .bss                                     0x00020184   Section       96  libspace.o(.bss)
    HEAP                                     0x000201e8   Section     3072  startup_cm3ds.o(HEAP)
    Heap_Mem                                 0x000201e8   Data        3072  startup_cm3ds.o(HEAP)
    STACK                                    0x00020de8   Section     1024  startup_cm3ds.o(STACK)
    Stack_Mem                                0x00020de8   Data        1024  startup_cm3ds.o(STACK)
    __initial_sp                             0x000211e8   Data           0  startup_cm3ds.o(STACK)

    Global Symbols

    Symbol Name                              Value     Ov Type        Size  Object(Section)

    BuildAttributes$$THM_ISAv4$P$D$K$B$S$PE$A:L22UL41UL21$X:L11$S22US41US21$IEEE1$IW$USESV6$~STKCKD$USESV7$~SHL$OTIME$ROPI$IEEEJ$EBA8$UX$STANDARDLIB$REQ8$PRES8$EABIv2 0x00000000   Number         0  anon$$obj.o ABSOLUTE
    __ARM_use_no_argv                        0x00000000   Number         0  main.o ABSOLUTE
    __Vectors                                0x00000000   Data           4  startup_cm3ds.o(RESET)
    _printf_flags                            0x00000000   Number         0  printf_stubs.o ABSOLUTE
    _printf_return_value                     0x00000000   Number         0  printf_stubs.o ABSOLUTE
    _printf_sizespec                         0x00000000   Number         0  printf_stubs.o ABSOLUTE
    _printf_widthprec                        0x00000000   Number         0  printf_stubs.o ABSOLUTE
    __ARM_exceptions_init                     - Undefined Weak Reference
    __alloca_initialize                       - Undefined Weak Reference
    __arm_preinit_                            - Undefined Weak Reference
    __cpp_initialize__aeabi_                  - Undefined Weak Reference
    __cxa_finalize                            - Undefined Weak Reference
    __sigvec_lookup                           - Undefined Weak Reference
    _atexit_init                              - Undefined Weak Reference
    _call_atexit_fns                          - Undefined Weak Reference
    _clock_init                               - Undefined Weak Reference
    _fp_trap_init                             - Undefined Weak Reference
    _fp_trap_shutdown                         - Undefined Weak Reference
    _get_lc_collate                           - Undefined Weak Reference
    _get_lc_monetary                          - Undefined Weak Reference
    _get_lc_time                              - Undefined Weak Reference
    _getenv_init                              - Undefined Weak Reference
    _handle_redirection                       - Undefined Weak Reference
    _init_alloc                               - Undefined Weak Reference
    _init_user_alloc                          - Undefined Weak Reference
    _initio                                   - Undefined Weak Reference
    _printf_mbtowc                            - Undefined Weak Reference
    _printf_wc                                - Undefined Weak Reference
    _rand_init                                - Undefined Weak Reference
    _signal_finish                            - Undefined Weak Reference
    _signal_init                              - Undefined Weak Reference
    _terminate_alloc                          - Undefined Weak Reference
    _terminate_user_alloc                     - Undefined Weak Reference
    _terminateio                              - Undefined Weak Reference
    __Vectors_End                            0x0000008c   Data           0  startup_cm3ds.o(RESET)
    __Vectors_Size                           0x0000008c   Number         0  startup_cm3ds.o ABSOLUTE
    __main                                   0x0000008d   Thumb Code     8  __main.o(!!!main)
    __scatterload                            0x00000095   Thumb Code     0  __scatter.o(!!!scatter)
    __scatterload_rt2                        0x00000095   Thumb Code    44  __scatter.o(!!!scatter)
    __scatterload_rt2_thumb_only             0x00000095   Thumb Code     0  __scatter.o(!!!scatter)
    __scatterload_null                       0x000000a3   Thumb Code     0  __scatter.o(!!!scatter)
    __scatterload_copy                       0x000000c9   Thumb Code    26  __scatter_copy.o(!!handler_copy)
    __scatterload_zeroinit                   0x000000e5   Thumb Code    28  __scatter_zi.o(!!handler_zi)
    _printf_n                                0x00000101   Thumb Code     0  _printf_n.o(.ARM.Collect$$_printf_percent$$00000001)
    _printf_percent                          0x00000101   Thumb Code     0  _printf_percent.o(.ARM.Collect$$_printf_percent$$00000000)
    _printf_p                                0x00000107   Thumb Code     0  _printf_p.o(.ARM.Collect$$_printf_percent$$00000002)
    _printf_f                                0x0000010d   Thumb Code     0  _printf_f.o(.ARM.Collect$$_printf_percent$$00000003)
    _printf_e                                0x00000113   Thumb Code     0  _printf_e.o(.ARM.Collect$$_printf_percent$$00000004)
    _printf_g                                0x00000119   Thumb Code     0  _printf_g.o(.ARM.Collect$$_printf_percent$$00000005)
    _printf_a                                0x0000011f   Thumb Code     0  _printf_a.o(.ARM.Collect$$_printf_percent$$00000006)
    _printf_ll                               0x00000125   Thumb Code     0  _printf_ll.o(.ARM.Collect$$_printf_percent$$00000007)
    _printf_i                                0x0000012f   Thumb Code     0  _printf_i.o(.ARM.Collect$$_printf_percent$$00000008)
    _printf_d                                0x00000135   Thumb Code     0  _printf_d.o(.ARM.Collect$$_printf_percent$$00000009)
    _printf_u                                0x0000013b   Thumb Code     0  _printf_u.o(.ARM.Collect$$_printf_percent$$0000000A)
    _printf_o                                0x00000141   Thumb Code     0  _printf_o.o(.ARM.Collect$$_printf_percent$$0000000B)
    _printf_x                                0x00000147   Thumb Code     0  _printf_x.o(.ARM.Collect$$_printf_percent$$0000000C)
    _printf_lli                              0x0000014d   Thumb Code     0  _printf_lli.o(.ARM.Collect$$_printf_percent$$0000000D)
    _printf_lld                              0x00000153   Thumb Code     0  _printf_lld.o(.ARM.Collect$$_printf_percent$$0000000E)
    _printf_llu                              0x00000159   Thumb Code     0  _printf_llu.o(.ARM.Collect$$_printf_percent$$0000000F)
    _printf_llo                              0x0000015f   Thumb Code     0  _printf_llo.o(.ARM.Collect$$_printf_percent$$00000010)
    _printf_llx                              0x00000165   Thumb Code     0  _printf_llx.o(.ARM.Collect$$_printf_percent$$00000011)
    _printf_l                                0x0000016b   Thumb Code     0  _printf_l.o(.ARM.Collect$$_printf_percent$$00000012)
    _printf_c                                0x00000175   Thumb Code     0  _printf_c.o(.ARM.Collect$$_printf_percent$$00000013)
    _printf_s                                0x0000017b   Thumb Code     0  _printf_s.o(.ARM.Collect$$_printf_percent$$00000014)
    _printf_lc                               0x00000181   Thumb Code     0  _printf_lc.o(.ARM.Collect$$_printf_percent$$00000015)
    _printf_ls                               0x00000187   Thumb Code     0  _printf_ls.o(.ARM.Collect$$_printf_percent$$00000016)
    _printf_percent_end                      0x0000018d   Thumb Code     0  _printf_percent_end.o(.ARM.Collect$$_printf_percent$$00000017)
    __rt_lib_init                            0x00000191   Thumb Code     0  libinit.o(.ARM.Collect$$libinit$$00000000)
    __rt_lib_init_fp_1                       0x00000193   Thumb Code     0  libinit2.o(.ARM.Collect$$libinit$$00000002)
    __rt_lib_init_heap_1                     0x00000193   Thumb Code     0  libinit2.o(.ARM.Collect$$libinit$$0000000A)
    __rt_lib_init_lc_common                  0x00000193   Thumb Code     0  libinit2.o(.ARM.Collect$$libinit$$0000000F)
    __rt_lib_init_preinit_1                  0x00000193   Thumb Code     0  libinit2.o(.ARM.Collect$$libinit$$00000004)
    __rt_lib_init_rand_1                     0x00000193   Thumb Code     0  libinit2.o(.ARM.Collect$$libinit$$0000000E)
    __rt_lib_init_user_alloc_1               0x00000193   Thumb Code     0  libinit2.o(.ARM.Collect$$libinit$$0000000C)
    __rt_lib_init_lc_collate_1               0x00000199   Thumb Code     0  libinit2.o(.ARM.Collect$$libinit$$00000011)
    __rt_lib_init_lc_ctype_2                 0x00000199   Thumb Code     0  libinit2.o(.ARM.Collect$$libinit$$00000012)
    __rt_lib_init_lc_ctype_1                 0x000001a5   Thumb Code     0  libinit2.o(.ARM.Collect$$libinit$$00000013)
    __rt_lib_init_lc_monetary_1              0x000001a5   Thumb Code     0  libinit2.o(.ARM.Collect$$libinit$$00000015)
    __rt_lib_init_lc_numeric_2               0x000001a5   Thumb Code     0  libinit2.o(.ARM.Collect$$libinit$$00000016)
    __rt_lib_init_alloca_1                   0x000001af   Thumb Code     0  libinit2.o(.ARM.Collect$$libinit$$0000002E)
    __rt_lib_init_argv_1                     0x000001af   Thumb Code     0  libinit2.o(.ARM.Collect$$libinit$$0000002C)
    __rt_lib_init_atexit_1                   0x000001af   Thumb Code     0  libinit2.o(.ARM.Collect$$libinit$$0000001B)
    __rt_lib_init_clock_1                    0x000001af   Thumb Code     0  libinit2.o(.ARM.Collect$$libinit$$00000021)
    __rt_lib_init_cpp_1                      0x000001af   Thumb Code     0  libinit2.o(.ARM.Collect$$libinit$$00000032)
    __rt_lib_init_exceptions_1               0x000001af   Thumb Code     0  libinit2.o(.ARM.Collect$$libinit$$00000030)
    __rt_lib_init_fp_trap_1                  0x000001af   Thumb Code     0  libinit2.o(.ARM.Collect$$libinit$$0000001F)
    __rt_lib_init_getenv_1                   0x000001af   Thumb Code     0  libinit2.o(.ARM.Collect$$libinit$$00000023)
    __rt_lib_init_lc_numeric_1               0x000001af   Thumb Code     0  libinit2.o(.ARM.Collect$$libinit$$00000017)
    __rt_lib_init_lc_time_1                  0x000001af   Thumb Code     0  libinit2.o(.ARM.Collect$$libinit$$00000019)
    __rt_lib_init_return                     0x000001af   Thumb Code     0  libinit2.o(.ARM.Collect$$libinit$$00000033)
    __rt_lib_init_signal_1                   0x000001af   Thumb Code     0  libinit2.o(.ARM.Collect$$libinit$$0000001D)
    __rt_lib_init_stdio_1                    0x000001af   Thumb Code     0  libinit2.o(.ARM.Collect$$libinit$$00000025)
    __rt_lib_shutdown                        0x000001b1   Thumb Code     0  libshutdown.o(.ARM.Collect$$libshutdown$$00000000)
    __rt_lib_shutdown_cpp_1                  0x000001b3   Thumb Code     0  libshutdown2.o(.ARM.Collect$$libshutdown$$00000002)
    __rt_lib_shutdown_fp_trap_1              0x000001b3   Thumb Code     0  libshutdown2.o(.ARM.Collect$$libshutdown$$00000007)
    __rt_lib_shutdown_heap_1                 0x000001b3   Thumb Code     0  libshutdown2.o(.ARM.Collect$$libshutdown$$0000000F)
    __rt_lib_shutdown_return                 0x000001b3   Thumb Code     0  libshutdown2.o(.ARM.Collect$$libshutdown$$00000010)
    __rt_lib_shutdown_signal_1               0x000001b3   Thumb Code     0  libshutdown2.o(.ARM.Collect$$libshutdown$$0000000A)
    __rt_lib_shutdown_stdio_1                0x000001b3   Thumb Code     0  libshutdown2.o(.ARM.Collect$$libshutdown$$00000004)
    __rt_lib_shutdown_user_alloc_1           0x000001b3   Thumb Code     0  libshutdown2.o(.ARM.Collect$$libshutdown$$0000000C)
    __rt_entry                               0x000001b5   Thumb Code     0  __rtentry.o(.ARM.Collect$$rtentry$$00000000)
    __rt_entry_presh_1                       0x000001b5   Thumb Code     0  __rtentry2.o(.ARM.Collect$$rtentry$$00000002)
    __rt_entry_sh                            0x000001b5   Thumb Code     0  __rtentry4.o(.ARM.Collect$$rtentry$$00000004)
    __rt_entry_li                            0x000001bb   Thumb Code     0  __rtentry2.o(.ARM.Collect$$rtentry$$0000000A)
    __rt_entry_postsh_1                      0x000001bb   Thumb Code     0  __rtentry2.o(.ARM.Collect$$rtentry$$00000009)
    __rt_entry_main                          0x000001bf   Thumb Code     0  __rtentry2.o(.ARM.Collect$$rtentry$$0000000D)
    __rt_entry_postli_1                      0x000001bf   Thumb Code     0  __rtentry2.o(.ARM.Collect$$rtentry$$0000000C)
    __rt_exit                                0x000001c7   Thumb Code     0  rtexit.o(.ARM.Collect$$rtexit$$00000000)
    __rt_exit_ls                             0x000001c9   Thumb Code     0  rtexit2.o(.ARM.Collect$$rtexit$$00000003)
    __rt_exit_prels_1                        0x000001c9   Thumb Code     0  rtexit2.o(.ARM.Collect$$rtexit$$00000002)
    __rt_exit_exit                           0x000001cd   Thumb Code     0  rtexit2.o(.ARM.Collect$$rtexit$$00000004)
    Reset_Handler                            0x000001d5   Thumb Code     4  startup_cm3ds.o(.text)
    Bastim_Ch0_Handler                       0x000001eb   Thumb Code     0  startup_cm3ds.o(.text)
    Bastim_Ch1_Handler                       0x000001eb   Thumb Code     0  startup_cm3ds.o(.text)
    Bastim_Ch2_Handler                       0x000001eb   Thumb Code     0  startup_cm3ds.o(.text)
    Bastim_Ch3_Handler                       0x000001eb   Thumb Code     0  startup_cm3ds.o(.text)
    EthDma_Handler                           0x000001eb   Thumb Code     0  startup_cm3ds.o(.text)
    EthRx_Handler                            0x000001eb   Thumb Code     0  startup_cm3ds.o(.text)
    EthSma_Handler                           0x000001eb   Thumb Code     0  startup_cm3ds.o(.text)
    EthTx_Handler                            0x000001eb   Thumb Code     0  startup_cm3ds.o(.text)
    Gpioa_Handler                            0x000001eb   Thumb Code     0  startup_cm3ds.o(.text)
    Resv15_Handler                           0x000001eb   Thumb Code     0  startup_cm3ds.o(.text)
    Resv2_Handler                            0x000001eb   Thumb Code     0  startup_cm3ds.o(.text)
    Resv3_Handler                            0x000001eb   Thumb Code     0  startup_cm3ds.o(.text)
    Resv6_Handler                            0x000001eb   Thumb Code     0  startup_cm3ds.o(.text)
    Resv7_Handler                            0x000001eb   Thumb Code     0  startup_cm3ds.o(.text)
    Uart1_Handler                            0x000001eb   Thumb Code     0  startup_cm3ds.o(.text)
    __user_initial_stackheap                 0x000001ed   Thumb Code    10  startup_cm3ds.o(.text)
    vsprintf                                 0x0000020d   Thumb Code    32  vsprintf.o(.text)
    strlen                                   0x00000231   Thumb Code    62  strlen.o(.text)
    __use_two_region_memory                  0x0000026f   Thumb Code     2  heapauxi.o(.text)
    __rt_heap_escrow$2region                 0x00000271   Thumb Code     2  heapauxi.o(.text)
    __rt_heap_expand$2region                 0x00000273   Thumb Code     2  heapauxi.o(.text)
    _printf_pre_padding                      0x00000275   Thumb Code    44  _printf_pad.o(.text)
    _printf_post_padding                     0x000002a1   Thumb Code    34  _printf_pad.o(.text)
    _printf_truncate_signed                  0x000002c3   Thumb Code    18  _printf_truncate.o(.text)
    _printf_truncate_unsigned                0x000002d5   Thumb Code    18  _printf_truncate.o(.text)
    _printf_str                              0x000002e7   Thumb Code    82  _printf_str.o(.text)
    _printf_int_dec                          0x00000339   Thumb Code   104  _printf_dec.o(.text)
    _printf_charcount                        0x000003b1   Thumb Code    40  _printf_charcount.o(.text)
    _printf_char_common                      0x000003e3   Thumb Code    32  _printf_char_common.o(.text)
    _sputc                                   0x00000409   Thumb Code    10  _sputc.o(.text)
    _printf_wctomb                           0x00000415   Thumb Code   182  _printf_wctomb.o(.text)
    _printf_longlong_dec                     0x000004d1   Thumb Code   108  _printf_longlong_dec.o(.text)
    _printf_longlong_oct                     0x0000054d   Thumb Code    66  _printf_oct_int_ll.o(.text)
    _printf_int_oct                          0x0000058f   Thumb Code    24  _printf_oct_int_ll.o(.text)
    _printf_ll_oct                           0x000005a7   Thumb Code    12  _printf_oct_int_ll.o(.text)
    _printf_longlong_hex                     0x000005bd   Thumb Code    86  _printf_hex_int_ll_ptr.o(.text)
    _printf_int_hex                          0x00000613   Thumb Code    28  _printf_hex_int_ll_ptr.o(.text)
    _printf_ll_hex                           0x0000062f   Thumb Code    12  _printf_hex_int_ll_ptr.o(.text)
    _printf_hex_ptr                          0x0000063b   Thumb Code    18  _printf_hex_int_ll_ptr.o(.text)
    __printf                                 0x00000651   Thumb Code   388  __printf_flags_ss_wp.o(.text)
    _ll_udiv10                               0x000007d9   Thumb Code   138  lludiv10.o(.text)
    _printf_int_common                       0x00000863   Thumb Code   178  _printf_intcommon.o(.text)
    __lib_sel_fp_printf                      0x00000915   Thumb Code     2  _printf_fp_dec.o(.text)
    _printf_fp_dec_real                      0x00000ac7   Thumb Code   620  _printf_fp_dec.o(.text)
    _printf_fp_hex_real                      0x00000d35   Thumb Code   756  _printf_fp_hex.o(.text)
    _printf_cs_common                        0x00001031   Thumb Code    20  _printf_char.o(.text)
    _printf_char                             0x00001045   Thumb Code    16  _printf_char.o(.text)
    _printf_string                           0x00001055   Thumb Code     8  _printf_char.o(.text)
    _printf_lcs_common                       0x0000105d   Thumb Code    20  _printf_wchar.o(.text)
    _printf_wchar                            0x00001071   Thumb Code    16  _printf_wchar.o(.text)
    _printf_wstring                          0x00001081   Thumb Code     8  _printf_wchar.o(.text)
    _wcrtomb                                 0x00001089   Thumb Code    64  _wcrtomb.o(.text)
    __user_setup_stackheap                   0x000010c9   Thumb Code    74  sys_stackheap_outer.o(.text)
    __rt_ctype_table                         0x00001115   Thumb Code    16  rt_ctype_table.o(.text)
    __rt_locale                              0x00001125   Thumb Code     8  rt_locale_intlibspace.o(.text)
    _printf_fp_infnan                        0x0000112d   Thumb Code   112  _printf_fp_infnan.o(.text)
    _btod_etento                             0x000011ad   Thumb Code   224  bigflt0.o(.text)
    exit                                     0x00001291   Thumb Code    18  exit.o(.text)
    __user_libspace                          0x000012a5   Thumb Code     8  libspace.o(.text)
    __user_perproc_libspace                  0x000012a5   Thumb Code     0  libspace.o(.text)
    __user_perthread_libspace                0x000012a5   Thumb Code     0  libspace.o(.text)
    strcmp                                   0x000012ad   Thumb Code   128  strcmpv7m.o(.text)
    _sys_exit                                0x0000132d   Thumb Code     8  sys_exit.o(.text)
    __I$use$semihosting                      0x00001339   Thumb Code     0  use_no_semi.o(.text)
    __use_no_semihosting_swi                 0x00001339   Thumb Code     2  use_no_semi.o(.text)
    __semihosting_library_function           0x0000133b   Thumb Code     0  indicate_semi.o(.text)
    _btod_d2e                                0x0000133b   Thumb Code    62  btod.o(CL$$btod_d2e)
    _d2e_denorm_low                          0x00001379   Thumb Code    70  btod.o(CL$$btod_d2e_denorm_low)
    _d2e_norm_op1                            0x000013bf   Thumb Code    96  btod.o(CL$$btod_d2e_norm_op1)
    __btod_div_common                        0x0000141f   Thumb Code   696  btod.o(CL$$btod_div_common)
    _e2e                                     0x00001757   Thumb Code   220  btod.o(CL$$btod_e2e)
    _btod_ediv                               0x00001833   Thumb Code    42  btod.o(CL$$btod_ediv)
    _btod_emul                               0x0000185d   Thumb Code    42  btod.o(CL$$btod_emul)
    __btod_mult_common                       0x00001887   Thumb Code   580  btod.o(CL$$btod_mult_common)
    AdvtimCap_Handler                        0x00001acd   Thumb Code    16  interrupt.o(i.AdvtimCap_Handler)
    AdvtimEnc_Handler                        0x00001ae1   Thumb Code    16  interrupt.o(i.AdvtimEnc_Handler)
    AdvtimGen_Handler                        0x00001af5   Thumb Code    16  interrupt.o(i.AdvtimGen_Handler)
    BusFault_Handler                         0x00001b09   Thumb Code     4  interrupt.o(i.BusFault_Handler)
    DebugMon_Handler                         0x00001b0d   Thumb Code     2  interrupt.o(i.DebugMon_Handler)
    HardFault_Handler                        0x00001b0f   Thumb Code     4  interrupt.o(i.HardFault_Handler)
    MemManage_Handler                        0x00001b13   Thumb Code     4  interrupt.o(i.MemManage_Handler)
    NMI_Handler                              0x00001b17   Thumb Code     2  interrupt.o(i.NMI_Handler)
    PendSV_Handler                           0x00001b19   Thumb Code     2  interrupt.o(i.PendSV_Handler)
    SVC_Handler                              0x00001b1b   Thumb Code     2  interrupt.o(i.SVC_Handler)
    SysTick_Handler                          0x00001b1d   Thumb Code     2  interrupt.o(i.SysTick_Handler)
    Uart0_Handler                            0x00001b21   Thumb Code    16  interrupt.o(i.Uart0_Handler)
    UsageFault_Handler                       0x00001b35   Thumb Code     4  interrupt.o(i.UsageFault_Handler)
    __ARM_fpclassify                         0x00001b39   Thumb Code    40  fpclassify.o(i.__ARM_fpclassify)
    _is_digit                                0x00001bfd   Thumb Code    14  __printf_wp.o(i._is_digit)
    advtim_cap_int_reloaded_callback         0x00001c0d   Thumb Code    12  advtim_test.o(i.advtim_cap_int_reloaded_callback)
    advtim_cap_int_reloading_reaching_rcr_callback 0x00001c1d   Thumb Code    22  advtim_test.o(i.advtim_cap_int_reloading_reaching_rcr_callback)
    advtim_ch_all_pwm_and_gpio_with_deadzone_with_break_on_test 0x00001c3d   Thumb Code   170  advtim_test.o(i.advtim_ch_all_pwm_and_gpio_with_deadzone_with_break_on_test)
    advtim_ch_all_pwm_with_deadzone_with_break_init 0x00001d41   Thumb Code   224  advtim_bsp.o(i.advtim_ch_all_pwm_with_deadzone_with_break_init)
    advtim_deinit                            0x00001e29   Thumb Code    22  advtim_bsp.o(i.advtim_deinit)
    advtim_enc_int_detected_callback         0x00001e45   Thumb Code    12  advtim_test.o(i.advtim_enc_int_detected_callback)
    advtim_enc_int_reloaded_callback         0x00001e55   Thumb Code    12  advtim_test.o(i.advtim_enc_int_reloaded_callback)
    advtim_gen_int_fault_detected_callback   0x00001e65   Thumb Code    26  advtim_test.o(i.advtim_gen_int_fault_detected_callback)
    advtim_gen_int_reloaded_callback         0x00001e85   Thumb Code    12  advtim_test.o(i.advtim_gen_int_reloaded_callback)
    advtim_gen_int_reloading_reaching_rcr_callback 0x00001e95   Thumb Code    12  advtim_test.o(i.advtim_gen_int_reloading_reaching_rcr_callback)
    advtim_testmenu                          0x00001ea5   Thumb Code    22  advtim_test.o(i.advtim_testmenu)
    drv_advtim_cap_deinit                    0x00001ec1   Thumb Code    28  drv_advtim_cap.o(i.drv_advtim_cap_deinit)
    drv_advtim_cap_interrupt_handler         0x00001efd   Thumb Code    60  drv_advtim_cap.o(i.drv_advtim_cap_interrupt_handler)
    drv_advtim_enc_deinit                    0x00001f7f   Thumb Code    28  drv_advtim_enc.o(i.drv_advtim_enc_deinit)
    drv_advtim_enc_interrupt_handler         0x00001fc5   Thumb Code    62  drv_advtim_enc.o(i.drv_advtim_enc_interrupt_handler)
    drv_advtim_gen_deinit                    0x0000201d   Thumb Code    28  drv_advtim_gen.o(i.drv_advtim_gen_deinit)
    drv_advtim_gen_init                      0x00002055   Thumb Code    58  drv_advtim_gen.o(i.drv_advtim_gen_init)
    drv_advtim_gen_interrupt_handler         0x000020bb   Thumb Code    80  drv_advtim_gen.o(i.drv_advtim_gen_interrupt_handler)
    drv_advtim_gen_set_config                0x000021f1   Thumb Code   648  drv_advtim_gen.o(i.drv_advtim_gen_set_config)
    drv_check_rw_data                        0x00002479   Thumb Code    40  drv_common.o(i.drv_check_rw_data)
    drv_uart_default_config                  0x000024a1   Thumb Code    28  drv_uart.o(i.drv_uart_default_config)
    drv_uart_getchar_timeout                 0x000024bd   Thumb Code   108  drv_uart.o(i.drv_uart_getchar_timeout)
    drv_uart_init                            0x00002529   Thumb Code    82  drv_uart.o(i.drv_uart_init)
    drv_uart_interrupt_handler               0x000025b1   Thumb Code   350  drv_uart.o(i.drv_uart_interrupt_handler)
    drv_uart_printf                          0x00002779   Thumb Code    26  drv_uart_ex.o(i.drv_uart_printf)
    drv_uart_putchars                        0x00002793   Thumb Code    72  drv_uart.o(i.drv_uart_putchars)
    drv_uart_set_config                      0x000027dd   Thumb Code    76  drv_uart.o(i.drv_uart_set_config)
    exit_current_test_loop                   0x0000282d   Thumb Code    30  main.o(i.exit_current_test_loop)
    main                                     0x00002855   Thumb Code    12  main.o(i.main)
    mcu_testmenu                             0x00002861   Thumb Code    22  main.o(i.mcu_testmenu)
    show_testmenu                            0x0000287d   Thumb Code    58  main.o(i.show_testmenu)
    test_execute                             0x0000290d   Thumb Code   142  main.o(i.test_execute)
    test_printf_s                            0x00002a01   Thumb Code    12  uart_bsp.o(i.test_printf_s)
    uart0_init                               0x00002a0d   Thumb Code    22  uart_bsp.o(i.uart0_init)
    uart_int_rx_fifo_noempty_callback        0x00002a2d   Thumb Code     2  drv_uart.o(i.uart_int_rx_fifo_noempty_callback)
    uart_int_rx_fifo_thres_callback          0x00002a2f   Thumb Code     2  drv_uart.o(i.uart_int_rx_fifo_thres_callback)
    uart_int_rx_noise_detect_callback        0x00002a31   Thumb Code     2  drv_uart.o(i.uart_int_rx_noise_detect_callback)
    uart_int_rx_parity_error_callback        0x00002a33   Thumb Code     2  drv_uart.o(i.uart_int_rx_parity_error_callback)
    uart_int_rx_stop_callback                0x00002a35   Thumb Code     2  drv_uart.o(i.uart_int_rx_stop_callback)
    uart_int_rx_stop_detect_callback         0x00002a37   Thumb Code     2  drv_uart.o(i.uart_int_rx_stop_detect_callback)
    uart_int_tx_done_callback                0x00002a39   Thumb Code     2  drv_uart.o(i.uart_int_tx_done_callback)
    uart_int_tx_fifo_empty_callback          0x00002a3b   Thumb Code     2  drv_uart.o(i.uart_int_tx_fifo_empty_callback)
    uart_int_tx_fifo_thres_callback          0x00002a3d   Thumb Code     2  drv_uart.o(i.uart_int_tx_fifo_thres_callback)
    vprintf                                  0x00002a41   Thumb Code    48  drv_uart_ex.o(i.vprintf)
    _get_lc_numeric                          0x00002a75   Thumb Code    44  lc_numeric_c.o(locale$$code)
    _get_lc_ctype                            0x00002aa1   Thumb Code    44  lc_ctype_c.o(locale$$code)
    _printf_fp_dec                           0x00002acd   Thumb Code     4  printf1.o(x$fpl$printf1)
    _printf_fp_hex                           0x00002ad1   Thumb Code     4  printf2.o(x$fpl$printf2)
    __I$use$fp                               0x00002ad4   Number         0  usenofp.o(x$fpl$usenofp)
    Region$$Table$$Base                      0x00002bd0   Number         0  anon$$obj.o(Region$$Table)
    Region$$Table$$Limit                     0x00002bf0   Number         0  anon$$obj.o(Region$$Table)
    __ctype                                  0x00002c19   Data           0  lc_ctype_c.o(locale$$data)
    g_mcu_menu                               0x00020000   Data         144  main.o(.data)
    advtim_int_flag                          0x00020090   Data           1  advtim_test.o(.data)
    advtim_int_flag1                         0x00020091   Data           1  advtim_test.o(.data)
    advtim_int_flag2                         0x00020092   Data           1  advtim_test.o(.data)
    advtim_int_flag3                         0x00020093   Data           1  advtim_test.o(.data)
    g_advtim_menu                            0x00020094   Data          72  advtim_test.o(.data)
    huart0                                   0x000200dc   Data          28  uart_bsp.o(.bss)
    huart1                                   0x000200f8   Data          28  uart_bsp.o(.bss)
    hadvtim                                  0x00020114   Data         112  advtim_bsp.o(.bss)
    __libspace_start                         0x00020184   Data          96  libspace.o(.bss)
    __temporary_stack_top$libspace           0x000201e4   Data           0  libspace.o(.bss)



==============================================================================

Memory Map of the image

  Image Entry point : 0x0000008d

  Load Region LR_IROM1 (Base: 0x00000000, Size: 0x00002df8, Max: 0x00008000, ABSOLUTE)

    Execution Region ER_IROM1 (Exec base: 0x00000000, Load base: 0x00000000, Size: 0x00002d1c, Max: 0x00008000, ABSOLUTE)

    Exec Addr    Load Addr    Size         Type   Attr      Idx    E Section Name        Object

    0x00000000   0x00000000   0x0000008c   Data   RO          995    RESET               startup_cm3ds.o
    0x0000008c   0x0000008c   0x00000008   Code   RO         2279  * !!!main             c_w.l(__main.o)
    0x00000094   0x00000094   0x00000034   Code   RO         2600    !!!scatter          c_w.l(__scatter.o)
    0x000000c8   0x000000c8   0x0000001a   Code   RO         2602    !!handler_copy      c_w.l(__scatter_copy.o)
    0x000000e2   0x000000e2   0x00000002   PAD
    0x000000e4   0x000000e4   0x0000001c   Code   RO         2604    !!handler_zi        c_w.l(__scatter_zi.o)
    0x00000100   0x00000100   0x00000000   Code   RO         2363    .ARM.Collect$$_printf_percent$$00000000  c_w.l(_printf_percent.o)
    0x00000100   0x00000100   0x00000006   Code   RO         2352    .ARM.Collect$$_printf_percent$$00000001  c_w.l(_printf_n.o)
    0x00000106   0x00000106   0x00000006   Code   RO         2354    .ARM.Collect$$_printf_percent$$00000002  c_w.l(_printf_p.o)
    0x0000010c   0x0000010c   0x00000006   Code   RO         2359    .ARM.Collect$$_printf_percent$$00000003  c_w.l(_printf_f.o)
    0x00000112   0x00000112   0x00000006   Code   RO         2360    .ARM.Collect$$_printf_percent$$00000004  c_w.l(_printf_e.o)
    0x00000118   0x00000118   0x00000006   Code   RO         2361    .ARM.Collect$$_printf_percent$$00000005  c_w.l(_printf_g.o)
    0x0000011e   0x0000011e   0x00000006   Code   RO         2362    .ARM.Collect$$_printf_percent$$00000006  c_w.l(_printf_a.o)
    0x00000124   0x00000124   0x0000000a   Code   RO         2367    .ARM.Collect$$_printf_percent$$00000007  c_w.l(_printf_ll.o)
    0x0000012e   0x0000012e   0x00000006   Code   RO         2356    .ARM.Collect$$_printf_percent$$00000008  c_w.l(_printf_i.o)
    0x00000134   0x00000134   0x00000006   Code   RO         2357    .ARM.Collect$$_printf_percent$$00000009  c_w.l(_printf_d.o)
    0x0000013a   0x0000013a   0x00000006   Code   RO         2358    .ARM.Collect$$_printf_percent$$0000000A  c_w.l(_printf_u.o)
    0x00000140   0x00000140   0x00000006   Code   RO         2355    .ARM.Collect$$_printf_percent$$0000000B  c_w.l(_printf_o.o)
    0x00000146   0x00000146   0x00000006   Code   RO         2353    .ARM.Collect$$_printf_percent$$0000000C  c_w.l(_printf_x.o)
    0x0000014c   0x0000014c   0x00000006   Code   RO         2364    .ARM.Collect$$_printf_percent$$0000000D  c_w.l(_printf_lli.o)
    0x00000152   0x00000152   0x00000006   Code   RO         2365    .ARM.Collect$$_printf_percent$$0000000E  c_w.l(_printf_lld.o)
    0x00000158   0x00000158   0x00000006   Code   RO         2366    .ARM.Collect$$_printf_percent$$0000000F  c_w.l(_printf_llu.o)
    0x0000015e   0x0000015e   0x00000006   Code   RO         2371    .ARM.Collect$$_printf_percent$$00000010  c_w.l(_printf_llo.o)
    0x00000164   0x00000164   0x00000006   Code   RO         2372    .ARM.Collect$$_printf_percent$$00000011  c_w.l(_printf_llx.o)
    0x0000016a   0x0000016a   0x0000000a   Code   RO         2368    .ARM.Collect$$_printf_percent$$00000012  c_w.l(_printf_l.o)
    0x00000174   0x00000174   0x00000006   Code   RO         2350    .ARM.Collect$$_printf_percent$$00000013  c_w.l(_printf_c.o)
    0x0000017a   0x0000017a   0x00000006   Code   RO         2351    .ARM.Collect$$_printf_percent$$00000014  c_w.l(_printf_s.o)
    0x00000180   0x00000180   0x00000006   Code   RO         2369    .ARM.Collect$$_printf_percent$$00000015  c_w.l(_printf_lc.o)
    0x00000186   0x00000186   0x00000006   Code   RO         2370    .ARM.Collect$$_printf_percent$$00000016  c_w.l(_printf_ls.o)
    0x0000018c   0x0000018c   0x00000004   Code   RO         2411    .ARM.Collect$$_printf_percent$$00000017  c_w.l(_printf_percent_end.o)
    0x00000190   0x00000190   0x00000002   Code   RO         2460    .ARM.Collect$$libinit$$00000000  c_w.l(libinit.o)
    0x00000192   0x00000192   0x00000000   Code   RO         2477    .ARM.Collect$$libinit$$00000002  c_w.l(libinit2.o)
    0x00000192   0x00000192   0x00000000   Code   RO         2479    .ARM.Collect$$libinit$$00000004  c_w.l(libinit2.o)
    0x00000192   0x00000192   0x00000000   Code   RO         2482    .ARM.Collect$$libinit$$0000000A  c_w.l(libinit2.o)
    0x00000192   0x00000192   0x00000000   Code   RO         2484    .ARM.Collect$$libinit$$0000000C  c_w.l(libinit2.o)
    0x00000192   0x00000192   0x00000000   Code   RO         2486    .ARM.Collect$$libinit$$0000000E  c_w.l(libinit2.o)
    0x00000192   0x00000192   0x00000006   Code   RO         2487    .ARM.Collect$$libinit$$0000000F  c_w.l(libinit2.o)
    0x00000198   0x00000198   0x00000000   Code   RO         2489    .ARM.Collect$$libinit$$00000011  c_w.l(libinit2.o)
    0x00000198   0x00000198   0x0000000c   Code   RO         2490    .ARM.Collect$$libinit$$00000012  c_w.l(libinit2.o)
    0x000001a4   0x000001a4   0x00000000   Code   RO         2491    .ARM.Collect$$libinit$$00000013  c_w.l(libinit2.o)
    0x000001a4   0x000001a4   0x00000000   Code   RO         2493    .ARM.Collect$$libinit$$00000015  c_w.l(libinit2.o)
    0x000001a4   0x000001a4   0x0000000a   Code   RO         2494    .ARM.Collect$$libinit$$00000016  c_w.l(libinit2.o)
    0x000001ae   0x000001ae   0x00000000   Code   RO         2495    .ARM.Collect$$libinit$$00000017  c_w.l(libinit2.o)
    0x000001ae   0x000001ae   0x00000000   Code   RO         2497    .ARM.Collect$$libinit$$00000019  c_w.l(libinit2.o)
    0x000001ae   0x000001ae   0x00000000   Code   RO         2499    .ARM.Collect$$libinit$$0000001B  c_w.l(libinit2.o)
    0x000001ae   0x000001ae   0x00000000   Code   RO         2501    .ARM.Collect$$libinit$$0000001D  c_w.l(libinit2.o)
    0x000001ae   0x000001ae   0x00000000   Code   RO         2503    .ARM.Collect$$libinit$$0000001F  c_w.l(libinit2.o)
    0x000001ae   0x000001ae   0x00000000   Code   RO         2505    .ARM.Collect$$libinit$$00000021  c_w.l(libinit2.o)
    0x000001ae   0x000001ae   0x00000000   Code   RO         2507    .ARM.Collect$$libinit$$00000023  c_w.l(libinit2.o)
    0x000001ae   0x000001ae   0x00000000   Code   RO         2509    .ARM.Collect$$libinit$$00000025  c_w.l(libinit2.o)
    0x000001ae   0x000001ae   0x00000000   Code   RO         2513    .ARM.Collect$$libinit$$0000002C  c_w.l(libinit2.o)
    0x000001ae   0x000001ae   0x00000000   Code   RO         2515    .ARM.Collect$$libinit$$0000002E  c_w.l(libinit2.o)
    0x000001ae   0x000001ae   0x00000000   Code   RO         2517    .ARM.Collect$$libinit$$00000030  c_w.l(libinit2.o)
    0x000001ae   0x000001ae   0x00000000   Code   RO         2519    .ARM.Collect$$libinit$$00000032  c_w.l(libinit2.o)
    0x000001ae   0x000001ae   0x00000002   Code   RO         2520    .ARM.Collect$$libinit$$00000033  c_w.l(libinit2.o)
    0x000001b0   0x000001b0   0x00000002   Code   RO         2540    .ARM.Collect$$libshutdown$$00000000  c_w.l(libshutdown.o)
    0x000001b2   0x000001b2   0x00000000   Code   RO         2553    .ARM.Collect$$libshutdown$$00000002  c_w.l(libshutdown2.o)
    0x000001b2   0x000001b2   0x00000000   Code   RO         2555    .ARM.Collect$$libshutdown$$00000004  c_w.l(libshutdown2.o)
    0x000001b2   0x000001b2   0x00000000   Code   RO         2558    .ARM.Collect$$libshutdown$$00000007  c_w.l(libshutdown2.o)
    0x000001b2   0x000001b2   0x00000000   Code   RO         2561    .ARM.Collect$$libshutdown$$0000000A  c_w.l(libshutdown2.o)
    0x000001b2   0x000001b2   0x00000000   Code   RO         2563    .ARM.Collect$$libshutdown$$0000000C  c_w.l(libshutdown2.o)
    0x000001b2   0x000001b2   0x00000000   Code   RO         2566    .ARM.Collect$$libshutdown$$0000000F  c_w.l(libshutdown2.o)
    0x000001b2   0x000001b2   0x00000002   Code   RO         2567    .ARM.Collect$$libshutdown$$00000010  c_w.l(libshutdown2.o)
    0x000001b4   0x000001b4   0x00000000   Code   RO         2281    .ARM.Collect$$rtentry$$00000000  c_w.l(__rtentry.o)
    0x000001b4   0x000001b4   0x00000000   Code   RO         2382    .ARM.Collect$$rtentry$$00000002  c_w.l(__rtentry2.o)
    0x000001b4   0x000001b4   0x00000006   Code   RO         2394    .ARM.Collect$$rtentry$$00000004  c_w.l(__rtentry4.o)
    0x000001ba   0x000001ba   0x00000000   Code   RO         2384    .ARM.Collect$$rtentry$$00000009  c_w.l(__rtentry2.o)
    0x000001ba   0x000001ba   0x00000004   Code   RO         2385    .ARM.Collect$$rtentry$$0000000A  c_w.l(__rtentry2.o)
    0x000001be   0x000001be   0x00000000   Code   RO         2387    .ARM.Collect$$rtentry$$0000000C  c_w.l(__rtentry2.o)
    0x000001be   0x000001be   0x00000008   Code   RO         2388    .ARM.Collect$$rtentry$$0000000D  c_w.l(__rtentry2.o)
    0x000001c6   0x000001c6   0x00000002   Code   RO         2469    .ARM.Collect$$rtexit$$00000000  c_w.l(rtexit.o)
    0x000001c8   0x000001c8   0x00000000   Code   RO         2522    .ARM.Collect$$rtexit$$00000002  c_w.l(rtexit2.o)
    0x000001c8   0x000001c8   0x00000004   Code   RO         2523    .ARM.Collect$$rtexit$$00000003  c_w.l(rtexit2.o)
    0x000001cc   0x000001cc   0x00000006   Code   RO         2524    .ARM.Collect$$rtexit$$00000004  c_w.l(rtexit2.o)
    0x000001d2   0x000001d2   0x00000002   PAD
    0x000001d4   0x000001d4   0x00000038   Code   RO          996    .text               startup_cm3ds.o
    0x0000020c   0x0000020c   0x00000024   Code   RO         2273    .text               c_w.l(vsprintf.o)
    0x00000230   0x00000230   0x0000003e   Code   RO         2275    .text               c_w.l(strlen.o)
    0x0000026e   0x0000026e   0x00000006   Code   RO         2277    .text               c_w.l(heapauxi.o)
    0x00000274   0x00000274   0x0000004e   Code   RO         2284    .text               c_w.l(_printf_pad.o)
    0x000002c2   0x000002c2   0x00000024   Code   RO         2286    .text               c_w.l(_printf_truncate.o)
    0x000002e6   0x000002e6   0x00000052   Code   RO         2288    .text               c_w.l(_printf_str.o)
    0x00000338   0x00000338   0x00000078   Code   RO         2290    .text               c_w.l(_printf_dec.o)
    0x000003b0   0x000003b0   0x00000028   Code   RO         2292    .text               c_w.l(_printf_charcount.o)
    0x000003d8   0x000003d8   0x00000030   Code   RO         2294    .text               c_w.l(_printf_char_common.o)
    0x00000408   0x00000408   0x0000000a   Code   RO         2296    .text               c_w.l(_sputc.o)
    0x00000412   0x00000412   0x00000002   PAD
    0x00000414   0x00000414   0x000000bc   Code   RO         2298    .text               c_w.l(_printf_wctomb.o)
    0x000004d0   0x000004d0   0x0000007c   Code   RO         2301    .text               c_w.l(_printf_longlong_dec.o)
    0x0000054c   0x0000054c   0x00000070   Code   RO         2307    .text               c_w.l(_printf_oct_int_ll.o)
    0x000005bc   0x000005bc   0x00000094   Code   RO         2327    .text               c_w.l(_printf_hex_int_ll_ptr.o)
    0x00000650   0x00000650   0x00000188   Code   RO         2347    .text               c_w.l(__printf_flags_ss_wp.o)
    0x000007d8   0x000007d8   0x0000008a   Code   RO         2396    .text               c_w.l(lludiv10.o)
    0x00000862   0x00000862   0x000000b2   Code   RO         2398    .text               c_w.l(_printf_intcommon.o)
    0x00000914   0x00000914   0x0000041e   Code   RO         2400    .text               c_w.l(_printf_fp_dec.o)
    0x00000d32   0x00000d32   0x00000002   PAD
    0x00000d34   0x00000d34   0x000002fc   Code   RO         2402    .text               c_w.l(_printf_fp_hex.o)
    0x00001030   0x00001030   0x0000002c   Code   RO         2407    .text               c_w.l(_printf_char.o)
    0x0000105c   0x0000105c   0x0000002c   Code   RO         2409    .text               c_w.l(_printf_wchar.o)
    0x00001088   0x00001088   0x00000040   Code   RO         2412    .text               c_w.l(_wcrtomb.o)
    0x000010c8   0x000010c8   0x0000004a   Code   RO         2414    .text               c_w.l(sys_stackheap_outer.o)
    0x00001112   0x00001112   0x00000002   PAD
    0x00001114   0x00001114   0x00000010   Code   RO         2416    .text               c_w.l(rt_ctype_table.o)
    0x00001124   0x00001124   0x00000008   Code   RO         2421    .text               c_w.l(rt_locale_intlibspace.o)
    0x0000112c   0x0000112c   0x00000080   Code   RO         2423    .text               c_w.l(_printf_fp_infnan.o)
    0x000011ac   0x000011ac   0x000000e4   Code   RO         2425    .text               c_w.l(bigflt0.o)
    0x00001290   0x00001290   0x00000012   Code   RO         2453    .text               c_w.l(exit.o)
    0x000012a2   0x000012a2   0x00000002   PAD
    0x000012a4   0x000012a4   0x00000008   Code   RO         2466    .text               c_w.l(libspace.o)
    0x000012ac   0x000012ac   0x00000080   Code   RO         2474    .text               c_w.l(strcmpv7m.o)
    0x0000132c   0x0000132c   0x0000000c   Code   RO         2532    .text               c_w.l(sys_exit.o)
    0x00001338   0x00001338   0x00000002   Code   RO         2543    .text               c_w.l(use_no_semi.o)
    0x0000133a   0x0000133a   0x00000000   Code   RO         2545    .text               c_w.l(indicate_semi.o)
    0x0000133a   0x0000133a   0x0000003e   Code   RO         2428    CL$$btod_d2e        c_w.l(btod.o)
    0x00001378   0x00001378   0x00000046   Code   RO         2430    CL$$btod_d2e_denorm_low  c_w.l(btod.o)
    0x000013be   0x000013be   0x00000060   Code   RO         2429    CL$$btod_d2e_norm_op1  c_w.l(btod.o)
    0x0000141e   0x0000141e   0x00000338   Code   RO         2438    CL$$btod_div_common  c_w.l(btod.o)
    0x00001756   0x00001756   0x000000dc   Code   RO         2435    CL$$btod_e2e        c_w.l(btod.o)
    0x00001832   0x00001832   0x0000002a   Code   RO         2432    CL$$btod_ediv       c_w.l(btod.o)
    0x0000185c   0x0000185c   0x0000002a   Code   RO         2431    CL$$btod_emul       c_w.l(btod.o)
    0x00001886   0x00001886   0x00000244   Code   RO         2437    CL$$btod_mult_common  c_w.l(btod.o)
    0x00001aca   0x00001aca   0x00000002   PAD
    0x00001acc   0x00001acc   0x00000014   Code   RO         1004    i.AdvtimCap_Handler  interrupt.o
    0x00001ae0   0x00001ae0   0x00000014   Code   RO         1005    i.AdvtimEnc_Handler  interrupt.o
    0x00001af4   0x00001af4   0x00000014   Code   RO         1006    i.AdvtimGen_Handler  interrupt.o
    0x00001b08   0x00001b08   0x00000004   Code   RO         1007    i.BusFault_Handler  interrupt.o
    0x00001b0c   0x00001b0c   0x00000002   Code   RO         1008    i.DebugMon_Handler  interrupt.o
    0x00001b0e   0x00001b0e   0x00000004   Code   RO         1009    i.HardFault_Handler  interrupt.o
    0x00001b12   0x00001b12   0x00000004   Code   RO         1010    i.MemManage_Handler  interrupt.o
    0x00001b16   0x00001b16   0x00000002   Code   RO         1011    i.NMI_Handler       interrupt.o
    0x00001b18   0x00001b18   0x00000002   Code   RO         1012    i.PendSV_Handler    interrupt.o
    0x00001b1a   0x00001b1a   0x00000002   Code   RO         1013    i.SVC_Handler       interrupt.o
    0x00001b1c   0x00001b1c   0x00000002   Code   RO         1014    i.SysTick_Handler   interrupt.o
    0x00001b1e   0x00001b1e   0x00000002   PAD
    0x00001b20   0x00001b20   0x00000014   Code   RO         1015    i.Uart0_Handler     interrupt.o
    0x00001b34   0x00001b34   0x00000004   Code   RO         1016    i.UsageFault_Handler  interrupt.o
    0x00001b38   0x00001b38   0x00000028   Code   RO         2464    i.__ARM_fpclassify  m_ws.l(fpclassify.o)
    0x00001b60   0x00001b60   0x0000001c   Code   RO         1017    i.__NVIC_ClearPendingIRQ  interrupt.o
    0x00001b7c   0x00001b7c   0x0000003c   Code   RO         1857    i.__NVIC_DisableIRQ  advtim_test.o
    0x00001bb8   0x00001bb8   0x0000001a   Code   RO         1858    i.__NVIC_EnableIRQ  advtim_test.o
    0x00001bd2   0x00001bd2   0x00000002   PAD
    0x00001bd4   0x00001bd4   0x00000028   Code   RO         1859    i.__NVIC_SetPriority  advtim_test.o
    0x00001bfc   0x00001bfc   0x0000000e   Code   RO         2340    i._is_digit         c_w.l(__printf_wp.o)
    0x00001c0a   0x00001c0a   0x00000002   PAD
    0x00001c0c   0x00001c0c   0x00000010   Code   RO         1861    i.advtim_cap_int_reloaded_callback  advtim_test.o
    0x00001c1c   0x00001c1c   0x00000020   Code   RO         1862    i.advtim_cap_int_reloading_reaching_rcr_callback  advtim_test.o
    0x00001c3c   0x00001c3c   0x00000104   Code   RO         1875    i.advtim_ch_all_pwm_and_gpio_with_deadzone_with_break_on_test  advtim_test.o
    0x00001d40   0x00001d40   0x000000e8   Code   RO         1695    i.advtim_ch_all_pwm_with_deadzone_with_break_init  advtim_bsp.o
    0x00001e28   0x00001e28   0x0000001c   Code   RO         1698    i.advtim_deinit     advtim_bsp.o
    0x00001e44   0x00001e44   0x00000010   Code   RO         1881    i.advtim_enc_int_detected_callback  advtim_test.o
    0x00001e54   0x00001e54   0x00000010   Code   RO         1882    i.advtim_enc_int_reloaded_callback  advtim_test.o
    0x00001e64   0x00001e64   0x00000020   Code   RO         1883    i.advtim_gen_int_fault_detected_callback  advtim_test.o
    0x00001e84   0x00001e84   0x00000010   Code   RO         1884    i.advtim_gen_int_reloaded_callback  advtim_test.o
    0x00001e94   0x00001e94   0x00000010   Code   RO         1885    i.advtim_gen_int_reloading_reaching_rcr_callback  advtim_test.o
    0x00001ea4   0x00001ea4   0x0000001c   Code   RO         1889    i.advtim_testmenu   advtim_test.o
    0x00001ec0   0x00001ec0   0x0000001c   Code   RO          792    i.drv_advtim_cap_deinit  drv_advtim_cap.o
    0x00001edc   0x00001edc   0x0000000e   Code   RO          794    i.drv_advtim_cap_int_allclear  drv_advtim_cap.o
    0x00001eea   0x00001eea   0x00000012   Code   RO          795    i.drv_advtim_cap_int_clear  drv_advtim_cap.o
    0x00001efc   0x00001efc   0x0000003c   Code   RO          796    i.drv_advtim_cap_interrupt_handler  drv_advtim_cap.o
    0x00001f38   0x00001f38   0x0000001a   Code   RO          797    i.drv_advtim_cap_logic_reset  drv_advtim_cap.o
    0x00001f52   0x00001f52   0x00000010   Code   RO         1701    i.drv_advtim_config_hw_update_enable  advtim_bsp.o
    0x00001f62   0x00001f62   0x0000001c   Code   RO         1897    i.drv_advtim_config_sw_update  advtim_test.o
    0x00001f7e   0x00001f7e   0x0000001c   Code   RO          858    i.drv_advtim_enc_deinit  drv_advtim_enc.o
    0x00001f9a   0x00001f9a   0x00000012   Code   RO          860    i.drv_advtim_enc_int_allclear  drv_advtim_enc.o
    0x00001fac   0x00001fac   0x00000018   Code   RO          861    i.drv_advtim_enc_int_clear  drv_advtim_enc.o
    0x00001fc4   0x00001fc4   0x0000003e   Code   RO          862    i.drv_advtim_enc_interrupt_handler  drv_advtim_enc.o
    0x00002002   0x00002002   0x0000001a   Code   RO          863    i.drv_advtim_enc_logic_reset  drv_advtim_enc.o
    0x0000201c   0x0000201c   0x0000001c   Code   RO          925    i.drv_advtim_gen_deinit  drv_advtim_gen.o
    0x00002038   0x00002038   0x0000001c   Code   RO         1904    i.drv_advtim_gen_enable  advtim_test.o
    0x00002054   0x00002054   0x0000003a   Code   RO          926    i.drv_advtim_gen_init  drv_advtim_gen.o
    0x0000208e   0x0000208e   0x0000000e   Code   RO          927    i.drv_advtim_gen_int_allclear  drv_advtim_gen.o
    0x0000209c   0x0000209c   0x00000012   Code   RO          928    i.drv_advtim_gen_int_clear  drv_advtim_gen.o
    0x000020ae   0x000020ae   0x0000000c   Code   RO         1703    i.drv_advtim_gen_int_enable  advtim_bsp.o
    0x000020ba   0x000020ba   0x00000050   Code   RO          929    i.drv_advtim_gen_interrupt_handler  drv_advtim_gen.o
    0x0000210a   0x0000210a   0x0000001a   Code   RO          930    i.drv_advtim_gen_logic_reset  drv_advtim_gen.o
    0x00002124   0x00002124   0x00000010   Code   RO         1906    i.drv_advtim_gen_set_channel1_output_compare_mode  advtim_test.o
    0x00002134   0x00002134   0x00000012   Code   RO         1908    i.drv_advtim_gen_set_channel1_output_negative_gpio_value  advtim_test.o
    0x00002146   0x00002146   0x00000012   Code   RO         1909    i.drv_advtim_gen_set_channel1_output_negative_mode  advtim_test.o
    0x00002158   0x00002158   0x00000010   Code   RO         1912    i.drv_advtim_gen_set_channel2_output_compare_mode  advtim_test.o
    0x00002168   0x00002168   0x00000012   Code   RO         1914    i.drv_advtim_gen_set_channel2_output_negative_gpio_value  advtim_test.o
    0x0000217a   0x0000217a   0x00000012   Code   RO         1915    i.drv_advtim_gen_set_channel2_output_negative_mode  advtim_test.o
    0x0000218c   0x0000218c   0x00000010   Code   RO         1916    i.drv_advtim_gen_set_channel3_output_compare_mode  advtim_test.o
    0x0000219c   0x0000219c   0x00000012   Code   RO         1918    i.drv_advtim_gen_set_channel3_output_positive_gpio_value  advtim_test.o
    0x000021ae   0x000021ae   0x00000012   Code   RO         1919    i.drv_advtim_gen_set_channel3_output_positive_mode  advtim_test.o
    0x000021c0   0x000021c0   0x00000010   Code   RO         1920    i.drv_advtim_gen_set_channel4_output_compare_mode  advtim_test.o
    0x000021d0   0x000021d0   0x00000010   Code   RO         1922    i.drv_advtim_gen_set_channel5_output_compare_mode  advtim_test.o
    0x000021e0   0x000021e0   0x00000010   Code   RO         1924    i.drv_advtim_gen_set_channel6_output_compare_mode  advtim_test.o
    0x000021f0   0x000021f0   0x00000288   Code   RO          931    i.drv_advtim_gen_set_config  drv_advtim_gen.o
    0x00002478   0x00002478   0x00000028   Code   RO            2    i.drv_check_rw_data  drv_common.o
    0x000024a0   0x000024a0   0x0000001c   Code   RO           70    i.drv_uart_default_config  drv_uart.o
    0x000024bc   0x000024bc   0x0000006c   Code   RO           73    i.drv_uart_getchar_timeout  drv_uart.o
    0x00002528   0x00002528   0x00000052   Code   RO           74    i.drv_uart_init     drv_uart.o
    0x0000257a   0x0000257a   0x00000010   Code   RO           75    i.drv_uart_int_allclear  drv_uart.o
    0x0000258a   0x0000258a   0x00000012   Code   RO           76    i.drv_uart_int_clear  drv_uart.o
    0x0000259c   0x0000259c   0x0000000c   Code   RO           77    i.drv_uart_int_disable  drv_uart.o
    0x000025a8   0x000025a8   0x00000008   Code   RO           78    i.drv_uart_int_get  drv_uart.o
    0x000025b0   0x000025b0   0x0000015e   Code   RO           79    i.drv_uart_interrupt_handler  drv_uart.o
    0x0000270e   0x0000270e   0x0000006a   Code   RO           80    i.drv_uart_logic_reset  drv_uart.o
    0x00002778   0x00002778   0x0000001a   Code   RO          239    i.drv_uart_printf   drv_uart_ex.o
    0x00002792   0x00002792   0x00000048   Code   RO           82    i.drv_uart_putchars  drv_uart.o
    0x000027da   0x000027da   0x00000002   PAD
    0x000027dc   0x000027dc   0x00000050   Code   RO           85    i.drv_uart_set_config  drv_uart.o
    0x0000282c   0x0000282c   0x00000028   Code   RO         1144    i.exit_current_test_loop  main.o
    0x00002854   0x00002854   0x0000000c   Code   RO         1145    i.main              main.o
    0x00002860   0x00002860   0x0000001c   Code   RO         1146    i.mcu_testmenu      main.o
    0x0000287c   0x0000287c   0x00000090   Code   RO         1147    i.show_testmenu     main.o
    0x0000290c   0x0000290c   0x000000f4   Code   RO         1148    i.test_execute      main.o
    0x00002a00   0x00002a00   0x0000000c   Code   RO         1206    i.test_printf_s     uart_bsp.o
    0x00002a0c   0x00002a0c   0x00000020   Code   RO         1207    i.uart0_init        uart_bsp.o
    0x00002a2c   0x00002a2c   0x00000002   Code   RO           87    i.uart_int_rx_fifo_noempty_callback  drv_uart.o
    0x00002a2e   0x00002a2e   0x00000002   Code   RO           88    i.uart_int_rx_fifo_thres_callback  drv_uart.o
    0x00002a30   0x00002a30   0x00000002   Code   RO           89    i.uart_int_rx_noise_detect_callback  drv_uart.o
    0x00002a32   0x00002a32   0x00000002   Code   RO           90    i.uart_int_rx_parity_error_callback  drv_uart.o
    0x00002a34   0x00002a34   0x00000002   Code   RO           91    i.uart_int_rx_stop_callback  drv_uart.o
    0x00002a36   0x00002a36   0x00000002   Code   RO           92    i.uart_int_rx_stop_detect_callback  drv_uart.o
    0x00002a38   0x00002a38   0x00000002   Code   RO           94    i.uart_int_tx_done_callback  drv_uart.o
    0x00002a3a   0x00002a3a   0x00000002   Code   RO           95    i.uart_int_tx_fifo_empty_callback  drv_uart.o
    0x00002a3c   0x00002a3c   0x00000002   Code   RO           96    i.uart_int_tx_fifo_thres_callback  drv_uart.o
    0x00002a3e   0x00002a3e   0x00000002   PAD
    0x00002a40   0x00002a40   0x00000034   Code   RO          240    i.vprintf           drv_uart_ex.o
    0x00002a74   0x00002a74   0x0000002c   Code   RO         2451    locale$$code        c_w.l(lc_numeric_c.o)
    0x00002aa0   0x00002aa0   0x0000002c   Code   RO         2472    locale$$code        c_w.l(lc_ctype_c.o)
    0x00002acc   0x00002acc   0x00000004   Code   RO         2373    x$fpl$printf1       fz_ws.l(printf1.o)
    0x00002ad0   0x00002ad0   0x00000004   Code   RO         2375    x$fpl$printf2       fz_ws.l(printf2.o)
    0x00002ad4   0x00002ad4   0x00000000   Code   RO         2463    x$fpl$usenofp       fz_ws.l(usenofp.o)
    0x00002ad4   0x00002ad4   0x00000008   Data   RO         2299    .constdata          c_w.l(_printf_wctomb.o)
    0x00002adc   0x00002adc   0x00000028   Data   RO         2328    .constdata          c_w.l(_printf_hex_int_ll_ptr.o)
    0x00002b04   0x00002b04   0x00000011   Data   RO         2348    .constdata          c_w.l(__printf_flags_ss_wp.o)
    0x00002b15   0x00002b15   0x00000026   Data   RO         2403    .constdata          c_w.l(_printf_fp_hex.o)
    0x00002b3b   0x00002b3b   0x00000001   PAD
    0x00002b3c   0x00002b3c   0x00000094   Data   RO         2426    .constdata          c_w.l(bigflt0.o)
    0x00002bd0   0x00002bd0   0x00000020   Data   RO         2598    Region$$Table       anon$$obj.o
    0x00002bf0   0x00002bf0   0x0000001c   Data   RO         2450    locale$$data        c_w.l(lc_numeric_c.o)
    0x00002c0c   0x00002c0c   0x00000110   Data   RO         2471    locale$$data        c_w.l(lc_ctype_c.o)


    Execution Region RW_IRAM1 (Exec base: 0x00020000, Load base: 0x00002d1c, Size: 0x000011e8, Max: 0x00002000, ABSOLUTE)

    Exec Addr    Load Addr    Size         Type   Attr      Idx    E Section Name        Object

    0x00020000   0x00002d1c   0x00000090   Data   RW         1149    .data               main.o
    0x00020090   0x00002dac   0x0000004c   Data   RW         1928    .data               advtim_test.o
    0x000200dc        -       0x00000038   Zero   RW         1209    .bss                uart_bsp.o
    0x00020114        -       0x00000070   Zero   RW         1704    .bss                advtim_bsp.o
    0x00020184        -       0x00000060   Zero   RW         2467    .bss                c_w.l(libspace.o)
    0x000201e4   0x00002df8   0x00000004   PAD
    0x000201e8        -       0x00000c00   Zero   RW          994    HEAP                startup_cm3ds.o
    0x00020de8        -       0x00000400   Zero   RW          993    STACK               startup_cm3ds.o


==============================================================================

Image component sizes


      Code (inc. data)   RO Data    RW Data    ZI Data      Debug   Object Name

       288         14          0          0        112      19620   advtim_bsp.o
       818        146          0         76          0      56867   advtim_test.o
       146          0          0          0          0      19967   drv_advtim_cap.o
       158          0          0          0          0      19967   drv_advtim_enc.o
       872          0          0          0          0      21497   drv_advtim_gen.o
        40          0          0          0          0       9928   drv_common.o
       898          4          0          0          0      14241   drv_uart.o
        78          4          0          0          0       1232   drv_uart_ex.o
       134         22          0          0          0      32757   interrupt.o
       468        204          0        144          0       3580   main.o
        56         22        140          0       4096        948   startup_cm3ds.o
        44         10          0          0         56       1333   uart_bsp.o

    ----------------------------------------------------------------------
      4008        426        172        220       4264     201937   Object Totals
         0          0         32          0          0          0   (incl. Generated)
         8          0          0          0          0          0   (incl. Padding)

    ----------------------------------------------------------------------

      Code (inc. data)   RO Data    RW Data    ZI Data      Debug   Library Member Name

         8          0          0          0          0         68   __main.o
       392          4         17          0          0         92   __printf_flags_ss_wp.o
        14          0          0          0          0         68   __printf_wp.o
         0          0          0          0          0          0   __rtentry.o
        12          0          0          0          0          0   __rtentry2.o
         6          0          0          0          0          0   __rtentry4.o
        52          8          0          0          0          0   __scatter.o
        26          0          0          0          0          0   __scatter_copy.o
        28          0          0          0          0          0   __scatter_zi.o
         6          0          0          0          0          0   _printf_a.o
         6          0          0          0          0          0   _printf_c.o
        44          0          0          0          0        108   _printf_char.o
        48          6          0          0          0         96   _printf_char_common.o
        40          0          0          0          0         68   _printf_charcount.o
         6          0          0          0          0          0   _printf_d.o
       120         16          0          0          0         92   _printf_dec.o
         6          0          0          0          0          0   _printf_e.o
         6          0          0          0          0          0   _printf_f.o
      1054          0          0          0          0        216   _printf_fp_dec.o
       764          8         38          0          0        100   _printf_fp_hex.o
       128         16          0          0          0         84   _printf_fp_infnan.o
         6          0          0          0          0          0   _printf_g.o
       148          4         40          0          0        160   _printf_hex_int_ll_ptr.o
         6          0          0          0          0          0   _printf_i.o
       178          0          0          0          0         88   _printf_intcommon.o
        10          0          0          0          0          0   _printf_l.o
         6          0          0          0          0          0   _printf_lc.o
        10          0          0          0          0          0   _printf_ll.o
         6          0          0          0          0          0   _printf_lld.o
         6          0          0          0          0          0   _printf_lli.o
         6          0          0          0          0          0   _printf_llo.o
         6          0          0          0          0          0   _printf_llu.o
         6          0          0          0          0          0   _printf_llx.o
       124         16          0          0          0         92   _printf_longlong_dec.o
         6          0          0          0          0          0   _printf_ls.o
         6          0          0          0          0          0   _printf_n.o
         6          0          0          0          0          0   _printf_o.o
       112         10          0          0          0        124   _printf_oct_int_ll.o
         6          0          0          0          0          0   _printf_p.o
        78          0          0          0          0        108   _printf_pad.o
         0          0          0          0          0          0   _printf_percent.o
         4          0          0          0          0          0   _printf_percent_end.o
         6          0          0          0          0          0   _printf_s.o
        82          0          0          0          0         80   _printf_str.o
        36          0          0          0          0         84   _printf_truncate.o
         6          0          0          0          0          0   _printf_u.o
        44          0          0          0          0        108   _printf_wchar.o
       188          6          8          0          0         92   _printf_wctomb.o
         6          0          0          0          0          0   _printf_x.o
        10          0          0          0          0         68   _sputc.o
        64          0          0          0          0         92   _wcrtomb.o
       228          4        148          0          0         96   bigflt0.o
      1936        128          0          0          0        672   btod.o
        18          0          0          0          0         80   exit.o
         6          0          0          0          0        152   heapauxi.o
         0          0          0          0          0          0   indicate_semi.o
        44         10        272          0          0         76   lc_ctype_c.o
        44         10         28          0          0         76   lc_numeric_c.o
         2          0          0          0          0          0   libinit.o
        30          0          0          0          0          0   libinit2.o
         2          0          0          0          0          0   libshutdown.o
         2          0          0          0          0          0   libshutdown2.o
         8          4          0          0         96         68   libspace.o
       138          0          0          0          0         80   lludiv10.o
        16          4          0          0          0         76   rt_ctype_table.o
         8          4          0          0          0         68   rt_locale_intlibspace.o
         2          0          0          0          0          0   rtexit.o
        10          0          0          0          0          0   rtexit2.o
       128          0          0          0          0         68   strcmpv7m.o
        62          0          0          0          0         76   strlen.o
        12          4          0          0          0         68   sys_exit.o
        74          0          0          0          0         80   sys_stackheap_outer.o
         2          0          0          0          0         68   use_no_semi.o
        36          4          0          0          0         76   vsprintf.o
         4          0          0          0          0         68   printf1.o
         4          0          0          0          0         68   printf2.o
         0          0          0          0          0          0   usenofp.o
        40          0          0          0          0         68   fpclassify.o

    ----------------------------------------------------------------------
      6816        266        552          0        100       4172   Library Totals
        16          0          1          0          4          0   (incl. Padding)

    ----------------------------------------------------------------------

      Code (inc. data)   RO Data    RW Data    ZI Data      Debug   Library Name

      6752        266        551          0         96       3968   c_w.l
         8          0          0          0          0        136   fz_ws.l
        40          0          0          0          0         68   m_ws.l

    ----------------------------------------------------------------------
      6816        266        552          0        100       4172   Library Totals

    ----------------------------------------------------------------------

==============================================================================


      Code (inc. data)   RO Data    RW Data    ZI Data      Debug   

     10824        692        724        220       4364     199241   Grand Totals
     10824        692        724        220       4364     199241   ELF Image Totals
     10824        692        724        220          0          0   ROM Totals

==============================================================================

    Total RO  Size (Code + RO Data)                11548 (  11.28kB)
    Total RW  Size (RW Data + ZI Data)              4584 (   4.48kB)
    Total ROM Size (Code + RO Data + RW Data)      11768 (  11.49kB)

==============================================================================

