Component: ARM Compiler 5.06 update 6 (build 750) Tool: armlink [4d35ed]

==============================================================================

Section Cross References

    drv_uart.o(i.drv_uart_deinit) refers to drv_uart.o(i.drv_uart_logic_reset) for drv_uart_logic_reset
    drv_uart.o(i.drv_uart_deinit) refers to drv_uart.o(i.drv_uart_int_allclear) for drv_uart_int_allclear
    drv_uart.o(i.drv_uart_getchar) refers to drv_uart.o(i.drv_uart_int_get) for drv_uart_int_get
    drv_uart.o(i.drv_uart_getchar) refers to drv_uart.o(i.drv_uart_int_clear) for drv_uart_int_clear
    drv_uart.o(i.drv_uart_getchar) refers to drv_uart.o(i.drv_uart_logic_reset) for drv_uart_logic_reset
    drv_uart.o(i.drv_uart_getchar_timeout) refers to drv_uart.o(i.drv_uart_int_get) for drv_uart_int_get
    drv_uart.o(i.drv_uart_getchar_timeout) refers to drv_uart.o(i.drv_uart_int_clear) for drv_uart_int_clear
    drv_uart.o(i.drv_uart_getchar_timeout) refers to drv_uart.o(i.drv_uart_logic_reset) for drv_uart_logic_reset
    drv_uart.o(i.drv_uart_init) refers to drv_uart.o(i.drv_uart_set_config) for drv_uart_set_config
    drv_uart.o(i.drv_uart_init) refers to drv_uart.o(i.drv_uart_logic_reset) for drv_uart_logic_reset
    drv_uart.o(i.drv_uart_init) refers to drv_uart.o(i.drv_uart_int_allclear) for drv_uart_int_allclear
    drv_uart.o(i.drv_uart_interrupt_handler) refers to drv_uart.o(i.drv_uart_int_get) for drv_uart_int_get
    drv_uart.o(i.drv_uart_interrupt_handler) refers to drv_uart.o(i.uart_int_tx_done_callback) for uart_int_tx_done_callback
    drv_uart.o(i.drv_uart_interrupt_handler) refers to drv_uart.o(i.drv_uart_int_clear) for drv_uart_int_clear
    drv_uart.o(i.drv_uart_interrupt_handler) refers to drv_uart.o(i.drv_uart_int_disable) for drv_uart_int_disable
    drv_uart.o(i.drv_uart_interrupt_handler) refers to drv_uart.o(i.drv_uart_logic_reset) for drv_uart_logic_reset
    drv_uart.o(i.drv_uart_interrupt_handler) refers to drv_uart.o(i.uart_int_rx_stop_callback) for uart_int_rx_stop_callback
    drv_uart.o(i.drv_uart_interrupt_handler) refers to drv_uart.o(i.uart_int_rx_parity_error_callback) for uart_int_rx_parity_error_callback
    drv_uart.o(i.drv_uart_interrupt_handler) refers to drv_uart.o(i.uart_int_rx_noise_detect_callback) for uart_int_rx_noise_detect_callback
    drv_uart.o(i.drv_uart_interrupt_handler) refers to drv_uart.o(i.uart_int_rx_stop_detect_callback) for uart_int_rx_stop_detect_callback
    drv_uart.o(i.drv_uart_interrupt_handler) refers to drv_uart.o(i.uart_int_tx_fifo_thres_callback) for uart_int_tx_fifo_thres_callback
    drv_uart.o(i.drv_uart_interrupt_handler) refers to drv_uart.o(i.uart_int_tx_fifo_empty_callback) for uart_int_tx_fifo_empty_callback
    drv_uart.o(i.drv_uart_interrupt_handler) refers to drv_uart.o(i.uart_int_rx_fifo_thres_callback) for uart_int_rx_fifo_thres_callback
    drv_uart.o(i.drv_uart_interrupt_handler) refers to drv_uart.o(i.uart_int_rx_fifo_noempty_callback) for uart_int_rx_fifo_noempty_callback
    drv_uart.o(i.drv_uart_putchar) refers to drv_uart.o(i.drv_uart_int_get) for drv_uart_int_get
    drv_uart.o(i.drv_uart_putchar) refers to drv_uart.o(i.drv_uart_int_clear) for drv_uart_int_clear
    drv_uart.o(i.drv_uart_putchars) refers to drv_uart.o(i.drv_uart_int_get) for drv_uart_int_get
    drv_uart.o(i.drv_uart_putchars) refers to drv_uart.o(i.drv_uart_int_clear) for drv_uart_int_clear
    drv_uart.o(i.drv_uart_rx_data) refers to drv_uart.o(i.drv_uart_int_get) for drv_uart_int_get
    drv_uart.o(i.drv_uart_rx_data) refers to drv_uart.o(i.drv_uart_int_clear) for drv_uart_int_clear
    drv_uart.o(i.drv_uart_rx_data) refers to drv_uart.o(i.drv_uart_logic_reset) for drv_uart_logic_reset
    drv_uart.o(i.drv_uart_set_config) refers to drv_common.o(i.drv_check_rw_data) for drv_check_rw_data
    drv_uart.o(i.drv_uart_tx_data) refers to drv_uart.o(i.drv_uart_int_get) for drv_uart_int_get
    drv_uart.o(i.drv_uart_tx_data) refers to drv_uart.o(i.drv_uart_int_clear) for drv_uart_int_clear
    drv_uart_ex.o(i.drv_uart_printf) refers to drv_uart_ex.o(i.vprintf) for vprintf
    drv_uart_ex.o(i.vprintf) refers to vsprintf.o(.text) for vsprintf
    drv_uart_ex.o(i.vprintf) refers to strlen.o(.text) for strlen
    drv_uart_ex.o(i.vprintf) refers to drv_uart.o(i.drv_uart_putchars) for drv_uart_putchars
    drv_uart_ex.o(i.vprintf) refers to uart_bsp.o(.bss) for huart0
    drv_gpio.o(i.drv_gpio_deinit) refers to drv_gpio.o(i.drv_gpio_int_clear) for drv_gpio_int_clear
    drv_gpio.o(i.drv_gpio_init) refers to drv_gpio.o(i.drv_gpio_set_config) for drv_gpio_set_config
    drv_gpio.o(i.drv_gpio_init) refers to drv_gpio.o(i.drv_gpio_int_clear) for drv_gpio_int_clear
    drv_gpio.o(i.drv_gpio_interrupt_handler) refers to drv_gpio.o(i.gpio0_int_callback) for gpio0_int_callback
    drv_gpio.o(i.drv_gpio_interrupt_handler) refers to drv_gpio.o(i.drv_gpio_int_clear) for drv_gpio_int_clear
[...]
    ../clib/printf.c                         0x00000000   Number         0  _printf_wctomb.o ABSOLUTE
    ../clib/printf.c                         0x00000000   Number         0  __printf.o ABSOLUTE
    ../clib/printf.c                         0x00000000   Number         0  _printf_wchar.o ABSOLUTE
    ../clib/printf.c                         0x00000000   Number         0  _printf_char.o ABSOLUTE
    ../clib/printf.c                         0x00000000   Number         0  _printf_truncate.o ABSOLUTE
    ../clib/printf.c                         0x00000000   Number         0  _printf_oct_ll.o ABSOLUTE
    ../clib/printf.c                         0x00000000   Number         0  _printf_str.o ABSOLUTE
    ../clib/printf.c                         0x00000000   Number         0  _printf_fp_infnan.o ABSOLUTE
    ../clib/printf.c                         0x00000000   Number         0  _printf_pad.o ABSOLUTE
    ../clib/printf.c                         0x00000000   Number         0  _printf_hex_int.o ABSOLUTE
    ../clib/printf.c                         0x00000000   Number         0  _printf_charcount.o ABSOLUTE
    ../clib/printf.c                         0x00000000   Number         0  _printf_hex_ll.o ABSOLUTE
    ../clib/printf.c                         0x00000000   Number         0  _printf_char_common.o ABSOLUTE
    ../clib/printf.c                         0x00000000   Number         0  _printf_fp_dec.o ABSOLUTE
    ../clib/printf.c                         0x00000000   Number         0  _printf_dec.o ABSOLUTE
    ../clib/printf_percent.s                 0x00000000   Number         0  _printf_lc.o ABSOLUTE
    ../clib/printf_percent.s                 0x00000000   Number         0  _printf_l.o ABSOLUTE
    ../clib/printf_percent.s                 0x00000000   Number         0  _printf_o.o ABSOLUTE
    ../clib/printf_percent.s                 0x00000000   Number         0  _printf_ll.o ABSOLUTE
    ../clib/printf_percent.s                 0x00000000   Number         0  _printf_i.o ABSOLUTE
    ../clib/printf_percent.s                 0x00000000   Number         0  _printf_llu.o ABSOLUTE
    ../clib/printf_percent.s                 0x00000000   Number         0  _printf_d.o ABSOLUTE
    ../clib/printf_percent.s                 0x00000000   Number         0  _printf_lld.o ABSOLUTE
    ../clib/printf_percent.s                 0x00000000   Number         0  _printf_u.o ABSOLUTE
    ../clib/printf_percent.s                 0x00000000   Number         0  _printf_lli.o ABSOLUTE
    ../clib/printf_percent.s                 0x00000000   Number         0  _printf_f.o ABSOLUTE
    ../clib/printf_percent.s                 0x00000000   Number         0  _printf_percent.o ABSOLUTE
    ../clib/printf_percent.s                 0x00000000   Number         0  _printf_e.o ABSOLUTE
    ../clib/printf_percent.s                 0x00000000   Number         0  _printf_a.o ABSOLUTE
    ../clib/printf_percent.s                 0x00000000   Number         0  _printf_p.o ABSOLUTE
    ../clib/printf_percent.s                 0x00000000   Number         0  _printf_percent_end.o ABSOLUTE
    ../clib/printf_percent.s                 0x00000000   Number         0  _printf_c.o ABSOLUTE
    ../clib/printf_percent.s                 0x00000000   Number         0  _printf_llx.o ABSOLUTE
    ../clib/printf_percent.s                 0x00000000   Number         0  _printf_s.o ABSOLUTE
    ../clib/printf_percent.s                 0x00000000   Number         0  _printf_llo.o ABSOLUTE
    ../clib/printf_percent.s                 0x00000000   Number         0  _printf_n.o ABSOLUTE
    ../clib/printf_percent.s                 0x00000000   Number         0  _printf_ls.o ABSOLUTE
    ../clib/printf_percent.s                 0x00000000   Number         0  _printf_x.o ABSOLUTE
    ../clib/printf_percent.s                 0x00000000   Number         0  _printf_g.o ABSOLUTE
    ../clib/signal.c                         0x00000000   Number         0  defsig_rtred_inner.o ABSOLUTE
    ../clib/signal.c                         0x00000000   Number         0  defsig_fpe_inner.o ABSOLUTE
    ../clib/signal.c                         0x00000000   Number         0  defsig_abrt_inner.o ABSOLUTE
    ../clib/signal.c                         0x00000000   Number         0  defsig_pvfn_inner.o ABSOLUTE
    ../clib/signal.c                         0x00000000   Number         0  defsig_rtmem_formal.o ABSOLUTE
    ../clib/signal.c                         0x00000000   Number         0  defsig_stak_inner.o ABSOLUTE
    ../clib/signal.c                         0x00000000   Number         0  defsig_rtmem_outer.o ABSOLUTE
    ../clib/signal.c                         0x00000000   Number         0  defsig_other.o ABSOLUTE
    ../clib/signal.c                         0x00000000   Number         0  defsig_general.o ABSOLUTE
    ../clib/signal.c                         0x00000000   Number         0  __raise.o ABSOLUTE
    ../clib/signal.c                         0x00000000   Number         0  defsig_rtmem_inner.o ABSOLUTE
    ../clib/signal.c                         0x00000000   Number         0  defsig_segv_inner.o ABSOLUTE
    ../clib/signal.c                         0x00000000   Number         0  defsig_exit.o ABSOLUTE
    ../clib/signal.c                         0x00000000   Number         0  defsig_cppl_inner.o ABSOLUTE
    ../clib/signal.s                         0x00000000   Number         0  defsig.o ABSOLUTE
    ../clib/stdlib.c                         0x00000000   Number         0  exit.o ABSOLUTE
    ../clib/string.c                         0x00000000   Number         0  strlen.o ABSOLUTE
    ../fplib/fpinit.s                        0x00000000   Number         0  fpinit.o ABSOLUTE
    ../fplib/istatus.s                       0x00000000   Number         0  istatus.o ABSOLUTE
    ../fplib/printf1.s                       0x00000000   Number         0  printf1.o ABSOLUTE
    ../fplib/printf2.s                       0x00000000   Number         0  printf2.o ABSOLUTE
    ../fplib/printf2a.s                      0x00000000   Number         0  printf2a.o ABSOLUTE
    ../fplib/printf2b.s                      0x00000000   Number         0  printf2b.o ABSOLUTE
    ../fplib/usenofp.s                       0x00000000   Number         0  usenofp.o ABSOLUTE
    ../mathlib/fpclassify.c                  0x00000000   Number         0  fpclassify.o ABSOLUTE
    ..\..\..\library\cmsis\Device\ARM\CM3DS\Source\ARM\startup_CM3DS.s 0x00000000   Number         0  startup_cm3ds.o ABSOLUTE
    ..\..\..\library\drivers\bastim\src\drv_bastim.c 0x00000000   Number         0  drv_bastim.o ABSOLUTE
    ..\..\..\library\drivers\common\src\drv_common.c 0x00000000   Number         0  drv_common.o ABSOLUTE
    ..\..\..\library\drivers\eth\src\drv_eth.c 0x00000000   Number         0  drv_eth.o ABSOLUTE
    ..\..\..\library\drivers\gpio\src\drv_gpio.c 0x00000000   Number         0  drv_gpio.o ABSOLUTE
    ..\..\..\library\drivers\uart\src\drv_uart.c 0x00000000   Number         0  drv_uart.o ABSOLUTE
    ..\..\..\library\drivers\uart\src\drv_uart_ex.c 0x00000000   Number         0  drv_uart_ex.o ABSOLUTE
    ..\..\..\user\firmware\fw_test\bastim_bsp\bastim_bsp.c 0x00000000   Number         0  bastim_bsp.o ABSOLUTE
    ..\..\..\user\firmware\fw_test\bastim_bsp\bastim_test.c 0x00000000   Number         0  bastim_test.o ABSOLUTE
    ..\..\..\user\firmware\fw_test\eth_bsp\eth_bsp.c 0x00000000   Number         0  eth_bsp.o ABSOLUTE
    ..\..\..\user\firmware\fw_test\eth_bsp\eth_test.c 0x00000000   Number         0  eth_test.o ABSOLUTE
    ..\..\..\user\firmware\fw_test\gpio_bsp\gpio_bsp.c 0x00000000   Number         0  gpio_bsp.o ABSOLUTE
    ..\..\..\user\firmware\fw_test\gpio_bsp\gpio_test.c 0x00000000   Number         0  gpio_test.o ABSOLUTE
    ..\..\..\user\firmware\fw_test\interrupt.c 0x00000000   Number         0  interrupt.o ABSOLUTE
    ..\..\..\user\firmware\fw_test\main.c    0x00000000   Number         0  main.o ABSOLUTE
    ..\..\..\user\firmware\fw_test\uart_bsp\uart_bsp.c 0x00000000   Number         0  uart_bsp.o ABSOLUTE
    ..\..\..\user\firmware\fw_test\uart_bsp\uart_test.c 0x00000000   Number         0  uart_test.o ABSOLUTE
    ..\\..\\..\\user\\firmware\\fw_test\\bastim_bsp\\bastim_bsp.c 0x00000000   Number         0  bastim_bsp.o ABSOLUTE
    ..\\..\\..\\user\\firmware\\fw_test\\bastim_bsp\\bastim_test.c 0x00000000   Number         0  bastim_test.o ABSOLUTE
    ..\\..\\..\\user\\firmware\\fw_test\\eth_bsp\\eth_bsp.c 0x00000000   Number         0  eth_bsp.o ABSOLUTE
    ..\\..\\..\\user\\firmware\\fw_test\\eth_bsp\\eth_test.c 0x00000000   Number         0  eth_test.o ABSOLUTE
    ..\\..\\..\\user\\firmware\\fw_test\\gpio_bsp\\gpio_bsp.c 0x00000000   Number         0  gpio_bsp.o ABSOLUTE
    ..\\..\\..\\user\\firmware\\fw_test\\gpio_bsp\\gpio_test.c 0x00000000   Number         0  gpio_test.o ABSOLUTE
    ..\\..\\..\\user\\firmware\\fw_test\\interrupt.c 0x00000000   Number         0  interrupt.o ABSOLUTE
    ..\\..\\..\\user\\firmware\\fw_test\\main.c 0x00000000   Number         0  main.o ABSOLUTE
    ..\\..\\..\\user\\firmware\\fw_test\\uart_bsp\\uart_bsp.c 0x00000000   Number         0  uart_bsp.o ABSOLUTE
    ..\\..\\..\\user\\firmware\\fw_test\\uart_bsp\\uart_test.c 0x00000000   Number         0  uart_test.o ABSOLUTE
    dc.s                                     0x00000000   Number         0  dc.o ABSOLUTE
    !!!main                                  0x00000074   Section        8  __main.o(!!!main)
    !!!scatter                               0x0000007c   Section       52  __scatter.o(!!!scatter)
    !!dczerorl2                              0x000000b0   Section       90  __dczerorl2.o(!!dczerorl2)
    !!handler_zi                             0x0000010c   Section       28  __scatter_zi.o(!!handler_zi)
    .ARM.Collect$$_printf_percent$$00000000  0x00000128   Section        0  _printf_percent.o(.ARM.Collect$$_printf_percent$$00000000)
    .ARM.Collect$$_printf_percent$$00000001  0x00000128   Section        6  _printf_n.o(.ARM.Collect$$_printf_percent$$00000001)
    .ARM.Collect$$_printf_percent$$00000002  0x0000012e   Section        6  _printf_p.o(.ARM.Collect$$_printf_percent$$00000002)
    .ARM.Collect$$_printf_percent$$00000003  0x00000134   Section        6  _printf_f.o(.ARM.Collect$$_printf_percent$$00000003)
    .ARM.Collect$$_printf_percent$$00000004  0x0000013a   Section        6  _printf_e.o(.ARM.Collect$$_printf_percent$$00000004)
    .ARM.Collect$$_printf_percent$$00000005  0x00000140   Section        6  _printf_g.o(.ARM.Collect$$_printf_percent$$00000005)
    .ARM.Collect$$_printf_percent$$00000006  0x00000146   Section        6  _printf_a.o(.ARM.Collect$$_printf_percent$$00000006)
    .ARM.Collect$$_printf_percent$$00000007  0x0000014c   Section       10  _printf_ll.o(.ARM.Collect$$_printf_percent$$00000007)
    .ARM.Collect$$_printf_percent$$00000008  0x00000156   Section        6  _printf_i.o(.ARM.Collect$$_printf_percent$$00000008)
    .ARM.Collect$$_printf_percent$$00000009  0x0000015c   Section        6  _printf_d.o(.ARM.Collect$$_printf_percent$$00000009)
    .ARM.Collect$$_printf_percent$$0000000A  0x00000162   Section        6  _printf_u.o(.ARM.Collect$$_printf_percent$$0000000A)
    .ARM.Collect$$_printf_percent$$0000000B  0x00000168   Section        6  _printf_o.o(.ARM.Collect$$_printf_percent$$0000000B)
    .ARM.Collect$$_printf_percent$$0000000C  0x0000016e   Section        6  _printf_x.o(.ARM.Collect$$_printf_percent$$0000000C)
    .ARM.Collect$$_printf_percent$$0000000D  0x00000174   Section        6  _printf_lli.o(.ARM.Collect$$_printf_percent$$0000000D)
    .ARM.Collect$$_printf_percent$$0000000E  0x0000017a   Section        6  _printf_lld.o(.ARM.Collect$$_printf_percent$$0000000E)
    .ARM.Collect$$_printf_percent$$0000000F  0x00000180   Section        6  _printf_llu.o(.ARM.Collect$$_printf_percent$$0000000F)
    .ARM.Collect$$_printf_percent$$00000010  0x00000186   Section        6  _printf_llo.o(.ARM.Collect$$_printf_percent$$00000010)
    .ARM.Collect$$_printf_percent$$00000011  0x0000018c   Section        6  _printf_llx.o(.ARM.Collect$$_printf_percent$$00000011)
    .ARM.Collect$$_printf_percent$$00000012  0x00000192   Section       10  _printf_l.o(.ARM.Collect$$_printf_percent$$00000012)
    .ARM.Collect$$_printf_percent$$00000013  0x0000019c   Section        6  _printf_c.o(.ARM.Collect$$_printf_percent$$00000013)
    .ARM.Collect$$_printf_percent$$00000014  0x000001a2   Section        6  _printf_s.o(.ARM.Collect$$_printf_percent$$00000014)
    .ARM.Collect$$_printf_percent$$00000015  0x000001a8   Section        6  _printf_lc.o(.ARM.Collect$$_printf_percent$$00000015)
    .ARM.Collect$$_printf_percent$$00000016  0x000001ae   Section        6  _printf_ls.o(.ARM.Collect$$_printf_percent$$00000016)
    .ARM.Collect$$_printf_percent$$00000017  0x000001b4   Section        4  _printf_percent_end.o(.ARM.Collect$$_printf_percent$$00000017)
    .ARM.Collect$$libinit$$00000000          0x000001b8   Section        2  libinit.o(.ARM.Collect$$libinit$$00000000)
    .ARM.Collect$$libinit$$00000002          0x000001ba   Section        0  libinit2.o(.ARM.Collect$$libinit$$00000002)
    .ARM.Collect$$libinit$$00000004          0x000001ba   Section        0  libinit2.o(.ARM.Collect$$libinit$$00000004)
    .ARM.Collect$$libinit$$0000000A          0x000001ba   Section        0  libinit2.o(.ARM.Collect$$libinit$$0000000A)
    .ARM.Collect$$libinit$$0000000C          0x000001ba   Section        0  libinit2.o(.ARM.Collect$$libinit$$0000000C)
    .ARM.Collect$$libinit$$0000000E          0x000001ba   Section        0  libinit2.o(.ARM.Collect$$libinit$$0000000E)
    .ARM.Collect$$libinit$$0000000F          0x000001ba   Section        6  libinit2.o(.ARM.Collect$$libinit$$0000000F)
    .ARM.Collect$$libinit$$00000011          0x000001c0   Section        0  libinit2.o(.ARM.Collect$$libinit$$00000011)
    .ARM.Collect$$libinit$$00000012          0x000001c0   Section       12  libinit2.o(.ARM.Collect$$libinit$$00000012)
    .ARM.Collect$$libinit$$00000013          0x000001cc   Section        0  libinit2.o(.ARM.Collect$$libinit$$00000013)
    .ARM.Collect$$libinit$$00000015          0x000001cc   Section        0  libinit2.o(.ARM.Collect$$libinit$$00000015)
    .ARM.Collect$$libinit$$00000016          0x000001cc   Section       10  libinit2.o(.ARM.Collect$$libinit$$00000016)
    .ARM.Collect$$libinit$$00000017          0x000001d6   Section        0  libinit2.o(.ARM.Collect$$libinit$$00000017)
    .ARM.Collect$$libinit$$00000019          0x000001d6   Section        0  libinit2.o(.ARM.Collect$$libinit$$00000019)
    .ARM.Collect$$libinit$$0000001B          0x000001d6   Section        0  libinit2.o(.ARM.Collect$$libinit$$0000001B)
    .ARM.Collect$$libinit$$0000001D          0x000001d6   Section        0  libinit2.o(.ARM.Collect$$libinit$$0000001D)
    .ARM.Collect$$libinit$$0000001F          0x000001d6   Section        0  libinit2.o(.ARM.Collect$$libinit$$0000001F)
    .ARM.Collect$$libinit$$00000021          0x000001d6   Section        0  libinit2.o(.ARM.Collect$$libinit$$00000021)
    .ARM.Collect$$libinit$$00000023          0x000001d6   Section        0  libinit2.o(.ARM.Collect$$libinit$$00000023)
    .ARM.Collect$$libinit$$00000025          0x000001d6   Section        0  libinit2.o(.ARM.Collect$$libinit$$00000025)
    .ARM.Collect$$libinit$$0000002C          0x000001d6   Section        0  libinit2.o(.ARM.Collect$$libinit$$0000002C)
    .ARM.Collect$$libinit$$0000002E          0x000001d6   Section        0  libinit2.o(.ARM.Collect$$libinit$$0000002E)
    .ARM.Collect$$libinit$$00000030          0x000001d6   Section        0  libinit2.o(.ARM.Collect$$libinit$$00000030)
    .ARM.Collect$$libinit$$00000032          0x000001d6   Section        0  libinit2.o(.ARM.Collect$$libinit$$00000032)
    .ARM.Collect$$libinit$$00000033          0x000001d6   Section        2  libinit2.o(.ARM.Collect$$libinit$$00000033)
    .ARM.Collect$$libshutdown$$00000000      0x000001d8   Section        2  libshutdown.o(.ARM.Collect$$libshutdown$$00000000)
    .ARM.Collect$$libshutdown$$00000002      0x000001da   Section        0  libshutdown2.o(.ARM.Collect$$libshutdown$$00000002)
    .ARM.Collect$$libshutdown$$00000004      0x000001da   Section        0  libshutdown2.o(.ARM.Collect$$libshutdown$$00000004)
    .ARM.Collect$$libshutdown$$00000007      0x000001da   Section        0  libshutdown2.o(.ARM.Collect$$libshutdown$$00000007)
    .ARM.Collect$$libshutdown$$0000000A      0x000001da   Section        0  libshutdown2.o(.ARM.Collect$$libshutdown$$0000000A)
    .ARM.Collect$$libshutdown$$0000000C      0x000001da   Section        0  libshutdown2.o(.ARM.Collect$$libshutdown$$0000000C)
    .ARM.Collect$$libshutdown$$0000000F      0x000001da   Section        0  libshutdown2.o(.ARM.Collect$$libshutdown$$0000000F)
    .ARM.Collect$$libshutdown$$00000010      0x000001da   Section        2  libshutdown2.o(.ARM.Collect$$libshutdown$$00000010)
    .ARM.Collect$$rtentry$$00000000          0x000001dc   Section        0  __rtentry.o(.ARM.Collect$$rtentry$$00000000)
    .ARM.Collect$$rtentry$$00000002          0x000001dc   Section        0  __rtentry2.o(.ARM.Collect$$rtentry$$00000002)
    .ARM.Collect$$rtentry$$00000004          0x000001dc   Section        6  __rtentry4.o(.ARM.Collect$$rtentry$$00000004)
    .ARM.Collect$$rtentry$$00000009          0x000001e2   Section        0  __rtentry2.o(.ARM.Collect$$rtentry$$00000009)
    .ARM.Collect$$rtentry$$0000000A          0x000001e2   Section        4  __rtentry2.o(.ARM.Collect$$rtentry$$0000000A)
    .ARM.Collect$$rtentry$$0000000C          0x000001e6   Section        0  __rtentry2.o(.ARM.Collect$$rtentry$$0000000C)
    .ARM.Collect$$rtentry$$0000000D          0x000001e6   Section        8  __rtentry2.o(.ARM.Collect$$rtentry$$0000000D)
    .ARM.Collect$$rtexit$$00000000           0x000001ee   Section        2  rtexit.o(.ARM.Collect$$rtexit$$00000000)
    .ARM.Collect$$rtexit$$00000002           0x000001f0   Section        0  rtexit2.o(.ARM.Collect$$rtexit$$00000002)
    .ARM.Collect$$rtexit$$00000003           0x000001f0   Section        4  rtexit2.o(.ARM.Collect$$rtexit$$00000003)
    .ARM.Collect$$rtexit$$00000004           0x000001f4   Section        6  rtexit2.o(.ARM.Collect$$rtexit$$00000004)
    .text                                    0x000001fc   Section       56  startup_cm3ds.o(.text)
    EthSma_Handler                           0x00000213   Thumb Code     0  startup_cm3ds.o(.text)
    .text                                    0x00000234   Section        0  vsprintf.o(.text)
    .text                                    0x00000258   Section        0  strlen.o(.text)
    .text                                    0x00000296   Section        0  heapauxi.o(.text)
    .text                                    0x0000029c   Section        0  _printf_pad.o(.text)
    .text                                    0x000002ea   Section        0  _printf_truncate.o(.text)
    .text                                    0x0000030e   Section        0  _printf_str.o(.text)
    .text                                    0x00000360   Section        0  _printf_dec.o(.text)
    .text                                    0x000003d8   Section        0  _printf_charcount.o(.text)
    .text                                    0x00000400   Section        0  _printf_char_common.o(.text)
    _printf_input_char                       0x00000401   Thumb Code    10  _printf_char_common.o(.text)
    .text                                    0x00000430   Section        0  _sputc.o(.text)
    .text                                    0x0000043c   Section        0  _printf_wctomb.o(.text)
    .text                                    0x000004f8   Section        0  _printf_longlong_dec.o(.text)
    .text                                    0x00000574   Section        0  _printf_oct_int_ll.o(.text)
    _printf_longlong_oct_internal            0x00000575   Thumb Code     0  _printf_oct_int_ll.o(.text)
    .text                                    0x000005e4   Section        0  _printf_hex_int_ll_ptr.o(.text)
    _printf_hex_common                       0x000005e5   Thumb Code     0  _printf_hex_int_ll_ptr.o(.text)
    .text                                    0x00000678   Section        0  __printf_flags_ss_wp.o(.text)
    .text                                    0x00000800   Section      138  lludiv10.o(.text)
    .text                                    0x0000088a   Section        0  _printf_intcommon.o(.text)
    .text                                    0x0000093c   Section        0  _printf_fp_dec.o(.text)
    _fp_digits                               0x0000093f   Thumb Code   432  _printf_fp_dec.o(.text)
    .text                                    0x00000d5c   Section        0  _printf_fp_hex.o(.text)
    .text                                    0x00001058   Section        0  _printf_char.o(.text)
    .text                                    0x00001084   Section        0  _printf_wchar.o(.text)
    .text                                    0x000010b0   Section        0  _wcrtomb.o(.text)
    .text                                    0x000010f0   Section       74  sys_stackheap_outer.o(.text)
    .text                                    0x0000113c   Section       16  rt_ctype_table.o(.text)
    .text                                    0x0000114c   Section        8  rt_locale_intlibspace.o(.text)
    .text                                    0x00001154   Section        0  _printf_fp_infnan.o(.text)
    .text                                    0x000011d4   Section        0  bigflt0.o(.text)
    .text                                    0x000012b8   Section        0  exit.o(.text)
    .text                                    0x000012cc   Section        8  libspace.o(.text)
    .text                                    0x000012d4   Section      128  strcmpv7m.o(.text)
    .text                                    0x00001354   Section        0  sys_exit.o(.text)
    .text                                    0x00001360   Section        2  use_no_semi.o(.text)
    .text                                    0x00001362   Section        0  indicate_semi.o(.text)
    CL$$btod_d2e                             0x00001362   Section       62  btod.o(CL$$btod_d2e)
    CL$$btod_d2e_denorm_low                  0x000013a0   Section       70  btod.o(CL$$btod_d2e_denorm_low)
    CL$$btod_d2e_norm_op1                    0x000013e6   Section       96  btod.o(CL$$btod_d2e_norm_op1)
    CL$$btod_div_common                      0x00001446   Section      824  btod.o(CL$$btod_div_common)
    CL$$btod_e2e                             0x0000177e   Section      220  btod.o(CL$$btod_e2e)
    CL$$btod_ediv                            0x0000185a   Section       42  btod.o(CL$$btod_ediv)
    CL$$btod_emul                            0x00001884   Section       42  btod.o(CL$$btod_emul)
    CL$$btod_mult_common                     0x000018ae   Section      580  btod.o(CL$$btod_mult_common)
    i.BusFault_Handler                       0x00001af2   Section        0  interrupt.o(i.BusFault_Handler)
    i.DebugMon_Handler                       0x00001af6   Section        0  interrupt.o(i.DebugMon_Handler)
    i.HardFault_Handler                      0x00001af8   Section        0  interrupt.o(i.HardFault_Handler)
    i.MemManage_Handler                      0x00001afc   Section        0  interrupt.o(i.MemManage_Handler)
    i.NMI_Handler                            0x00001b00   Section        0  interrupt.o(i.NMI_Handler)
    i.PendSV_Handler                         0x00001b02   Section        0  interrupt.o(i.PendSV_Handler)
    i.SVC_Handler                            0x00001b04   Section        0  interrupt.o(i.SVC_Handler)
    i.SysTick_Handler                        0x00001b06   Section        0  interrupt.o(i.SysTick_Handler)
    i.Uart0_Handler                          0x00001b08   Section        0  interrupt.o(i.Uart0_Handler)
    i.UsageFault_Handler                     0x00001b1c   Section        0  interrupt.o(i.UsageFault_Handler)
    i.__ARM_fpclassify                       0x00001b20   Section        0  fpclassify.o(i.__ARM_fpclassify)
    i.__NVIC_ClearPendingIRQ                 0x00001b48   Section        0  interrupt.o(i.__NVIC_ClearPendingIRQ)
    __NVIC_ClearPendingIRQ                   0x00001b49   Thumb Code    22  interrupt.o(i.__NVIC_ClearPendingIRQ)
    i._is_digit                              0x00001b64   Section        0  __printf_wp.o(i._is_digit)
    i.b50610_get_reglist_test                0x00001b74   Section        0  eth_test.o(i.b50610_get_reglist_test)
    i.b50610_get_status                      0x00001bf8   Section        0  eth_bsp.o(i.b50610_get_status)
    i.b50610_init                            0x00001c5c   Section        0  eth_bsp.o(i.b50610_init)
    i.b50610_init_test                       0x00001ca4   Section        0  eth_test.o(i.b50610_init_test)
    i.b50610_set_config                      0x00001cb0   Section        0  eth_bsp.o(i.b50610_set_config)
    i.b50610_set_swrst                       0x00001cc4   Section        0  eth_bsp.o(i.b50610_set_swrst)
    i.drv_check_rw_data                      0x00001cd8   Section        0  drv_common.o(i.drv_check_rw_data)
    i.drv_eth_sma_default_config             0x00001d00   Section        0  drv_eth.o(i.drv_eth_sma_default_config)
    i.drv_eth_sma_init                       0x00001d0a   Section        0  drv_eth.o(i.drv_eth_sma_init)
    i.drv_eth_sma_int_allclear               0x00001d4a   Section        0  drv_eth.o(i.drv_eth_sma_int_allclear)
    drv_eth_sma_int_allclear                 0x00001d4b   Thumb Code    14  drv_eth.o(i.drv_eth_sma_int_allclear)
    i.drv_eth_sma_int_clear                  0x00001d58   Section        0  drv_eth.o(i.drv_eth_sma_int_clear)
    drv_eth_sma_int_clear                    0x00001d59   Thumb Code    18  drv_eth.o(i.drv_eth_sma_int_clear)
    i.drv_eth_sma_int_get                    0x00001d6a   Section        0  drv_eth.o(i.drv_eth_sma_int_get)
    drv_eth_sma_int_get                      0x00001d6b   Thumb Code     8  drv_eth.o(i.drv_eth_sma_int_get)
    i.drv_eth_sma_logic_reset                0x00001d72   Section        0  drv_eth.o(i.drv_eth_sma_logic_reset)
    drv_eth_sma_logic_reset                  0x00001d73   Thumb Code    82  drv_eth.o(i.drv_eth_sma_logic_reset)
    i.drv_eth_sma_master_read_reg            0x00001dc4   Section        0  drv_eth.o(i.drv_eth_sma_master_read_reg)
    i.drv_eth_sma_master_read_reglist        0x00001e30   Section        0  drv_eth.o(i.drv_eth_sma_master_read_reglist)
    i.drv_eth_sma_master_write_reg           0x00001ec8   Section        0  drv_eth.o(i.drv_eth_sma_master_write_reg)
    i.drv_eth_sma_master_write_reglist       0x00001f08   Section        0  drv_eth.o(i.drv_eth_sma_master_write_reglist)
    i.drv_eth_sma_set_config                 0x00001f54   Section        0  drv_eth.o(i.drv_eth_sma_set_config)
    i.drv_uart_default_config                0x00001f80   Section        0  drv_uart.o(i.drv_uart_default_config)
    i.drv_uart_getchar_timeout               0x00001f9c   Section        0  drv_uart.o(i.drv_uart_getchar_timeout)
    i.drv_uart_init                          0x00002008   Section        0  drv_uart.o(i.drv_uart_init)
    i.drv_uart_int_allclear                  0x0000205a   Section        0  drv_uart.o(i.drv_uart_int_allclear)
    drv_uart_int_allclear                    0x0000205b   Thumb Code    16  drv_uart.o(i.drv_uart_int_allclear)
    i.drv_uart_int_clear                     0x0000206a   Section        0  drv_uart.o(i.drv_uart_int_clear)
    drv_uart_int_clear                       0x0000206b   Thumb Code    18  drv_uart.o(i.drv_uart_int_clear)
    i.drv_uart_int_disable                   0x0000207c   Section        0  drv_uart.o(i.drv_uart_int_disable)
    drv_uart_int_disable                     0x0000207d   Thumb Code    12  drv_uart.o(i.drv_uart_int_disable)
    i.drv_uart_int_get                       0x00002088   Section        0  drv_uart.o(i.drv_uart_int_get)
    drv_uart_int_get                         0x00002089   Thumb Code     8  drv_uart.o(i.drv_uart_int_get)
    i.drv_uart_interrupt_handler             0x00002090   Section        0  drv_uart.o(i.drv_uart_interrupt_handler)
    i.drv_uart_logic_reset                   0x000021ee   Section        0  drv_uart.o(i.drv_uart_logic_reset)
    drv_uart_logic_reset                     0x000021ef   Thumb Code   106  drv_uart.o(i.drv_uart_logic_reset)
    i.drv_uart_printf                        0x00002258   Section        0  drv_uart_ex.o(i.drv_uart_printf)
    i.drv_uart_putchars                      0x00002272   Section        0  drv_uart.o(i.drv_uart_putchars)
    i.drv_uart_set_config                    0x000022bc   Section        0  drv_uart.o(i.drv_uart_set_config)
    i.eth_sma_init                           0x0000230c   Section        0  eth_bsp.o(i.eth_sma_init)
    i.eth_testmenu                           0x0000232c   Section        0  eth_test.o(i.eth_testmenu)
    i.main                                   0x00002348   Section        0  main.o(i.main)
    i.mcu_testmenu                           0x00002354   Section        0  main.o(i.mcu_testmenu)
    i.show_testmenu                          0x00002370   Section        0  main.o(i.show_testmenu)
    i.test_execute                           0x00002400   Section        0  main.o(i.test_execute)
    i.test_printf_ch                         0x000024f4   Section        0  uart_bsp.o(i.test_printf_ch)
    i.test_printf_s                          0x00002504   Section        0  uart_bsp.o(i.test_printf_s)
    i.uart0_init                             0x00002510   Section        0  uart_bsp.o(i.uart0_init)
    i.uart_int_rx_fifo_noempty_callback      0x00002530   Section        0  drv_uart.o(i.uart_int_rx_fifo_noempty_callback)
    i.uart_int_rx_fifo_thres_callback        0x00002532   Section        0  drv_uart.o(i.uart_int_rx_fifo_thres_callback)
    i.uart_int_rx_noise_detect_callback      0x00002534   Section        0  drv_uart.o(i.uart_int_rx_noise_detect_callback)
    i.uart_int_rx_parity_error_callback      0x00002536   Section        0  drv_uart.o(i.uart_int_rx_parity_error_callback)
    i.uart_int_rx_stop_callback              0x00002538   Section        0  drv_uart.o(i.uart_int_rx_stop_callback)
    i.uart_int_rx_stop_detect_callback       0x0000253a   Section        0  drv_uart.o(i.uart_int_rx_stop_detect_callback)
    i.uart_int_tx_done_callback              0x0000253c   Section        0  drv_uart.o(i.uart_int_tx_done_callback)
    i.uart_int_tx_fifo_empty_callback        0x0000253e   Section        0  drv_uart.o(i.uart_int_tx_fifo_empty_callback)
    i.uart_int_tx_fifo_thres_callback        0x00002540   Section        0  drv_uart.o(i.uart_int_tx_fifo_thres_callback)
    i.vprintf                                0x00002544   Section        0  drv_uart_ex.o(i.vprintf)
    locale$$code                             0x00002578   Section       44  lc_numeric_c.o(locale$$code)
    locale$$code                             0x000025a4   Section       44  lc_ctype_c.o(locale$$code)
    x$fpl$printf1                            0x000025d0   Section        4  printf1.o(x$fpl$printf1)
    x$fpl$printf2                            0x000025d4   Section        4  printf2.o(x$fpl$printf2)
    .constdata                               0x000025d8   Section        8  _printf_wctomb.o(.constdata)
    x$fpl$usenofp                            0x000025d8   Section        0  usenofp.o(x$fpl$usenofp)
    initial_mbstate                          0x000025d8   Data           8  _printf_wctomb.o(.constdata)
    .constdata                               0x000025e0   Section       40  _printf_hex_int_ll_ptr.o(.constdata)
    uc_hextab                                0x000025e0   Data          20  _printf_hex_int_ll_ptr.o(.constdata)
    lc_hextab                                0x000025f4   Data          20  _printf_hex_int_ll_ptr.o(.constdata)
    .constdata                               0x00002608   Section       17  __printf_flags_ss_wp.o(.constdata)
    maptable                                 0x00002608   Data          17  __printf_flags_ss_wp.o(.constdata)
    .constdata                               0x00002619   Section       38  _printf_fp_hex.o(.constdata)
    lc_hextab                                0x00002619   Data          19  _printf_fp_hex.o(.constdata)
    uc_hextab                                0x0000262c   Data          19  _printf_fp_hex.o(.constdata)
    .constdata                               0x00002640   Section      148  bigflt0.o(.constdata)
    tenpwrs_x                                0x00002640   Data          60  bigflt0.o(.constdata)
    tenpwrs_i                                0x0000267c   Data          64  bigflt0.o(.constdata)
    locale$$data                             0x000026f4   Section       28  lc_numeric_c.o(locale$$data)
    __lcnum_c_name                           0x000026f8   Data           2  lc_numeric_c.o(locale$$data)
    __lcnum_c_start                          0x00002700   Data           0  lc_numeric_c.o(locale$$data)
    __lcnum_c_point                          0x0000270c   Data           0  lc_numeric_c.o(locale$$data)
    __lcnum_c_thousands                      0x0000270e   Data           0  lc_numeric_c.o(locale$$data)
    __lcnum_c_grouping                       0x0000270f   Data           0  lc_numeric_c.o(locale$$data)
    locale$$data                             0x00002710   Section      272  lc_ctype_c.o(locale$$data)
    __lcnum_c_end                            0x00002710   Data           0  lc_numeric_c.o(locale$$data)
    __lcctype_c_name                         0x00002714   Data           2  lc_ctype_c.o(locale$$data)
    __lcctype_c_start                        0x0000271c   Data           0  lc_ctype_c.o(locale$$data)
    __lcctype_c_end                          0x00002820   Data           0  lc_ctype_c.o(locale$$data)
    .data                                    0x00020000   Section      144  main.o(.data)
    .data                                    0x00020090   Section       40  eth_bsp.o(.data)
    .data                                    0x000200b8   Section      364  eth_test.o(.data)
    .bss                                     0x00020224   Section       56  uart_bsp.o(.bss)
    .bss                                     0x0002025c   Section       20  eth_bsp.o(.bss)
    .bss                                     0x00020270   Section       96  libspace.o(.bss)
    HEAP                                     0x000202d0   Section     3072  startup_cm3ds.o(HEAP)
    Heap_Mem                                 0x000202d0   Data        3072  startup_cm3ds.o(HEAP)
    STACK                                    0x00020ed0   Section     1024  startup_cm3ds.o(STACK)
    Stack_Mem                                0x00020ed0   Data        1024  startup_cm3ds.o(STACK)
    __initial_sp                             0x000212d0   Data           0  startup_cm3ds.o(STACK)

    Global Symbols

    Symbol Name                              Value     Ov Type        Size  Object(Section)

    BuildAttributes$$THM_ISAv4$P$D$K$B$S$PE$A:L22UL41UL21$X:L11$S22US41US21$IEEE1$IW$USESV6$~STKCKD$USESV7$~SHL$OTIME$ROPI$IEEEJ$EBA8$UX$STANDARDLIB$REQ8$PRES8$EABIv2 0x00000000   Number         0  anon$$obj.o ABSOLUTE
    __ARM_use_no_argv                        0x00000000   Number         0  main.o ABSOLUTE
    __Vectors                                0x00000000   Data           4  startup_cm3ds.o(RESET)
    _printf_flags                            0x00000000   Number         0  printf_stubs.o ABSOLUTE
    _printf_return_value                     0x00000000   Number         0  printf_stubs.o ABSOLUTE
    _printf_sizespec                         0x00000000   Number         0  printf_stubs.o ABSOLUTE
    _printf_widthprec                        0x00000000   Number         0  printf_stubs.o ABSOLUTE
    __ARM_exceptions_init                     - Undefined Weak Reference
    __alloca_initialize                       - Undefined Weak Reference
    __arm_preinit_                            - Undefined Weak Reference
    __cpp_initialize__aeabi_                  - Undefined Weak Reference
    __cxa_finalize                            - Undefined Weak Reference
    __sigvec_lookup                           - Undefined Weak Reference
    _atexit_init                              - Undefined Weak Reference
    _call_atexit_fns                          - Undefined Weak Reference
    _clock_init                               - Undefined Weak Reference
    _fp_trap_init                             - Undefined Weak Reference
    _fp_trap_shutdown                         - Undefined Weak Reference
    _get_lc_collate                           - Undefined Weak Reference
    _get_lc_monetary                          - Undefined Weak Reference
    _get_lc_time                              - Undefined Weak Reference
    _getenv_init                              - Undefined Weak Reference
    _handle_redirection                       - Undefined Weak Reference
    _init_alloc                               - Undefined Weak Reference
    _init_user_alloc                          - Undefined Weak Reference
    _initio                                   - Undefined Weak Reference
    _printf_mbtowc                            - Undefined Weak Reference
    _printf_wc                                - Undefined Weak Reference
    _rand_init                                - Undefined Weak Reference
    _signal_finish                            - Undefined Weak Reference
    _signal_init                              - Undefined Weak Reference
    _terminate_alloc                          - Undefined Weak Reference
    _terminate_user_alloc                     - Undefined Weak Reference
    _terminateio                              - Undefined Weak Reference
    __Vectors_End                            0x00000074   Data           0  startup_cm3ds.o(RESET)
    __Vectors_Size                           0x00000074   Number         0  startup_cm3ds.o ABSOLUTE
    __main                                   0x00000075   Thumb Code     8  __main.o(!!!main)
    __scatterload                            0x0000007d   Thumb Code     0  __scatter.o(!!!scatter)
    __scatterload_rt2                        0x0000007d   Thumb Code    44  __scatter.o(!!!scatter)
    __scatterload_rt2_thumb_only             0x0000007d   Thumb Code     0  __scatter.o(!!!scatter)
    __scatterload_null                       0x0000008b   Thumb Code     0  __scatter.o(!!!scatter)
    __decompress                             0x000000b1   Thumb Code    90  __dczerorl2.o(!!dczerorl2)
    __decompress1                            0x000000b1   Thumb Code     0  __dczerorl2.o(!!dczerorl2)
    __scatterload_zeroinit                   0x0000010d   Thumb Code    28  __scatter_zi.o(!!handler_zi)
    _printf_n                                0x00000129   Thumb Code     0  _printf_n.o(.ARM.Collect$$_printf_percent$$00000001)
    _printf_percent                          0x00000129   Thumb Code     0  _printf_percent.o(.ARM.Collect$$_printf_percent$$00000000)
    _printf_p                                0x0000012f   Thumb Code     0  _printf_p.o(.ARM.Collect$$_printf_percent$$00000002)
    _printf_f                                0x00000135   Thumb Code     0  _printf_f.o(.ARM.Collect$$_printf_percent$$00000003)
    _printf_e                                0x0000013b   Thumb Code     0  _printf_e.o(.ARM.Collect$$_printf_percent$$00000004)
    _printf_g                                0x00000141   Thumb Code     0  _printf_g.o(.ARM.Collect$$_printf_percent$$00000005)
    _printf_a                                0x00000147   Thumb Code     0  _printf_a.o(.ARM.Collect$$_printf_percent$$00000006)
    _printf_ll                               0x0000014d   Thumb Code     0  _printf_ll.o(.ARM.Collect$$_printf_percent$$00000007)
    _printf_i                                0x00000157   Thumb Code     0  _printf_i.o(.ARM.Collect$$_printf_percent$$00000008)
    _printf_d                                0x0000015d   Thumb Code     0  _printf_d.o(.ARM.Collect$$_printf_percent$$00000009)
    _printf_u                                0x00000163   Thumb Code     0  _printf_u.o(.ARM.Collect$$_printf_percent$$0000000A)
    _printf_o                                0x00000169   Thumb Code     0  _printf_o.o(.ARM.Collect$$_printf_percent$$0000000B)
    _printf_x                                0x0000016f   Thumb Code     0  _printf_x.o(.ARM.Collect$$_printf_percent$$0000000C)
    _printf_lli                              0x00000175   Thumb Code     0  _printf_lli.o(.ARM.Collect$$_printf_percent$$0000000D)
    _printf_lld                              0x0000017b   Thumb Code     0  _printf_lld.o(.ARM.Collect$$_printf_percent$$0000000E)
    _printf_llu                              0x00000181   Thumb Code     0  _printf_llu.o(.ARM.Collect$$_printf_percent$$0000000F)
    _printf_llo                              0x00000187   Thumb Code     0  _printf_llo.o(.ARM.Collect$$_printf_percent$$00000010)
    _printf_llx                              0x0000018d   Thumb Code     0  _printf_llx.o(.ARM.Collect$$_printf_percent$$00000011)
    _printf_l                                0x00000193   Thumb Code     0  _printf_l.o(.ARM.Collect$$_printf_percent$$00000012)
    _printf_c                                0x0000019d   Thumb Code     0  _printf_c.o(.ARM.Collect$$_printf_percent$$00000013)
    _printf_s                                0x000001a3   Thumb Code     0  _printf_s.o(.ARM.Collect$$_printf_percent$$00000014)
    _printf_lc                               0x000001a9   Thumb Code     0  _printf_lc.o(.ARM.Collect$$_printf_percent$$00000015)
    _printf_ls                               0x000001af   Thumb Code     0  _printf_ls.o(.ARM.Collect$$_printf_percent$$00000016)
    _printf_percent_end                      0x000001b5   Thumb Code     0  _printf_percent_end.o(.ARM.Collect$$_printf_percent$$00000017)
    __rt_lib_init                            0x000001b9   Thumb Code     0  libinit.o(.ARM.Collect$$libinit$$00000000)
    __rt_lib_init_fp_1                       0x000001bb   Thumb Code     0  libinit2.o(.ARM.Collect$$libinit$$00000002)
    __rt_lib_init_heap_1                     0x000001bb   Thumb Code     0  libinit2.o(.ARM.Collect$$libinit$$0000000A)
    __rt_lib_init_lc_common                  0x000001bb   Thumb Code     0  libinit2.o(.ARM.Collect$$libinit$$0000000F)
    __rt_lib_init_preinit_1                  0x000001bb   Thumb Code     0  libinit2.o(.ARM.Collect$$libinit$$00000004)
    __rt_lib_init_rand_1                     0x000001bb   Thumb Code     0  libinit2.o(.ARM.Collect$$libinit$$0000000E)
    __rt_lib_init_user_alloc_1               0x000001bb   Thumb Code     0  libinit2.o(.ARM.Collect$$libinit$$0000000C)
    __rt_lib_init_lc_collate_1               0x000001c1   Thumb Code     0  libinit2.o(.ARM.Collect$$libinit$$00000011)
    __rt_lib_init_lc_ctype_2                 0x000001c1   Thumb Code     0  libinit2.o(.ARM.Collect$$libinit$$00000012)
    __rt_lib_init_lc_ctype_1                 0x000001cd   Thumb Code     0  libinit2.o(.ARM.Collect$$libinit$$00000013)
    __rt_lib_init_lc_monetary_1              0x000001cd   Thumb Code     0  libinit2.o(.ARM.Collect$$libinit$$00000015)
    __rt_lib_init_lc_numeric_2               0x000001cd   Thumb Code     0  libinit2.o(.ARM.Collect$$libinit$$00000016)
    __rt_lib_init_alloca_1                   0x000001d7   Thumb Code     0  libinit2.o(.ARM.Collect$$libinit$$0000002E)
    __rt_lib_init_argv_1                     0x000001d7   Thumb Code     0  libinit2.o(.ARM.Collect$$libinit$$0000002C)
    __rt_lib_init_atexit_1                   0x000001d7   Thumb Code     0  libinit2.o(.ARM.Collect$$libinit$$0000001B)
    __rt_lib_init_clock_1                    0x000001d7   Thumb Code     0  libinit2.o(.ARM.Collect$$libinit$$00000021)
    __rt_lib_init_cpp_1                      0x000001d7   Thumb Code     0  libinit2.o(.ARM.Collect$$libinit$$00000032)
    __rt_lib_init_exceptions_1               0x000001d7   Thumb Code     0  libinit2.o(.ARM.Collect$$libinit$$00000030)
    __rt_lib_init_fp_trap_1                  0x000001d7   Thumb Code     0  libinit2.o(.ARM.Collect$$libinit$$0000001F)
    __rt_lib_init_getenv_1                   0x000001d7   Thumb Code     0  libinit2.o(.ARM.Collect$$libinit$$00000023)
    __rt_lib_init_lc_numeric_1               0x000001d7   Thumb Code     0  libinit2.o(.ARM.Collect$$libinit$$00000017)
    __rt_lib_init_lc_time_1                  0x000001d7   Thumb Code     0  libinit2.o(.ARM.Collect$$libinit$$00000019)
    __rt_lib_init_return                     0x000001d7   Thumb Code     0  libinit2.o(.ARM.Collect$$libinit$$00000033)
    __rt_lib_init_signal_1                   0x000001d7   Thumb Code     0  libinit2.o(.ARM.Collect$$libinit$$0000001D)
    __rt_lib_init_stdio_1                    0x000001d7   Thumb Code     0  libinit2.o(.ARM.Collect$$libinit$$00000025)
    __rt_lib_shutdown                        0x000001d9   Thumb Code     0  libshutdown.o(.ARM.Collect$$libshutdown$$00000000)
    __rt_lib_shutdown_cpp_1                  0x000001db   Thumb Code     0  libshutdown2.o(.ARM.Collect$$libshutdown$$00000002)
    __rt_lib_shutdown_fp_trap_1              0x000001db   Thumb Code     0  libshutdown2.o(.ARM.Collect$$libshutdown$$00000007)
    __rt_lib_shutdown_heap_1                 0x000001db   Thumb Code     0  libshutdown2.o(.ARM.Collect$$libshutdown$$0000000F)
    __rt_lib_shutdown_return                 0x000001db   Thumb Code     0  libshutdown2.o(.ARM.Collect$$libshutdown$$00000010)
    __rt_lib_shutdown_signal_1               0x000001db   Thumb Code     0  libshutdown2.o(.ARM.Collect$$libshutdown$$0000000A)
    __rt_lib_shutdown_stdio_1                0x000001db   Thumb Code     0  libshutdown2.o(.ARM.Collect$$libshutdown$$00000004)
    __rt_lib_shutdown_user_alloc_1           0x000001db   Thumb Code     0  libshutdown2.o(.ARM.Collect$$libshutdown$$0000000C)
    __rt_entry                               0x000001dd   Thumb Code     0  __rtentry.o(.ARM.Collect$$rtentry$$00000000)
    __rt_entry_presh_1                       0x000001dd   Thumb Code     0  __rtentry2.o(.ARM.Collect$$rtentry$$00000002)
    __rt_entry_sh                            0x000001dd   Thumb Code     0  __rtentry4.o(.ARM.Collect$$rtentry$$00000004)
    __rt_entry_li                            0x000001e3   Thumb Code     0  __rtentry2.o(.ARM.Collect$$rtentry$$0000000A)
    __rt_entry_postsh_1                      0x000001e3   Thumb Code     0  __rtentry2.o(.ARM.Collect$$rtentry$$00000009)
    __rt_entry_main                          0x000001e7   Thumb Code     0  __rtentry2.o(.ARM.Collect$$rtentry$$0000000D)
    __rt_entry_postli_1                      0x000001e7   Thumb Code     0  __rtentry2.o(.ARM.Collect$$rtentry$$0000000C)
    __rt_exit                                0x000001ef   Thumb Code     0  rtexit.o(.ARM.Collect$$rtexit$$00000000)
    __rt_exit_ls                             0x000001f1   Thumb Code     0  rtexit2.o(.ARM.Collect$$rtexit$$00000003)
    __rt_exit_prels_1                        0x000001f1   Thumb Code     0  rtexit2.o(.ARM.Collect$$rtexit$$00000002)
    __rt_exit_exit                           0x000001f5   Thumb Code     0  rtexit2.o(.ARM.Collect$$rtexit$$00000004)
    Reset_Handler                            0x000001fd   Thumb Code     4  startup_cm3ds.o(.text)
    Bastim_Ch0_Handler                       0x00000213   Thumb Code     0  startup_cm3ds.o(.text)
    Bastim_Ch1_Handler                       0x00000213   Thumb Code     0  startup_cm3ds.o(.text)
    Bastim_Ch2_Handler                       0x00000213   Thumb Code     0  startup_cm3ds.o(.text)
    Bastim_Ch3_Handler                       0x00000213   Thumb Code     0  startup_cm3ds.o(.text)
    Gpioa_Handler                            0x00000213   Thumb Code     0  startup_cm3ds.o(.text)
    Resv2_Handler                            0x00000213   Thumb Code     0  startup_cm3ds.o(.text)
    Resv3_Handler                            0x00000213   Thumb Code     0  startup_cm3ds.o(.text)
    Resv4_Handler                            0x00000213   Thumb Code     0  startup_cm3ds.o(.text)
    Resv6_Handler                            0x00000213   Thumb Code     0  startup_cm3ds.o(.text)
    Resv7_Handler                            0x00000213   Thumb Code     0  startup_cm3ds.o(.text)
    Uart1_Handler                            0x00000213   Thumb Code     0  startup_cm3ds.o(.text)
    __user_initial_stackheap                 0x00000215   Thumb Code    10  startup_cm3ds.o(.text)
    vsprintf                                 0x00000235   Thumb Code    32  vsprintf.o(.text)
    strlen                                   0x00000259   Thumb Code    62  strlen.o(.text)
    __use_two_region_memory                  0x00000297   Thumb Code     2  heapauxi.o(.text)
    __rt_heap_escrow$2region                 0x00000299   Thumb Code     2  heapauxi.o(.text)
    __rt_heap_expand$2region                 0x0000029b   Thumb Code     2  heapauxi.o(.text)
    _printf_pre_padding                      0x0000029d   Thumb Code    44  _printf_pad.o(.text)
    _printf_post_padding                     0x000002c9   Thumb Code    34  _printf_pad.o(.text)
    _printf_truncate_signed                  0x000002eb   Thumb Code    18  _printf_truncate.o(.text)
    _printf_truncate_unsigned                0x000002fd   Thumb Code    18  _printf_truncate.o(.text)
    _printf_str                              0x0000030f   Thumb Code    82  _printf_str.o(.text)
    _printf_int_dec                          0x00000361   Thumb Code   104  _printf_dec.o(.text)
    _printf_charcount                        0x000003d9   Thumb Code    40  _printf_charcount.o(.text)
    _printf_char_common                      0x0000040b   Thumb Code    32  _printf_char_common.o(.text)
    _sputc                                   0x00000431   Thumb Code    10  _sputc.o(.text)
    _printf_wctomb                           0x0000043d   Thumb Code   182  _printf_wctomb.o(.text)
    _printf_longlong_dec                     0x000004f9   Thumb Code   108  _printf_longlong_dec.o(.text)
    _printf_longlong_oct                     0x00000575   Thumb Code    66  _printf_oct_int_ll.o(.text)
    _printf_int_oct                          0x000005b7   Thumb Code    24  _printf_oct_int_ll.o(.text)
    _printf_ll_oct                           0x000005cf   Thumb Code    12  _printf_oct_int_ll.o(.text)
    _printf_longlong_hex                     0x000005e5   Thumb Code    86  _printf_hex_int_ll_ptr.o(.text)
    _printf_int_hex                          0x0000063b   Thumb Code    28  _printf_hex_int_ll_ptr.o(.text)
    _printf_ll_hex                           0x00000657   Thumb Code    12  _printf_hex_int_ll_ptr.o(.text)
    _printf_hex_ptr                          0x00000663   Thumb Code    18  _printf_hex_int_ll_ptr.o(.text)
    __printf                                 0x00000679   Thumb Code   388  __printf_flags_ss_wp.o(.text)
    _ll_udiv10                               0x00000801   Thumb Code   138  lludiv10.o(.text)
    _printf_int_common                       0x0000088b   Thumb Code   178  _printf_intcommon.o(.text)
    __lib_sel_fp_printf                      0x0000093d   Thumb Code     2  _printf_fp_dec.o(.text)
    _printf_fp_dec_real                      0x00000aef   Thumb Code   620  _printf_fp_dec.o(.text)
    _printf_fp_hex_real                      0x00000d5d   Thumb Code   756  _printf_fp_hex.o(.text)
    _printf_cs_common                        0x00001059   Thumb Code    20  _printf_char.o(.text)
    _printf_char                             0x0000106d   Thumb Code    16  _printf_char.o(.text)
    _printf_string                           0x0000107d   Thumb Code     8  _printf_char.o(.text)
    _printf_lcs_common                       0x00001085   Thumb Code    20  _printf_wchar.o(.text)
    _printf_wchar                            0x00001099   Thumb Code    16  _printf_wchar.o(.text)
    _printf_wstring                          0x000010a9   Thumb Code     8  _printf_wchar.o(.text)
    _wcrtomb                                 0x000010b1   Thumb Code    64  _wcrtomb.o(.text)
    __user_setup_stackheap                   0x000010f1   Thumb Code    74  sys_stackheap_outer.o(.text)
    __rt_ctype_table                         0x0000113d   Thumb Code    16  rt_ctype_table.o(.text)
    __rt_locale                              0x0000114d   Thumb Code     8  rt_locale_intlibspace.o(.text)
    _printf_fp_infnan                        0x00001155   Thumb Code   112  _printf_fp_infnan.o(.text)
    _btod_etento                             0x000011d5   Thumb Code   224  bigflt0.o(.text)
    exit                                     0x000012b9   Thumb Code    18  exit.o(.text)
    __user_libspace                          0x000012cd   Thumb Code     8  libspace.o(.text)
    __user_perproc_libspace                  0x000012cd   Thumb Code     0  libspace.o(.text)
    __user_perthread_libspace                0x000012cd   Thumb Code     0  libspace.o(.text)
    strcmp                                   0x000012d5   Thumb Code   128  strcmpv7m.o(.text)
    _sys_exit                                0x00001355   Thumb Code     8  sys_exit.o(.text)
    __I$use$semihosting                      0x00001361   Thumb Code     0  use_no_semi.o(.text)
    __use_no_semihosting_swi                 0x00001361   Thumb Code     2  use_no_semi.o(.text)
    __semihosting_library_function           0x00001363   Thumb Code     0  indicate_semi.o(.text)
    _btod_d2e                                0x00001363   Thumb Code    62  btod.o(CL$$btod_d2e)
    _d2e_denorm_low                          0x000013a1   Thumb Code    70  btod.o(CL$$btod_d2e_denorm_low)
    _d2e_norm_op1                            0x000013e7   Thumb Code    96  btod.o(CL$$btod_d2e_norm_op1)
    __btod_div_common                        0x00001447   Thumb Code   696  btod.o(CL$$btod_div_common)
    _e2e                                     0x0000177f   Thumb Code   220  btod.o(CL$$btod_e2e)
    _btod_ediv                               0x0000185b   Thumb Code    42  btod.o(CL$$btod_ediv)
    _btod_emul                               0x00001885   Thumb Code    42  btod.o(CL$$btod_emul)
    __btod_mult_common                       0x000018af   Thumb Code   580  btod.o(CL$$btod_mult_common)
    BusFault_Handler                         0x00001af3   Thumb Code     4  interrupt.o(i.BusFault_Handler)
    DebugMon_Handler                         0x00001af7   Thumb Code     2  interrupt.o(i.DebugMon_Handler)
    HardFault_Handler                        0x00001af9   Thumb Code     4  interrupt.o(i.HardFault_Handler)
    MemManage_Handler                        0x00001afd   Thumb Code     4  interrupt.o(i.MemManage_Handler)
    NMI_Handler                              0x00001b01   Thumb Code     2  interrupt.o(i.NMI_Handler)
    PendSV_Handler                           0x00001b03   Thumb Code     2  interrupt.o(i.PendSV_Handler)
    SVC_Handler                              0x00001b05   Thumb Code     2  interrupt.o(i.SVC_Handler)
    SysTick_Handler                          0x00001b07   Thumb Code     2  interrupt.o(i.SysTick_Handler)
    Uart0_Handler                            0x00001b09   Thumb Code    16  interrupt.o(i.Uart0_Handler)
    UsageFault_Handler                       0x00001b1d   Thumb Code     4  interrupt.o(i.UsageFault_Handler)
    __ARM_fpclassify                         0x00001b21   Thumb Code    40  fpclassify.o(i.__ARM_fpclassify)
    _is_digit                                0x00001b65   Thumb Code    14  __printf_wp.o(i._is_digit)
    b50610_get_reglist_test                  0x00001b75   Thumb Code    86  eth_test.o(i.b50610_get_reglist_test)
    b50610_get_status                        0x00001bf9   Thumb Code    58  eth_bsp.o(i.b50610_get_status)
    b50610_init                              0x00001c5d   Thumb Code    62  eth_bsp.o(i.b50610_init)
    b50610_init_test                         0x00001ca5   Thumb Code    12  eth_test.o(i.b50610_init_test)
    b50610_set_config                        0x00001cb1   Thumb Code    16  eth_bsp.o(i.b50610_set_config)
    b50610_set_swrst                         0x00001cc5   Thumb Code    16  eth_bsp.o(i.b50610_set_swrst)
    drv_check_rw_data                        0x00001cd9   Thumb Code    40  drv_common.o(i.drv_check_rw_data)
    drv_eth_sma_default_config               0x00001d01   Thumb Code    10  drv_eth.o(i.drv_eth_sma_default_config)
    drv_eth_sma_init                         0x00001d0b   Thumb Code    64  drv_eth.o(i.drv_eth_sma_init)
    drv_eth_sma_master_read_reg              0x00001dc5   Thumb Code   108  drv_eth.o(i.drv_eth_sma_master_read_reg)
    drv_eth_sma_master_read_reglist          0x00001e31   Thumb Code   152  drv_eth.o(i.drv_eth_sma_master_read_reglist)
    drv_eth_sma_master_write_reg             0x00001ec9   Thumb Code    64  drv_eth.o(i.drv_eth_sma_master_write_reg)
    drv_eth_sma_master_write_reglist         0x00001f09   Thumb Code    76  drv_eth.o(i.drv_eth_sma_master_write_reglist)
    drv_eth_sma_set_config                   0x00001f55   Thumb Code    38  drv_eth.o(i.drv_eth_sma_set_config)
    drv_uart_default_config                  0x00001f81   Thumb Code    28  drv_uart.o(i.drv_uart_default_config)
    drv_uart_getchar_timeout                 0x00001f9d   Thumb Code   108  drv_uart.o(i.drv_uart_getchar_timeout)
    drv_uart_init                            0x00002009   Thumb Code    82  drv_uart.o(i.drv_uart_init)
    drv_uart_interrupt_handler               0x00002091   Thumb Code   350  drv_uart.o(i.drv_uart_interrupt_handler)
    drv_uart_printf                          0x00002259   Thumb Code    26  drv_uart_ex.o(i.drv_uart_printf)
    drv_uart_putchars                        0x00002273   Thumb Code    72  drv_uart.o(i.drv_uart_putchars)
    drv_uart_set_config                      0x000022bd   Thumb Code    76  drv_uart.o(i.drv_uart_set_config)
    eth_sma_init                             0x0000230d   Thumb Code    22  eth_bsp.o(i.eth_sma_init)
    eth_testmenu                             0x0000232d   Thumb Code    22  eth_test.o(i.eth_testmenu)
    main                                     0x00002349   Thumb Code    12  main.o(i.main)
    mcu_testmenu                             0x00002355   Thumb Code    22  main.o(i.mcu_testmenu)
    show_testmenu                            0x00002371   Thumb Code    58  main.o(i.show_testmenu)
    test_execute                             0x00002401   Thumb Code   142  main.o(i.test_execute)
    test_printf_ch                           0x000024f5   Thumb Code    16  uart_bsp.o(i.test_printf_ch)
    test_printf_s                            0x00002505   Thumb Code    12  uart_bsp.o(i.test_printf_s)
    uart0_init                               0x00002511   Thumb Code    22  uart_bsp.o(i.uart0_init)
    uart_int_rx_fifo_noempty_callback        0x00002531   Thumb Code     2  drv_uart.o(i.uart_int_rx_fifo_noempty_callback)
    uart_int_rx_fifo_thres_callback          0x00002533   Thumb Code     2  drv_uart.o(i.uart_int_rx_fifo_thres_callback)
    uart_int_rx_noise_detect_callback        0x00002535   Thumb Code     2  drv_uart.o(i.uart_int_rx_noise_detect_callback)
    uart_int_rx_parity_error_callback        0x00002537   Thumb Code     2  drv_uart.o(i.uart_int_rx_parity_error_callback)
    uart_int_rx_stop_callback                0x00002539   Thumb Code     2  drv_uart.o(i.uart_int_rx_stop_callback)
    uart_int_rx_stop_detect_callback         0x0000253b   Thumb Code     2  drv_uart.o(i.uart_int_rx_stop_detect_callback)
    uart_int_tx_done_callback                0x0000253d   Thumb Code     2  drv_uart.o(i.uart_int_tx_done_callback)
    uart_int_tx_fifo_empty_callback          0x0000253f   Thumb Code     2  drv_uart.o(i.uart_int_tx_fifo_empty_callback)
    uart_int_tx_fifo_thres_callback          0x00002541   Thumb Code     2  drv_uart.o(i.uart_int_tx_fifo_thres_callback)
    vprintf                                  0x00002545   Thumb Code    48  drv_uart_ex.o(i.vprintf)
    _get_lc_numeric                          0x00002579   Thumb Code    44  lc_numeric_c.o(locale$$code)
    _get_lc_ctype                            0x000025a5   Thumb Code    44  lc_ctype_c.o(locale$$code)
    _printf_fp_dec                           0x000025d1   Thumb Code     4  printf1.o(x$fpl$printf1)
    _printf_fp_hex                           0x000025d5   Thumb Code     4  printf2.o(x$fpl$printf2)
    __I$use$fp                               0x000025d8   Number         0  usenofp.o(x$fpl$usenofp)
    Region$$Table$$Base                      0x000026d4   Number         0  anon$$obj.o(Region$$Table)
    Region$$Table$$Limit                     0x000026f4   Number         0  anon$$obj.o(Region$$Table)
    __ctype                                  0x0000271d   Data           0  lc_ctype_c.o(locale$$data)
    g_mcu_menu                               0x00020000   Data         144  main.o(.data)
    b50610_init_conifg                       0x00020090   Data           8  eth_bsp.o(.data)
    b50610_reglist                           0x00020098   Data          32  eth_bsp.o(.data)
    sma_callback_cnt                         0x000200b8   Data           1  eth_test.o(.data)
    g_eth_menu                               0x000200bc   Data         360  eth_test.o(.data)
    huart0                                   0x00020224   Data          28  uart_bsp.o(.bss)
    huart1                                   0x00020240   Data          28  uart_bsp.o(.bss)
    heth                                     0x0002025c   Data          20  eth_bsp.o(.bss)
    __libspace_start                         0x00020270   Data          96  libspace.o(.bss)
    __temporary_stack_top$libspace           0x000202d0   Data           0  libspace.o(.bss)



==============================================================================

Memory Map of the image

  Image Entry point : 0x00000075

  Load Region LR_IROM1 (Base: 0x00000000, Size: 0x00002a44, Max: 0x00008000, ABSOLUTE, COMPRESSED[0x000028b8])

    Execution Region ER_IROM1 (Exec base: 0x00000000, Load base: 0x00000000, Size: 0x00002820, Max: 0x00008000, ABSOLUTE)

    Exec Addr    Load Addr    Size         Type   Attr      Idx    E Section Name        Object

    0x00000000   0x00000000   0x00000074   Data   RO          600    RESET               startup_cm3ds.o
    0x00000074   0x00000074   0x00000008   Code   RO         1168  * !!!main             c_w.l(__main.o)
    0x0000007c   0x0000007c   0x00000034   Code   RO         1491    !!!scatter          c_w.l(__scatter.o)
    0x000000b0   0x000000b0   0x0000005a   Code   RO         1489    !!dczerorl2         c_w.l(__dczerorl2.o)
    0x0000010a   0x0000010a   0x00000002   PAD
    0x0000010c   0x0000010c   0x0000001c   Code   RO         1493    !!handler_zi        c_w.l(__scatter_zi.o)
    0x00000128   0x00000128   0x00000000   Code   RO         1252    .ARM.Collect$$_printf_percent$$00000000  c_w.l(_printf_percent.o)
    0x00000128   0x00000128   0x00000006   Code   RO         1241    .ARM.Collect$$_printf_percent$$00000001  c_w.l(_printf_n.o)
    0x0000012e   0x0000012e   0x00000006   Code   RO         1243    .ARM.Collect$$_printf_percent$$00000002  c_w.l(_printf_p.o)
    0x00000134   0x00000134   0x00000006   Code   RO         1248    .ARM.Collect$$_printf_percent$$00000003  c_w.l(_printf_f.o)
    0x0000013a   0x0000013a   0x00000006   Code   RO         1249    .ARM.Collect$$_printf_percent$$00000004  c_w.l(_printf_e.o)
    0x00000140   0x00000140   0x00000006   Code   RO         1250    .ARM.Collect$$_printf_percent$$00000005  c_w.l(_printf_g.o)
    0x00000146   0x00000146   0x00000006   Code   RO         1251    .ARM.Collect$$_printf_percent$$00000006  c_w.l(_printf_a.o)
    0x0000014c   0x0000014c   0x0000000a   Code   RO         1256    .ARM.Collect$$_printf_percent$$00000007  c_w.l(_printf_ll.o)
    0x00000156   0x00000156   0x00000006   Code   RO         1245    .ARM.Collect$$_printf_percent$$00000008  c_w.l(_printf_i.o)
    0x0000015c   0x0000015c   0x00000006   Code   RO         1246    .ARM.Collect$$_printf_percent$$00000009  c_w.l(_printf_d.o)
    0x00000162   0x00000162   0x00000006   Code   RO         1247    .ARM.Collect$$_printf_percent$$0000000A  c_w.l(_printf_u.o)
    0x00000168   0x00000168   0x00000006   Code   RO         1244    .ARM.Collect$$_printf_percent$$0000000B  c_w.l(_printf_o.o)
    0x0000016e   0x0000016e   0x00000006   Code   RO         1242    .ARM.Collect$$_printf_percent$$0000000C  c_w.l(_printf_x.o)
    0x00000174   0x00000174   0x00000006   Code   RO         1253    .ARM.Collect$$_printf_percent$$0000000D  c_w.l(_printf_lli.o)
    0x0000017a   0x0000017a   0x00000006   Code   RO         1254    .ARM.Collect$$_printf_percent$$0000000E  c_w.l(_printf_lld.o)
    0x00000180   0x00000180   0x00000006   Code   RO         1255    .ARM.Collect$$_printf_percent$$0000000F  c_w.l(_printf_llu.o)
    0x00000186   0x00000186   0x00000006   Code   RO         1260    .ARM.Collect$$_printf_percent$$00000010  c_w.l(_printf_llo.o)
    0x0000018c   0x0000018c   0x00000006   Code   RO         1261    .ARM.Collect$$_printf_percent$$00000011  c_w.l(_printf_llx.o)
    0x00000192   0x00000192   0x0000000a   Code   RO         1257    .ARM.Collect$$_printf_percent$$00000012  c_w.l(_printf_l.o)
    0x0000019c   0x0000019c   0x00000006   Code   RO         1239    .ARM.Collect$$_printf_percent$$00000013  c_w.l(_printf_c.o)
    0x000001a2   0x000001a2   0x00000006   Code   RO         1240    .ARM.Collect$$_printf_percent$$00000014  c_w.l(_printf_s.o)
    0x000001a8   0x000001a8   0x00000006   Code   RO         1258    .ARM.Collect$$_printf_percent$$00000015  c_w.l(_printf_lc.o)
    0x000001ae   0x000001ae   0x00000006   Code   RO         1259    .ARM.Collect$$_printf_percent$$00000016  c_w.l(_printf_ls.o)
    0x000001b4   0x000001b4   0x00000004   Code   RO         1300    .ARM.Collect$$_printf_percent$$00000017  c_w.l(_printf_percent_end.o)
    0x000001b8   0x000001b8   0x00000002   Code   RO         1349    .ARM.Collect$$libinit$$00000000  c_w.l(libinit.o)
    0x000001ba   0x000001ba   0x00000000   Code   RO         1366    .ARM.Collect$$libinit$$00000002  c_w.l(libinit2.o)
    0x000001ba   0x000001ba   0x00000000   Code   RO         1368    .ARM.Collect$$libinit$$00000004  c_w.l(libinit2.o)
    0x000001ba   0x000001ba   0x00000000   Code   RO         1371    .ARM.Collect$$libinit$$0000000A  c_w.l(libinit2.o)
    0x000001ba   0x000001ba   0x00000000   Code   RO         1373    .ARM.Collect$$libinit$$0000000C  c_w.l(libinit2.o)
    0x000001ba   0x000001ba   0x00000000   Code   RO         1375    .ARM.Collect$$libinit$$0000000E  c_w.l(libinit2.o)
    0x000001ba   0x000001ba   0x00000006   Code   RO         1376    .ARM.Collect$$libinit$$0000000F  c_w.l(libinit2.o)
    0x000001c0   0x000001c0   0x00000000   Code   RO         1378    .ARM.Collect$$libinit$$00000011  c_w.l(libinit2.o)
    0x000001c0   0x000001c0   0x0000000c   Code   RO         1379    .ARM.Collect$$libinit$$00000012  c_w.l(libinit2.o)
    0x000001cc   0x000001cc   0x00000000   Code   RO         1380    .ARM.Collect$$libinit$$00000013  c_w.l(libinit2.o)
    0x000001cc   0x000001cc   0x00000000   Code   RO         1382    .ARM.Collect$$libinit$$00000015  c_w.l(libinit2.o)
    0x000001cc   0x000001cc   0x0000000a   Code   RO         1383    .ARM.Collect$$libinit$$00000016  c_w.l(libinit2.o)
    0x000001d6   0x000001d6   0x00000000   Code   RO         1384    .ARM.Collect$$libinit$$00000017  c_w.l(libinit2.o)
    0x000001d6   0x000001d6   0x00000000   Code   RO         1386    .ARM.Collect$$libinit$$00000019  c_w.l(libinit2.o)
    0x000001d6   0x000001d6   0x00000000   Code   RO         1388    .ARM.Collect$$libinit$$0000001B  c_w.l(libinit2.o)
    0x000001d6   0x000001d6   0x00000000   Code   RO         1390    .ARM.Collect$$libinit$$0000001D  c_w.l(libinit2.o)
    0x000001d6   0x000001d6   0x00000000   Code   RO         1392    .ARM.Collect$$libinit$$0000001F  c_w.l(libinit2.o)
    0x000001d6   0x000001d6   0x00000000   Code   RO         1394    .ARM.Collect$$libinit$$00000021  c_w.l(libinit2.o)
    0x000001d6   0x000001d6   0x00000000   Code   RO         1396    .ARM.Collect$$libinit$$00000023  c_w.l(libinit2.o)
    0x000001d6   0x000001d6   0x00000000   Code   RO         1398    .ARM.Collect$$libinit$$00000025  c_w.l(libinit2.o)
    0x000001d6   0x000001d6   0x00000000   Code   RO         1402    .ARM.Collect$$libinit$$0000002C  c_w.l(libinit2.o)
    0x000001d6   0x000001d6   0x00000000   Code   RO         1404    .ARM.Collect$$libinit$$0000002E  c_w.l(libinit2.o)
    0x000001d6   0x000001d6   0x00000000   Code   RO         1406    .ARM.Collect$$libinit$$00000030  c_w.l(libinit2.o)
    0x000001d6   0x000001d6   0x00000000   Code   RO         1408    .ARM.Collect$$libinit$$00000032  c_w.l(libinit2.o)
    0x000001d6   0x000001d6   0x00000002   Code   RO         1409    .ARM.Collect$$libinit$$00000033  c_w.l(libinit2.o)
    0x000001d8   0x000001d8   0x00000002   Code   RO         1429    .ARM.Collect$$libshutdown$$00000000  c_w.l(libshutdown.o)
    0x000001da   0x000001da   0x00000000   Code   RO         1442    .ARM.Collect$$libshutdown$$00000002  c_w.l(libshutdown2.o)
    0x000001da   0x000001da   0x00000000   Code   RO         1444    .ARM.Collect$$libshutdown$$00000004  c_w.l(libshutdown2.o)
    0x000001da   0x000001da   0x00000000   Code   RO         1447    .ARM.Collect$$libshutdown$$00000007  c_w.l(libshutdown2.o)
    0x000001da   0x000001da   0x00000000   Code   RO         1450    .ARM.Collect$$libshutdown$$0000000A  c_w.l(libshutdown2.o)
    0x000001da   0x000001da   0x00000000   Code   RO         1452    .ARM.Collect$$libshutdown$$0000000C  c_w.l(libshutdown2.o)
    0x000001da   0x000001da   0x00000000   Code   RO         1455    .ARM.Collect$$libshutdown$$0000000F  c_w.l(libshutdown2.o)
    0x000001da   0x000001da   0x00000002   Code   RO         1456    .ARM.Collect$$libshutdown$$00000010  c_w.l(libshutdown2.o)
    0x000001dc   0x000001dc   0x00000000   Code   RO         1170    .ARM.Collect$$rtentry$$00000000  c_w.l(__rtentry.o)
    0x000001dc   0x000001dc   0x00000000   Code   RO         1271    .ARM.Collect$$rtentry$$00000002  c_w.l(__rtentry2.o)
    0x000001dc   0x000001dc   0x00000006   Code   RO         1283    .ARM.Collect$$rtentry$$00000004  c_w.l(__rtentry4.o)
    0x000001e2   0x000001e2   0x00000000   Code   RO         1273    .ARM.Collect$$rtentry$$00000009  c_w.l(__rtentry2.o)
    0x000001e2   0x000001e2   0x00000004   Code   RO         1274    .ARM.Collect$$rtentry$$0000000A  c_w.l(__rtentry2.o)
    0x000001e6   0x000001e6   0x00000000   Code   RO         1276    .ARM.Collect$$rtentry$$0000000C  c_w.l(__rtentry2.o)
    0x000001e6   0x000001e6   0x00000008   Code   RO         1277    .ARM.Collect$$rtentry$$0000000D  c_w.l(__rtentry2.o)
    0x000001ee   0x000001ee   0x00000002   Code   RO         1358    .ARM.Collect$$rtexit$$00000000  c_w.l(rtexit.o)
    0x000001f0   0x000001f0   0x00000000   Code   RO         1411    .ARM.Collect$$rtexit$$00000002  c_w.l(rtexit2.o)
    0x000001f0   0x000001f0   0x00000004   Code   RO         1412    .ARM.Collect$$rtexit$$00000003  c_w.l(rtexit2.o)
    0x000001f4   0x000001f4   0x00000006   Code   RO         1413    .ARM.Collect$$rtexit$$00000004  c_w.l(rtexit2.o)
    0x000001fa   0x000001fa   0x00000002   PAD
    0x000001fc   0x000001fc   0x00000038   Code   RO          601    .text               startup_cm3ds.o
    0x00000234   0x00000234   0x00000024   Code   RO         1162    .text               c_w.l(vsprintf.o)
    0x00000258   0x00000258   0x0000003e   Code   RO         1164    .text               c_w.l(strlen.o)
    0x00000296   0x00000296   0x00000006   Code   RO         1166    .text               c_w.l(heapauxi.o)
    0x0000029c   0x0000029c   0x0000004e   Code   RO         1173    .text               c_w.l(_printf_pad.o)
    0x000002ea   0x000002ea   0x00000024   Code   RO         1175    .text               c_w.l(_printf_truncate.o)
    0x0000030e   0x0000030e   0x00000052   Code   RO         1177    .text               c_w.l(_printf_str.o)
    0x00000360   0x00000360   0x00000078   Code   RO         1179    .text               c_w.l(_printf_dec.o)
    0x000003d8   0x000003d8   0x00000028   Code   RO         1181    .text               c_w.l(_printf_charcount.o)
    0x00000400   0x00000400   0x00000030   Code   RO         1183    .text               c_w.l(_printf_char_common.o)
    0x00000430   0x00000430   0x0000000a   Code   RO         1185    .text               c_w.l(_sputc.o)
    0x0000043a   0x0000043a   0x00000002   PAD
    0x0000043c   0x0000043c   0x000000bc   Code   RO         1187    .text               c_w.l(_printf_wctomb.o)
    0x000004f8   0x000004f8   0x0000007c   Code   RO         1190    .text               c_w.l(_printf_longlong_dec.o)
    0x00000574   0x00000574   0x00000070   Code   RO         1196    .text               c_w.l(_printf_oct_int_ll.o)
    0x000005e4   0x000005e4   0x00000094   Code   RO         1216    .text               c_w.l(_printf_hex_int_ll_ptr.o)
    0x00000678   0x00000678   0x00000188   Code   RO         1236    .text               c_w.l(__printf_flags_ss_wp.o)
    0x00000800   0x00000800   0x0000008a   Code   RO         1285    .text               c_w.l(lludiv10.o)
    0x0000088a   0x0000088a   0x000000b2   Code   RO         1287    .text               c_w.l(_printf_intcommon.o)
    0x0000093c   0x0000093c   0x0000041e   Code   RO         1289    .text               c_w.l(_printf_fp_dec.o)
    0x00000d5a   0x00000d5a   0x00000002   PAD
    0x00000d5c   0x00000d5c   0x000002fc   Code   RO         1291    .text               c_w.l(_printf_fp_hex.o)
    0x00001058   0x00001058   0x0000002c   Code   RO         1296    .text               c_w.l(_printf_char.o)
    0x00001084   0x00001084   0x0000002c   Code   RO         1298    .text               c_w.l(_printf_wchar.o)
    0x000010b0   0x000010b0   0x00000040   Code   RO         1301    .text               c_w.l(_wcrtomb.o)
    0x000010f0   0x000010f0   0x0000004a   Code   RO         1303    .text               c_w.l(sys_stackheap_outer.o)
    0x0000113a   0x0000113a   0x00000002   PAD
    0x0000113c   0x0000113c   0x00000010   Code   RO         1305    .text               c_w.l(rt_ctype_table.o)
    0x0000114c   0x0000114c   0x00000008   Code   RO         1310    .text               c_w.l(rt_locale_intlibspace.o)
    0x00001154   0x00001154   0x00000080   Code   RO         1312    .text               c_w.l(_printf_fp_infnan.o)
    0x000011d4   0x000011d4   0x000000e4   Code   RO         1314    .text               c_w.l(bigflt0.o)
    0x000012b8   0x000012b8   0x00000012   Code   RO         1342    .text               c_w.l(exit.o)
    0x000012ca   0x000012ca   0x00000002   PAD
    0x000012cc   0x000012cc   0x00000008   Code   RO         1355    .text               c_w.l(libspace.o)
    0x000012d4   0x000012d4   0x00000080   Code   RO         1363    .text               c_w.l(strcmpv7m.o)
    0x00001354   0x00001354   0x0000000c   Code   RO         1421    .text               c_w.l(sys_exit.o)
    0x00001360   0x00001360   0x00000002   Code   RO         1432    .text               c_w.l(use_no_semi.o)
    0x00001362   0x00001362   0x00000000   Code   RO         1434    .text               c_w.l(indicate_semi.o)
    0x00001362   0x00001362   0x0000003e   Code   RO         1317    CL$$btod_d2e        c_w.l(btod.o)
    0x000013a0   0x000013a0   0x00000046   Code   RO         1319    CL$$btod_d2e_denorm_low  c_w.l(btod.o)
    0x000013e6   0x000013e6   0x00000060   Code   RO         1318    CL$$btod_d2e_norm_op1  c_w.l(btod.o)
    0x00001446   0x00001446   0x00000338   Code   RO         1327    CL$$btod_div_common  c_w.l(btod.o)
    0x0000177e   0x0000177e   0x000000dc   Code   RO         1324    CL$$btod_e2e        c_w.l(btod.o)
    0x0000185a   0x0000185a   0x0000002a   Code   RO         1321    CL$$btod_ediv       c_w.l(btod.o)
    0x00001884   0x00001884   0x0000002a   Code   RO         1320    CL$$btod_emul       c_w.l(btod.o)
    0x000018ae   0x000018ae   0x00000244   Code   RO         1326    CL$$btod_mult_common  c_w.l(btod.o)
    0x00001af2   0x00001af2   0x00000004   Code   RO          609    i.BusFault_Handler  interrupt.o
    0x00001af6   0x00001af6   0x00000002   Code   RO          610    i.DebugMon_Handler  interrupt.o
    0x00001af8   0x00001af8   0x00000004   Code   RO          612    i.HardFault_Handler  interrupt.o
    0x00001afc   0x00001afc   0x00000004   Code   RO          613    i.MemManage_Handler  interrupt.o
    0x00001b00   0x00001b00   0x00000002   Code   RO          614    i.NMI_Handler       interrupt.o
    0x00001b02   0x00001b02   0x00000002   Code   RO          615    i.PendSV_Handler    interrupt.o
    0x00001b04   0x00001b04   0x00000002   Code   RO          616    i.SVC_Handler       interrupt.o
    0x00001b06   0x00001b06   0x00000002   Code   RO          617    i.SysTick_Handler   interrupt.o
    0x00001b08   0x00001b08   0x00000014   Code   RO          618    i.Uart0_Handler     interrupt.o
    0x00001b1c   0x00001b1c   0x00000004   Code   RO          619    i.UsageFault_Handler  interrupt.o
    0x00001b20   0x00001b20   0x00000028   Code   RO         1353    i.__ARM_fpclassify  m_ws.l(fpclassify.o)
    0x00001b48   0x00001b48   0x0000001c   Code   RO          620    i.__NVIC_ClearPendingIRQ  interrupt.o
    0x00001b64   0x00001b64   0x0000000e   Code   RO         1229    i._is_digit         c_w.l(__printf_wp.o)
    0x00001b72   0x00001b72   0x00000002   PAD
    0x00001b74   0x00001b74   0x00000084   Code   RO         1119    i.b50610_get_reglist_test  eth_test.o
    0x00001bf8   0x00001bf8   0x00000064   Code   RO         1061    i.b50610_get_status  eth_bsp.o
    0x00001c5c   0x00001c5c   0x00000048   Code   RO         1062    i.b50610_init       eth_bsp.o
    0x00001ca4   0x00001ca4   0x0000000c   Code   RO         1120    i.b50610_init_test  eth_test.o
    0x00001cb0   0x00001cb0   0x00000014   Code   RO         1063    i.b50610_set_config  eth_bsp.o
    0x00001cc4   0x00001cc4   0x00000014   Code   RO         1064    i.b50610_set_swrst  eth_bsp.o
    0x00001cd8   0x00001cd8   0x00000028   Code   RO            2    i.drv_check_rw_data  drv_common.o
    0x00001d00   0x00001d00   0x0000000a   Code   RO          479    i.drv_eth_sma_default_config  drv_eth.o
    0x00001d0a   0x00001d0a   0x00000040   Code   RO          481    i.drv_eth_sma_init  drv_eth.o
    0x00001d4a   0x00001d4a   0x0000000e   Code   RO          482    i.drv_eth_sma_int_allclear  drv_eth.o
    0x00001d58   0x00001d58   0x00000012   Code   RO          483    i.drv_eth_sma_int_clear  drv_eth.o
    0x00001d6a   0x00001d6a   0x00000008   Code   RO          484    i.drv_eth_sma_int_get  drv_eth.o
    0x00001d72   0x00001d72   0x00000052   Code   RO          486    i.drv_eth_sma_logic_reset  drv_eth.o
    0x00001dc4   0x00001dc4   0x0000006c   Code   RO          487    i.drv_eth_sma_master_read_reg  drv_eth.o
    0x00001e30   0x00001e30   0x00000098   Code   RO          488    i.drv_eth_sma_master_read_reglist  drv_eth.o
    0x00001ec8   0x00001ec8   0x00000040   Code   RO          489    i.drv_eth_sma_master_write_reg  drv_eth.o
    0x00001f08   0x00001f08   0x0000004c   Code   RO          490    i.drv_eth_sma_master_write_reglist  drv_eth.o
    0x00001f54   0x00001f54   0x0000002c   Code   RO          491    i.drv_eth_sma_set_config  drv_eth.o
    0x00001f80   0x00001f80   0x0000001c   Code   RO           64    i.drv_uart_default_config  drv_uart.o
    0x00001f9c   0x00001f9c   0x0000006c   Code   RO           67    i.drv_uart_getchar_timeout  drv_uart.o
    0x00002008   0x00002008   0x00000052   Code   RO           68    i.drv_uart_init     drv_uart.o
    0x0000205a   0x0000205a   0x00000010   Code   RO           69    i.drv_uart_int_allclear  drv_uart.o
    0x0000206a   0x0000206a   0x00000012   Code   RO           70    i.drv_uart_int_clear  drv_uart.o
    0x0000207c   0x0000207c   0x0000000c   Code   RO           71    i.drv_uart_int_disable  drv_uart.o
    0x00002088   0x00002088   0x00000008   Code   RO           72    i.drv_uart_int_get  drv_uart.o
    0x00002090   0x00002090   0x0000015e   Code   RO           73    i.drv_uart_interrupt_handler  drv_uart.o
    0x000021ee   0x000021ee   0x0000006a   Code   RO           74    i.drv_uart_logic_reset  drv_uart.o
    0x00002258   0x00002258   0x0000001a   Code   RO          233    i.drv_uart_printf   drv_uart_ex.o
    0x00002272   0x00002272   0x00000048   Code   RO           76    i.drv_uart_putchars  drv_uart.o
    0x000022ba   0x000022ba   0x00000002   PAD
    0x000022bc   0x000022bc   0x00000050   Code   RO           79    i.drv_uart_set_config  drv_uart.o
    0x0000230c   0x0000230c   0x00000020   Code   RO         1065    i.eth_sma_init      eth_bsp.o
    0x0000232c   0x0000232c   0x0000001c   Code   RO         1121    i.eth_testmenu      eth_test.o
    0x00002348   0x00002348   0x0000000c   Code   RO          734    i.main              main.o
    0x00002354   0x00002354   0x0000001c   Code   RO          735    i.mcu_testmenu      main.o
    0x00002370   0x00002370   0x00000090   Code   RO          736    i.show_testmenu     main.o
    0x00002400   0x00002400   0x000000f4   Code   RO          737    i.test_execute      main.o
    0x000024f4   0x000024f4   0x00000010   Code   RO          789    i.test_printf_ch    uart_bsp.o
    0x00002504   0x00002504   0x0000000c   Code   RO          790    i.test_printf_s     uart_bsp.o
    0x00002510   0x00002510   0x00000020   Code   RO          791    i.uart0_init        uart_bsp.o
    0x00002530   0x00002530   0x00000002   Code   RO           81    i.uart_int_rx_fifo_noempty_callback  drv_uart.o
    0x00002532   0x00002532   0x00000002   Code   RO           82    i.uart_int_rx_fifo_thres_callback  drv_uart.o
    0x00002534   0x00002534   0x00000002   Code   RO           83    i.uart_int_rx_noise_detect_callback  drv_uart.o
    0x00002536   0x00002536   0x00000002   Code   RO           84    i.uart_int_rx_parity_error_callback  drv_uart.o
    0x00002538   0x00002538   0x00000002   Code   RO           85    i.uart_int_rx_stop_callback  drv_uart.o
    0x0000253a   0x0000253a   0x00000002   Code   RO           86    i.uart_int_rx_stop_detect_callback  drv_uart.o
    0x0000253c   0x0000253c   0x00000002   Code   RO           88    i.uart_int_tx_done_callback  drv_uart.o
    0x0000253e   0x0000253e   0x00000002   Code   RO           89    i.uart_int_tx_fifo_empty_callback  drv_uart.o
    0x00002540   0x00002540   0x00000002   Code   RO           90    i.uart_int_tx_fifo_thres_callback  drv_uart.o
    0x00002542   0x00002542   0x00000002   PAD
    0x00002544   0x00002544   0x00000034   Code   RO          234    i.vprintf           drv_uart_ex.o
    0x00002578   0x00002578   0x0000002c   Code   RO         1340    locale$$code        c_w.l(lc_numeric_c.o)
    0x000025a4   0x000025a4   0x0000002c   Code   RO         1361    locale$$code        c_w.l(lc_ctype_c.o)
    0x000025d0   0x000025d0   0x00000004   Code   RO         1262    x$fpl$printf1       fz_ws.l(printf1.o)
    0x000025d4   0x000025d4   0x00000004   Code   RO         1264    x$fpl$printf2       fz_ws.l(printf2.o)
    0x000025d8   0x000025d8   0x00000000   Code   RO         1352    x$fpl$usenofp       fz_ws.l(usenofp.o)
    0x000025d8   0x000025d8   0x00000008   Data   RO         1188    .constdata          c_w.l(_printf_wctomb.o)
    0x000025e0   0x000025e0   0x00000028   Data   RO         1217    .constdata          c_w.l(_printf_hex_int_ll_ptr.o)
    0x00002608   0x00002608   0x00000011   Data   RO         1237    .constdata          c_w.l(__printf_flags_ss_wp.o)
    0x00002619   0x00002619   0x00000026   Data   RO         1292    .constdata          c_w.l(_printf_fp_hex.o)
    0x0000263f   0x0000263f   0x00000001   PAD
    0x00002640   0x00002640   0x00000094   Data   RO         1315    .constdata          c_w.l(bigflt0.o)
    0x000026d4   0x000026d4   0x00000020   Data   RO         1487    Region$$Table       anon$$obj.o
    0x000026f4   0x000026f4   0x0000001c   Data   RO         1339    locale$$data        c_w.l(lc_numeric_c.o)
    0x00002710   0x00002710   0x00000110   Data   RO         1360    locale$$data        c_w.l(lc_ctype_c.o)


    Execution Region RW_IRAM1 (Exec base: 0x00020000, Load base: 0x00002820, Size: 0x000012d0, Max: 0x00002000, ABSOLUTE, COMPRESSED[0x00000098])

    Exec Addr    Load Addr    Size         Type   Attr      Idx    E Section Name        Object

    0x00020000   COMPRESSED   0x00000090   Data   RW          738    .data               main.o
    0x00020090   COMPRESSED   0x00000028   Data   RW         1067    .data               eth_bsp.o
    0x000200b8   COMPRESSED   0x0000016c   Data   RW         1123    .data               eth_test.o
    0x00020224        -       0x00000038   Zero   RW          793    .bss                uart_bsp.o
    0x0002025c        -       0x00000014   Zero   RW         1066    .bss                eth_bsp.o
    0x00020270        -       0x00000060   Zero   RW         1356    .bss                c_w.l(libspace.o)
    0x000202d0        -       0x00000c00   Zero   RW          599    HEAP                startup_cm3ds.o
    0x00020ed0        -       0x00000400   Zero   RW          598    STACK               startup_cm3ds.o


==============================================================================

Image component sizes


      Code (inc. data)   RO Data    RW Data    ZI Data      Debug   Object Name

        40          0          0          0          0      11516   drv_common.o
       640          6          0          0          0       9023   drv_eth.o
       898          4          0          0          0      14241   drv_uart.o
        78          4          0          0          0       1232   drv_uart_ex.o
       244         70          0         40         20       5429   eth_bsp.o
       172         52          0        364          0       2687   eth_test.o
        74         10          0          0          0      31201   interrupt.o
       428        194          0        144          0       3019   main.o
        56         22        116          0       4096        948   startup_cm3ds.o
        60         10          0          0         56       1938   uart_bsp.o

    ----------------------------------------------------------------------
      2694        372        148        548       4172      81234   Object Totals
         0          0         32          0          0          0   (incl. Generated)
         4          0          0          0          0          0   (incl. Padding)

    ----------------------------------------------------------------------

      Code (inc. data)   RO Data    RW Data    ZI Data      Debug   Library Member Name

        90          0          0          0          0          0   __dczerorl2.o
         8          0          0          0          0         68   __main.o
       392          4         17          0          0         92   __printf_flags_ss_wp.o
        14          0          0          0          0         68   __printf_wp.o
         0          0          0          0          0          0   __rtentry.o
        12          0          0          0          0          0   __rtentry2.o
         6          0          0          0          0          0   __rtentry4.o
        52          8          0          0          0          0   __scatter.o
        28          0          0          0          0          0   __scatter_zi.o
         6          0          0          0          0          0   _printf_a.o
         6          0          0          0          0          0   _printf_c.o
        44          0          0          0          0        108   _printf_char.o
        48          6          0          0          0         96   _printf_char_common.o
        40          0          0          0          0         68   _printf_charcount.o
         6          0          0          0          0          0   _printf_d.o
       120         16          0          0          0         92   _printf_dec.o
         6          0          0          0          0          0   _printf_e.o
         6          0          0          0          0          0   _printf_f.o
      1054          0          0          0          0        216   _printf_fp_dec.o
       764          8         38          0          0        100   _printf_fp_hex.o
       128         16          0          0          0         84   _printf_fp_infnan.o
         6          0          0          0          0          0   _printf_g.o
       148          4         40          0          0        160   _printf_hex_int_ll_ptr.o
         6          0          0          0          0          0   _printf_i.o
       178          0          0          0          0         88   _printf_intcommon.o
        10          0          0          0          0          0   _printf_l.o
         6          0          0          0          0          0   _printf_lc.o
        10          0          0          0          0          0   _printf_ll.o
         6          0          0          0          0          0   _printf_lld.o
         6          0          0          0          0          0   _printf_lli.o
         6          0          0          0          0          0   _printf_llo.o
         6          0          0          0          0          0   _printf_llu.o
         6          0          0          0          0          0   _printf_llx.o
       124         16          0          0          0         92   _printf_longlong_dec.o
         6          0          0          0          0          0   _printf_ls.o
         6          0          0          0          0          0   _printf_n.o
         6          0          0          0          0          0   _printf_o.o
       112         10          0          0          0        124   _printf_oct_int_ll.o
         6          0          0          0          0          0   _printf_p.o
        78          0          0          0          0        108   _printf_pad.o
         0          0          0          0          0          0   _printf_percent.o
         4          0          0          0          0          0   _printf_percent_end.o
         6          0          0          0          0          0   _printf_s.o
        82          0          0          0          0         80   _printf_str.o
        36          0          0          0          0         84   _printf_truncate.o
         6          0          0          0          0          0   _printf_u.o
        44          0          0          0          0        108   _printf_wchar.o
       188          6          8          0          0         92   _printf_wctomb.o
         6          0          0          0          0          0   _printf_x.o
        10          0          0          0          0         68   _sputc.o
        64          0          0          0          0         92   _wcrtomb.o
       228          4        148          0          0         96   bigflt0.o
      1936        128          0          0          0        672   btod.o
        18          0          0          0          0         80   exit.o
         6          0          0          0          0        152   heapauxi.o
         0          0          0          0          0          0   indicate_semi.o
        44         10        272          0          0         76   lc_ctype_c.o
        44         10         28          0          0         76   lc_numeric_c.o
         2          0          0          0          0          0   libinit.o
        30          0          0          0          0          0   libinit2.o
         2          0          0          0          0          0   libshutdown.o
         2          0          0          0          0          0   libshutdown2.o
         8          4          0          0         96         68   libspace.o
       138          0          0          0          0         80   lludiv10.o
        16          4          0          0          0         76   rt_ctype_table.o
         8          4          0          0          0         68   rt_locale_intlibspace.o
         2          0          0          0          0          0   rtexit.o
        10          0          0          0          0          0   rtexit2.o
       128          0          0          0          0         68   strcmpv7m.o
        62          0          0          0          0         76   strlen.o
        12          4          0          0          0         68   sys_exit.o
        74          0          0          0          0         80   sys_stackheap_outer.o
         2          0          0          0          0         68   use_no_semi.o
        36          4          0          0          0         76   vsprintf.o
         4          0          0          0          0         68   printf1.o
         4          0          0          0          0         68   printf2.o
         0          0          0          0          0          0   usenofp.o
        40          0          0          0          0         68   fpclassify.o

    ----------------------------------------------------------------------
      6878        266        552          0         96       4172   Library Totals
        14          0          1          0          0          0   (incl. Padding)

    ----------------------------------------------------------------------

      Code (inc. data)   RO Data    RW Data    ZI Data      Debug   Library Name

      6816        266        551          0         96       3968   c_w.l
         8          0          0          0          0        136   fz_ws.l
        40          0          0          0          0         68   m_ws.l

    ----------------------------------------------------------------------
      6878        266        552          0         96       4172   Library Totals

    ----------------------------------------------------------------------

==============================================================================


      Code (inc. data)   RO Data    RW Data    ZI Data      Debug   

      9572        638        700        548       4268      80150   Grand Totals
      9572        638        700        152       4268      80150   ELF Image Totals (compressed)
      9572        638        700        152          0          0   ROM Totals

==============================================================================

    Total RO  Size (Code + RO Data)                10272 (  10.03kB)
    Total RW  Size (RW Data + ZI Data)              4816 (   4.70kB)
    Total ROM Size (Code + RO Data + RW Data)      10424 (  10.18kB)

==============================================================================

