Component: ARM Compiler 5.06 update 6 (build 750) Tool: armlink [4d35ed]

==============================================================================

Section Cross References

    drv_uart.o(i.drv_uart_deinit) refers to drv_uart.o(i.drv_uart_logic_reset) for drv_uart_logic_reset
    drv_uart.o(i.drv_uart_deinit) refers to drv_uart.o(i.drv_uart_int_allclear) for drv_uart_int_allclear
    drv_uart.o(i.drv_uart_getchar) refers to drv_uart.o(i.drv_uart_int_get) for drv_uart_int_get
    drv_uart.o(i.drv_uart_getchar) refers to drv_uart.o(i.drv_uart_int_clear) for drv_uart_int_clear
    drv_uart.o(i.drv_uart_getchar) refers to drv_uart.o(i.drv_uart_logic_reset) for drv_uart_logic_reset
    drv_uart.o(i.drv_uart_getchar_timeout) refers to drv_uart.o(i.drv_uart_int_get) for drv_uart_int_get
    drv_uart.o(i.drv_uart_getchar_timeout) refers to drv_uart.o(i.drv_uart_int_clear) for drv_uart_int_clear
    drv_uart.o(i.drv_uart_getchar_timeout) refers to drv_uart.o(i.drv_uart_logic_reset) for drv_uart_logic_reset
    drv_uart.o(i.drv_uart_init) refers to drv_uart.o(i.drv_uart_set_config) for drv_uart_set_config
    drv_uart.o(i.drv_uart_init) refers to drv_uart.o(i.drv_uart_logic_reset) for drv_uart_logic_reset
    drv_uart.o(i.drv_uart_init) refers to drv_uart.o(i.drv_uart_int_allclear) for drv_uart_int_allclear
    drv_uart.o(i.drv_uart_interrupt_handler) refers to drv_uart.o(i.drv_uart_int_get) for drv_uart_int_get
    drv_uart.o(i.drv_uart_interrupt_handler) refers to drv_uart.o(i.uart_int_tx_done_callback) for uart_int_tx_done_callback
    drv_uart.o(i.drv_uart_interrupt_handler) refers to drv_uart.o(i.drv_uart_int_clear) for drv_uart_int_clear
    drv_uart.o(i.drv_uart_interrupt_handler) refers to drv_uart.o(i.drv_uart_int_disable) for drv_uart_int_disable
    drv_uart.o(i.drv_uart_interrupt_handler) refers to drv_uart.o(i.drv_uart_logic_reset) for drv_uart_logic_reset
    drv_uart.o(i.drv_uart_interrupt_handler) refers to drv_uart.o(i.uart_int_rx_stop_callback) for uart_int_rx_stop_callback
    drv_uart.o(i.drv_uart_interrupt_handler) refers to drv_uart.o(i.uart_int_rx_parity_error_callback) for uart_int_rx_parity_error_callback
    drv_uart.o(i.drv_uart_interrupt_handler) refers to drv_uart.o(i.uart_int_rx_noise_detect_callback) for uart_int_rx_noise_detect_callback
    drv_uart.o(i.drv_uart_interrupt_handler) refers to drv_uart.o(i.uart_int_rx_stop_detect_callback) for uart_int_rx_stop_detect_callback
    drv_uart.o(i.drv_uart_interrupt_handler) refers to drv_uart.o(i.uart_int_tx_fifo_thres_callback) for uart_int_tx_fifo_thres_callback
    drv_uart.o(i.drv_uart_interrupt_handler) refers to drv_uart.o(i.uart_int_tx_fifo_empty_callback) for uart_int_tx_fifo_empty_callback
    drv_uart.o(i.drv_uart_interrupt_handler) refers to drv_uart.o(i.uart_int_rx_fifo_thres_callback) for uart_int_rx_fifo_thres_callback
    drv_uart.o(i.drv_uart_interrupt_handler) refers to drv_uart.o(i.uart_int_rx_fifo_noempty_callback) for uart_int_rx_fifo_noempty_callback
    drv_uart.o(i.drv_uart_putchar) refers to drv_uart.o(i.drv_uart_int_get) for drv_uart_int_get
    drv_uart.o(i.drv_uart_putchar) refers to drv_uart.o(i.drv_uart_int_clear) for drv_uart_int_clear
    drv_uart.o(i.drv_uart_putchars) refers to drv_uart.o(i.drv_uart_int_get) for drv_uart_int_get
    drv_uart.o(i.drv_uart_putchars) refers to drv_uart.o(i.drv_uart_int_clear) for drv_uart_int_clear
    drv_uart.o(i.drv_uart_rx_data) refers to drv_uart.o(i.drv_uart_int_get) for drv_uart_int_get
    drv_uart.o(i.drv_uart_rx_data) refers to drv_uart.o(i.drv_uart_int_clear) for drv_uart_int_clear
    drv_uart.o(i.drv_uart_rx_data) refers to drv_uart.o(i.drv_uart_logic_reset) for drv_uart_logic_reset
    drv_uart.o(i.drv_uart_set_config) refers to drv_common.o(i.drv_check_rw_data) for drv_check_rw_data
    drv_uart.o(i.drv_uart_tx_data) refers to drv_uart.o(i.drv_uart_int_get) for drv_uart_int_get
    drv_uart.o(i.drv_uart_tx_data) refers to drv_uart.o(i.drv_uart_int_clear) for drv_uart_int_clear
    drv_uart_ex.o(i.drv_uart_printf) refers to drv_uart_ex.o(i.vprintf) for vprintf
    drv_uart_ex.o(i.vprintf) refers to vsprintf.o(.text) for vsprintf
    drv_uart_ex.o(i.vprintf) refers to strlen.o(.text) for strlen
    drv_uart_ex.o(i.vprintf) refers to drv_uart.o(i.drv_uart_putchars) for drv_uart_putchars
    drv_uart_ex.o(i.vprintf) refers to uart_bsp.o(.bss) for huart0
    drv_gpio.o(i.drv_gpio_deinit) refers to drv_gpio.o(i.drv_gpio_int_clear) for drv_gpio_int_clear
    drv_gpio.o(i.drv_gpio_init) refers to drv_gpio.o(i.drv_gpio_set_config) for drv_gpio_set_config
    drv_gpio.o(i.drv_gpio_init) refers to drv_gpio.o(i.drv_gpio_int_clear) for drv_gpio_int_clear
    drv_gpio.o(i.drv_gpio_interrupt_handler) refers to drv_gpio.o(i.gpio0_int_callback) for gpio0_int_callback
    drv_gpio.o(i.drv_gpio_interrupt_handler) refers to drv_gpio.o(i.drv_gpio_int_clear) for drv_gpio_int_clear
[...]
    ../clib/signal.s                         0x00000000   Number         0  defsig.o ABSOLUTE
    ../clib/stdlib.c                         0x00000000   Number         0  exit.o ABSOLUTE
    ../clib/string.c                         0x00000000   Number         0  strlen.o ABSOLUTE
    ../fplib/fpinit.s                        0x00000000   Number         0  fpinit.o ABSOLUTE
    ../fplib/istatus.s                       0x00000000   Number         0  istatus.o ABSOLUTE
    ../fplib/printf1.s                       0x00000000   Number         0  printf1.o ABSOLUTE
    ../fplib/printf2.s                       0x00000000   Number         0  printf2.o ABSOLUTE
    ../fplib/printf2a.s                      0x00000000   Number         0  printf2a.o ABSOLUTE
    ../fplib/printf2b.s                      0x00000000   Number         0  printf2b.o ABSOLUTE
    ../fplib/usenofp.s                       0x00000000   Number         0  usenofp.o ABSOLUTE
    ../mathlib/fpclassify.c                  0x00000000   Number         0  fpclassify.o ABSOLUTE
    ..\..\..\library\cmsis\Device\ARM\CM3DS\Source\ARM\startup_CM3DS.s 0x00000000   Number         0  startup_cm3ds.o ABSOLUTE
    ..\..\..\library\drivers\bastim\src\drv_bastim.c 0x00000000   Number         0  drv_bastim.o ABSOLUTE
    ..\..\..\library\drivers\common\src\drv_common.c 0x00000000   Number         0  drv_common.o ABSOLUTE
    ..\..\..\library\drivers\gpio\src\drv_gpio.c 0x00000000   Number         0  drv_gpio.o ABSOLUTE
    ..\..\..\library\drivers\uart\src\drv_uart.c 0x00000000   Number         0  drv_uart.o ABSOLUTE
    ..\..\..\library\drivers\uart\src\drv_uart_ex.c 0x00000000   Number         0  drv_uart_ex.o ABSOLUTE
    ..\..\..\user\firmware\fw_test\bastim_bsp\bastim_bsp.c 0x00000000   Number         0  bastim_bsp.o ABSOLUTE
    ..\..\..\user\firmware\fw_test\bastim_bsp\bastim_test.c 0x00000000   Number         0  bastim_test.o ABSOLUTE
    ..\..\..\user\firmware\fw_test\gpio_bsp\gpio_bsp.c 0x00000000   Number         0  gpio_bsp.o ABSOLUTE
    ..\..\..\user\firmware\fw_test\gpio_bsp\gpio_test.c 0x00000000   Number         0  gpio_test.o ABSOLUTE
    ..\..\..\user\firmware\fw_test\interrupt.c 0x00000000   Number         0  interrupt.o ABSOLUTE
    ..\..\..\user\firmware\fw_test\main.c    0x00000000   Number         0  main.o ABSOLUTE
    ..\..\..\user\firmware\fw_test\uart_bsp\uart_bsp.c 0x00000000   Number         0  uart_bsp.o ABSOLUTE
    ..\..\..\user\firmware\fw_test\uart_bsp\uart_test.c 0x00000000   Number         0  uart_test.o ABSOLUTE
    ..\\..\\..\\user\\firmware\\fw_test\\bastim_bsp\\bastim_bsp.c 0x00000000   Number         0  bastim_bsp.o ABSOLUTE
    ..\\..\\..\\user\\firmware\\fw_test\\bastim_bsp\\bastim_test.c 0x00000000   Number         0  bastim_test.o ABSOLUTE
    ..\\..\\..\\user\\firmware\\fw_test\\gpio_bsp\\gpio_bsp.c 0x00000000   Number         0  gpio_bsp.o ABSOLUTE
    ..\\..\\..\\user\\firmware\\fw_test\\gpio_bsp\\gpio_test.c 0x00000000   Number         0  gpio_test.o ABSOLUTE
    ..\\..\\..\\user\\firmware\\fw_test\\interrupt.c 0x00000000   Number         0  interrupt.o ABSOLUTE
    ..\\..\\..\\user\\firmware\\fw_test\\main.c 0x00000000   Number         0  main.o ABSOLUTE
    ..\\..\\..\\user\\firmware\\fw_test\\uart_bsp\\uart_bsp.c 0x00000000   Number         0  uart_bsp.o ABSOLUTE
    ..\\..\\..\\user\\firmware\\fw_test\\uart_bsp\\uart_test.c 0x00000000   Number         0  uart_test.o ABSOLUTE
    dc.s                                     0x00000000   Number         0  dc.o ABSOLUTE
    !!!main                                  0x00000070   Section        8  __main.o(!!!main)
    !!!scatter                               0x00000078   Section       52  __scatter.o(!!!scatter)
    !!dczerorl2                              0x000000ac   Section       90  __dczerorl2.o(!!dczerorl2)
    !!handler_zi                             0x00000108   Section       28  __scatter_zi.o(!!handler_zi)
    .ARM.Collect$$_printf_percent$$00000000  0x00000124   Section        0  _printf_percent.o(.ARM.Collect$$_printf_percent$$00000000)
    .ARM.Collect$$_printf_percent$$00000001  0x00000124   Section        6  _printf_n.o(.ARM.Collect$$_printf_percent$$00000001)
    .ARM.Collect$$_printf_percent$$00000002  0x0000012a   Section        6  _printf_p.o(.ARM.Collect$$_printf_percent$$00000002)
    .ARM.Collect$$_printf_percent$$00000003  0x00000130   Section        6  _printf_f.o(.ARM.Collect$$_printf_percent$$00000003)
    .ARM.Collect$$_printf_percent$$00000004  0x00000136   Section        6  _printf_e.o(.ARM.Collect$$_printf_percent$$00000004)
    .ARM.Collect$$_printf_percent$$00000005  0x0000013c   Section        6  _printf_g.o(.ARM.Collect$$_printf_percent$$00000005)
    .ARM.Collect$$_printf_percent$$00000006  0x00000142   Section        6  _printf_a.o(.ARM.Collect$$_printf_percent$$00000006)
    .ARM.Collect$$_printf_percent$$00000007  0x00000148   Section       10  _printf_ll.o(.ARM.Collect$$_printf_percent$$00000007)
    .ARM.Collect$$_printf_percent$$00000008  0x00000152   Section        6  _printf_i.o(.ARM.Collect$$_printf_percent$$00000008)
    .ARM.Collect$$_printf_percent$$00000009  0x00000158   Section        6  _printf_d.o(.ARM.Collect$$_printf_percent$$00000009)
    .ARM.Collect$$_printf_percent$$0000000A  0x0000015e   Section        6  _printf_u.o(.ARM.Collect$$_printf_percent$$0000000A)
    .ARM.Collect$$_printf_percent$$0000000B  0x00000164   Section        6  _printf_o.o(.ARM.Collect$$_printf_percent$$0000000B)
    .ARM.Collect$$_printf_percent$$0000000C  0x0000016a   Section        6  _printf_x.o(.ARM.Collect$$_printf_percent$$0000000C)
    .ARM.Collect$$_printf_percent$$0000000D  0x00000170   Section        6  _printf_lli.o(.ARM.Collect$$_printf_percent$$0000000D)
    .ARM.Collect$$_printf_percent$$0000000E  0x00000176   Section        6  _printf_lld.o(.ARM.Collect$$_printf_percent$$0000000E)
    .ARM.Collect$$_printf_percent$$0000000F  0x0000017c   Section        6  _printf_llu.o(.ARM.Collect$$_printf_percent$$0000000F)
    .ARM.Collect$$_printf_percent$$00000010  0x00000182   Section        6  _printf_llo.o(.ARM.Collect$$_printf_percent$$00000010)
    .ARM.Collect$$_printf_percent$$00000011  0x00000188   Section        6  _printf_llx.o(.ARM.Collect$$_printf_percent$$00000011)
    .ARM.Collect$$_printf_percent$$00000012  0x0000018e   Section       10  _printf_l.o(.ARM.Collect$$_printf_percent$$00000012)
    .ARM.Collect$$_printf_percent$$00000013  0x00000198   Section        6  _printf_c.o(.ARM.Collect$$_printf_percent$$00000013)
    .ARM.Collect$$_printf_percent$$00000014  0x0000019e   Section        6  _printf_s.o(.ARM.Collect$$_printf_percent$$00000014)
    .ARM.Collect$$_printf_percent$$00000015  0x000001a4   Section        6  _printf_lc.o(.ARM.Collect$$_printf_percent$$00000015)
    .ARM.Collect$$_printf_percent$$00000016  0x000001aa   Section        6  _printf_ls.o(.ARM.Collect$$_printf_percent$$00000016)
    .ARM.Collect$$_printf_percent$$00000017  0x000001b0   Section        4  _printf_percent_end.o(.ARM.Collect$$_printf_percent$$00000017)
    .ARM.Collect$$libinit$$00000000          0x000001b4   Section        2  libinit.o(.ARM.Collect$$libinit$$00000000)
    .ARM.Collect$$libinit$$00000002          0x000001b6   Section        0  libinit2.o(.ARM.Collect$$libinit$$00000002)
    .ARM.Collect$$libinit$$00000004          0x000001b6   Section        0  libinit2.o(.ARM.Collect$$libinit$$00000004)
    .ARM.Collect$$libinit$$0000000A          0x000001b6   Section        0  libinit2.o(.ARM.Collect$$libinit$$0000000A)
    .ARM.Collect$$libinit$$0000000C          0x000001b6   Section        0  libinit2.o(.ARM.Collect$$libinit$$0000000C)
    .ARM.Collect$$libinit$$0000000E          0x000001b6   Section        0  libinit2.o(.ARM.Collect$$libinit$$0000000E)
    .ARM.Collect$$libinit$$0000000F          0x000001b6   Section        6  libinit2.o(.ARM.Collect$$libinit$$0000000F)
    .ARM.Collect$$libinit$$00000011          0x000001bc   Section        0  libinit2.o(.ARM.Collect$$libinit$$00000011)
    .ARM.Collect$$libinit$$00000012          0x000001bc   Section       12  libinit2.o(.ARM.Collect$$libinit$$00000012)
    .ARM.Collect$$libinit$$00000013          0x000001c8   Section        0  libinit2.o(.ARM.Collect$$libinit$$00000013)
    .ARM.Collect$$libinit$$00000015          0x000001c8   Section        0  libinit2.o(.ARM.Collect$$libinit$$00000015)
    .ARM.Collect$$libinit$$00000016          0x000001c8   Section       10  libinit2.o(.ARM.Collect$$libinit$$00000016)
    .ARM.Collect$$libinit$$00000017          0x000001d2   Section        0  libinit2.o(.ARM.Collect$$libinit$$00000017)
    .ARM.Collect$$libinit$$00000019          0x000001d2   Section        0  libinit2.o(.ARM.Collect$$libinit$$00000019)
    .ARM.Collect$$libinit$$0000001B          0x000001d2   Section        0  libinit2.o(.ARM.Collect$$libinit$$0000001B)
    .ARM.Collect$$libinit$$0000001D          0x000001d2   Section        0  libinit2.o(.ARM.Collect$$libinit$$0000001D)
    .ARM.Collect$$libinit$$0000001F          0x000001d2   Section        0  libinit2.o(.ARM.Collect$$libinit$$0000001F)
    .ARM.Collect$$libinit$$00000021          0x000001d2   Section        0  libinit2.o(.ARM.Collect$$libinit$$00000021)
    .ARM.Collect$$libinit$$00000023          0x000001d2   Section        0  libinit2.o(.ARM.Collect$$libinit$$00000023)
    .ARM.Collect$$libinit$$00000025          0x000001d2   Section        0  libinit2.o(.ARM.Collect$$libinit$$00000025)
    .ARM.Collect$$libinit$$0000002C          0x000001d2   Section        0  libinit2.o(.ARM.Collect$$libinit$$0000002C)
    .ARM.Collect$$libinit$$0000002E          0x000001d2   Section        0  libinit2.o(.ARM.Collect$$libinit$$0000002E)
    .ARM.Collect$$libinit$$00000030          0x000001d2   Section        0  libinit2.o(.ARM.Collect$$libinit$$00000030)
    .ARM.Collect$$libinit$$00000032          0x000001d2   Section        0  libinit2.o(.ARM.Collect$$libinit$$00000032)
    .ARM.Collect$$libinit$$00000033          0x000001d2   Section        2  libinit2.o(.ARM.Collect$$libinit$$00000033)
    .ARM.Collect$$libshutdown$$00000000      0x000001d4   Section        2  libshutdown.o(.ARM.Collect$$libshutdown$$00000000)
    .ARM.Collect$$libshutdown$$00000002      0x000001d6   Section        0  libshutdown2.o(.ARM.Collect$$libshutdown$$00000002)
    .ARM.Collect$$libshutdown$$00000004      0x000001d6   Section        0  libshutdown2.o(.ARM.Collect$$libshutdown$$00000004)
    .ARM.Collect$$libshutdown$$00000007      0x000001d6   Section        0  libshutdown2.o(.ARM.Collect$$libshutdown$$00000007)
    .ARM.Collect$$libshutdown$$0000000A      0x000001d6   Section        0  libshutdown2.o(.ARM.Collect$$libshutdown$$0000000A)
    .ARM.Collect$$libshutdown$$0000000C      0x000001d6   Section        0  libshutdown2.o(.ARM.Collect$$libshutdown$$0000000C)
    .ARM.Collect$$libshutdown$$0000000F      0x000001d6   Section        0  libshutdown2.o(.ARM.Collect$$libshutdown$$0000000F)
    .ARM.Collect$$libshutdown$$00000010      0x000001d6   Section        2  libshutdown2.o(.ARM.Collect$$libshutdown$$00000010)
    .ARM.Collect$$rtentry$$00000000          0x000001d8   Section        0  __rtentry.o(.ARM.Collect$$rtentry$$00000000)
    .ARM.Collect$$rtentry$$00000002          0x000001d8   Section        0  __rtentry2.o(.ARM.Collect$$rtentry$$00000002)
    .ARM.Collect$$rtentry$$00000004          0x000001d8   Section        6  __rtentry4.o(.ARM.Collect$$rtentry$$00000004)
    .ARM.Collect$$rtentry$$00000009          0x000001de   Section        0  __rtentry2.o(.ARM.Collect$$rtentry$$00000009)
    .ARM.Collect$$rtentry$$0000000A          0x000001de   Section        4  __rtentry2.o(.ARM.Collect$$rtentry$$0000000A)
    .ARM.Collect$$rtentry$$0000000C          0x000001e2   Section        0  __rtentry2.o(.ARM.Collect$$rtentry$$0000000C)
    .ARM.Collect$$rtentry$$0000000D          0x000001e2   Section        8  __rtentry2.o(.ARM.Collect$$rtentry$$0000000D)
    .ARM.Collect$$rtexit$$00000000           0x000001ea   Section        2  rtexit.o(.ARM.Collect$$rtexit$$00000000)
    .ARM.Collect$$rtexit$$00000002           0x000001ec   Section        0  rtexit2.o(.ARM.Collect$$rtexit$$00000002)
    .ARM.Collect$$rtexit$$00000003           0x000001ec   Section        4  rtexit2.o(.ARM.Collect$$rtexit$$00000003)
    .ARM.Collect$$rtexit$$00000004           0x000001f0   Section        6  rtexit2.o(.ARM.Collect$$rtexit$$00000004)
    .text                                    0x000001f8   Section       56  startup_cm3ds.o(.text)
    .text                                    0x00000230   Section        0  vsprintf.o(.text)
    .text                                    0x00000254   Section        0  strlen.o(.text)
    .text                                    0x00000292   Section        0  heapauxi.o(.text)
    .text                                    0x00000298   Section        0  _printf_pad.o(.text)
    .text                                    0x000002e6   Section        0  _printf_truncate.o(.text)
    .text                                    0x0000030a   Section        0  _printf_str.o(.text)
    .text                                    0x0000035c   Section        0  _printf_dec.o(.text)
    .text                                    0x000003d4   Section        0  _printf_charcount.o(.text)
    .text                                    0x000003fc   Section        0  _printf_char_common.o(.text)
    _printf_input_char                       0x000003fd   Thumb Code    10  _printf_char_common.o(.text)
    .text                                    0x0000042c   Section        0  _sputc.o(.text)
    .text                                    0x00000438   Section        0  _printf_wctomb.o(.text)
    .text                                    0x000004f4   Section        0  _printf_longlong_dec.o(.text)
    .text                                    0x00000570   Section        0  _printf_oct_int_ll.o(.text)
    _printf_longlong_oct_internal            0x00000571   Thumb Code     0  _printf_oct_int_ll.o(.text)
    .text                                    0x000005e0   Section        0  _printf_hex_int_ll_ptr.o(.text)
    _printf_hex_common                       0x000005e1   Thumb Code     0  _printf_hex_int_ll_ptr.o(.text)
    .text                                    0x00000674   Section        0  __printf_flags_ss_wp.o(.text)
    .text                                    0x000007fc   Section      138  lludiv10.o(.text)
    .text                                    0x00000886   Section        0  _printf_intcommon.o(.text)
    .text                                    0x00000938   Section        0  _printf_fp_dec.o(.text)
    _fp_digits                               0x0000093b   Thumb Code   432  _printf_fp_dec.o(.text)
    .text                                    0x00000d58   Section        0  _printf_fp_hex.o(.text)
    .text                                    0x00001054   Section        0  _printf_char.o(.text)
    .text                                    0x00001080   Section        0  _printf_wchar.o(.text)
    .text                                    0x000010ac   Section        0  _wcrtomb.o(.text)
    .text                                    0x000010ec   Section       74  sys_stackheap_outer.o(.text)
    .text                                    0x00001138   Section       16  rt_ctype_table.o(.text)
    .text                                    0x00001148   Section        8  rt_locale_intlibspace.o(.text)
    .text                                    0x00001150   Section        0  _printf_fp_infnan.o(.text)
    .text                                    0x000011d0   Section        0  bigflt0.o(.text)
    .text                                    0x000012b4   Section        0  exit.o(.text)
    .text                                    0x000012c8   Section        8  libspace.o(.text)
    .text                                    0x000012d0   Section      128  strcmpv7m.o(.text)
    .text                                    0x00001350   Section        0  sys_exit.o(.text)
    .text                                    0x0000135c   Section        2  use_no_semi.o(.text)
    .text                                    0x0000135e   Section        0  indicate_semi.o(.text)
    CL$$btod_d2e                             0x0000135e   Section       62  btod.o(CL$$btod_d2e)
    CL$$btod_d2e_denorm_low                  0x0000139c   Section       70  btod.o(CL$$btod_d2e_denorm_low)
    CL$$btod_d2e_norm_op1                    0x000013e2   Section       96  btod.o(CL$$btod_d2e_norm_op1)
    CL$$btod_div_common                      0x00001442   Section      824  btod.o(CL$$btod_div_common)
    CL$$btod_e2e                             0x0000177a   Section      220  btod.o(CL$$btod_e2e)
    CL$$btod_ediv                            0x00001856   Section       42  btod.o(CL$$btod_ediv)
    CL$$btod_emul                            0x00001880   Section       42  btod.o(CL$$btod_emul)
    CL$$btod_mult_common                     0x000018aa   Section      580  btod.o(CL$$btod_mult_common)
    i.Bastim_Ch0_Handler                     0x00001af0   Section        0  interrupt.o(i.Bastim_Ch0_Handler)
    i.Bastim_Ch1_Handler                     0x00001b04   Section        0  interrupt.o(i.Bastim_Ch1_Handler)
    i.Bastim_Ch2_Handler                     0x00001b18   Section        0  interrupt.o(i.Bastim_Ch2_Handler)
    i.Bastim_Ch3_Handler                     0x00001b2c   Section        0  interrupt.o(i.Bastim_Ch3_Handler)
    i.BusFault_Handler                       0x00001b40   Section        0  interrupt.o(i.BusFault_Handler)
    i.DebugMon_Handler                       0x00001b44   Section        0  interrupt.o(i.DebugMon_Handler)
    i.HardFault_Handler                      0x00001b46   Section        0  interrupt.o(i.HardFault_Handler)
    i.MemManage_Handler                      0x00001b4a   Section        0  interrupt.o(i.MemManage_Handler)
    i.NMI_Handler                            0x00001b4e   Section        0  interrupt.o(i.NMI_Handler)
    i.PendSV_Handler                         0x00001b50   Section        0  interrupt.o(i.PendSV_Handler)
    i.SVC_Handler                            0x00001b52   Section        0  interrupt.o(i.SVC_Handler)
    i.SysTick_Handler                        0x00001b54   Section        0  interrupt.o(i.SysTick_Handler)
    i.Uart0_Handler                          0x00001b58   Section        0  interrupt.o(i.Uart0_Handler)
    i.UsageFault_Handler                     0x00001b6c   Section        0  interrupt.o(i.UsageFault_Handler)
    i.__ARM_fpclassify                       0x00001b70   Section        0  fpclassify.o(i.__ARM_fpclassify)
    i.__NVIC_ClearPendingIRQ                 0x00001b98   Section        0  interrupt.o(i.__NVIC_ClearPendingIRQ)
    __NVIC_ClearPendingIRQ                   0x00001b99   Thumb Code    22  interrupt.o(i.__NVIC_ClearPendingIRQ)
    i.__NVIC_DisableIRQ                      0x00001bb4   Section        0  bastim_test.o(i.__NVIC_DisableIRQ)
    __NVIC_DisableIRQ                        0x00001bb5   Thumb Code    54  bastim_test.o(i.__NVIC_DisableIRQ)
    i.__NVIC_EnableIRQ                       0x00001bf0   Section        0  bastim_test.o(i.__NVIC_EnableIRQ)
    __NVIC_EnableIRQ                         0x00001bf1   Thumb Code    26  bastim_test.o(i.__NVIC_EnableIRQ)
    i.__NVIC_SetPriority                     0x00001c0c   Section        0  bastim_test.o(i.__NVIC_SetPriority)
    __NVIC_SetPriority                       0x00001c0d   Thumb Code    32  bastim_test.o(i.__NVIC_SetPriority)
    i._is_digit                              0x00001c34   Section        0  __printf_wp.o(i._is_digit)
    i.bastim_4ch_autoreload_int_test         0x00001c44   Section        0  bastim_test.o(i.bastim_4ch_autoreload_int_test)
    i.bastim_4ch_autoreload_test             0x00001d68   Section        0  bastim_test.o(i.bastim_4ch_autoreload_test)
    i.bastim_4ch_test                        0x00001e88   Section        0  bastim_test.o(i.bastim_4ch_test)
    i.bastim_ch0_deinit                      0x00001ff0   Section        0  bastim_bsp.o(i.bastim_ch0_deinit)
    i.bastim_ch0_init                        0x00002004   Section        0  bastim_bsp.o(i.bastim_ch0_init)
    i.bastim_ch1_deinit                      0x0000202c   Section        0  bastim_bsp.o(i.bastim_ch1_deinit)
    i.bastim_ch1_init                        0x00002040   Section        0  bastim_bsp.o(i.bastim_ch1_init)
    i.bastim_ch2_deinit                      0x00002068   Section        0  bastim_bsp.o(i.bastim_ch2_deinit)
    i.bastim_ch2_init                        0x0000207c   Section        0  bastim_bsp.o(i.bastim_ch2_init)
    i.bastim_ch3_deinit                      0x000020a4   Section        0  bastim_bsp.o(i.bastim_ch3_deinit)
    i.bastim_ch3_init                        0x000020b8   Section        0  bastim_bsp.o(i.bastim_ch3_init)
    i.bastim_channel0_int_callback           0x000020e0   Section        0  bastim_test.o(i.bastim_channel0_int_callback)
    i.bastim_channel1_int_callback           0x000020f0   Section        0  bastim_test.o(i.bastim_channel1_int_callback)
    i.bastim_channel2_int_callback           0x00002100   Section        0  bastim_test.o(i.bastim_channel2_int_callback)
    i.bastim_channel3_int_callback           0x00002110   Section        0  bastim_test.o(i.bastim_channel3_int_callback)
    i.bastim_testmenu                        0x00002120   Section        0  bastim_test.o(i.bastim_testmenu)
    i.drv_bastim_autoreload_set              0x0000213c   Section        0  bastim_test.o(i.drv_bastim_autoreload_set)
    drv_bastim_autoreload_set                0x0000213d   Thumb Code    94  bastim_test.o(i.drv_bastim_autoreload_set)
    i.drv_bastim_channel0_interrupt_handler  0x0000219a   Section        0  drv_bastim.o(i.drv_bastim_channel0_interrupt_handler)
    i.drv_bastim_channel1_interrupt_handler  0x000021c0   Section        0  drv_bastim.o(i.drv_bastim_channel1_interrupt_handler)
    i.drv_bastim_channel2_interrupt_handler  0x000021ea   Section        0  drv_bastim.o(i.drv_bastim_channel2_interrupt_handler)
    i.drv_bastim_channel3_interrupt_handler  0x00002214   Section        0  drv_bastim.o(i.drv_bastim_channel3_interrupt_handler)
    i.drv_bastim_channel_enable              0x0000223e   Section        0  bastim_test.o(i.drv_bastim_channel_enable)
    drv_bastim_channel_enable                0x0000223f   Thumb Code   120  bastim_test.o(i.drv_bastim_channel_enable)
    i.drv_bastim_config_update               0x000022b6   Section        0  drv_bastim.o(i.drv_bastim_config_update)
    drv_bastim_config_update                 0x000022b7   Thumb Code   120  drv_bastim.o(i.drv_bastim_config_update)
    i.drv_bastim_deinit                      0x0000232e   Section        0  drv_bastim.o(i.drv_bastim_deinit)
    i.drv_bastim_init                        0x00002386   Section        0  drv_bastim.o(i.drv_bastim_init)
    i.drv_bastim_int_clear                   0x000023aa   Section        0  drv_bastim.o(i.drv_bastim_int_clear)
    drv_bastim_int_clear                     0x000023ab   Thumb Code    16  drv_bastim.o(i.drv_bastim_int_clear)
    i.drv_bastim_int_clear                   0x000023ba   Section        0  bastim_test.o(i.drv_bastim_int_clear)
    drv_bastim_int_clear                     0x000023bb   Thumb Code    16  bastim_test.o(i.drv_bastim_int_clear)
    i.drv_bastim_int_enable                  0x000023ca   Section        0  bastim_test.o(i.drv_bastim_int_enable)
    drv_bastim_int_enable                    0x000023cb   Thumb Code    12  bastim_test.o(i.drv_bastim_int_enable)
    i.drv_bastim_int_get                     0x000023d6   Section        0  drv_bastim.o(i.drv_bastim_int_get)
    drv_bastim_int_get                       0x000023d7   Thumb Code     6  drv_bastim.o(i.drv_bastim_int_get)
    i.drv_bastim_set_config                  0x000023dc   Section        0  drv_bastim.o(i.drv_bastim_set_config)
    i.drv_check_rw_data                      0x00002502   Section        0  drv_common.o(i.drv_check_rw_data)
    i.drv_uart_default_config                0x0000252a   Section        0  drv_uart.o(i.drv_uart_default_config)
    i.drv_uart_getchar_timeout               0x00002546   Section        0  drv_uart.o(i.drv_uart_getchar_timeout)
    i.drv_uart_init                          0x000025b2   Section        0  drv_uart.o(i.drv_uart_init)
    i.drv_uart_int_allclear                  0x00002604   Section        0  drv_uart.o(i.drv_uart_int_allclear)
    drv_uart_int_allclear                    0x00002605   Thumb Code    16  drv_uart.o(i.drv_uart_int_allclear)
    i.drv_uart_int_clear                     0x00002614   Section        0  drv_uart.o(i.drv_uart_int_clear)
    drv_uart_int_clear                       0x00002615   Thumb Code    18  drv_uart.o(i.drv_uart_int_clear)
    i.drv_uart_int_disable                   0x00002626   Section        0  drv_uart.o(i.drv_uart_int_disable)
    drv_uart_int_disable                     0x00002627   Thumb Code    12  drv_uart.o(i.drv_uart_int_disable)
    i.drv_uart_int_get                       0x00002632   Section        0  drv_uart.o(i.drv_uart_int_get)
    drv_uart_int_get                         0x00002633   Thumb Code     8  drv_uart.o(i.drv_uart_int_get)
    i.drv_uart_interrupt_handler             0x0000263a   Section        0  drv_uart.o(i.drv_uart_interrupt_handler)
    i.drv_uart_logic_reset                   0x00002798   Section        0  drv_uart.o(i.drv_uart_logic_reset)
    drv_uart_logic_reset                     0x00002799   Thumb Code   106  drv_uart.o(i.drv_uart_logic_reset)
    i.drv_uart_printf                        0x00002802   Section        0  drv_uart_ex.o(i.drv_uart_printf)
    i.drv_uart_putchars                      0x0000281c   Section        0  drv_uart.o(i.drv_uart_putchars)
    i.drv_uart_set_config                    0x00002864   Section        0  drv_uart.o(i.drv_uart_set_config)
    i.main                                   0x000028b4   Section        0  main.o(i.main)
    i.mcu_testmenu                           0x000028c0   Section        0  main.o(i.mcu_testmenu)
    i.show_testmenu                          0x000028dc   Section        0  main.o(i.show_testmenu)
    i.test_execute                           0x0000296c   Section        0  main.o(i.test_execute)
    i.test_printf_s                          0x00002a60   Section        0  uart_bsp.o(i.test_printf_s)
    i.uart0_init                             0x00002a6c   Section        0  uart_bsp.o(i.uart0_init)
    i.uart_int_rx_fifo_noempty_callback      0x00002a8c   Section        0  drv_uart.o(i.uart_int_rx_fifo_noempty_callback)
    i.uart_int_rx_fifo_thres_callback        0x00002a8e   Section        0  drv_uart.o(i.uart_int_rx_fifo_thres_callback)
    i.uart_int_rx_noise_detect_callback      0x00002a90   Section        0  drv_uart.o(i.uart_int_rx_noise_detect_callback)
    i.uart_int_rx_parity_error_callback      0x00002a92   Section        0  drv_uart.o(i.uart_int_rx_parity_error_callback)
    i.uart_int_rx_stop_callback              0x00002a94   Section        0  drv_uart.o(i.uart_int_rx_stop_callback)
    i.uart_int_rx_stop_detect_callback       0x00002a96   Section        0  drv_uart.o(i.uart_int_rx_stop_detect_callback)
    i.uart_int_tx_done_callback              0x00002a98   Section        0  drv_uart.o(i.uart_int_tx_done_callback)
    i.uart_int_tx_fifo_empty_callback        0x00002a9a   Section        0  drv_uart.o(i.uart_int_tx_fifo_empty_callback)
    i.uart_int_tx_fifo_thres_callback        0x00002a9c   Section        0  drv_uart.o(i.uart_int_tx_fifo_thres_callback)
    i.vprintf                                0x00002aa0   Section        0  drv_uart_ex.o(i.vprintf)
    locale$$code                             0x00002ad4   Section       44  lc_numeric_c.o(locale$$code)
    locale$$code                             0x00002b00   Section       44  lc_ctype_c.o(locale$$code)
    x$fpl$printf1                            0x00002b2c   Section        4  printf1.o(x$fpl$printf1)
    x$fpl$printf2                            0x00002b30   Section        4  printf2.o(x$fpl$printf2)
    .constdata                               0x00002b34   Section        8  _printf_wctomb.o(.constdata)
    x$fpl$usenofp                            0x00002b34   Section        0  usenofp.o(x$fpl$usenofp)
    initial_mbstate                          0x00002b34   Data           8  _printf_wctomb.o(.constdata)
    .constdata                               0x00002b3c   Section       40  _printf_hex_int_ll_ptr.o(.constdata)
    uc_hextab                                0x00002b3c   Data          20  _printf_hex_int_ll_ptr.o(.constdata)
    lc_hextab                                0x00002b50   Data          20  _printf_hex_int_ll_ptr.o(.constdata)
    .constdata                               0x00002b64   Section       17  __printf_flags_ss_wp.o(.constdata)
    maptable                                 0x00002b64   Data          17  __printf_flags_ss_wp.o(.constdata)
    .constdata                               0x00002b75   Section       38  _printf_fp_hex.o(.constdata)
    lc_hextab                                0x00002b75   Data          19  _printf_fp_hex.o(.constdata)
    uc_hextab                                0x00002b88   Data          19  _printf_fp_hex.o(.constdata)
    .constdata                               0x00002b9c   Section      148  bigflt0.o(.constdata)
    tenpwrs_x                                0x00002b9c   Data          60  bigflt0.o(.constdata)
    tenpwrs_i                                0x00002bd8   Data          64  bigflt0.o(.constdata)
    locale$$data                             0x00002c50   Section       28  lc_numeric_c.o(locale$$data)
    __lcnum_c_name                           0x00002c54   Data           2  lc_numeric_c.o(locale$$data)
    __lcnum_c_start                          0x00002c5c   Data           0  lc_numeric_c.o(locale$$data)
    __lcnum_c_point                          0x00002c68   Data           0  lc_numeric_c.o(locale$$data)
    __lcnum_c_thousands                      0x00002c6a   Data           0  lc_numeric_c.o(locale$$data)
    __lcnum_c_grouping                       0x00002c6b   Data           0  lc_numeric_c.o(locale$$data)
    locale$$data                             0x00002c6c   Section      272  lc_ctype_c.o(locale$$data)
    __lcnum_c_end                            0x00002c6c   Data           0  lc_numeric_c.o(locale$$data)
    __lcctype_c_name                         0x00002c70   Data           2  lc_ctype_c.o(locale$$data)
    __lcctype_c_start                        0x00002c78   Data           0  lc_ctype_c.o(locale$$data)
    __lcctype_c_end                          0x00002d7c   Data           0  lc_ctype_c.o(locale$$data)
    .data                                    0x00010000   Section      144  main.o(.data)
    .data                                    0x00010090   Section       32  bastim_bsp.o(.data)
    .data                                    0x000100b0   Section      220  bastim_test.o(.data)
    .bss                                     0x0001018c   Section       56  uart_bsp.o(.bss)
    .bss                                     0x000101c4   Section       96  libspace.o(.bss)
    HEAP                                     0x00010228   Section     3072  startup_cm3ds.o(HEAP)
    Heap_Mem                                 0x00010228   Data        3072  startup_cm3ds.o(HEAP)
    STACK                                    0x00010e28   Section     1024  startup_cm3ds.o(STACK)
    Stack_Mem                                0x00010e28   Data        1024  startup_cm3ds.o(STACK)
    __initial_sp                             0x00011228   Data           0  startup_cm3ds.o(STACK)

    Global Symbols

    Symbol Name                              Value     Ov Type        Size  Object(Section)

    BuildAttributes$$THM_ISAv4$P$D$K$B$S$PE$A:L22UL41UL21$X:L11$S22US41US21$IEEE1$IW$USESV6$~STKCKD$USESV7$~SHL$OTIME$ROPI$IEEEJ$EBA8$UX$STANDARDLIB$REQ8$PRES8$EABIv2 0x00000000   Number         0  anon$$obj.o ABSOLUTE
    __ARM_use_no_argv                        0x00000000   Number         0  main.o ABSOLUTE
    __Vectors                                0x00000000   Data           4  startup_cm3ds.o(RESET)
    _printf_flags                            0x00000000   Number         0  printf_stubs.o ABSOLUTE
    _printf_return_value                     0x00000000   Number         0  printf_stubs.o ABSOLUTE
    _printf_sizespec                         0x00000000   Number         0  printf_stubs.o ABSOLUTE
    _printf_widthprec                        0x00000000   Number         0  printf_stubs.o ABSOLUTE
    __ARM_exceptions_init                     - Undefined Weak Reference
    __alloca_initialize                       - Undefined Weak Reference
    __arm_preinit_                            - Undefined Weak Reference
    __cpp_initialize__aeabi_                  - Undefined Weak Reference
    __cxa_finalize                            - Undefined Weak Reference
    __sigvec_lookup                           - Undefined Weak Reference
    _atexit_init                              - Undefined Weak Reference
    _call_atexit_fns                          - Undefined Weak Reference
    _clock_init                               - Undefined Weak Reference
    _fp_trap_init                             - Undefined Weak Reference
    _fp_trap_shutdown                         - Undefined Weak Reference
    _get_lc_collate                           - Undefined Weak Reference
    _get_lc_monetary                          - Undefined Weak Reference
    _get_lc_time                              - Undefined Weak Reference
    _getenv_init                              - Undefined Weak Reference
    _handle_redirection                       - Undefined Weak Reference
    _init_alloc                               - Undefined Weak Reference
    _init_user_alloc                          - Undefined Weak Reference
    _initio                                   - Undefined Weak Reference
    _printf_mbtowc                            - Undefined Weak Reference
    _printf_wc                                - Undefined Weak Reference
    _rand_init                                - Undefined Weak Reference
    _signal_finish                            - Undefined Weak Reference
    _signal_init                              - Undefined Weak Reference
    _terminate_alloc                          - Undefined Weak Reference
    _terminate_user_alloc                     - Undefined Weak Reference
    _terminateio                              - Undefined Weak Reference
    __Vectors_End                            0x00000070   Data           0  startup_cm3ds.o(RESET)
    __Vectors_Size                           0x00000070   Number         0  startup_cm3ds.o ABSOLUTE
    __main                                   0x00000071   Thumb Code     8  __main.o(!!!main)
    __scatterload                            0x00000079   Thumb Code     0  __scatter.o(!!!scatter)
    __scatterload_rt2                        0x00000079   Thumb Code    44  __scatter.o(!!!scatter)
    __scatterload_rt2_thumb_only             0x00000079   Thumb Code     0  __scatter.o(!!!scatter)
    __scatterload_null                       0x00000087   Thumb Code     0  __scatter.o(!!!scatter)
    __decompress                             0x000000ad   Thumb Code    90  __dczerorl2.o(!!dczerorl2)
    __decompress1                            0x000000ad   Thumb Code     0  __dczerorl2.o(!!dczerorl2)
    __scatterload_zeroinit                   0x00000109   Thumb Code    28  __scatter_zi.o(!!handler_zi)
    _printf_n                                0x00000125   Thumb Code     0  _printf_n.o(.ARM.Collect$$_printf_percent$$00000001)
    _printf_percent                          0x00000125   Thumb Code     0  _printf_percent.o(.ARM.Collect$$_printf_percent$$00000000)
    _printf_p                                0x0000012b   Thumb Code     0  _printf_p.o(.ARM.Collect$$_printf_percent$$00000002)
    _printf_f                                0x00000131   Thumb Code     0  _printf_f.o(.ARM.Collect$$_printf_percent$$00000003)
    _printf_e                                0x00000137   Thumb Code     0  _printf_e.o(.ARM.Collect$$_printf_percent$$00000004)
    _printf_g                                0x0000013d   Thumb Code     0  _printf_g.o(.ARM.Collect$$_printf_percent$$00000005)
    _printf_a                                0x00000143   Thumb Code     0  _printf_a.o(.ARM.Collect$$_printf_percent$$00000006)
    _printf_ll                               0x00000149   Thumb Code     0  _printf_ll.o(.ARM.Collect$$_printf_percent$$00000007)
    _printf_i                                0x00000153   Thumb Code     0  _printf_i.o(.ARM.Collect$$_printf_percent$$00000008)
    _printf_d                                0x00000159   Thumb Code     0  _printf_d.o(.ARM.Collect$$_printf_percent$$00000009)
    _printf_u                                0x0000015f   Thumb Code     0  _printf_u.o(.ARM.Collect$$_printf_percent$$0000000A)
    _printf_o                                0x00000165   Thumb Code     0  _printf_o.o(.ARM.Collect$$_printf_percent$$0000000B)
    _printf_x                                0x0000016b   Thumb Code     0  _printf_x.o(.ARM.Collect$$_printf_percent$$0000000C)
    _printf_lli                              0x00000171   Thumb Code     0  _printf_lli.o(.ARM.Collect$$_printf_percent$$0000000D)
    _printf_lld                              0x00000177   Thumb Code     0  _printf_lld.o(.ARM.Collect$$_printf_percent$$0000000E)
    _printf_llu                              0x0000017d   Thumb Code     0  _printf_llu.o(.ARM.Collect$$_printf_percent$$0000000F)
    _printf_llo                              0x00000183   Thumb Code     0  _printf_llo.o(.ARM.Collect$$_printf_percent$$00000010)
    _printf_llx                              0x00000189   Thumb Code     0  _printf_llx.o(.ARM.Collect$$_printf_percent$$00000011)
    _printf_l                                0x0000018f   Thumb Code     0  _printf_l.o(.ARM.Collect$$_printf_percent$$00000012)
    _printf_c                                0x00000199   Thumb Code     0  _printf_c.o(.ARM.Collect$$_printf_percent$$00000013)
    _printf_s                                0x0000019f   Thumb Code     0  _printf_s.o(.ARM.Collect$$_printf_percent$$00000014)
    _printf_lc                               0x000001a5   Thumb Code     0  _printf_lc.o(.ARM.Collect$$_printf_percent$$00000015)
    _printf_ls                               0x000001ab   Thumb Code     0  _printf_ls.o(.ARM.Collect$$_printf_percent$$00000016)
    _printf_percent_end                      0x000001b1   Thumb Code     0  _printf_percent_end.o(.ARM.Collect$$_printf_percent$$00000017)
    __rt_lib_init                            0x000001b5   Thumb Code     0  libinit.o(.ARM.Collect$$libinit$$00000000)
    __rt_lib_init_fp_1                       0x000001b7   Thumb Code     0  libinit2.o(.ARM.Collect$$libinit$$00000002)
    __rt_lib_init_heap_1                     0x000001b7   Thumb Code     0  libinit2.o(.ARM.Collect$$libinit$$0000000A)
    __rt_lib_init_lc_common                  0x000001b7   Thumb Code     0  libinit2.o(.ARM.Collect$$libinit$$0000000F)
    __rt_lib_init_preinit_1                  0x000001b7   Thumb Code     0  libinit2.o(.ARM.Collect$$libinit$$00000004)
    __rt_lib_init_rand_1                     0x000001b7   Thumb Code     0  libinit2.o(.ARM.Collect$$libinit$$0000000E)
    __rt_lib_init_user_alloc_1               0x000001b7   Thumb Code     0  libinit2.o(.ARM.Collect$$libinit$$0000000C)
    __rt_lib_init_lc_collate_1               0x000001bd   Thumb Code     0  libinit2.o(.ARM.Collect$$libinit$$00000011)
    __rt_lib_init_lc_ctype_2                 0x000001bd   Thumb Code     0  libinit2.o(.ARM.Collect$$libinit$$00000012)
    __rt_lib_init_lc_ctype_1                 0x000001c9   Thumb Code     0  libinit2.o(.ARM.Collect$$libinit$$00000013)
    __rt_lib_init_lc_monetary_1              0x000001c9   Thumb Code     0  libinit2.o(.ARM.Collect$$libinit$$00000015)
    __rt_lib_init_lc_numeric_2               0x000001c9   Thumb Code     0  libinit2.o(.ARM.Collect$$libinit$$00000016)
    __rt_lib_init_alloca_1                   0x000001d3   Thumb Code     0  libinit2.o(.ARM.Collect$$libinit$$0000002E)
    __rt_lib_init_argv_1                     0x000001d3   Thumb Code     0  libinit2.o(.ARM.Collect$$libinit$$0000002C)
    __rt_lib_init_atexit_1                   0x000001d3   Thumb Code     0  libinit2.o(.ARM.Collect$$libinit$$0000001B)
    __rt_lib_init_clock_1                    0x000001d3   Thumb Code     0  libinit2.o(.ARM.Collect$$libinit$$00000021)
    __rt_lib_init_cpp_1                      0x000001d3   Thumb Code     0  libinit2.o(.ARM.Collect$$libinit$$00000032)
    __rt_lib_init_exceptions_1               0x000001d3   Thumb Code     0  libinit2.o(.ARM.Collect$$libinit$$00000030)
    __rt_lib_init_fp_trap_1                  0x000001d3   Thumb Code     0  libinit2.o(.ARM.Collect$$libinit$$0000001F)
    __rt_lib_init_getenv_1                   0x000001d3   Thumb Code     0  libinit2.o(.ARM.Collect$$libinit$$00000023)
    __rt_lib_init_lc_numeric_1               0x000001d3   Thumb Code     0  libinit2.o(.ARM.Collect$$libinit$$00000017)
    __rt_lib_init_lc_time_1                  0x000001d3   Thumb Code     0  libinit2.o(.ARM.Collect$$libinit$$00000019)
    __rt_lib_init_return                     0x000001d3   Thumb Code     0  libinit2.o(.ARM.Collect$$libinit$$00000033)
    __rt_lib_init_signal_1                   0x000001d3   Thumb Code     0  libinit2.o(.ARM.Collect$$libinit$$0000001D)
    __rt_lib_init_stdio_1                    0x000001d3   Thumb Code     0  libinit2.o(.ARM.Collect$$libinit$$00000025)
    __rt_lib_shutdown                        0x000001d5   Thumb Code     0  libshutdown.o(.ARM.Collect$$libshutdown$$00000000)
    __rt_lib_shutdown_cpp_1                  0x000001d7   Thumb Code     0  libshutdown2.o(.ARM.Collect$$libshutdown$$00000002)
    __rt_lib_shutdown_fp_trap_1              0x000001d7   Thumb Code     0  libshutdown2.o(.ARM.Collect$$libshutdown$$00000007)
    __rt_lib_shutdown_heap_1                 0x000001d7   Thumb Code     0  libshutdown2.o(.ARM.Collect$$libshutdown$$0000000F)
    __rt_lib_shutdown_return                 0x000001d7   Thumb Code     0  libshutdown2.o(.ARM.Collect$$libshutdown$$00000010)
    __rt_lib_shutdown_signal_1               0x000001d7   Thumb Code     0  libshutdown2.o(.ARM.Collect$$libshutdown$$0000000A)
    __rt_lib_shutdown_stdio_1                0x000001d7   Thumb Code     0  libshutdown2.o(.ARM.Collect$$libshutdown$$00000004)
    __rt_lib_shutdown_user_alloc_1           0x000001d7   Thumb Code     0  libshutdown2.o(.ARM.Collect$$libshutdown$$0000000C)
    __rt_entry                               0x000001d9   Thumb Code     0  __rtentry.o(.ARM.Collect$$rtentry$$00000000)
    __rt_entry_presh_1                       0x000001d9   Thumb Code     0  __rtentry2.o(.ARM.Collect$$rtentry$$00000002)
    __rt_entry_sh                            0x000001d9   Thumb Code     0  __rtentry4.o(.ARM.Collect$$rtentry$$00000004)
    __rt_entry_li                            0x000001df   Thumb Code     0  __rtentry2.o(.ARM.Collect$$rtentry$$0000000A)
    __rt_entry_postsh_1                      0x000001df   Thumb Code     0  __rtentry2.o(.ARM.Collect$$rtentry$$00000009)
    __rt_entry_main                          0x000001e3   Thumb Code     0  __rtentry2.o(.ARM.Collect$$rtentry$$0000000D)
    __rt_entry_postli_1                      0x000001e3   Thumb Code     0  __rtentry2.o(.ARM.Collect$$rtentry$$0000000C)
    __rt_exit                                0x000001eb   Thumb Code     0  rtexit.o(.ARM.Collect$$rtexit$$00000000)
    __rt_exit_ls                             0x000001ed   Thumb Code     0  rtexit2.o(.ARM.Collect$$rtexit$$00000003)
    __rt_exit_prels_1                        0x000001ed   Thumb Code     0  rtexit2.o(.ARM.Collect$$rtexit$$00000002)
    __rt_exit_exit                           0x000001f1   Thumb Code     0  rtexit2.o(.ARM.Collect$$rtexit$$00000004)
    Reset_Handler                            0x000001f9   Thumb Code     4  startup_cm3ds.o(.text)
    Gpioa_Handler                            0x0000020f   Thumb Code     0  startup_cm3ds.o(.text)
    Resv2_Handler                            0x0000020f   Thumb Code     0  startup_cm3ds.o(.text)
    Resv3_Handler                            0x0000020f   Thumb Code     0  startup_cm3ds.o(.text)
    Resv4_Handler                            0x0000020f   Thumb Code     0  startup_cm3ds.o(.text)
    Resv6_Handler                            0x0000020f   Thumb Code     0  startup_cm3ds.o(.text)
    Resv7_Handler                            0x0000020f   Thumb Code     0  startup_cm3ds.o(.text)
    Uart1_Handler                            0x0000020f   Thumb Code     0  startup_cm3ds.o(.text)
    __user_initial_stackheap                 0x00000211   Thumb Code    10  startup_cm3ds.o(.text)
    vsprintf                                 0x00000231   Thumb Code    32  vsprintf.o(.text)
    strlen                                   0x00000255   Thumb Code    62  strlen.o(.text)
    __use_two_region_memory                  0x00000293   Thumb Code     2  heapauxi.o(.text)
    __rt_heap_escrow$2region                 0x00000295   Thumb Code     2  heapauxi.o(.text)
    __rt_heap_expand$2region                 0x00000297   Thumb Code     2  heapauxi.o(.text)
    _printf_pre_padding                      0x00000299   Thumb Code    44  _printf_pad.o(.text)
    _printf_post_padding                     0x000002c5   Thumb Code    34  _printf_pad.o(.text)
    _printf_truncate_signed                  0x000002e7   Thumb Code    18  _printf_truncate.o(.text)
    _printf_truncate_unsigned                0x000002f9   Thumb Code    18  _printf_truncate.o(.text)
    _printf_str                              0x0000030b   Thumb Code    82  _printf_str.o(.text)
    _printf_int_dec                          0x0000035d   Thumb Code   104  _printf_dec.o(.text)
    _printf_charcount                        0x000003d5   Thumb Code    40  _printf_charcount.o(.text)
    _printf_char_common                      0x00000407   Thumb Code    32  _printf_char_common.o(.text)
    _sputc                                   0x0000042d   Thumb Code    10  _sputc.o(.text)
    _printf_wctomb                           0x00000439   Thumb Code   182  _printf_wctomb.o(.text)
    _printf_longlong_dec                     0x000004f5   Thumb Code   108  _printf_longlong_dec.o(.text)
    _printf_longlong_oct                     0x00000571   Thumb Code    66  _printf_oct_int_ll.o(.text)
    _printf_int_oct                          0x000005b3   Thumb Code    24  _printf_oct_int_ll.o(.text)
    _printf_ll_oct                           0x000005cb   Thumb Code    12  _printf_oct_int_ll.o(.text)
    _printf_longlong_hex                     0x000005e1   Thumb Code    86  _printf_hex_int_ll_ptr.o(.text)
    _printf_int_hex                          0x00000637   Thumb Code    28  _printf_hex_int_ll_ptr.o(.text)
    _printf_ll_hex                           0x00000653   Thumb Code    12  _printf_hex_int_ll_ptr.o(.text)
    _printf_hex_ptr                          0x0000065f   Thumb Code    18  _printf_hex_int_ll_ptr.o(.text)
    __printf                                 0x00000675   Thumb Code   388  __printf_flags_ss_wp.o(.text)
    _ll_udiv10                               0x000007fd   Thumb Code   138  lludiv10.o(.text)
    _printf_int_common                       0x00000887   Thumb Code   178  _printf_intcommon.o(.text)
    __lib_sel_fp_printf                      0x00000939   Thumb Code     2  _printf_fp_dec.o(.text)
    _printf_fp_dec_real                      0x00000aeb   Thumb Code   620  _printf_fp_dec.o(.text)
    _printf_fp_hex_real                      0x00000d59   Thumb Code   756  _printf_fp_hex.o(.text)
    _printf_cs_common                        0x00001055   Thumb Code    20  _printf_char.o(.text)
    _printf_char                             0x00001069   Thumb Code    16  _printf_char.o(.text)
    _printf_string                           0x00001079   Thumb Code     8  _printf_char.o(.text)
    _printf_lcs_common                       0x00001081   Thumb Code    20  _printf_wchar.o(.text)
    _printf_wchar                            0x00001095   Thumb Code    16  _printf_wchar.o(.text)
    _printf_wstring                          0x000010a5   Thumb Code     8  _printf_wchar.o(.text)
    _wcrtomb                                 0x000010ad   Thumb Code    64  _wcrtomb.o(.text)
    __user_setup_stackheap                   0x000010ed   Thumb Code    74  sys_stackheap_outer.o(.text)
    __rt_ctype_table                         0x00001139   Thumb Code    16  rt_ctype_table.o(.text)
    __rt_locale                              0x00001149   Thumb Code     8  rt_locale_intlibspace.o(.text)
    _printf_fp_infnan                        0x00001151   Thumb Code   112  _printf_fp_infnan.o(.text)
    _btod_etento                             0x000011d1   Thumb Code   224  bigflt0.o(.text)
    exit                                     0x000012b5   Thumb Code    18  exit.o(.text)
    __user_libspace                          0x000012c9   Thumb Code     8  libspace.o(.text)
    __user_perproc_libspace                  0x000012c9   Thumb Code     0  libspace.o(.text)
    __user_perthread_libspace                0x000012c9   Thumb Code     0  libspace.o(.text)
    strcmp                                   0x000012d1   Thumb Code   128  strcmpv7m.o(.text)
    _sys_exit                                0x00001351   Thumb Code     8  sys_exit.o(.text)
    __I$use$semihosting                      0x0000135d   Thumb Code     0  use_no_semi.o(.text)
    __use_no_semihosting_swi                 0x0000135d   Thumb Code     2  use_no_semi.o(.text)
    __semihosting_library_function           0x0000135f   Thumb Code     0  indicate_semi.o(.text)
    _btod_d2e                                0x0000135f   Thumb Code    62  btod.o(CL$$btod_d2e)
    _d2e_denorm_low                          0x0000139d   Thumb Code    70  btod.o(CL$$btod_d2e_denorm_low)
    _d2e_norm_op1                            0x000013e3   Thumb Code    96  btod.o(CL$$btod_d2e_norm_op1)
    __btod_div_common                        0x00001443   Thumb Code   696  btod.o(CL$$btod_div_common)
    _e2e                                     0x0000177b   Thumb Code   220  btod.o(CL$$btod_e2e)
    _btod_ediv                               0x00001857   Thumb Code    42  btod.o(CL$$btod_ediv)
    _btod_emul                               0x00001881   Thumb Code    42  btod.o(CL$$btod_emul)
    __btod_mult_common                       0x000018ab   Thumb Code   580  btod.o(CL$$btod_mult_common)
    Bastim_Ch0_Handler                       0x00001af1   Thumb Code    16  interrupt.o(i.Bastim_Ch0_Handler)
    Bastim_Ch1_Handler                       0x00001b05   Thumb Code    16  interrupt.o(i.Bastim_Ch1_Handler)
    Bastim_Ch2_Handler                       0x00001b19   Thumb Code    16  interrupt.o(i.Bastim_Ch2_Handler)
    Bastim_Ch3_Handler                       0x00001b2d   Thumb Code    16  interrupt.o(i.Bastim_Ch3_Handler)
    BusFault_Handler                         0x00001b41   Thumb Code     4  interrupt.o(i.BusFault_Handler)
    DebugMon_Handler                         0x00001b45   Thumb Code     2  interrupt.o(i.DebugMon_Handler)
    HardFault_Handler                        0x00001b47   Thumb Code     4  interrupt.o(i.HardFault_Handler)
    MemManage_Handler                        0x00001b4b   Thumb Code     4  interrupt.o(i.MemManage_Handler)
    NMI_Handler                              0x00001b4f   Thumb Code     2  interrupt.o(i.NMI_Handler)
    PendSV_Handler                           0x00001b51   Thumb Code     2  interrupt.o(i.PendSV_Handler)
    SVC_Handler                              0x00001b53   Thumb Code     2  interrupt.o(i.SVC_Handler)
    SysTick_Handler                          0x00001b55   Thumb Code     2  interrupt.o(i.SysTick_Handler)
    Uart0_Handler                            0x00001b59   Thumb Code    16  interrupt.o(i.Uart0_Handler)
    UsageFault_Handler                       0x00001b6d   Thumb Code     4  interrupt.o(i.UsageFault_Handler)
    __ARM_fpclassify                         0x00001b71   Thumb Code    40  fpclassify.o(i.__ARM_fpclassify)
    _is_digit                                0x00001c35   Thumb Code    14  __printf_wp.o(i._is_digit)
    bastim_4ch_autoreload_int_test           0x00001c45   Thumb Code   238  bastim_test.o(i.bastim_4ch_autoreload_int_test)
    bastim_4ch_autoreload_test               0x00001d69   Thumb Code   238  bastim_test.o(i.bastim_4ch_autoreload_test)
    bastim_4ch_test                          0x00001e89   Thumb Code   294  bastim_test.o(i.bastim_4ch_test)
    bastim_ch0_deinit                        0x00001ff1   Thumb Code    12  bastim_bsp.o(i.bastim_ch0_deinit)
    bastim_ch0_init                          0x00002005   Thumb Code    30  bastim_bsp.o(i.bastim_ch0_init)
    bastim_ch1_deinit                        0x0000202d   Thumb Code    12  bastim_bsp.o(i.bastim_ch1_deinit)
    bastim_ch1_init                          0x00002041   Thumb Code    30  bastim_bsp.o(i.bastim_ch1_init)
    bastim_ch2_deinit                        0x00002069   Thumb Code    12  bastim_bsp.o(i.bastim_ch2_deinit)
    bastim_ch2_init                          0x0000207d   Thumb Code    32  bastim_bsp.o(i.bastim_ch2_init)
    bastim_ch3_deinit                        0x000020a5   Thumb Code    12  bastim_bsp.o(i.bastim_ch3_deinit)
    bastim_ch3_init                          0x000020b9   Thumb Code    30  bastim_bsp.o(i.bastim_ch3_init)
    bastim_channel0_int_callback             0x000020e1   Thumb Code    12  bastim_test.o(i.bastim_channel0_int_callback)
    bastim_channel1_int_callback             0x000020f1   Thumb Code    12  bastim_test.o(i.bastim_channel1_int_callback)
    bastim_channel2_int_callback             0x00002101   Thumb Code    12  bastim_test.o(i.bastim_channel2_int_callback)
    bastim_channel3_int_callback             0x00002111   Thumb Code    12  bastim_test.o(i.bastim_channel3_int_callback)
    bastim_testmenu                          0x00002121   Thumb Code    22  bastim_test.o(i.bastim_testmenu)
    drv_bastim_channel0_interrupt_handler    0x0000219b   Thumb Code    38  drv_bastim.o(i.drv_bastim_channel0_interrupt_handler)
    drv_bastim_channel1_interrupt_handler    0x000021c1   Thumb Code    42  drv_bastim.o(i.drv_bastim_channel1_interrupt_handler)
    drv_bastim_channel2_interrupt_handler    0x000021eb   Thumb Code    42  drv_bastim.o(i.drv_bastim_channel2_interrupt_handler)
    drv_bastim_channel3_interrupt_handler    0x00002215   Thumb Code    42  drv_bastim.o(i.drv_bastim_channel3_interrupt_handler)
    drv_bastim_deinit                        0x0000232f   Thumb Code    88  drv_bastim.o(i.drv_bastim_deinit)
    drv_bastim_init                          0x00002387   Thumb Code    36  drv_bastim.o(i.drv_bastim_init)
    drv_bastim_set_config                    0x000023dd   Thumb Code   294  drv_bastim.o(i.drv_bastim_set_config)
    drv_check_rw_data                        0x00002503   Thumb Code    40  drv_common.o(i.drv_check_rw_data)
    drv_uart_default_config                  0x0000252b   Thumb Code    28  drv_uart.o(i.drv_uart_default_config)
    drv_uart_getchar_timeout                 0x00002547   Thumb Code   108  drv_uart.o(i.drv_uart_getchar_timeout)
    drv_uart_init                            0x000025b3   Thumb Code    82  drv_uart.o(i.drv_uart_init)
    drv_uart_interrupt_handler               0x0000263b   Thumb Code   350  drv_uart.o(i.drv_uart_interrupt_handler)
    drv_uart_printf                          0x00002803   Thumb Code    26  drv_uart_ex.o(i.drv_uart_printf)
    drv_uart_putchars                        0x0000281d   Thumb Code    72  drv_uart.o(i.drv_uart_putchars)
    drv_uart_set_config                      0x00002865   Thumb Code    76  drv_uart.o(i.drv_uart_set_config)
    main                                     0x000028b5   Thumb Code    12  main.o(i.main)
    mcu_testmenu                             0x000028c1   Thumb Code    22  main.o(i.mcu_testmenu)
    show_testmenu                            0x000028dd   Thumb Code    58  main.o(i.show_testmenu)
    test_execute                             0x0000296d   Thumb Code   142  main.o(i.test_execute)
    test_printf_s                            0x00002a61   Thumb Code    12  uart_bsp.o(i.test_printf_s)
    uart0_init                               0x00002a6d   Thumb Code    22  uart_bsp.o(i.uart0_init)
    uart_int_rx_fifo_noempty_callback        0x00002a8d   Thumb Code     2  drv_uart.o(i.uart_int_rx_fifo_noempty_callback)
    uart_int_rx_fifo_thres_callback          0x00002a8f   Thumb Code     2  drv_uart.o(i.uart_int_rx_fifo_thres_callback)
    uart_int_rx_noise_detect_callback        0x00002a91   Thumb Code     2  drv_uart.o(i.uart_int_rx_noise_detect_callback)
    uart_int_rx_parity_error_callback        0x00002a93   Thumb Code     2  drv_uart.o(i.uart_int_rx_parity_error_callback)
    uart_int_rx_stop_callback                0x00002a95   Thumb Code     2  drv_uart.o(i.uart_int_rx_stop_callback)
    uart_int_rx_stop_detect_callback         0x00002a97   Thumb Code     2  drv_uart.o(i.uart_int_rx_stop_detect_callback)
    uart_int_tx_done_callback                0x00002a99   Thumb Code     2  drv_uart.o(i.uart_int_tx_done_callback)
    uart_int_tx_fifo_empty_callback          0x00002a9b   Thumb Code     2  drv_uart.o(i.uart_int_tx_fifo_empty_callback)
    uart_int_tx_fifo_thres_callback          0x00002a9d   Thumb Code     2  drv_uart.o(i.uart_int_tx_fifo_thres_callback)
    vprintf                                  0x00002aa1   Thumb Code    48  drv_uart_ex.o(i.vprintf)
    _get_lc_numeric                          0x00002ad5   Thumb Code    44  lc_numeric_c.o(locale$$code)
    _get_lc_ctype                            0x00002b01   Thumb Code    44  lc_ctype_c.o(locale$$code)
    _printf_fp_dec                           0x00002b2d   Thumb Code     4  printf1.o(x$fpl$printf1)
    _printf_fp_hex                           0x00002b31   Thumb Code     4  printf2.o(x$fpl$printf2)
    __I$use$fp                               0x00002b34   Number         0  usenofp.o(x$fpl$usenofp)
    Region$$Table$$Base                      0x00002c30   Number         0  anon$$obj.o(Region$$Table)
    Region$$Table$$Limit                     0x00002c50   Number         0  anon$$obj.o(Region$$Table)
    __ctype                                  0x00002c79   Data           0  lc_ctype_c.o(locale$$data)
    g_mcu_menu                               0x00010000   Data         144  main.o(.data)
    bastim_ch0                               0x00010090   Data           8  bastim_bsp.o(.data)
    bastim_ch1                               0x00010098   Data           8  bastim_bsp.o(.data)
    bastim_ch2                               0x000100a0   Data           8  bastim_bsp.o(.data)
    bastim_ch3                               0x000100a8   Data           8  bastim_bsp.o(.data)
    bastim_ch0_int_flag                      0x000100b0   Data           1  bastim_test.o(.data)
    bastim_ch1_int_flag                      0x000100b1   Data           1  bastim_test.o(.data)
    bastim_ch2_int_flag                      0x000100b2   Data           1  bastim_test.o(.data)
    bastim_ch3_int_flag                      0x000100b3   Data           1  bastim_test.o(.data)
    g_bastim_menu                            0x000100b4   Data         216  bastim_test.o(.data)
    huart0                                   0x0001018c   Data          28  uart_bsp.o(.bss)
    huart1                                   0x000101a8   Data          28  uart_bsp.o(.bss)
    __libspace_start                         0x000101c4   Data          96  libspace.o(.bss)
    __temporary_stack_top$libspace           0x00010224   Data           0  libspace.o(.bss)



==============================================================================

Memory Map of the image

  Image Entry point : 0x00000071

  Load Region LR_IROM1 (Base: 0x00000000, Size: 0x00002f08, Max: 0x00008000, ABSOLUTE, COMPRESSED[0x00002de0])

    Execution Region ER_IROM1 (Exec base: 0x00000000, Load base: 0x00000000, Size: 0x00002d7c, Max: 0x00008000, ABSOLUTE)

    Exec Addr    Load Addr    Size         Type   Attr      Idx    E Section Name        Object

    0x00000000   0x00000000   0x00000070   Data   RO          478    RESET               startup_cm3ds.o
    0x00000070   0x00000070   0x00000008   Code   RO         1053  * !!!main             c_w.l(__main.o)
    0x00000078   0x00000078   0x00000034   Code   RO         1376    !!!scatter          c_w.l(__scatter.o)
    0x000000ac   0x000000ac   0x0000005a   Code   RO         1374    !!dczerorl2         c_w.l(__dczerorl2.o)
    0x00000106   0x00000106   0x00000002   PAD
    0x00000108   0x00000108   0x0000001c   Code   RO         1378    !!handler_zi        c_w.l(__scatter_zi.o)
    0x00000124   0x00000124   0x00000000   Code   RO         1137    .ARM.Collect$$_printf_percent$$00000000  c_w.l(_printf_percent.o)
    0x00000124   0x00000124   0x00000006   Code   RO         1126    .ARM.Collect$$_printf_percent$$00000001  c_w.l(_printf_n.o)
    0x0000012a   0x0000012a   0x00000006   Code   RO         1128    .ARM.Collect$$_printf_percent$$00000002  c_w.l(_printf_p.o)
    0x00000130   0x00000130   0x00000006   Code   RO         1133    .ARM.Collect$$_printf_percent$$00000003  c_w.l(_printf_f.o)
    0x00000136   0x00000136   0x00000006   Code   RO         1134    .ARM.Collect$$_printf_percent$$00000004  c_w.l(_printf_e.o)
    0x0000013c   0x0000013c   0x00000006   Code   RO         1135    .ARM.Collect$$_printf_percent$$00000005  c_w.l(_printf_g.o)
    0x00000142   0x00000142   0x00000006   Code   RO         1136    .ARM.Collect$$_printf_percent$$00000006  c_w.l(_printf_a.o)
    0x00000148   0x00000148   0x0000000a   Code   RO         1141    .ARM.Collect$$_printf_percent$$00000007  c_w.l(_printf_ll.o)
    0x00000152   0x00000152   0x00000006   Code   RO         1130    .ARM.Collect$$_printf_percent$$00000008  c_w.l(_printf_i.o)
    0x00000158   0x00000158   0x00000006   Code   RO         1131    .ARM.Collect$$_printf_percent$$00000009  c_w.l(_printf_d.o)
    0x0000015e   0x0000015e   0x00000006   Code   RO         1132    .ARM.Collect$$_printf_percent$$0000000A  c_w.l(_printf_u.o)
    0x00000164   0x00000164   0x00000006   Code   RO         1129    .ARM.Collect$$_printf_percent$$0000000B  c_w.l(_printf_o.o)
    0x0000016a   0x0000016a   0x00000006   Code   RO         1127    .ARM.Collect$$_printf_percent$$0000000C  c_w.l(_printf_x.o)
    0x00000170   0x00000170   0x00000006   Code   RO         1138    .ARM.Collect$$_printf_percent$$0000000D  c_w.l(_printf_lli.o)
    0x00000176   0x00000176   0x00000006   Code   RO         1139    .ARM.Collect$$_printf_percent$$0000000E  c_w.l(_printf_lld.o)
    0x0000017c   0x0000017c   0x00000006   Code   RO         1140    .ARM.Collect$$_printf_percent$$0000000F  c_w.l(_printf_llu.o)
    0x00000182   0x00000182   0x00000006   Code   RO         1145    .ARM.Collect$$_printf_percent$$00000010  c_w.l(_printf_llo.o)
    0x00000188   0x00000188   0x00000006   Code   RO         1146    .ARM.Collect$$_printf_percent$$00000011  c_w.l(_printf_llx.o)
    0x0000018e   0x0000018e   0x0000000a   Code   RO         1142    .ARM.Collect$$_printf_percent$$00000012  c_w.l(_printf_l.o)
    0x00000198   0x00000198   0x00000006   Code   RO         1124    .ARM.Collect$$_printf_percent$$00000013  c_w.l(_printf_c.o)
    0x0000019e   0x0000019e   0x00000006   Code   RO         1125    .ARM.Collect$$_printf_percent$$00000014  c_w.l(_printf_s.o)
    0x000001a4   0x000001a4   0x00000006   Code   RO         1143    .ARM.Collect$$_printf_percent$$00000015  c_w.l(_printf_lc.o)
    0x000001aa   0x000001aa   0x00000006   Code   RO         1144    .ARM.Collect$$_printf_percent$$00000016  c_w.l(_printf_ls.o)
    0x000001b0   0x000001b0   0x00000004   Code   RO         1185    .ARM.Collect$$_printf_percent$$00000017  c_w.l(_printf_percent_end.o)
    0x000001b4   0x000001b4   0x00000002   Code   RO         1234    .ARM.Collect$$libinit$$00000000  c_w.l(libinit.o)
    0x000001b6   0x000001b6   0x00000000   Code   RO         1251    .ARM.Collect$$libinit$$00000002  c_w.l(libinit2.o)
    0x000001b6   0x000001b6   0x00000000   Code   RO         1253    .ARM.Collect$$libinit$$00000004  c_w.l(libinit2.o)
    0x000001b6   0x000001b6   0x00000000   Code   RO         1256    .ARM.Collect$$libinit$$0000000A  c_w.l(libinit2.o)
    0x000001b6   0x000001b6   0x00000000   Code   RO         1258    .ARM.Collect$$libinit$$0000000C  c_w.l(libinit2.o)
    0x000001b6   0x000001b6   0x00000000   Code   RO         1260    .ARM.Collect$$libinit$$0000000E  c_w.l(libinit2.o)
    0x000001b6   0x000001b6   0x00000006   Code   RO         1261    .ARM.Collect$$libinit$$0000000F  c_w.l(libinit2.o)
    0x000001bc   0x000001bc   0x00000000   Code   RO         1263    .ARM.Collect$$libinit$$00000011  c_w.l(libinit2.o)
    0x000001bc   0x000001bc   0x0000000c   Code   RO         1264    .ARM.Collect$$libinit$$00000012  c_w.l(libinit2.o)
    0x000001c8   0x000001c8   0x00000000   Code   RO         1265    .ARM.Collect$$libinit$$00000013  c_w.l(libinit2.o)
    0x000001c8   0x000001c8   0x00000000   Code   RO         1267    .ARM.Collect$$libinit$$00000015  c_w.l(libinit2.o)
    0x000001c8   0x000001c8   0x0000000a   Code   RO         1268    .ARM.Collect$$libinit$$00000016  c_w.l(libinit2.o)
    0x000001d2   0x000001d2   0x00000000   Code   RO         1269    .ARM.Collect$$libinit$$00000017  c_w.l(libinit2.o)
    0x000001d2   0x000001d2   0x00000000   Code   RO         1271    .ARM.Collect$$libinit$$00000019  c_w.l(libinit2.o)
    0x000001d2   0x000001d2   0x00000000   Code   RO         1273    .ARM.Collect$$libinit$$0000001B  c_w.l(libinit2.o)
    0x000001d2   0x000001d2   0x00000000   Code   RO         1275    .ARM.Collect$$libinit$$0000001D  c_w.l(libinit2.o)
    0x000001d2   0x000001d2   0x00000000   Code   RO         1277    .ARM.Collect$$libinit$$0000001F  c_w.l(libinit2.o)
    0x000001d2   0x000001d2   0x00000000   Code   RO         1279    .ARM.Collect$$libinit$$00000021  c_w.l(libinit2.o)
    0x000001d2   0x000001d2   0x00000000   Code   RO         1281    .ARM.Collect$$libinit$$00000023  c_w.l(libinit2.o)
    0x000001d2   0x000001d2   0x00000000   Code   RO         1283    .ARM.Collect$$libinit$$00000025  c_w.l(libinit2.o)
    0x000001d2   0x000001d2   0x00000000   Code   RO         1287    .ARM.Collect$$libinit$$0000002C  c_w.l(libinit2.o)
    0x000001d2   0x000001d2   0x00000000   Code   RO         1289    .ARM.Collect$$libinit$$0000002E  c_w.l(libinit2.o)
    0x000001d2   0x000001d2   0x00000000   Code   RO         1291    .ARM.Collect$$libinit$$00000030  c_w.l(libinit2.o)
    0x000001d2   0x000001d2   0x00000000   Code   RO         1293    .ARM.Collect$$libinit$$00000032  c_w.l(libinit2.o)
    0x000001d2   0x000001d2   0x00000002   Code   RO         1294    .ARM.Collect$$libinit$$00000033  c_w.l(libinit2.o)
    0x000001d4   0x000001d4   0x00000002   Code   RO         1314    .ARM.Collect$$libshutdown$$00000000  c_w.l(libshutdown.o)
    0x000001d6   0x000001d6   0x00000000   Code   RO         1327    .ARM.Collect$$libshutdown$$00000002  c_w.l(libshutdown2.o)
    0x000001d6   0x000001d6   0x00000000   Code   RO         1329    .ARM.Collect$$libshutdown$$00000004  c_w.l(libshutdown2.o)
    0x000001d6   0x000001d6   0x00000000   Code   RO         1332    .ARM.Collect$$libshutdown$$00000007  c_w.l(libshutdown2.o)
    0x000001d6   0x000001d6   0x00000000   Code   RO         1335    .ARM.Collect$$libshutdown$$0000000A  c_w.l(libshutdown2.o)
    0x000001d6   0x000001d6   0x00000000   Code   RO         1337    .ARM.Collect$$libshutdown$$0000000C  c_w.l(libshutdown2.o)
    0x000001d6   0x000001d6   0x00000000   Code   RO         1340    .ARM.Collect$$libshutdown$$0000000F  c_w.l(libshutdown2.o)
    0x000001d6   0x000001d6   0x00000002   Code   RO         1341    .ARM.Collect$$libshutdown$$00000010  c_w.l(libshutdown2.o)
    0x000001d8   0x000001d8   0x00000000   Code   RO         1055    .ARM.Collect$$rtentry$$00000000  c_w.l(__rtentry.o)
    0x000001d8   0x000001d8   0x00000000   Code   RO         1156    .ARM.Collect$$rtentry$$00000002  c_w.l(__rtentry2.o)
    0x000001d8   0x000001d8   0x00000006   Code   RO         1168    .ARM.Collect$$rtentry$$00000004  c_w.l(__rtentry4.o)
    0x000001de   0x000001de   0x00000000   Code   RO         1158    .ARM.Collect$$rtentry$$00000009  c_w.l(__rtentry2.o)
    0x000001de   0x000001de   0x00000004   Code   RO         1159    .ARM.Collect$$rtentry$$0000000A  c_w.l(__rtentry2.o)
    0x000001e2   0x000001e2   0x00000000   Code   RO         1161    .ARM.Collect$$rtentry$$0000000C  c_w.l(__rtentry2.o)
    0x000001e2   0x000001e2   0x00000008   Code   RO         1162    .ARM.Collect$$rtentry$$0000000D  c_w.l(__rtentry2.o)
    0x000001ea   0x000001ea   0x00000002   Code   RO         1243    .ARM.Collect$$rtexit$$00000000  c_w.l(rtexit.o)
    0x000001ec   0x000001ec   0x00000000   Code   RO         1296    .ARM.Collect$$rtexit$$00000002  c_w.l(rtexit2.o)
    0x000001ec   0x000001ec   0x00000004   Code   RO         1297    .ARM.Collect$$rtexit$$00000003  c_w.l(rtexit2.o)
    0x000001f0   0x000001f0   0x00000006   Code   RO         1298    .ARM.Collect$$rtexit$$00000004  c_w.l(rtexit2.o)
    0x000001f6   0x000001f6   0x00000002   PAD
    0x000001f8   0x000001f8   0x00000038   Code   RO          479    .text               startup_cm3ds.o
    0x00000230   0x00000230   0x00000024   Code   RO         1047    .text               c_w.l(vsprintf.o)
    0x00000254   0x00000254   0x0000003e   Code   RO         1049    .text               c_w.l(strlen.o)
    0x00000292   0x00000292   0x00000006   Code   RO         1051    .text               c_w.l(heapauxi.o)
    0x00000298   0x00000298   0x0000004e   Code   RO         1058    .text               c_w.l(_printf_pad.o)
    0x000002e6   0x000002e6   0x00000024   Code   RO         1060    .text               c_w.l(_printf_truncate.o)
    0x0000030a   0x0000030a   0x00000052   Code   RO         1062    .text               c_w.l(_printf_str.o)
    0x0000035c   0x0000035c   0x00000078   Code   RO         1064    .text               c_w.l(_printf_dec.o)
    0x000003d4   0x000003d4   0x00000028   Code   RO         1066    .text               c_w.l(_printf_charcount.o)
    0x000003fc   0x000003fc   0x00000030   Code   RO         1068    .text               c_w.l(_printf_char_common.o)
    0x0000042c   0x0000042c   0x0000000a   Code   RO         1070    .text               c_w.l(_sputc.o)
    0x00000436   0x00000436   0x00000002   PAD
    0x00000438   0x00000438   0x000000bc   Code   RO         1072    .text               c_w.l(_printf_wctomb.o)
    0x000004f4   0x000004f4   0x0000007c   Code   RO         1075    .text               c_w.l(_printf_longlong_dec.o)
    0x00000570   0x00000570   0x00000070   Code   RO         1081    .text               c_w.l(_printf_oct_int_ll.o)
    0x000005e0   0x000005e0   0x00000094   Code   RO         1101    .text               c_w.l(_printf_hex_int_ll_ptr.o)
    0x00000674   0x00000674   0x00000188   Code   RO         1121    .text               c_w.l(__printf_flags_ss_wp.o)
    0x000007fc   0x000007fc   0x0000008a   Code   RO         1170    .text               c_w.l(lludiv10.o)
    0x00000886   0x00000886   0x000000b2   Code   RO         1172    .text               c_w.l(_printf_intcommon.o)
    0x00000938   0x00000938   0x0000041e   Code   RO         1174    .text               c_w.l(_printf_fp_dec.o)
    0x00000d56   0x00000d56   0x00000002   PAD
    0x00000d58   0x00000d58   0x000002fc   Code   RO         1176    .text               c_w.l(_printf_fp_hex.o)
    0x00001054   0x00001054   0x0000002c   Code   RO         1181    .text               c_w.l(_printf_char.o)
    0x00001080   0x00001080   0x0000002c   Code   RO         1183    .text               c_w.l(_printf_wchar.o)
    0x000010ac   0x000010ac   0x00000040   Code   RO         1186    .text               c_w.l(_wcrtomb.o)
    0x000010ec   0x000010ec   0x0000004a   Code   RO         1188    .text               c_w.l(sys_stackheap_outer.o)
    0x00001136   0x00001136   0x00000002   PAD
    0x00001138   0x00001138   0x00000010   Code   RO         1190    .text               c_w.l(rt_ctype_table.o)
    0x00001148   0x00001148   0x00000008   Code   RO         1195    .text               c_w.l(rt_locale_intlibspace.o)
    0x00001150   0x00001150   0x00000080   Code   RO         1197    .text               c_w.l(_printf_fp_infnan.o)
    0x000011d0   0x000011d0   0x000000e4   Code   RO         1199    .text               c_w.l(bigflt0.o)
    0x000012b4   0x000012b4   0x00000012   Code   RO         1227    .text               c_w.l(exit.o)
    0x000012c6   0x000012c6   0x00000002   PAD
    0x000012c8   0x000012c8   0x00000008   Code   RO         1240    .text               c_w.l(libspace.o)
    0x000012d0   0x000012d0   0x00000080   Code   RO         1248    .text               c_w.l(strcmpv7m.o)
    0x00001350   0x00001350   0x0000000c   Code   RO         1306    .text               c_w.l(sys_exit.o)
    0x0000135c   0x0000135c   0x00000002   Code   RO         1317    .text               c_w.l(use_no_semi.o)
    0x0000135e   0x0000135e   0x00000000   Code   RO         1319    .text               c_w.l(indicate_semi.o)
    0x0000135e   0x0000135e   0x0000003e   Code   RO         1202    CL$$btod_d2e        c_w.l(btod.o)
    0x0000139c   0x0000139c   0x00000046   Code   RO         1204    CL$$btod_d2e_denorm_low  c_w.l(btod.o)
    0x000013e2   0x000013e2   0x00000060   Code   RO         1203    CL$$btod_d2e_norm_op1  c_w.l(btod.o)
    0x00001442   0x00001442   0x00000338   Code   RO         1212    CL$$btod_div_common  c_w.l(btod.o)
    0x0000177a   0x0000177a   0x000000dc   Code   RO         1209    CL$$btod_e2e        c_w.l(btod.o)
    0x00001856   0x00001856   0x0000002a   Code   RO         1206    CL$$btod_ediv       c_w.l(btod.o)
    0x00001880   0x00001880   0x0000002a   Code   RO         1205    CL$$btod_emul       c_w.l(btod.o)
    0x000018aa   0x000018aa   0x00000244   Code   RO         1211    CL$$btod_mult_common  c_w.l(btod.o)
    0x00001aee   0x00001aee   0x00000002   PAD
    0x00001af0   0x00001af0   0x00000014   Code   RO          487    i.Bastim_Ch0_Handler  interrupt.o
    0x00001b04   0x00001b04   0x00000014   Code   RO          488    i.Bastim_Ch1_Handler  interrupt.o
    0x00001b18   0x00001b18   0x00000014   Code   RO          489    i.Bastim_Ch2_Handler  interrupt.o
    0x00001b2c   0x00001b2c   0x00000014   Code   RO          490    i.Bastim_Ch3_Handler  interrupt.o
    0x00001b40   0x00001b40   0x00000004   Code   RO          491    i.BusFault_Handler  interrupt.o
    0x00001b44   0x00001b44   0x00000002   Code   RO          492    i.DebugMon_Handler  interrupt.o
    0x00001b46   0x00001b46   0x00000004   Code   RO          493    i.HardFault_Handler  interrupt.o
    0x00001b4a   0x00001b4a   0x00000004   Code   RO          494    i.MemManage_Handler  interrupt.o
    0x00001b4e   0x00001b4e   0x00000002   Code   RO          495    i.NMI_Handler       interrupt.o
    0x00001b50   0x00001b50   0x00000002   Code   RO          496    i.PendSV_Handler    interrupt.o
    0x00001b52   0x00001b52   0x00000002   Code   RO          497    i.SVC_Handler       interrupt.o
    0x00001b54   0x00001b54   0x00000002   Code   RO          498    i.SysTick_Handler   interrupt.o
    0x00001b56   0x00001b56   0x00000002   PAD
    0x00001b58   0x00001b58   0x00000014   Code   RO          499    i.Uart0_Handler     interrupt.o
    0x00001b6c   0x00001b6c   0x00000004   Code   RO          500    i.UsageFault_Handler  interrupt.o
    0x00001b70   0x00001b70   0x00000028   Code   RO         1238    i.__ARM_fpclassify  m_ws.l(fpclassify.o)
    0x00001b98   0x00001b98   0x0000001c   Code   RO          501    i.__NVIC_ClearPendingIRQ  interrupt.o
    0x00001bb4   0x00001bb4   0x0000003c   Code   RO          933    i.__NVIC_DisableIRQ  bastim_test.o
    0x00001bf0   0x00001bf0   0x0000001a   Code   RO          934    i.__NVIC_EnableIRQ  bastim_test.o
    0x00001c0a   0x00001c0a   0x00000002   PAD
    0x00001c0c   0x00001c0c   0x00000028   Code   RO          935    i.__NVIC_SetPriority  bastim_test.o
    0x00001c34   0x00001c34   0x0000000e   Code   RO         1114    i._is_digit         c_w.l(__printf_wp.o)
    0x00001c42   0x00001c42   0x00000002   PAD
    0x00001c44   0x00001c44   0x00000124   Code   RO          936    i.bastim_4ch_autoreload_int_test  bastim_test.o
    0x00001d68   0x00001d68   0x00000120   Code   RO          937    i.bastim_4ch_autoreload_test  bastim_test.o
    0x00001e88   0x00001e88   0x00000168   Code   RO          938    i.bastim_4ch_test   bastim_test.o
    0x00001ff0   0x00001ff0   0x00000014   Code   RO          829    i.bastim_ch0_deinit  bastim_bsp.o
    0x00002004   0x00002004   0x00000028   Code   RO          830    i.bastim_ch0_init   bastim_bsp.o
    0x0000202c   0x0000202c   0x00000014   Code   RO          832    i.bastim_ch1_deinit  bastim_bsp.o
    0x00002040   0x00002040   0x00000028   Code   RO          833    i.bastim_ch1_init   bastim_bsp.o
    0x00002068   0x00002068   0x00000014   Code   RO          835    i.bastim_ch2_deinit  bastim_bsp.o
    0x0000207c   0x0000207c   0x00000028   Code   RO          836    i.bastim_ch2_init   bastim_bsp.o
    0x000020a4   0x000020a4   0x00000014   Code   RO          838    i.bastim_ch3_deinit  bastim_bsp.o
    0x000020b8   0x000020b8   0x00000028   Code   RO          839    i.bastim_ch3_init   bastim_bsp.o
    0x000020e0   0x000020e0   0x00000010   Code   RO          939    i.bastim_channel0_int_callback  bastim_test.o
    0x000020f0   0x000020f0   0x00000010   Code   RO          940    i.bastim_channel1_int_callback  bastim_test.o
    0x00002100   0x00002100   0x00000010   Code   RO          941    i.bastim_channel2_int_callback  bastim_test.o
    0x00002110   0x00002110   0x00000010   Code   RO          942    i.bastim_channel3_int_callback  bastim_test.o
    0x00002120   0x00002120   0x0000001c   Code   RO          943    i.bastim_testmenu   bastim_test.o
    0x0000213c   0x0000213c   0x0000005e   Code   RO          944    i.drv_bastim_autoreload_set  bastim_test.o
    0x0000219a   0x0000219a   0x00000026   Code   RO          390    i.drv_bastim_channel0_interrupt_handler  drv_bastim.o
    0x000021c0   0x000021c0   0x0000002a   Code   RO          391    i.drv_bastim_channel1_interrupt_handler  drv_bastim.o
    0x000021ea   0x000021ea   0x0000002a   Code   RO          392    i.drv_bastim_channel2_interrupt_handler  drv_bastim.o
    0x00002214   0x00002214   0x0000002a   Code   RO          393    i.drv_bastim_channel3_interrupt_handler  drv_bastim.o
    0x0000223e   0x0000223e   0x00000078   Code   RO          945    i.drv_bastim_channel_enable  bastim_test.o
    0x000022b6   0x000022b6   0x00000078   Code   RO          394    i.drv_bastim_config_update  drv_bastim.o
    0x0000232e   0x0000232e   0x00000058   Code   RO          395    i.drv_bastim_deinit  drv_bastim.o
    0x00002386   0x00002386   0x00000024   Code   RO          396    i.drv_bastim_init   drv_bastim.o
    0x000023aa   0x000023aa   0x00000010   Code   RO          397    i.drv_bastim_int_clear  drv_bastim.o
    0x000023ba   0x000023ba   0x00000010   Code   RO          946    i.drv_bastim_int_clear  bastim_test.o
    0x000023ca   0x000023ca   0x0000000c   Code   RO          947    i.drv_bastim_int_enable  bastim_test.o
    0x000023d6   0x000023d6   0x00000006   Code   RO          398    i.drv_bastim_int_get  drv_bastim.o
    0x000023dc   0x000023dc   0x00000126   Code   RO          399    i.drv_bastim_set_config  drv_bastim.o
    0x00002502   0x00002502   0x00000028   Code   RO            2    i.drv_check_rw_data  drv_common.o
    0x0000252a   0x0000252a   0x0000001c   Code   RO           61    i.drv_uart_default_config  drv_uart.o
    0x00002546   0x00002546   0x0000006c   Code   RO           64    i.drv_uart_getchar_timeout  drv_uart.o
    0x000025b2   0x000025b2   0x00000052   Code   RO           65    i.drv_uart_init     drv_uart.o
    0x00002604   0x00002604   0x00000010   Code   RO           66    i.drv_uart_int_allclear  drv_uart.o
    0x00002614   0x00002614   0x00000012   Code   RO           67    i.drv_uart_int_clear  drv_uart.o
    0x00002626   0x00002626   0x0000000c   Code   RO           68    i.drv_uart_int_disable  drv_uart.o
    0x00002632   0x00002632   0x00000008   Code   RO           69    i.drv_uart_int_get  drv_uart.o
    0x0000263a   0x0000263a   0x0000015e   Code   RO           70    i.drv_uart_interrupt_handler  drv_uart.o
    0x00002798   0x00002798   0x0000006a   Code   RO           71    i.drv_uart_logic_reset  drv_uart.o
    0x00002802   0x00002802   0x0000001a   Code   RO          230    i.drv_uart_printf   drv_uart_ex.o
    0x0000281c   0x0000281c   0x00000048   Code   RO           73    i.drv_uart_putchars  drv_uart.o
    0x00002864   0x00002864   0x00000050   Code   RO           76    i.drv_uart_set_config  drv_uart.o
    0x000028b4   0x000028b4   0x0000000c   Code   RO          627    i.main              main.o
    0x000028c0   0x000028c0   0x0000001c   Code   RO          628    i.mcu_testmenu      main.o
    0x000028dc   0x000028dc   0x00000090   Code   RO          629    i.show_testmenu     main.o
    0x0000296c   0x0000296c   0x000000f4   Code   RO          630    i.test_execute      main.o
    0x00002a60   0x00002a60   0x0000000c   Code   RO          683    i.test_printf_s     uart_bsp.o
    0x00002a6c   0x00002a6c   0x00000020   Code   RO          684    i.uart0_init        uart_bsp.o
    0x00002a8c   0x00002a8c   0x00000002   Code   RO           78    i.uart_int_rx_fifo_noempty_callback  drv_uart.o
    0x00002a8e   0x00002a8e   0x00000002   Code   RO           79    i.uart_int_rx_fifo_thres_callback  drv_uart.o
    0x00002a90   0x00002a90   0x00000002   Code   RO           80    i.uart_int_rx_noise_detect_callback  drv_uart.o
    0x00002a92   0x00002a92   0x00000002   Code   RO           81    i.uart_int_rx_parity_error_callback  drv_uart.o
    0x00002a94   0x00002a94   0x00000002   Code   RO           82    i.uart_int_rx_stop_callback  drv_uart.o
    0x00002a96   0x00002a96   0x00000002   Code   RO           83    i.uart_int_rx_stop_detect_callback  drv_uart.o
    0x00002a98   0x00002a98   0x00000002   Code   RO           85    i.uart_int_tx_done_callback  drv_uart.o
    0x00002a9a   0x00002a9a   0x00000002   Code   RO           86    i.uart_int_tx_fifo_empty_callback  drv_uart.o
    0x00002a9c   0x00002a9c   0x00000002   Code   RO           87    i.uart_int_tx_fifo_thres_callback  drv_uart.o
    0x00002a9e   0x00002a9e   0x00000002   PAD
    0x00002aa0   0x00002aa0   0x00000034   Code   RO          231    i.vprintf           drv_uart_ex.o
    0x00002ad4   0x00002ad4   0x0000002c   Code   RO         1225    locale$$code        c_w.l(lc_numeric_c.o)
    0x00002b00   0x00002b00   0x0000002c   Code   RO         1246    locale$$code        c_w.l(lc_ctype_c.o)
    0x00002b2c   0x00002b2c   0x00000004   Code   RO         1147    x$fpl$printf1       fz_ws.l(printf1.o)
    0x00002b30   0x00002b30   0x00000004   Code   RO         1149    x$fpl$printf2       fz_ws.l(printf2.o)
    0x00002b34   0x00002b34   0x00000000   Code   RO         1237    x$fpl$usenofp       fz_ws.l(usenofp.o)
    0x00002b34   0x00002b34   0x00000008   Data   RO         1073    .constdata          c_w.l(_printf_wctomb.o)
    0x00002b3c   0x00002b3c   0x00000028   Data   RO         1102    .constdata          c_w.l(_printf_hex_int_ll_ptr.o)
    0x00002b64   0x00002b64   0x00000011   Data   RO         1122    .constdata          c_w.l(__printf_flags_ss_wp.o)
    0x00002b75   0x00002b75   0x00000026   Data   RO         1177    .constdata          c_w.l(_printf_fp_hex.o)
    0x00002b9b   0x00002b9b   0x00000001   PAD
    0x00002b9c   0x00002b9c   0x00000094   Data   RO         1200    .constdata          c_w.l(bigflt0.o)
    0x00002c30   0x00002c30   0x00000020   Data   RO         1372    Region$$Table       anon$$obj.o
    0x00002c50   0x00002c50   0x0000001c   Data   RO         1224    locale$$data        c_w.l(lc_numeric_c.o)
    0x00002c6c   0x00002c6c   0x00000110   Data   RO         1245    locale$$data        c_w.l(lc_ctype_c.o)


    Execution Region RW_IRAM1 (Exec base: 0x00010000, Load base: 0x00002d7c, Size: 0x00001228, Max: 0x00002000, ABSOLUTE, COMPRESSED[0x00000064])

    Exec Addr    Load Addr    Size         Type   Attr      Idx    E Section Name        Object

    0x00010000   COMPRESSED   0x00000090   Data   RW          631    .data               main.o
    0x00010090   COMPRESSED   0x00000020   Data   RW          842    .data               bastim_bsp.o
    0x000100b0   COMPRESSED   0x000000dc   Data   RW          948    .data               bastim_test.o
    0x0001018c        -       0x00000038   Zero   RW          686    .bss                uart_bsp.o
    0x000101c4        -       0x00000060   Zero   RW         1241    .bss                c_w.l(libspace.o)
    0x00010224   COMPRESSED   0x00000004   PAD
    0x00010228        -       0x00000c00   Zero   RW          477    HEAP                startup_cm3ds.o
    0x00010e28        -       0x00000400   Zero   RW          476    STACK               startup_cm3ds.o


==============================================================================

Image component sizes


      Code (inc. data)   RO Data    RW Data    ZI Data      Debug   Object Name

       240         70          0         32          0       6230   bastim_bsp.o
      1400        206          0        220          0      36723   bastim_test.o
       724          0          0          0          0       8134   drv_bastim.o
        40          0          0          0          0       9508   drv_common.o
       898          4          0          0          0      14241   drv_uart.o
        78          4          0          0          0       1232   drv_uart_ex.o
       154         26          0          0          0      33137   interrupt.o
       428        194          0        144          0       3019   main.o
        56         22        112          0       4096        948   startup_cm3ds.o
        44         10          0          0         56       1333   uart_bsp.o

    ----------------------------------------------------------------------
      4068        536        144        396       4152     114505   Object Totals
         0          0         32          0          0          0   (incl. Generated)
         6          0          0          0          0          0   (incl. Padding)

    ----------------------------------------------------------------------

      Code (inc. data)   RO Data    RW Data    ZI Data      Debug   Library Member Name

        90          0          0          0          0          0   __dczerorl2.o
         8          0          0          0          0         68   __main.o
       392          4         17          0          0         92   __printf_flags_ss_wp.o
        14          0          0          0          0         68   __printf_wp.o
         0          0          0          0          0          0   __rtentry.o
        12          0          0          0          0          0   __rtentry2.o
         6          0          0          0          0          0   __rtentry4.o
        52          8          0          0          0          0   __scatter.o
        28          0          0          0          0          0   __scatter_zi.o
         6          0          0          0          0          0   _printf_a.o
         6          0          0          0          0          0   _printf_c.o
        44          0          0          0          0        108   _printf_char.o
        48          6          0          0          0         96   _printf_char_common.o
        40          0          0          0          0         68   _printf_charcount.o
         6          0          0          0          0          0   _printf_d.o
       120         16          0          0          0         92   _printf_dec.o
         6          0          0          0          0          0   _printf_e.o
         6          0          0          0          0          0   _printf_f.o
      1054          0          0          0          0        216   _printf_fp_dec.o
       764          8         38          0          0        100   _printf_fp_hex.o
       128         16          0          0          0         84   _printf_fp_infnan.o
         6          0          0          0          0          0   _printf_g.o
       148          4         40          0          0        160   _printf_hex_int_ll_ptr.o
         6          0          0          0          0          0   _printf_i.o
       178          0          0          0          0         88   _printf_intcommon.o
        10          0          0          0          0          0   _printf_l.o
         6          0          0          0          0          0   _printf_lc.o
        10          0          0          0          0          0   _printf_ll.o
         6          0          0          0          0          0   _printf_lld.o
         6          0          0          0          0          0   _printf_lli.o
         6          0          0          0          0          0   _printf_llo.o
         6          0          0          0          0          0   _printf_llu.o
         6          0          0          0          0          0   _printf_llx.o
       124         16          0          0          0         92   _printf_longlong_dec.o
         6          0          0          0          0          0   _printf_ls.o
         6          0          0          0          0          0   _printf_n.o
         6          0          0          0          0          0   _printf_o.o
       112         10          0          0          0        124   _printf_oct_int_ll.o
         6          0          0          0          0          0   _printf_p.o
        78          0          0          0          0        108   _printf_pad.o
         0          0          0          0          0          0   _printf_percent.o
         4          0          0          0          0          0   _printf_percent_end.o
         6          0          0          0          0          0   _printf_s.o
        82          0          0          0          0         80   _printf_str.o
        36          0          0          0          0         84   _printf_truncate.o
         6          0          0          0          0          0   _printf_u.o
        44          0          0          0          0        108   _printf_wchar.o
       188          6          8          0          0         92   _printf_wctomb.o
         6          0          0          0          0          0   _printf_x.o
        10          0          0          0          0         68   _sputc.o
        64          0          0          0          0         92   _wcrtomb.o
       228          4        148          0          0         96   bigflt0.o
      1936        128          0          0          0        672   btod.o
        18          0          0          0          0         80   exit.o
         6          0          0          0          0        152   heapauxi.o
         0          0          0          0          0          0   indicate_semi.o
        44         10        272          0          0         76   lc_ctype_c.o
        44         10         28          0          0         76   lc_numeric_c.o
         2          0          0          0          0          0   libinit.o
        30          0          0          0          0          0   libinit2.o
         2          0          0          0          0          0   libshutdown.o
         2          0          0          0          0          0   libshutdown2.o
         8          4          0          0         96         68   libspace.o
       138          0          0          0          0         80   lludiv10.o
        16          4          0          0          0         76   rt_ctype_table.o
         8          4          0          0          0         68   rt_locale_intlibspace.o
         2          0          0          0          0          0   rtexit.o
        10          0          0          0          0          0   rtexit2.o
       128          0          0          0          0         68   strcmpv7m.o
        62          0          0          0          0         76   strlen.o
        12          4          0          0          0         68   sys_exit.o
        74          0          0          0          0         80   sys_stackheap_outer.o
         2          0          0          0          0         68   use_no_semi.o
        36          4          0          0          0         76   vsprintf.o
         4          0          0          0          0         68   printf1.o
         4          0          0          0          0         68   printf2.o
         0          0          0          0          0          0   usenofp.o
        40          0          0          0          0         68   fpclassify.o

    ----------------------------------------------------------------------
      6880        266        552          0        100       4172   Library Totals
        16          0          1          0          4          0   (incl. Padding)

    ----------------------------------------------------------------------

      Code (inc. data)   RO Data    RW Data    ZI Data      Debug   Library Name

      6816        266        551          0         96       3968   c_w.l
         8          0          0          0          0        136   fz_ws.l
        40          0          0          0          0         68   m_ws.l

    ----------------------------------------------------------------------
      6880        266        552          0        100       4172   Library Totals

    ----------------------------------------------------------------------

==============================================================================


      Code (inc. data)   RO Data    RW Data    ZI Data      Debug   

     10948        802        696        396       4252     112537   Grand Totals
     10948        802        696        100       4252     112537   ELF Image Totals (compressed)
     10948        802        696        100          0          0   ROM Totals

==============================================================================

    Total RO  Size (Code + RO Data)                11644 (  11.37kB)
    Total RW  Size (RW Data + ZI Data)              4648 (   4.54kB)
    Total ROM Size (Code + RO Data + RW Data)      11744 (  11.47kB)

==============================================================================

