Archive member included to satisfy reference by file (symbol)

/export/SoftWare/ARM/gcc-arm-none-eabi-10.3-2021.10/bin/../lib/gcc/arm-none-eabi/10.3.1/../../../../arm-none-eabi/lib/thumb/v7-m/nofp/libc_nano.a(lib_a-exit.o)
                              /export/SoftWare/ARM/gcc-arm-none-eabi-10.3-2021.10/bin/../lib/gcc/arm-none-eabi/10.3.1/../../../../arm-none-eabi/lib/thumb/v7-m/nofp/crt0.o (exit)
/export/SoftWare/ARM/gcc-arm-none-eabi-10.3-2021.10/bin/../lib/gcc/arm-none-eabi/10.3.1/../../../../arm-none-eabi/lib/thumb/v7-m/nofp/libc_nano.a(lib_a-impure.o)
                              /export/SoftWare/ARM/gcc-arm-none-eabi-10.3-2021.10/bin/../lib/gcc/arm-none-eabi/10.3.1/../../../../arm-none-eabi/lib/thumb/v7-m/nofp/libc_nano.a(lib_a-exit.o) (_global_impure_ptr)
/export/SoftWare/ARM/gcc-arm-none-eabi-10.3-2021.10/bin/../lib/gcc/arm-none-eabi/10.3.1/../../../../arm-none-eabi/lib/thumb/v7-m/nofp/libc_nano.a(lib_a-init.o)
                              /export/SoftWare/ARM/gcc-arm-none-eabi-10.3-2021.10/bin/../lib/gcc/arm-none-eabi/10.3.1/../../../../arm-none-eabi/lib/thumb/v7-m/nofp/crt0.o (__libc_init_array)
/export/SoftWare/ARM/gcc-arm-none-eabi-10.3-2021.10/bin/../lib/gcc/arm-none-eabi/10.3.1/../../../../arm-none-eabi/lib/thumb/v7-m/nofp/libc_nano.a(lib_a-memcpy-stub.o)
                              gd25lb256e_op.o (memcpy)
/export/SoftWare/ARM/gcc-arm-none-eabi-10.3-2021.10/bin/../lib/gcc/arm-none-eabi/10.3.1/../../../../arm-none-eabi/lib/thumb/v7-m/nofp/libc_nano.a(lib_a-memset.o)
                              /export/SoftWare/ARM/gcc-arm-none-eabi-10.3-2021.10/bin/../lib/gcc/arm-none-eabi/10.3.1/../../../../arm-none-eabi/lib/thumb/v7-m/nofp/crt0.o (memset)
/export/SoftWare/ARM/gcc-arm-none-eabi-10.3-2021.10/bin/../lib/gcc/arm-none-eabi/10.3.1/../../../../arm-none-eabi/lib/thumb/v7-m/nofp/libc_nano.a(lib_a-strlen.o)
                              drv_uart_ex.o (strlen)
/export/SoftWare/ARM/gcc-arm-none-eabi-10.3-2021.10/bin/../lib/gcc/arm-none-eabi/10.3.1/../../../../arm-none-eabi/lib/thumb/v7-m/nofp/libc_nano.a(lib_a-vsprintf.o)
                              drv_uart_ex.o (vsprintf)
/export/SoftWare/ARM/gcc-arm-none-eabi-10.3-2021.10/bin/../lib/gcc/arm-none-eabi/10.3.1/../../../../arm-none-eabi/lib/thumb/v7-m/nofp/libc_nano.a(lib_a-nano-svfprintf.o)
                              /export/SoftWare/ARM/gcc-arm-none-eabi-10.3-2021.10/bin/../lib/gcc/arm-none-eabi/10.3.1/../../../../arm-none-eabi/lib/thumb/v7-m/nofp/libc_nano.a(lib_a-vsprintf.o) (_svfprintf_r)
/export/SoftWare/ARM/gcc-arm-none-eabi-10.3-2021.10/bin/../lib/gcc/arm-none-eabi/10.3.1/../../../../arm-none-eabi/lib/thumb/v7-m/nofp/libc_nano.a(lib_a-nano-vfprintf_i.o)
                              /export/SoftWare/ARM/gcc-arm-none-eabi-10.3-2021.10/bin/../lib/gcc/arm-none-eabi/10.3.1/../../../../arm-none-eabi/lib/thumb/v7-m/nofp/libc_nano.a(lib_a-nano-svfprintf.o) (_printf_i)
/export/SoftWare/ARM/gcc-arm-none-eabi-10.3-2021.10/bin/../lib/gcc/arm-none-eabi/10.3.1/../../../../arm-none-eabi/lib/thumb/v7-m/nofp/libc_nano.a(lib_a-memchr-stub.o)
                              /export/SoftWare/ARM/gcc-arm-none-eabi-10.3-2021.10/bin/../lib/gcc/arm-none-eabi/10.3.1/../../../../arm-none-eabi/lib/thumb/v7-m/nofp/libc_nano.a(lib_a-nano-svfprintf.o) (memchr)
/export/SoftWare/ARM/gcc-arm-none-eabi-10.3-2021.10/bin/../lib/gcc/arm-none-eabi/10.3.1/../../../../arm-none-eabi/lib/thumb/v7-m/nofp/libc_nano.a(lib_a-memmove.o)
                              /export/SoftWare/ARM/gcc-arm-none-eabi-10.3-2021.10/bin/../lib/gcc/arm-none-eabi/10.3.1/../../../../arm-none-eabi/lib/thumb/v7-m/nofp/libc_nano.a(lib_a-nano-svfprintf.o) (memmove)
/export/SoftWare/ARM/gcc-arm-none-eabi-10.3-2021.10/bin/../lib/gcc/arm-none-eabi/10.3.1/../../../../arm-none-eabi/lib/thumb/v7-m/nofp/libc_nano.a(lib_a-nano-freer.o)
                              /export/SoftWare/ARM/gcc-arm-none-eabi-10.3-2021.10/bin/../lib/gcc/arm-none-eabi/10.3.1/../../../../arm-none-eabi/lib/thumb/v7-m/nofp/libc_nano.a(lib_a-nano-svfprintf.o) (_free_r)
/export/SoftWare/ARM/gcc-arm-none-eabi-10.3-2021.10/bin/../lib/gcc/arm-none-eabi/10.3.1/../../../../arm-none-eabi/lib/thumb/v7-m/nofp/libc_nano.a(lib_a-nano-mallocr.o)
                              /export/SoftWare/ARM/gcc-arm-none-eabi-10.3-2021.10/bin/../lib/gcc/arm-none-eabi/10.3.1/../../../../arm-none-eabi/lib/thumb/v7-m/nofp/libc_nano.a(lib_a-nano-svfprintf.o) (_malloc_r)
/export/SoftWare/ARM/gcc-arm-none-eabi-10.3-2021.10/bin/../lib/gcc/arm-none-eabi/10.3.1/../../../../arm-none-eabi/lib/thumb/v7-m/nofp/libc_nano.a(lib_a-nano-reallocr.o)
                              /export/SoftWare/ARM/gcc-arm-none-eabi-10.3-2021.10/bin/../lib/gcc/arm-none-eabi/10.3.1/../../../../arm-none-eabi/lib/thumb/v7-m/nofp/libc_nano.a(lib_a-nano-svfprintf.o) (_realloc_r)
/export/SoftWare/ARM/gcc-arm-none-eabi-10.3-2021.10/bin/../lib/gcc/arm-none-eabi/10.3.1/../../../../arm-none-eabi/lib/thumb/v7-m/nofp/libc_nano.a(lib_a-sbrkr.o)
[...]
Memory Configuration

Name             Origin             Length             Attributes
FLASH            0x0000000000000000 0x0000000000008000 xr
RAM              0x0000000000020000 0x0000000000002000 xrw
*default*        0x0000000000000000 0xffffffffffffffff

Linker script and memory map

LOAD /export/SoftWare/ARM/gcc-arm-none-eabi-10.3-2021.10/bin/../lib/gcc/arm-none-eabi/10.3.1/thumb/v7-m/nofp/crti.o
LOAD /export/SoftWare/ARM/gcc-arm-none-eabi-10.3-2021.10/bin/../lib/gcc/arm-none-eabi/10.3.1/thumb/v7-m/nofp/crtbegin.o
LOAD /export/SoftWare/ARM/gcc-arm-none-eabi-10.3-2021.10/bin/../lib/gcc/arm-none-eabi/10.3.1/../../../../arm-none-eabi/lib/thumb/v7-m/nofp/crt0.o
LOAD drv_common.o
LOAD drv_spim.o
LOAD drv_uart.o
LOAD drv_uart_ex.o
LOAD gd25lb256e_op.o
LOAD interrupt.o
LOAD main.o
LOAD spim_gd25lb256e.o
LOAD startup_CM3DS.o
LOAD uart_bsp.o
START GROUP
LOAD /export/SoftWare/ARM/gcc-arm-none-eabi-10.3-2021.10/bin/../lib/gcc/arm-none-eabi/10.3.1/thumb/v7-m/nofp/libgcc.a
LOAD /export/SoftWare/ARM/gcc-arm-none-eabi-10.3-2021.10/bin/../lib/gcc/arm-none-eabi/10.3.1/../../../../arm-none-eabi/lib/thumb/v7-m/nofp/libc_nano.a
END GROUP
START GROUP
LOAD /export/SoftWare/ARM/gcc-arm-none-eabi-10.3-2021.10/bin/../lib/gcc/arm-none-eabi/10.3.1/thumb/v7-m/nofp/libgcc.a
LOAD /export/SoftWare/ARM/gcc-arm-none-eabi-10.3-2021.10/bin/../lib/gcc/arm-none-eabi/10.3.1/../../../../arm-none-eabi/lib/thumb/v7-m/nofp/libc_nano.a
LOAD /export/SoftWare/ARM/gcc-arm-none-eabi-10.3-2021.10/bin/../lib/gcc/arm-none-eabi/10.3.1/../../../../arm-none-eabi/lib/thumb/v7-m/nofp/libnosys.a
END GROUP
START GROUP
LOAD /export/SoftWare/ARM/gcc-arm-none-eabi-10.3-2021.10/bin/../lib/gcc/arm-none-eabi/10.3.1/thumb/v7-m/nofp/libgcc.a
LOAD /export/SoftWare/ARM/gcc-arm-none-eabi-10.3-2021.10/bin/../lib/gcc/arm-none-eabi/10.3.1/../../../../arm-none-eabi/lib/thumb/v7-m/nofp/libc_nano.a
LOAD /export/SoftWare/ARM/gcc-arm-none-eabi-10.3-2021.10/bin/../lib/gcc/arm-none-eabi/10.3.1/../../../../arm-none-eabi/lib/thumb/v7-m/nofp/libnosys.a
END GROUP
LOAD /export/SoftWare/ARM/gcc-arm-none-eabi-10.3-2021.10/bin/../lib/gcc/arm-none-eabi/10.3.1/thumb/v7-m/nofp/crtend.o
LOAD /export/SoftWare/ARM/gcc-arm-none-eabi-10.3-2021.10/bin/../lib/gcc/arm-none-eabi/10.3.1/thumb/v7-m/nofp/crtn.o
                0x0000000000000000                __FLASH_BASE = 0x0
                0x0000000000008000                __FLASH_SIZE = 0x8000
                0x0000000000020000                __RAM_BASE = 0x20000
                0x0000000000002000                __RAM_SIZE = 0x2000

.text           0x0000000000000000     0x1c58
 *(.isr_vector)
 .isr_vector    0x0000000000000000       0x90 startup_CM3DS.o
                0x0000000000000000                __isr_vector
 *(.text*)
 .text          0x0000000000000090       0x40 /export/SoftWare/ARM/gcc-arm-none-eabi-10.3-2021.10/bin/../lib/gcc/arm-none-eabi/10.3.1/thumb/v7-m/nofp/crtbegin.o
 .text.drv_check_rw_data
                0x00000000000000d0       0x22 drv_common.o
                0x00000000000000d0                drv_check_rw_data
 .text.drv_spim_set_config
                0x00000000000000f2       0x4a drv_spim.o
                0x00000000000000f2                drv_spim_set_config
 .text.drv_spim_init
                0x000000000000013c       0x42 drv_spim.o
                0x000000000000013c                drv_spim_init
 .text.drv_spim_deinit
                0x000000000000017e       0x40 drv_spim.o
                0x000000000000017e                drv_spim_deinit
 .text.drv_spim_tx_data
                0x00000000000001be       0xa2 drv_spim.o
                0x00000000000001be                drv_spim_tx_data
 .text.drv_spim_trans_data_with_pending
                0x0000000000000260      0x1ca drv_spim.o
                0x0000000000000260                drv_spim_trans_data_with_pending
 .text.drv_spim_trans_frame_with_pending
                0x000000000000042a      0x278 drv_spim.o
                0x000000000000042a                drv_spim_trans_frame_with_pending
 .text.spim_int_frame_done_callback
                0x00000000000006a2        0x2 drv_spim.o
                0x00000000000006a2                spim_int_frame_done_callback
 .text.spim_int_transferring_pending_callback
                0x00000000000006a4        0x2 drv_spim.o
                0x00000000000006a4                spim_int_transferring_pending_callback
 .text.spim_int_tx_fifo_empty_callback
                0x00000000000006a6        0x2 drv_spim.o
                0x00000000000006a6                spim_int_tx_fifo_empty_callback
 .text.spim_int_tx_fifo_thres_callback
                0x00000000000006a8        0x2 drv_spim.o
                0x00000000000006a8                spim_int_tx_fifo_thres_callback
 .text.spim_int_rx_fifo_noempty_callback
                0x00000000000006aa        0x2 drv_spim.o
                0x00000000000006aa                spim_int_rx_fifo_noempty_callback
 .text.spim_int_rx_fifo_thres_callback
                0x00000000000006ac        0x2 drv_spim.o
                0x00000000000006ac                spim_int_rx_fifo_thres_callback
 .text.drv_spim_interrupt_handler
                0x00000000000006ae       0x64 drv_spim.o
                0x00000000000006ae                drv_spim_interrupt_handler
 .text.drv_uart_default_config
                0x0000000000000712       0x1c drv_uart.o
                0x0000000000000712                drv_uart_default_config
 *fill*         0x000000000000072e        0x2 
 .text.drv_uart_set_config
                0x0000000000000730       0x48 drv_uart.o
                0x0000000000000730                drv_uart_set_config
 .text.drv_uart_init
                0x0000000000000778       0x90 drv_uart.o
                0x0000000000000778                drv_uart_init
 .text.drv_uart_putchars
                0x0000000000000808       0x44 drv_uart.o
                0x0000000000000808                drv_uart_putchars
 .text.drv_uart_getchar_timeout
                0x000000000000084c       0xbc drv_uart.o
                0x000000000000084c                drv_uart_getchar_timeout
 .text.uart_int_tx_done_callback
                0x0000000000000908        0x2 drv_uart.o
                0x0000000000000908                uart_int_tx_done_callback
 .text.uart_int_rx_stop_callback
                0x000000000000090a        0x2 drv_uart.o
                0x000000000000090a                uart_int_rx_stop_callback
 .text.uart_int_rx_parity_error_callback
                0x000000000000090c        0x2 drv_uart.o
                0x000000000000090c                uart_int_rx_parity_error_callback
 .text.uart_int_rx_noise_detect_callback
                0x000000000000090e        0x2 drv_uart.o
                0x000000000000090e                uart_int_rx_noise_detect_callback
 .text.uart_int_rx_stop_detect_callback
                0x0000000000000910        0x2 drv_uart.o
                0x0000000000000910                uart_int_rx_stop_detect_callback
 .text.uart_int_tx_fifo_empty_callback
                0x0000000000000912        0x2 drv_uart.o
                0x0000000000000912                uart_int_tx_fifo_empty_callback
 .text.uart_int_tx_fifo_thres_callback
                0x0000000000000914        0x2 drv_uart.o
                0x0000000000000914                uart_int_tx_fifo_thres_callback
 .text.uart_int_rx_fifo_noempty_callback
                0x0000000000000916        0x2 drv_uart.o
                0x0000000000000916                uart_int_rx_fifo_noempty_callback
 .text.uart_int_rx_fifo_thres_callback
                0x0000000000000918        0x2 drv_uart.o
                0x0000000000000918                uart_int_rx_fifo_thres_callback
 .text.drv_uart_interrupt_handler
                0x000000000000091a      0x254 drv_uart.o
                0x000000000000091a                drv_uart_interrupt_handler
 *fill*         0x0000000000000b6e        0x2 
 .text.vprintf  0x0000000000000b70       0x34 drv_uart_ex.o
                0x0000000000000b70                vprintf
 .text.drv_uart_printf
                0x0000000000000ba4       0x1c drv_uart_ex.o
                0x0000000000000ba4                drv_uart_printf
 .text.spim_init_for_gd25lb256e
                0x0000000000000bc0       0x3c gd25lb256e_op.o
                0x0000000000000bc0                spim_init_for_gd25lb256e
 .text.spim_deinit_for_gd25lb256e
                0x0000000000000bfc       0x10 gd25lb256e_op.o
                0x0000000000000bfc                spim_deinit_for_gd25lb256e
 .text.gd25lb256e_read_id
                0x0000000000000c0c       0x54 gd25lb256e_op.o
                0x0000000000000c0c                gd25lb256e_read_id
 .text.gd25lb256e_read_status_reg
                0x0000000000000c60       0x3c gd25lb256e_op.o
                0x0000000000000c60                gd25lb256e_read_status_reg
 .text.gd25lb256e_write_enable
                0x0000000000000c9c       0x30 gd25lb256e_op.o
                0x0000000000000c9c                gd25lb256e_write_enable
 .text.gd25lb256e_erase
                0x0000000000000ccc       0x90 gd25lb256e_op.o
                0x0000000000000ccc                gd25lb256e_erase
 .text.gd25lb256e_read_data_bytes
                0x0000000000000d5c       0x60 gd25lb256e_op.o
                0x0000000000000d5c                gd25lb256e_read_data_bytes
 .text.gd25lb256e_program_data_bytes
                0x0000000000000dbc       0x7c gd25lb256e_op.o
                0x0000000000000dbc                gd25lb256e_program_data_bytes
 .text.NMI_Handler
                0x0000000000000e38       0x10 interrupt.o
                0x0000000000000e38                NMI_Handler
 .text.HardFault_Handler
                0x0000000000000e48        0x2 interrupt.o
                0x0000000000000e48                HardFault_Handler
 .text.MemManage_Handler
                0x0000000000000e4a        0x2 interrupt.o
                0x0000000000000e4a                MemManage_Handler
 .text.BusFault_Handler
                0x0000000000000e4c        0x2 interrupt.o
                0x0000000000000e4c                BusFault_Handler
 .text.UsageFault_Handler
                0x0000000000000e4e        0x2 interrupt.o
                0x0000000000000e4e                UsageFault_Handler
 .text.SVC_Handler
                0x0000000000000e50        0x2 interrupt.o
                0x0000000000000e50                SVC_Handler
 .text.DebugMon_Handler
                0x0000000000000e52        0x2 interrupt.o
                0x0000000000000e52                DebugMon_Handler
 .text.PendSV_Handler
                0x0000000000000e54        0x2 interrupt.o
                0x0000000000000e54                PendSV_Handler
 .text.SysTick_Handler
                0x0000000000000e56        0x2 interrupt.o
                0x0000000000000e56                SysTick_Handler
 .text.Uart0_Handler
                0x0000000000000e58       0x1c interrupt.o
                0x0000000000000e58                Uart0_Handler
 .text.Spim_Handler
                0x0000000000000e74       0x1c interrupt.o
                0x0000000000000e74                Spim_Handler
 .text.show_testmenu
                0x0000000000000e90       0x40 main.o
                0x0000000000000e90                show_testmenu
 .text.test_execute
                0x0000000000000ed0       0x9c main.o
                0x0000000000000ed0                test_execute
 .text.mcu_testmenu
                0x0000000000000f6c       0x1c main.o
                0x0000000000000f6c                mcu_testmenu
 .text.main     0x0000000000000f88       0x18 main.o
                0x0000000000000f88                main
 .text.gd25lb256e_erase_case
                0x0000000000000fa0        0xe spim_gd25lb256e.o
                0x0000000000000fa0                gd25lb256e_erase_case
 .text.gd25lb256e_write_latch
                0x0000000000000fae        0x8 spim_gd25lb256e.o
                0x0000000000000fae                gd25lb256e_write_latch
 .text.gd25lb256e_read_all_status
                0x0000000000000fb6        0x8 spim_gd25lb256e.o
                0x0000000000000fb6                gd25lb256e_read_all_status
 *fill*         0x0000000000000fbe        0x2 
 .text.tx_flash_data_prepare
                0x0000000000000fc0       0x18 spim_gd25lb256e.o
                0x0000000000000fc0                tx_flash_data_prepare
 .text.gd25lb256e_program_case
                0x0000000000000fd8       0x18 spim_gd25lb256e.o
                0x0000000000000fd8                gd25lb256e_program_case
 .text.rx_flash_data_prepare
                0x0000000000000ff0       0x18 spim_gd25lb256e.o
                0x0000000000000ff0                rx_flash_data_prepare
 .text.gd25lb256e_read_id_case
                0x0000000000001008       0x38 spim_gd25lb256e.o
                0x0000000000001008                gd25lb256e_read_id_case
 .text.gd25lb256e_read_case
                0x0000000000001040       0x3c spim_gd25lb256e.o
                0x0000000000001040                gd25lb256e_read_case
 .text.gd25lb256e_operations_case
                0x000000000000107c       0x84 spim_gd25lb256e.o
                0x000000000000107c                gd25lb256e_operations_case
 .text.gd25lb256e_spi_flash_cases
                0x0000000000001100       0x24 spim_gd25lb256e.o
                0x0000000000001100                gd25lb256e_spi_flash_cases
 .text          0x0000000000001124       0x7c startup_CM3DS.o
                0x0000000000001124                Reset_Handler
                0x0000000000001178                Uart1_Handler
                0x000000000000117a                Resv2_Handler
                0x000000000000117c                Resv3_Handler
                0x000000000000117e                EthDma_Handler
                0x0000000000001180                Gpioa_Handler
                0x0000000000001182                Resv6_Handler
                0x0000000000001184                Resv7_Handler
                0x0000000000001186                Bastim_Ch0_Handler
                0x0000000000001188                Bastim_Ch1_Handler
                0x000000000000118a                Bastim_Ch2_Handler
                0x000000000000118c                Bastim_Ch3_Handler
                0x000000000000118e                EthSma_Handler
                0x0000000000001190                EthTx_Handler
                0x0000000000001192                EthRx_Handler
                0x0000000000001194                Resv15_Handler
                0x0000000000001196                AdvtimGen_Handler
                0x0000000000001198                AdvtimCap_Handler
                0x000000000000119a                AdvtimEnc_Handler
 .text.uart0_init
                0x00000000000011a0       0x20 uart_bsp.o
                0x00000000000011a0                uart0_init
 .text.test_printf_s
                0x00000000000011c0        0x8 uart_bsp.o
                0x00000000000011c0                test_printf_s
 .text.test_printf_ch
                0x00000000000011c8        0x8 uart_bsp.o
                0x00000000000011c8                test_printf_ch
 .text.exit     0x00000000000011d0       0x28 /export/SoftWare/ARM/gcc-arm-none-eabi-10.3-2021.10/bin/../lib/gcc/arm-none-eabi/10.3.1/../../../../arm-none-eabi/lib/thumb/v7-m/nofp/libc_nano.a(lib_a-exit.o)
                0x00000000000011d0                exit
 .text.memcpy   0x00000000000011f8       0x1c /export/SoftWare/ARM/gcc-arm-none-eabi-10.3-2021.10/bin/../lib/gcc/arm-none-eabi/10.3.1/../../../../arm-none-eabi/lib/thumb/v7-m/nofp/libc_nano.a(lib_a-memcpy-stub.o)
                0x00000000000011f8                memcpy
 .text          0x0000000000001214       0x10 /export/SoftWare/ARM/gcc-arm-none-eabi-10.3-2021.10/bin/../lib/gcc/arm-none-eabi/10.3.1/../../../../arm-none-eabi/lib/thumb/v7-m/nofp/libc_nano.a(lib_a-strlen.o)
                0x0000000000001214                strlen
 .text._vsprintf_r
                0x0000000000001224       0x2c /export/SoftWare/ARM/gcc-arm-none-eabi-10.3-2021.10/bin/../lib/gcc/arm-none-eabi/10.3.1/../../../../arm-none-eabi/lib/thumb/v7-m/nofp/libc_nano.a(lib_a-vsprintf.o)
                0x0000000000001224                _vsiprintf_r
                0x0000000000001224                _vsprintf_r
 .text.vsprintf
                0x0000000000001250       0x14 /export/SoftWare/ARM/gcc-arm-none-eabi-10.3-2021.10/bin/../lib/gcc/arm-none-eabi/10.3.1/../../../../arm-none-eabi/lib/thumb/v7-m/nofp/libc_nano.a(lib_a-vsprintf.o)
                0x0000000000001250                vsprintf
                0x0000000000001250                vsiprintf
 .text.__ssputs_r
                0x0000000000001264       0xb6 /export/SoftWare/ARM/gcc-arm-none-eabi-10.3-2021.10/bin/../lib/gcc/arm-none-eabi/10.3.1/../../../../arm-none-eabi/lib/thumb/v7-m/nofp/libc_nano.a(lib_a-nano-svfprintf.o)
                0x0000000000001264                __ssputs_r
 *fill*         0x000000000000131a        0x2 
 .text._svfprintf_r
                0x000000000000131c      0x200 /export/SoftWare/ARM/gcc-arm-none-eabi-10.3-2021.10/bin/../lib/gcc/arm-none-eabi/10.3.1/../../../../arm-none-eabi/lib/thumb/v7-m/nofp/libc_nano.a(lib_a-nano-svfprintf.o)
                0x000000000000131c                _svfprintf_r
                0x000000000000131c                _svfiprintf_r
 .text._printf_common
                0x000000000000151c       0xde /export/SoftWare/ARM/gcc-arm-none-eabi-10.3-2021.10/bin/../lib/gcc/arm-none-eabi/10.3.1/../../../../arm-none-eabi/lib/thumb/v7-m/nofp/libc_nano.a(lib_a-nano-vfprintf_i.o)
                0x000000000000151c                _printf_common
 *fill*         0x00000000000015fa        0x2 
 .text._printf_i
                0x00000000000015fc      0x24c /export/SoftWare/ARM/gcc-arm-none-eabi-10.3-2021.10/bin/../lib/gcc/arm-none-eabi/10.3.1/../../../../arm-none-eabi/lib/thumb/v7-m/nofp/libc_nano.a(lib_a-nano-vfprintf_i.o)
                0x00000000000015fc                _printf_i
 .text.memchr   0x0000000000001848       0x1c /export/SoftWare/ARM/gcc-arm-none-eabi-10.3-2021.10/bin/../lib/gcc/arm-none-eabi/10.3.1/../../../../arm-none-eabi/lib/thumb/v7-m/nofp/libc_nano.a(lib_a-memchr-stub.o)
                0x0000000000001848                memchr
 .text.memmove  0x0000000000001864       0x34 /export/SoftWare/ARM/gcc-arm-none-eabi-10.3-2021.10/bin/../lib/gcc/arm-none-eabi/10.3.1/../../../../arm-none-eabi/lib/thumb/v7-m/nofp/libc_nano.a(lib_a-memmove.o)
                0x0000000000001864                memmove
 .text._free_r  0x0000000000001898       0x90 /export/SoftWare/ARM/gcc-arm-none-eabi-10.3-2021.10/bin/../lib/gcc/arm-none-eabi/10.3.1/../../../../arm-none-eabi/lib/thumb/v7-m/nofp/libc_nano.a(lib_a-nano-freer.o)
                0x0000000000001898                _free_r
 .text.sbrk_aligned
                0x0000000000001928       0x40 /export/SoftWare/ARM/gcc-arm-none-eabi-10.3-2021.10/bin/../lib/gcc/arm-none-eabi/10.3.1/../../../../arm-none-eabi/lib/thumb/v7-m/nofp/libc_nano.a(lib_a-nano-mallocr.o)
 .text._malloc_r
                0x0000000000001968       0xe8 /export/SoftWare/ARM/gcc-arm-none-eabi-10.3-2021.10/bin/../lib/gcc/arm-none-eabi/10.3.1/../../../../arm-none-eabi/lib/thumb/v7-m/nofp/libc_nano.a(lib_a-nano-mallocr.o)
                0x0000000000001968                _malloc_r
 .text._realloc_r
                0x0000000000001a50       0x5e /export/SoftWare/ARM/gcc-arm-none-eabi-10.3-2021.10/bin/../lib/gcc/arm-none-eabi/10.3.1/../../../../arm-none-eabi/lib/thumb/v7-m/nofp/libc_nano.a(lib_a-nano-reallocr.o)
                0x0000000000001a50                _realloc_r
 *fill*         0x0000000000001aae        0x2 
 .text._sbrk_r  0x0000000000001ab0       0x20 /export/SoftWare/ARM/gcc-arm-none-eabi-10.3-2021.10/bin/../lib/gcc/arm-none-eabi/10.3.1/../../../../arm-none-eabi/lib/thumb/v7-m/nofp/libc_nano.a(lib_a-sbrkr.o)
                0x0000000000001ab0                _sbrk_r
 .text.__malloc_lock
                0x0000000000001ad0        0xc /export/SoftWare/ARM/gcc-arm-none-eabi-10.3-2021.10/bin/../lib/gcc/arm-none-eabi/10.3.1/../../../../arm-none-eabi/lib/thumb/v7-m/nofp/libc_nano.a(lib_a-mlock.o)
                0x0000000000001ad0                __malloc_lock
 .text.__malloc_unlock
                0x0000000000001adc        0xc /export/SoftWare/ARM/gcc-arm-none-eabi-10.3-2021.10/bin/../lib/gcc/arm-none-eabi/10.3.1/../../../../arm-none-eabi/lib/thumb/v7-m/nofp/libc_nano.a(lib_a-mlock.o)
                0x0000000000001adc                __malloc_unlock
 .text._malloc_usable_size_r
                0x0000000000001ae8       0x10 /export/SoftWare/ARM/gcc-arm-none-eabi-10.3-2021.10/bin/../lib/gcc/arm-none-eabi/10.3.1/../../../../arm-none-eabi/lib/thumb/v7-m/nofp/libc_nano.a(lib_a-nano-msizer.o)
                0x0000000000001ae8                _malloc_usable_size_r
 .text.__retarget_lock_acquire_recursive
                0x0000000000001af8        0x2 /export/SoftWare/ARM/gcc-arm-none-eabi-10.3-2021.10/bin/../lib/gcc/arm-none-eabi/10.3.1/../../../../arm-none-eabi/lib/thumb/v7-m/nofp/libc_nano.a(lib_a-lock.o)
                0x0000000000001af8                __retarget_lock_acquire_recursive
 .text.__retarget_lock_release_recursive
                0x0000000000001afa        0x2 /export/SoftWare/ARM/gcc-arm-none-eabi-10.3-2021.10/bin/../lib/gcc/arm-none-eabi/10.3.1/../../../../arm-none-eabi/lib/thumb/v7-m/nofp/libc_nano.a(lib_a-lock.o)
                0x0000000000001afa                __retarget_lock_release_recursive
 .text._sbrk    0x0000000000001afc       0x1c /export/SoftWare/ARM/gcc-arm-none-eabi-10.3-2021.10/bin/../lib/gcc/arm-none-eabi/10.3.1/../../../../arm-none-eabi/lib/thumb/v7-m/nofp/libnosys.a(sbrk.o)
                0x0000000000001afc                _sbrk
 .text._exit    0x0000000000001b18        0x4 /export/SoftWare/ARM/gcc-arm-none-eabi-10.3-2021.10/bin/../lib/gcc/arm-none-eabi/10.3.1/../../../../arm-none-eabi/lib/thumb/v7-m/nofp/libnosys.a(_exit.o)
                0x0000000000001b18                _exit
 *(.init)
 .init          0x0000000000001b1c        0x4 /export/SoftWare/ARM/gcc-arm-none-eabi-10.3-2021.10/bin/../lib/gcc/arm-none-eabi/10.3.1/thumb/v7-m/nofp/crti.o
                0x0000000000001b1c                _init
 .init          0x0000000000001b20        0x8 /export/SoftWare/ARM/gcc-arm-none-eabi-10.3-2021.10/bin/../lib/gcc/arm-none-eabi/10.3.1/thumb/v7-m/nofp/crtn.o
 *(.fini)
 .fini          0x0000000000001b28        0x4 /export/SoftWare/ARM/gcc-arm-none-eabi-10.3-2021.10/bin/../lib/gcc/arm-none-eabi/10.3.1/thumb/v7-m/nofp/crti.o
                0x0000000000001b28                _fini
 .fini          0x0000000000001b2c        0x8 /export/SoftWare/ARM/gcc-arm-none-eabi-10.3-2021.10/bin/../lib/gcc/arm-none-eabi/10.3.1/thumb/v7-m/nofp/crtn.o
 *crtbegin.o(.ctors)
 *crtbegin?.o(.ctors)
 *(EXCLUDE_FILE(*crtend.o *crtend?.o) .ctors)
 *(SORT_BY_NAME(.ctors.*))
 *(.ctors)
 *crtbegin.o(.dtors)
 *crtbegin?.o(.dtors)
 *(EXCLUDE_FILE(*crtend.o *crtend?.o) .dtors)
 *(SORT_BY_NAME(.dtors.*))
 *(.dtors)
 *(.rodata*)
 .rodata.gd25lb256e_read_id.str1.4
                0x0000000000001b34        0x4 gd25lb256e_op.o
 .rodata.NMI_Handler.str1.4
                0x0000000000001b38        0x4 interrupt.o
 .rodata.show_testmenu.str1.4
                0x0000000000001b3c       0x54 main.o
 .rodata.test_execute.str1.4
                0x0000000000001b90       0x59 main.o
 *fill*         0x0000000000001be9        0x3 
 .rodata.main.str1.4
                0x0000000000001bec       0x1d main.o
 *fill*         0x0000000000001c09        0x3 
 .rodata.gd25lb256e_read_id_case.str1.4
                0x0000000000001c0c        0x4 spim_gd25lb256e.o
                                          0x8 (size before relaxing)
 .rodata.gd25lb256e_read_case.str1.4
                0x0000000000001c10        0xa spim_gd25lb256e.o
 *fill*         0x0000000000001c1a        0x2 
 .rodata._global_impure_ptr
                0x0000000000001c1c        0x4 /export/SoftWare/ARM/gcc-arm-none-eabi-10.3-2021.10/bin/../lib/gcc/arm-none-eabi/10.3.1/../../../../arm-none-eabi/lib/thumb/v7-m/nofp/libc_nano.a(lib_a-impure.o)
                0x0000000000001c1c                _global_impure_ptr
 .rodata._svfprintf_r.str1.1
                0x0000000000001c20       0x11 /export/SoftWare/ARM/gcc-arm-none-eabi-10.3-2021.10/bin/../lib/gcc/arm-none-eabi/10.3.1/../../../../arm-none-eabi/lib/thumb/v7-m/nofp/libc_nano.a(lib_a-nano-svfprintf.o)
 .rodata._printf_i.str1.1
                0x0000000000001c31       0x22 /export/SoftWare/ARM/gcc-arm-none-eabi-10.3-2021.10/bin/../lib/gcc/arm-none-eabi/10.3.1/../../../../arm-none-eabi/lib/thumb/v7-m/nofp/libc_nano.a(lib_a-nano-vfprintf_i.o)
 *(.eh_frame*)
 *fill*         0x0000000000001c53        0x1 
 .eh_frame      0x0000000000001c54        0x0 /export/SoftWare/ARM/gcc-arm-none-eabi-10.3-2021.10/bin/../lib/gcc/arm-none-eabi/10.3.1/thumb/v7-m/nofp/crtbegin.o
 .eh_frame      0x0000000000001c54        0x4 /export/SoftWare/ARM/gcc-arm-none-eabi-10.3-2021.10/bin/../lib/gcc/arm-none-eabi/10.3.1/thumb/v7-m/nofp/crtend.o

.glue_7         0x0000000000001c58        0x0
 .glue_7        0x0000000000001c58        0x0 linker stubs

.glue_7t        0x0000000000001c58        0x0
 .glue_7t       0x0000000000001c58        0x0 linker stubs

.vfp11_veneer   0x0000000000001c58        0x0
 .vfp11_veneer  0x0000000000001c58        0x0 linker stubs

.v4_bx          0x0000000000001c58        0x0
 .v4_bx         0x0000000000001c58        0x0 linker stubs

.iplt           0x0000000000001c58        0x0
 .iplt          0x0000000000001c58        0x0 /export/SoftWare/ARM/gcc-arm-none-eabi-10.3-2021.10/bin/../lib/gcc/arm-none-eabi/10.3.1/thumb/v7-m/nofp/crtbegin.o

.rel.dyn        0x0000000000001c58        0x0
 .rel.iplt      0x0000000000001c58        0x0 /export/SoftWare/ARM/gcc-arm-none-eabi-10.3-2021.10/bin/../lib/gcc/arm-none-eabi/10.3.1/thumb/v7-m/nofp/crtbegin.o

.ARM.extab
 *(.ARM.extab* .gnu.linkonce.armextab.*)
                0x0000000000001c58                __exidx_start = .

.ARM.exidx
 *(.ARM.exidx* .gnu.linkonce.armexidx.*)
                0x0000000000001c58                __exidx_end = .
                0x0000000000001c58                __etext = .

.data           0x0000000000020000      0x4ac load address 0x0000000000001c58
                0x0000000000020000                __data_start__ = .
 *(vtable)
 *(.data*)
 .data.g_mcu_menu
                0x0000000000020000       0x88 main.o
                0x0000000000020000                g_mcu_menu
 .data.g_gd25lb256e_menu
                0x0000000000020088      0x3b8 spim_gd25lb256e.o
                0x0000000000020088                g_gd25lb256e_menu
 .data._impure_ptr
                0x0000000000020440        0x4 /export/SoftWare/ARM/gcc-arm-none-eabi-10.3-2021.10/bin/../lib/gcc/arm-none-eabi/10.3.1/../../../../arm-none-eabi/lib/thumb/v7-m/nofp/libc_nano.a(lib_a-impure.o)
                0x0000000000020440                _impure_ptr
 .data.impure_data
                0x0000000000020444       0x60 /export/SoftWare/ARM/gcc-arm-none-eabi-10.3-2021.10/bin/../lib/gcc/arm-none-eabi/10.3.1/../../../../arm-none-eabi/lib/thumb/v7-m/nofp/libc_nano.a(lib_a-impure.o)
                0x00000000000204a4                . = ALIGN (0x4)
                0x00000000000204a4                PROVIDE (__preinit_array_start = .)
 *(.preinit_array)
                0x00000000000204a4                PROVIDE (__preinit_array_end = .)
                0x00000000000204a4                . = ALIGN (0x4)
                0x00000000000204a4                PROVIDE (__init_array_start = .)
 *(SORT_BY_NAME(.init_array.*))
 *(.init_array)
 .init_array    0x00000000000204a4        0x4 /export/SoftWare/ARM/gcc-arm-none-eabi-10.3-2021.10/bin/../lib/gcc/arm-none-eabi/10.3.1/thumb/v7-m/nofp/crtbegin.o
                0x00000000000204a8                PROVIDE (__init_array_end = .)
                0x00000000000204a8                . = ALIGN (0x4)
                [!provide]                        PROVIDE (__fini_array_start = .)
 *(SORT_BY_NAME(.fini_array.*))
 *(.fini_array)
 .fini_array    0x00000000000204a8        0x4 /export/SoftWare/ARM/gcc-arm-none-eabi-10.3-2021.10/bin/../lib/gcc/arm-none-eabi/10.3.1/thumb/v7-m/nofp/crtbegin.o
                [!provide]                        PROVIDE (__fini_array_end = .)
 *(.jcr*)
                0x00000000000204ac                . = ALIGN (0x4)
                0x00000000000204ac                __data_end__ = .

.igot.plt       0x00000000000204ac        0x0 load address 0x0000000000002104
 .igot.plt      0x00000000000204ac        0x0 /export/SoftWare/ARM/gcc-arm-none-eabi-10.3-2021.10/bin/../lib/gcc/arm-none-eabi/10.3.1/thumb/v7-m/nofp/crtbegin.o

.bss            0x00000000000204ac       0xe8 load address 0x0000000000002104
                0x00000000000204ac                . = ALIGN (0x4)
                0x00000000000204ac                __bss_start__ = .
 *(.bss*)
 .bss           0x00000000000204ac       0x1c /export/SoftWare/ARM/gcc-arm-none-eabi-10.3-2021.10/bin/../lib/gcc/arm-none-eabi/10.3.1/thumb/v7-m/nofp/crtbegin.o
 .bss.hspim     0x00000000000204c8       0x1c main.o
                0x00000000000204c8                hspim
 .bss.rx_flash_data
                0x00000000000204e4       0x40 spim_gd25lb256e.o
                0x00000000000204e4                rx_flash_data
 .bss.tx_flash_data
                0x0000000000020524       0x40 spim_gd25lb256e.o
                0x0000000000020524                tx_flash_data
 .bss.huart0    0x0000000000020564       0x1c uart_bsp.o
                0x0000000000020564                huart0
 .bss.__malloc_free_list
                0x0000000000020580        0x4 /export/SoftWare/ARM/gcc-arm-none-eabi-10.3-2021.10/bin/../lib/gcc/arm-none-eabi/10.3.1/../../../../arm-none-eabi/lib/thumb/v7-m/nofp/libc_nano.a(lib_a-nano-mallocr.o)
                0x0000000000020580                __malloc_free_list
 .bss.__malloc_sbrk_start
                0x0000000000020584        0x4 /export/SoftWare/ARM/gcc-arm-none-eabi-10.3-2021.10/bin/../lib/gcc/arm-none-eabi/10.3.1/../../../../arm-none-eabi/lib/thumb/v7-m/nofp/libc_nano.a(lib_a-nano-mallocr.o)
                0x0000000000020584                __malloc_sbrk_start
 .bss.errno     0x0000000000020588        0x4 /export/SoftWare/ARM/gcc-arm-none-eabi-10.3-2021.10/bin/../lib/gcc/arm-none-eabi/10.3.1/../../../../arm-none-eabi/lib/thumb/v7-m/nofp/libc_nano.a(lib_a-reent.o)
                0x0000000000020588                errno
 .bss.__lock___malloc_recursive_mutex
                0x000000000002058c        0x1 /export/SoftWare/ARM/gcc-arm-none-eabi-10.3-2021.10/bin/../lib/gcc/arm-none-eabi/10.3.1/../../../../arm-none-eabi/lib/thumb/v7-m/nofp/libc_nano.a(lib_a-lock.o)
                0x000000000002058c                __lock___malloc_recursive_mutex
 *fill*         0x000000000002058d        0x3 
 .bss.heap_end.0
                0x0000000000020590        0x4 /export/SoftWare/ARM/gcc-arm-none-eabi-10.3-2021.10/bin/../lib/gcc/arm-none-eabi/10.3.1/../../../../arm-none-eabi/lib/thumb/v7-m/nofp/libnosys.a(sbrk.o)
 *(COMMON)
                0x0000000000020594                . = ALIGN (0x4)
                0x0000000000020594                __bss_end__ = .

.heap           0x0000000000020598        0x0
                0x0000000000020598                __end__ = .
                0x0000000000020598                end = __end__
 *(.heap*)
 .heap          0x0000000000020598        0x0 startup_CM3DS.o
                0x0000000000020598                __HeapLimit = .

.stack_dummy    0x0000000000020598      0x200
 *(.stack*)
 .stack         0x0000000000020598      0x200 startup_CM3DS.o
                0x0000000000022000                __StackTop = (ORIGIN (RAM) + LENGTH (RAM))
                0x0000000000021e00                __StackLimit = (__StackTop - SIZEOF (.stack_dummy))
                0x0000000000022000                PROVIDE (__stack = __StackTop)
                0x0000000000000001                ASSERT ((__StackLimit >= __HeapLimit), region RAM overflowed with stack)
OUTPUT(spim_applications.elf elf32-littlearm)
LOAD linker stubs

.ARM.attributes
                0x0000000000000000       0x29
 .ARM.attributes
                0x0000000000000000       0x1d /export/SoftWare/ARM/gcc-arm-none-eabi-10.3-2021.10/bin/../lib/gcc/arm-none-eabi/10.3.1/thumb/v7-m/nofp/crti.o
 .ARM.attributes
                0x000000000000001d       0x2d /export/SoftWare/ARM/gcc-arm-none-eabi-10.3-2021.10/bin/../lib/gcc/arm-none-eabi/10.3.1/thumb/v7-m/nofp/crtbegin.o
 .ARM.attributes
                0x000000000000004a       0x2d drv_common.o
 .ARM.attributes
                0x0000000000000077       0x2d drv_spim.o
 .ARM.attributes
                0x00000000000000a4       0x2d drv_uart.o
 .ARM.attributes
                0x00000000000000d1       0x2d drv_uart_ex.o
 .ARM.attributes
                0x00000000000000fe       0x2d gd25lb256e_op.o
 .ARM.attributes
                0x000000000000012b       0x2d interrupt.o
 .ARM.attributes
                0x0000000000000158       0x2d main.o
 .ARM.attributes
                0x0000000000000185       0x2d spim_gd25lb256e.o
 .ARM.attributes
                0x00000000000001b2       0x1b startup_CM3DS.o
 .ARM.attributes
                0x00000000000001cd       0x2d uart_bsp.o
 .ARM.attributes
                0x00000000000001fa       0x2d /export/SoftWare/ARM/gcc-arm-none-eabi-10.3-2021.10/bin/../lib/gcc/arm-none-eabi/10.3.1/../../../../arm-none-eabi/lib/thumb/v7-m/nofp/libc_nano.a(lib_a-exit.o)
 .ARM.attributes
                0x0000000000000227       0x2d /export/SoftWare/ARM/gcc-arm-none-eabi-10.3-2021.10/bin/../lib/gcc/arm-none-eabi/10.3.1/../../../../arm-none-eabi/lib/thumb/v7-m/nofp/libc_nano.a(lib_a-impure.o)
 .ARM.attributes
                0x0000000000000254       0x2d /export/SoftWare/ARM/gcc-arm-none-eabi-10.3-2021.10/bin/../lib/gcc/arm-none-eabi/10.3.1/../../../../arm-none-eabi/lib/thumb/v7-m/nofp/libc_nano.a(lib_a-memcpy-stub.o)
 .ARM.attributes
                0x0000000000000281       0x17 /export/SoftWare/ARM/gcc-arm-none-eabi-10.3-2021.10/bin/../lib/gcc/arm-none-eabi/10.3.1/../../../../arm-none-eabi/lib/thumb/v7-m/nofp/libc_nano.a(lib_a-strlen.o)
 .ARM.attributes
                0x0000000000000298       0x2d /export/SoftWare/ARM/gcc-arm-none-eabi-10.3-2021.10/bin/../lib/gcc/arm-none-eabi/10.3.1/../../../../arm-none-eabi/lib/thumb/v7-m/nofp/libc_nano.a(lib_a-vsprintf.o)
 .ARM.attributes
                0x00000000000002c5       0x2d /export/SoftWare/ARM/gcc-arm-none-eabi-10.3-2021.10/bin/../lib/gcc/arm-none-eabi/10.3.1/../../../../arm-none-eabi/lib/thumb/v7-m/nofp/libc_nano.a(lib_a-nano-svfprintf.o)
 .ARM.attributes
                0x00000000000002f2       0x2d /export/SoftWare/ARM/gcc-arm-none-eabi-10.3-2021.10/bin/../lib/gcc/arm-none-eabi/10.3.1/../../../../arm-none-eabi/lib/thumb/v7-m/nofp/libc_nano.a(lib_a-nano-vfprintf_i.o)
 .ARM.attributes
                0x000000000000031f       0x2d /export/SoftWare/ARM/gcc-arm-none-eabi-10.3-2021.10/bin/../lib/gcc/arm-none-eabi/10.3.1/../../../../arm-none-eabi/lib/thumb/v7-m/nofp/libc_nano.a(lib_a-memchr-stub.o)
 .ARM.attributes
                0x000000000000034c       0x2d /export/SoftWare/ARM/gcc-arm-none-eabi-10.3-2021.10/bin/../lib/gcc/arm-none-eabi/10.3.1/../../../../arm-none-eabi/lib/thumb/v7-m/nofp/libc_nano.a(lib_a-memmove.o)
 .ARM.attributes
                0x0000000000000379       0x2d /export/SoftWare/ARM/gcc-arm-none-eabi-10.3-2021.10/bin/../lib/gcc/arm-none-eabi/10.3.1/../../../../arm-none-eabi/lib/thumb/v7-m/nofp/libc_nano.a(lib_a-nano-freer.o)
 .ARM.attributes
                0x00000000000003a6       0x2d /export/SoftWare/ARM/gcc-arm-none-eabi-10.3-2021.10/bin/../lib/gcc/arm-none-eabi/10.3.1/../../../../arm-none-eabi/lib/thumb/v7-m/nofp/libc_nano.a(lib_a-nano-mallocr.o)
 .ARM.attributes
                0x00000000000003d3       0x2d /export/SoftWare/ARM/gcc-arm-none-eabi-10.3-2021.10/bin/../lib/gcc/arm-none-eabi/10.3.1/../../../../arm-none-eabi/lib/thumb/v7-m/nofp/libc_nano.a(lib_a-nano-reallocr.o)
 .ARM.attributes
                0x0000000000000400       0x2d /export/SoftWare/ARM/gcc-arm-none-eabi-10.3-2021.10/bin/../lib/gcc/arm-none-eabi/10.3.1/../../../../arm-none-eabi/lib/thumb/v7-m/nofp/libc_nano.a(lib_a-sbrkr.o)
 .ARM.attributes
                0x000000000000042d       0x2d /export/SoftWare/ARM/gcc-arm-none-eabi-10.3-2021.10/bin/../lib/gcc/arm-none-eabi/10.3.1/../../../../arm-none-eabi/lib/thumb/v7-m/nofp/libc_nano.a(lib_a-mlock.o)
 .ARM.attributes
                0x000000000000045a       0x2d /export/SoftWare/ARM/gcc-arm-none-eabi-10.3-2021.10/bin/../lib/gcc/arm-none-eabi/10.3.1/../../../../arm-none-eabi/lib/thumb/v7-m/nofp/libc_nano.a(lib_a-nano-msizer.o)
 .ARM.attributes
                0x0000000000000487       0x2d /export/SoftWare/ARM/gcc-arm-none-eabi-10.3-2021.10/bin/../lib/gcc/arm-none-eabi/10.3.1/../../../../arm-none-eabi/lib/thumb/v7-m/nofp/libc_nano.a(lib_a-reent.o)
 .ARM.attributes
                0x00000000000004b4       0x2d /export/SoftWare/ARM/gcc-arm-none-eabi-10.3-2021.10/bin/../lib/gcc/arm-none-eabi/10.3.1/../../../../arm-none-eabi/lib/thumb/v7-m/nofp/libc_nano.a(lib_a-lock.o)
 .ARM.attributes
                0x00000000000004e1       0x2d /export/SoftWare/ARM/gcc-arm-none-eabi-10.3-2021.10/bin/../lib/gcc/arm-none-eabi/10.3.1/../../../../arm-none-eabi/lib/thumb/v7-m/nofp/libnosys.a(sbrk.o)
 .ARM.attributes
                0x000000000000050e       0x2d /export/SoftWare/ARM/gcc-arm-none-eabi-10.3-2021.10/bin/../lib/gcc/arm-none-eabi/10.3.1/../../../../arm-none-eabi/lib/thumb/v7-m/nofp/libnosys.a(_exit.o)
 .ARM.attributes
                0x000000000000053b       0x2d /export/SoftWare/ARM/gcc-arm-none-eabi-10.3-2021.10/bin/../lib/gcc/arm-none-eabi/10.3.1/thumb/v7-m/nofp/crtend.o
 .ARM.attributes
                0x0000000000000568       0x1d /export/SoftWare/ARM/gcc-arm-none-eabi-10.3-2021.10/bin/../lib/gcc/arm-none-eabi/10.3.1/thumb/v7-m/nofp/crtn.o

.comment        0x0000000000000000       0x49
 .comment       0x0000000000000000       0x49 drv_common.o
                                         0x4a (size before relaxing)
 .comment       0x0000000000000049       0x4a drv_spim.o
 .comment       0x0000000000000049       0x4a drv_uart.o
 .comment       0x0000000000000049       0x4a drv_uart_ex.o
 .comment       0x0000000000000049       0x4a gd25lb256e_op.o
 .comment       0x0000000000000049       0x4a interrupt.o
 .comment       0x0000000000000049       0x4a main.o
 .comment       0x0000000000000049       0x4a spim_gd25lb256e.o
 .comment       0x0000000000000049       0x4a uart_bsp.o

.debug_frame    0x0000000000000000      0x454
 .debug_frame   0x0000000000000000       0x28 /export/SoftWare/ARM/gcc-arm-none-eabi-10.3-2021.10/bin/../lib/gcc/arm-none-eabi/10.3.1/../../../../arm-none-eabi/lib/thumb/v7-m/nofp/libc_nano.a(lib_a-exit.o)
 .debug_frame   0x0000000000000028       0x28 /export/SoftWare/ARM/gcc-arm-none-eabi-10.3-2021.10/bin/../lib/gcc/arm-none-eabi/10.3.1/../../../../arm-none-eabi/lib/thumb/v7-m/nofp/libc_nano.a(lib_a-memcpy-stub.o)
 .debug_frame   0x0000000000000050       0x3c /export/SoftWare/ARM/gcc-arm-none-eabi-10.3-2021.10/bin/../lib/gcc/arm-none-eabi/10.3.1/../../../../arm-none-eabi/lib/thumb/v7-m/nofp/libc_nano.a(lib_a-vsprintf.o)
 .debug_frame   0x000000000000008c       0x90 /export/SoftWare/ARM/gcc-arm-none-eabi-10.3-2021.10/bin/../lib/gcc/arm-none-eabi/10.3.1/../../../../arm-none-eabi/lib/thumb/v7-m/nofp/libc_nano.a(lib_a-nano-svfprintf.o)
 .debug_frame   0x000000000000011c       0x60 /export/SoftWare/ARM/gcc-arm-none-eabi-10.3-2021.10/bin/../lib/gcc/arm-none-eabi/10.3.1/../../../../arm-none-eabi/lib/thumb/v7-m/nofp/libc_nano.a(lib_a-nano-vfprintf_i.o)
 .debug_frame   0x000000000000017c       0x28 /export/SoftWare/ARM/gcc-arm-none-eabi-10.3-2021.10/bin/../lib/gcc/arm-none-eabi/10.3.1/../../../../arm-none-eabi/lib/thumb/v7-m/nofp/libc_nano.a(lib_a-memchr-stub.o)
 .debug_frame   0x00000000000001a4       0x28 /export/SoftWare/ARM/gcc-arm-none-eabi-10.3-2021.10/bin/../lib/gcc/arm-none-eabi/10.3.1/../../../../arm-none-eabi/lib/thumb/v7-m/nofp/libc_nano.a(lib_a-memmove.o)
 .debug_frame   0x00000000000001cc       0x38 /export/SoftWare/ARM/gcc-arm-none-eabi-10.3-2021.10/bin/../lib/gcc/arm-none-eabi/10.3.1/../../../../arm-none-eabi/lib/thumb/v7-m/nofp/libc_nano.a(lib_a-nano-freer.o)
 .debug_frame   0x0000000000000204       0x4c /export/SoftWare/ARM/gcc-arm-none-eabi-10.3-2021.10/bin/../lib/gcc/arm-none-eabi/10.3.1/../../../../arm-none-eabi/lib/thumb/v7-m/nofp/libc_nano.a(lib_a-nano-mallocr.o)
 .debug_frame   0x0000000000000250       0x3c /export/SoftWare/ARM/gcc-arm-none-eabi-10.3-2021.10/bin/../lib/gcc/arm-none-eabi/10.3.1/../../../../arm-none-eabi/lib/thumb/v7-m/nofp/libc_nano.a(lib_a-nano-reallocr.o)
 .debug_frame   0x000000000000028c       0x2c /export/SoftWare/ARM/gcc-arm-none-eabi-10.3-2021.10/bin/../lib/gcc/arm-none-eabi/10.3.1/../../../../arm-none-eabi/lib/thumb/v7-m/nofp/libc_nano.a(lib_a-sbrkr.o)
 .debug_frame   0x00000000000002b8       0x30 /export/SoftWare/ARM/gcc-arm-none-eabi-10.3-2021.10/bin/../lib/gcc/arm-none-eabi/10.3.1/../../../../arm-none-eabi/lib/thumb/v7-m/nofp/libc_nano.a(lib_a-mlock.o)
 .debug_frame   0x00000000000002e8       0x20 /export/SoftWare/ARM/gcc-arm-none-eabi-10.3-2021.10/bin/../lib/gcc/arm-none-eabi/10.3.1/../../../../arm-none-eabi/lib/thumb/v7-m/nofp/libc_nano.a(lib_a-nano-msizer.o)
 .debug_frame   0x0000000000000308       0x5c /export/SoftWare/ARM/gcc-arm-none-eabi-10.3-2021.10/bin/../lib/gcc/arm-none-eabi/10.3.1/../../../../arm-none-eabi/lib/thumb/v7-m/nofp/libc_nano.a(lib_a-reent.o)
 .debug_frame   0x0000000000000364       0xb0 /export/SoftWare/ARM/gcc-arm-none-eabi-10.3-2021.10/bin/../lib/gcc/arm-none-eabi/10.3.1/../../../../arm-none-eabi/lib/thumb/v7-m/nofp/libc_nano.a(lib_a-lock.o)
 .debug_frame   0x0000000000000414       0x20 /export/SoftWare/ARM/gcc-arm-none-eabi-10.3-2021.10/bin/../lib/gcc/arm-none-eabi/10.3.1/../../../../arm-none-eabi/lib/thumb/v7-m/nofp/libnosys.a(sbrk.o)
 .debug_frame   0x0000000000000434       0x20 /export/SoftWare/ARM/gcc-arm-none-eabi-10.3-2021.10/bin/../lib/gcc/arm-none-eabi/10.3.1/../../../../arm-none-eabi/lib/thumb/v7-m/nofp/libnosys.a(_exit.o)

Cross Reference Table

Symbol                                            File
AdvtimCap_Handler                                 startup_CM3DS.o
AdvtimEnc_Handler                                 startup_CM3DS.o
AdvtimGen_Handler                                 startup_CM3DS.o
Bastim_Ch0_Handler                                startup_CM3DS.o
Bastim_Ch1_Handler                                startup_CM3DS.o
Bastim_Ch2_Handler                                startup_CM3DS.o
Bastim_Ch3_Handler                                startup_CM3DS.o
BusFault_Handler                                  interrupt.o
DebugMon_Handler                                  interrupt.o
EthDma_Handler                                    startup_CM3DS.o
EthRx_Handler                                     startup_CM3DS.o
EthSma_Handler                                    startup_CM3DS.o
EthTx_Handler                                     startup_CM3DS.o
Gpioa_Handler                                     startup_CM3DS.o
HardFault_Handler                                 interrupt.o
MemManage_Handler                                 interrupt.o
NMI_Handler                                       interrupt.o
PendSV_Handler                                    interrupt.o
Reset_Handler                                     startup_CM3DS.o
Resv15_Handler                                    startup_CM3DS.o
Resv2_Handler                                     startup_CM3DS.o
Resv3_Handler                                     startup_CM3DS.o
Resv6_Handler                                     startup_CM3DS.o
Resv7_Handler                                     startup_CM3DS.o
SVC_Handler                                       interrupt.o
Spim_Handler                                      interrupt.o
SysTick_Handler                                   interrupt.o
Uart0_Handler                                     interrupt.o
Uart1_Handler                                     startup_CM3DS.o
UsageFault_Handler                                interrupt.o
__HEAP_SIZE                                       startup_CM3DS.o
__HeapBase                                        startup_CM3DS.o
__HeapLimit                                       startup_CM3DS.o
__STACK_SIZE                                      startup_CM3DS.o
__StackLimit                                      startup_CM3DS.o
__StackTop                                        startup_CM3DS.o
__bss_end__                                       startup_CM3DS.o
                                                  /export/SoftWare/ARM/gcc-arm-none-eabi-10.3-2021.10/bin/../lib/gcc/arm-none-eabi/10.3.1/../../../../arm-none-eabi/lib/thumb/v7-m/nofp/crt0.o
__bss_start__                                     startup_CM3DS.o
                                                  /export/SoftWare/ARM/gcc-arm-none-eabi-10.3-2021.10/bin/../lib/gcc/arm-none-eabi/10.3.1/../../../../arm-none-eabi/lib/thumb/v7-m/nofp/crt0.o
__call_exitprocs                                  /export/SoftWare/ARM/gcc-arm-none-eabi-10.3-2021.10/bin/../lib/gcc/arm-none-eabi/10.3.1/../../../../arm-none-eabi/lib/thumb/v7-m/nofp/libc_nano.a(lib_a-exit.o)
__data_end__                                      startup_CM3DS.o
__data_start__                                    startup_CM3DS.o
__deregister_frame_info                           /export/SoftWare/ARM/gcc-arm-none-eabi-10.3-2021.10/bin/../lib/gcc/arm-none-eabi/10.3.1/thumb/v7-m/nofp/crtbegin.o
__dso_handle                                      /export/SoftWare/ARM/gcc-arm-none-eabi-10.3-2021.10/bin/../lib/gcc/arm-none-eabi/10.3.1/thumb/v7-m/nofp/crtbegin.o
__etext                                           startup_CM3DS.o
__init_array_end                                  /export/SoftWare/ARM/gcc-arm-none-eabi-10.3-2021.10/bin/../lib/gcc/arm-none-eabi/10.3.1/../../../../arm-none-eabi/lib/thumb/v7-m/nofp/libc_nano.a(lib_a-init.o)
__init_array_start                                /export/SoftWare/ARM/gcc-arm-none-eabi-10.3-2021.10/bin/../lib/gcc/arm-none-eabi/10.3.1/../../../../arm-none-eabi/lib/thumb/v7-m/nofp/libc_nano.a(lib_a-init.o)
__isr_vector                                      startup_CM3DS.o
__libc_fini_array                                 /export/SoftWare/ARM/gcc-arm-none-eabi-10.3-2021.10/bin/../lib/gcc/arm-none-eabi/10.3.1/../../../../arm-none-eabi/lib/thumb/v7-m/nofp/crt0.o
__libc_init_array                                 /export/SoftWare/ARM/gcc-arm-none-eabi-10.3-2021.10/bin/../lib/gcc/arm-none-eabi/10.3.1/../../../../arm-none-eabi/lib/thumb/v7-m/nofp/libc_nano.a(lib_a-init.o)
                                                  /export/SoftWare/ARM/gcc-arm-none-eabi-10.3-2021.10/bin/../lib/gcc/arm-none-eabi/10.3.1/../../../../arm-none-eabi/lib/thumb/v7-m/nofp/crt0.o
__lock___arc4random_mutex                         /export/SoftWare/ARM/gcc-arm-none-eabi-10.3-2021.10/bin/../lib/gcc/arm-none-eabi/10.3.1/../../../../arm-none-eabi/lib/thumb/v7-m/nofp/libc_nano.a(lib_a-lock.o)
__lock___at_quick_exit_mutex                      /export/SoftWare/ARM/gcc-arm-none-eabi-10.3-2021.10/bin/../lib/gcc/arm-none-eabi/10.3.1/../../../../arm-none-eabi/lib/thumb/v7-m/nofp/libc_nano.a(lib_a-lock.o)
__lock___atexit_recursive_mutex                   /export/SoftWare/ARM/gcc-arm-none-eabi-10.3-2021.10/bin/../lib/gcc/arm-none-eabi/10.3.1/../../../../arm-none-eabi/lib/thumb/v7-m/nofp/libc_nano.a(lib_a-lock.o)
__lock___dd_hash_mutex                            /export/SoftWare/ARM/gcc-arm-none-eabi-10.3-2021.10/bin/../lib/gcc/arm-none-eabi/10.3.1/../../../../arm-none-eabi/lib/thumb/v7-m/nofp/libc_nano.a(lib_a-lock.o)
__lock___env_recursive_mutex                      /export/SoftWare/ARM/gcc-arm-none-eabi-10.3-2021.10/bin/../lib/gcc/arm-none-eabi/10.3.1/../../../../arm-none-eabi/lib/thumb/v7-m/nofp/libc_nano.a(lib_a-lock.o)
__lock___malloc_recursive_mutex                   /export/SoftWare/ARM/gcc-arm-none-eabi-10.3-2021.10/bin/../lib/gcc/arm-none-eabi/10.3.1/../../../../arm-none-eabi/lib/thumb/v7-m/nofp/libc_nano.a(lib_a-lock.o)
                                                  /export/SoftWare/ARM/gcc-arm-none-eabi-10.3-2021.10/bin/../lib/gcc/arm-none-eabi/10.3.1/../../../../arm-none-eabi/lib/thumb/v7-m/nofp/libc_nano.a(lib_a-mlock.o)
__lock___sfp_recursive_mutex                      /export/SoftWare/ARM/gcc-arm-none-eabi-10.3-2021.10/bin/../lib/gcc/arm-none-eabi/10.3.1/../../../../arm-none-eabi/lib/thumb/v7-m/nofp/libc_nano.a(lib_a-lock.o)
__lock___sinit_recursive_mutex                    /export/SoftWare/ARM/gcc-arm-none-eabi-10.3-2021.10/bin/../lib/gcc/arm-none-eabi/10.3.1/../../../../arm-none-eabi/lib/thumb/v7-m/nofp/libc_nano.a(lib_a-lock.o)
__lock___tz_mutex                                 /export/SoftWare/ARM/gcc-arm-none-eabi-10.3-2021.10/bin/../lib/gcc/arm-none-eabi/10.3.1/../../../../arm-none-eabi/lib/thumb/v7-m/nofp/libc_nano.a(lib_a-lock.o)
__malloc_free_list                                /export/SoftWare/ARM/gcc-arm-none-eabi-10.3-2021.10/bin/../lib/gcc/arm-none-eabi/10.3.1/../../../../arm-none-eabi/lib/thumb/v7-m/nofp/libc_nano.a(lib_a-nano-mallocr.o)
                                                  /export/SoftWare/ARM/gcc-arm-none-eabi-10.3-2021.10/bin/../lib/gcc/arm-none-eabi/10.3.1/../../../../arm-none-eabi/lib/thumb/v7-m/nofp/libc_nano.a(lib_a-nano-freer.o)
__malloc_lock                                     /export/SoftWare/ARM/gcc-arm-none-eabi-10.3-2021.10/bin/../lib/gcc/arm-none-eabi/10.3.1/../../../../arm-none-eabi/lib/thumb/v7-m/nofp/libc_nano.a(lib_a-mlock.o)
                                                  /export/SoftWare/ARM/gcc-arm-none-eabi-10.3-2021.10/bin/../lib/gcc/arm-none-eabi/10.3.1/../../../../arm-none-eabi/lib/thumb/v7-m/nofp/libc_nano.a(lib_a-nano-mallocr.o)
                                                  /export/SoftWare/ARM/gcc-arm-none-eabi-10.3-2021.10/bin/../lib/gcc/arm-none-eabi/10.3.1/../../../../arm-none-eabi/lib/thumb/v7-m/nofp/libc_nano.a(lib_a-nano-freer.o)
__malloc_sbrk_start                               /export/SoftWare/ARM/gcc-arm-none-eabi-10.3-2021.10/bin/../lib/gcc/arm-none-eabi/10.3.1/../../../../arm-none-eabi/lib/thumb/v7-m/nofp/libc_nano.a(lib_a-nano-mallocr.o)
__malloc_unlock                                   /export/SoftWare/ARM/gcc-arm-none-eabi-10.3-2021.10/bin/../lib/gcc/arm-none-eabi/10.3.1/../../../../arm-none-eabi/lib/thumb/v7-m/nofp/libc_nano.a(lib_a-mlock.o)
                                                  /export/SoftWare/ARM/gcc-arm-none-eabi-10.3-2021.10/bin/../lib/gcc/arm-none-eabi/10.3.1/../../../../arm-none-eabi/lib/thumb/v7-m/nofp/libc_nano.a(lib_a-nano-mallocr.o)
                                                  /export/SoftWare/ARM/gcc-arm-none-eabi-10.3-2021.10/bin/../lib/gcc/arm-none-eabi/10.3.1/../../../../arm-none-eabi/lib/thumb/v7-m/nofp/libc_nano.a(lib_a-nano-freer.o)
__preinit_array_end                               /export/SoftWare/ARM/gcc-arm-none-eabi-10.3-2021.10/bin/../lib/gcc/arm-none-eabi/10.3.1/../../../../arm-none-eabi/lib/thumb/v7-m/nofp/libc_nano.a(lib_a-init.o)
__preinit_array_start                             /export/SoftWare/ARM/gcc-arm-none-eabi-10.3-2021.10/bin/../lib/gcc/arm-none-eabi/10.3.1/../../../../arm-none-eabi/lib/thumb/v7-m/nofp/libc_nano.a(lib_a-init.o)
__register_frame_info                             /export/SoftWare/ARM/gcc-arm-none-eabi-10.3-2021.10/bin/../lib/gcc/arm-none-eabi/10.3.1/thumb/v7-m/nofp/crtbegin.o
__retarget_lock_acquire                           /export/SoftWare/ARM/gcc-arm-none-eabi-10.3-2021.10/bin/../lib/gcc/arm-none-eabi/10.3.1/../../../../arm-none-eabi/lib/thumb/v7-m/nofp/libc_nano.a(lib_a-lock.o)
__retarget_lock_acquire_recursive                 /export/SoftWare/ARM/gcc-arm-none-eabi-10.3-2021.10/bin/../lib/gcc/arm-none-eabi/10.3.1/../../../../arm-none-eabi/lib/thumb/v7-m/nofp/libc_nano.a(lib_a-lock.o)
                                                  /export/SoftWare/ARM/gcc-arm-none-eabi-10.3-2021.10/bin/../lib/gcc/arm-none-eabi/10.3.1/../../../../arm-none-eabi/lib/thumb/v7-m/nofp/libc_nano.a(lib_a-mlock.o)
__retarget_lock_close                             /export/SoftWare/ARM/gcc-arm-none-eabi-10.3-2021.10/bin/../lib/gcc/arm-none-eabi/10.3.1/../../../../arm-none-eabi/lib/thumb/v7-m/nofp/libc_nano.a(lib_a-lock.o)
__retarget_lock_close_recursive                   /export/SoftWare/ARM/gcc-arm-none-eabi-10.3-2021.10/bin/../lib/gcc/arm-none-eabi/10.3.1/../../../../arm-none-eabi/lib/thumb/v7-m/nofp/libc_nano.a(lib_a-lock.o)
__retarget_lock_init                              /export/SoftWare/ARM/gcc-arm-none-eabi-10.3-2021.10/bin/../lib/gcc/arm-none-eabi/10.3.1/../../../../arm-none-eabi/lib/thumb/v7-m/nofp/libc_nano.a(lib_a-lock.o)
__retarget_lock_init_recursive                    /export/SoftWare/ARM/gcc-arm-none-eabi-10.3-2021.10/bin/../lib/gcc/arm-none-eabi/10.3.1/../../../../arm-none-eabi/lib/thumb/v7-m/nofp/libc_nano.a(lib_a-lock.o)
__retarget_lock_release                           /export/SoftWare/ARM/gcc-arm-none-eabi-10.3-2021.10/bin/../lib/gcc/arm-none-eabi/10.3.1/../../../../arm-none-eabi/lib/thumb/v7-m/nofp/libc_nano.a(lib_a-lock.o)
__retarget_lock_release_recursive                 /export/SoftWare/ARM/gcc-arm-none-eabi-10.3-2021.10/bin/../lib/gcc/arm-none-eabi/10.3.1/../../../../arm-none-eabi/lib/thumb/v7-m/nofp/libc_nano.a(lib_a-lock.o)
                                                  /export/SoftWare/ARM/gcc-arm-none-eabi-10.3-2021.10/bin/../lib/gcc/arm-none-eabi/10.3.1/../../../../arm-none-eabi/lib/thumb/v7-m/nofp/libc_nano.a(lib_a-mlock.o)
__retarget_lock_try_acquire                       /export/SoftWare/ARM/gcc-arm-none-eabi-10.3-2021.10/bin/../lib/gcc/arm-none-eabi/10.3.1/../../../../arm-none-eabi/lib/thumb/v7-m/nofp/libc_nano.a(lib_a-lock.o)
__retarget_lock_try_acquire_recursive             /export/SoftWare/ARM/gcc-arm-none-eabi-10.3-2021.10/bin/../lib/gcc/arm-none-eabi/10.3.1/../../../../arm-none-eabi/lib/thumb/v7-m/nofp/libc_nano.a(lib_a-lock.o)
__sf_fake_stderr                                  /export/SoftWare/ARM/gcc-arm-none-eabi-10.3-2021.10/bin/../lib/gcc/arm-none-eabi/10.3.1/../../../../arm-none-eabi/lib/thumb/v7-m/nofp/libc_nano.a(lib_a-impure.o)
__sf_fake_stdin                                   /export/SoftWare/ARM/gcc-arm-none-eabi-10.3-2021.10/bin/../lib/gcc/arm-none-eabi/10.3.1/../../../../arm-none-eabi/lib/thumb/v7-m/nofp/libc_nano.a(lib_a-impure.o)
__sf_fake_stdout                                  /export/SoftWare/ARM/gcc-arm-none-eabi-10.3-2021.10/bin/../lib/gcc/arm-none-eabi/10.3.1/../../../../arm-none-eabi/lib/thumb/v7-m/nofp/libc_nano.a(lib_a-impure.o)
__ssprint_r                                       /export/SoftWare/ARM/gcc-arm-none-eabi-10.3-2021.10/bin/../lib/gcc/arm-none-eabi/10.3.1/../../../../arm-none-eabi/lib/thumb/v7-m/nofp/libc_nano.a(lib_a-nano-svfprintf.o)
__ssputs_r                                        /export/SoftWare/ARM/gcc-arm-none-eabi-10.3-2021.10/bin/../lib/gcc/arm-none-eabi/10.3.1/../../../../arm-none-eabi/lib/thumb/v7-m/nofp/libc_nano.a(lib_a-nano-svfprintf.o)
__stack                                           /export/SoftWare/ARM/gcc-arm-none-eabi-10.3-2021.10/bin/../lib/gcc/arm-none-eabi/10.3.1/../../../../arm-none-eabi/lib/thumb/v7-m/nofp/crt0.o
_exit                                             /export/SoftWare/ARM/gcc-arm-none-eabi-10.3-2021.10/bin/../lib/gcc/arm-none-eabi/10.3.1/../../../../arm-none-eabi/lib/thumb/v7-m/nofp/libnosys.a(_exit.o)
                                                  /export/SoftWare/ARM/gcc-arm-none-eabi-10.3-2021.10/bin/../lib/gcc/arm-none-eabi/10.3.1/../../../../arm-none-eabi/lib/thumb/v7-m/nofp/libc_nano.a(lib_a-exit.o)
_fini                                             /export/SoftWare/ARM/gcc-arm-none-eabi-10.3-2021.10/bin/../lib/gcc/arm-none-eabi/10.3.1/thumb/v7-m/nofp/crti.o
_free_r                                           /export/SoftWare/ARM/gcc-arm-none-eabi-10.3-2021.10/bin/../lib/gcc/arm-none-eabi/10.3.1/../../../../arm-none-eabi/lib/thumb/v7-m/nofp/libc_nano.a(lib_a-nano-freer.o)
                                                  /export/SoftWare/ARM/gcc-arm-none-eabi-10.3-2021.10/bin/../lib/gcc/arm-none-eabi/10.3.1/../../../../arm-none-eabi/lib/thumb/v7-m/nofp/libc_nano.a(lib_a-reent.o)
                                                  /export/SoftWare/ARM/gcc-arm-none-eabi-10.3-2021.10/bin/../lib/gcc/arm-none-eabi/10.3.1/../../../../arm-none-eabi/lib/thumb/v7-m/nofp/libc_nano.a(lib_a-nano-reallocr.o)
                                                  /export/SoftWare/ARM/gcc-arm-none-eabi-10.3-2021.10/bin/../lib/gcc/arm-none-eabi/10.3.1/../../../../arm-none-eabi/lib/thumb/v7-m/nofp/libc_nano.a(lib_a-nano-svfprintf.o)
_global_impure_ptr                                /export/SoftWare/ARM/gcc-arm-none-eabi-10.3-2021.10/bin/../lib/gcc/arm-none-eabi/10.3.1/../../../../arm-none-eabi/lib/thumb/v7-m/nofp/libc_nano.a(lib_a-impure.o)
                                                  /export/SoftWare/ARM/gcc-arm-none-eabi-10.3-2021.10/bin/../lib/gcc/arm-none-eabi/10.3.1/../../../../arm-none-eabi/lib/thumb/v7-m/nofp/libc_nano.a(lib_a-exit.o)
_impure_ptr                                       /export/SoftWare/ARM/gcc-arm-none-eabi-10.3-2021.10/bin/../lib/gcc/arm-none-eabi/10.3.1/../../../../arm-none-eabi/lib/thumb/v7-m/nofp/libc_nano.a(lib_a-impure.o)
                                                  /export/SoftWare/ARM/gcc-arm-none-eabi-10.3-2021.10/bin/../lib/gcc/arm-none-eabi/10.3.1/../../../../arm-none-eabi/lib/thumb/v7-m/nofp/libc_nano.a(lib_a-reent.o)
                                                  /export/SoftWare/ARM/gcc-arm-none-eabi-10.3-2021.10/bin/../lib/gcc/arm-none-eabi/10.3.1/../../../../arm-none-eabi/lib/thumb/v7-m/nofp/libc_nano.a(lib_a-vsprintf.o)
_init                                             /export/SoftWare/ARM/gcc-arm-none-eabi-10.3-2021.10/bin/../lib/gcc/arm-none-eabi/10.3.1/thumb/v7-m/nofp/crti.o
                                                  /export/SoftWare/ARM/gcc-arm-none-eabi-10.3-2021.10/bin/../lib/gcc/arm-none-eabi/10.3.1/../../../../arm-none-eabi/lib/thumb/v7-m/nofp/libc_nano.a(lib_a-init.o)
_mainCRTStartup                                   /export/SoftWare/ARM/gcc-arm-none-eabi-10.3-2021.10/bin/../lib/gcc/arm-none-eabi/10.3.1/../../../../arm-none-eabi/lib/thumb/v7-m/nofp/crt0.o
_malloc_r                                         /export/SoftWare/ARM/gcc-arm-none-eabi-10.3-2021.10/bin/../lib/gcc/arm-none-eabi/10.3.1/../../../../arm-none-eabi/lib/thumb/v7-m/nofp/libc_nano.a(lib_a-nano-mallocr.o)
                                                  /export/SoftWare/ARM/gcc-arm-none-eabi-10.3-2021.10/bin/../lib/gcc/arm-none-eabi/10.3.1/../../../../arm-none-eabi/lib/thumb/v7-m/nofp/libc_nano.a(lib_a-nano-reallocr.o)
                                                  /export/SoftWare/ARM/gcc-arm-none-eabi-10.3-2021.10/bin/../lib/gcc/arm-none-eabi/10.3.1/../../../../arm-none-eabi/lib/thumb/v7-m/nofp/libc_nano.a(lib_a-nano-svfprintf.o)
_malloc_usable_size_r                             /export/SoftWare/ARM/gcc-arm-none-eabi-10.3-2021.10/bin/../lib/gcc/arm-none-eabi/10.3.1/../../../../arm-none-eabi/lib/thumb/v7-m/nofp/libc_nano.a(lib_a-nano-msizer.o)
                                                  /export/SoftWare/ARM/gcc-arm-none-eabi-10.3-2021.10/bin/../lib/gcc/arm-none-eabi/10.3.1/../../../../arm-none-eabi/lib/thumb/v7-m/nofp/libc_nano.a(lib_a-nano-reallocr.o)
_printf_common                                    /export/SoftWare/ARM/gcc-arm-none-eabi-10.3-2021.10/bin/../lib/gcc/arm-none-eabi/10.3.1/../../../../arm-none-eabi/lib/thumb/v7-m/nofp/libc_nano.a(lib_a-nano-vfprintf_i.o)
_printf_float                                     /export/SoftWare/ARM/gcc-arm-none-eabi-10.3-2021.10/bin/../lib/gcc/arm-none-eabi/10.3.1/../../../../arm-none-eabi/lib/thumb/v7-m/nofp/libc_nano.a(lib_a-nano-svfprintf.o)
_printf_i                                         /export/SoftWare/ARM/gcc-arm-none-eabi-10.3-2021.10/bin/../lib/gcc/arm-none-eabi/10.3.1/../../../../arm-none-eabi/lib/thumb/v7-m/nofp/libc_nano.a(lib_a-nano-vfprintf_i.o)
                                                  /export/SoftWare/ARM/gcc-arm-none-eabi-10.3-2021.10/bin/../lib/gcc/arm-none-eabi/10.3.1/../../../../arm-none-eabi/lib/thumb/v7-m/nofp/libc_nano.a(lib_a-nano-svfprintf.o)
_realloc_r                                        /export/SoftWare/ARM/gcc-arm-none-eabi-10.3-2021.10/bin/../lib/gcc/arm-none-eabi/10.3.1/../../../../arm-none-eabi/lib/thumb/v7-m/nofp/libc_nano.a(lib_a-nano-reallocr.o)
                                                  /export/SoftWare/ARM/gcc-arm-none-eabi-10.3-2021.10/bin/../lib/gcc/arm-none-eabi/10.3.1/../../../../arm-none-eabi/lib/thumb/v7-m/nofp/libc_nano.a(lib_a-nano-svfprintf.o)
_reclaim_reent                                    /export/SoftWare/ARM/gcc-arm-none-eabi-10.3-2021.10/bin/../lib/gcc/arm-none-eabi/10.3.1/../../../../arm-none-eabi/lib/thumb/v7-m/nofp/libc_nano.a(lib_a-reent.o)
_sbrk                                             /export/SoftWare/ARM/gcc-arm-none-eabi-10.3-2021.10/bin/../lib/gcc/arm-none-eabi/10.3.1/../../../../arm-none-eabi/lib/thumb/v7-m/nofp/libnosys.a(sbrk.o)
                                                  /export/SoftWare/ARM/gcc-arm-none-eabi-10.3-2021.10/bin/../lib/gcc/arm-none-eabi/10.3.1/../../../../arm-none-eabi/lib/thumb/v7-m/nofp/libc_nano.a(lib_a-sbrkr.o)
_sbrk_r                                           /export/SoftWare/ARM/gcc-arm-none-eabi-10.3-2021.10/bin/../lib/gcc/arm-none-eabi/10.3.1/../../../../arm-none-eabi/lib/thumb/v7-m/nofp/libc_nano.a(lib_a-sbrkr.o)
                                                  /export/SoftWare/ARM/gcc-arm-none-eabi-10.3-2021.10/bin/../lib/gcc/arm-none-eabi/10.3.1/../../../../arm-none-eabi/lib/thumb/v7-m/nofp/libc_nano.a(lib_a-nano-mallocr.o)
_stack_init                                       /export/SoftWare/ARM/gcc-arm-none-eabi-10.3-2021.10/bin/../lib/gcc/arm-none-eabi/10.3.1/../../../../arm-none-eabi/lib/thumb/v7-m/nofp/crt0.o
_start                                            /export/SoftWare/ARM/gcc-arm-none-eabi-10.3-2021.10/bin/../lib/gcc/arm-none-eabi/10.3.1/../../../../arm-none-eabi/lib/thumb/v7-m/nofp/crt0.o
_svfiprintf_r                                     /export/SoftWare/ARM/gcc-arm-none-eabi-10.3-2021.10/bin/../lib/gcc/arm-none-eabi/10.3.1/../../../../arm-none-eabi/lib/thumb/v7-m/nofp/libc_nano.a(lib_a-nano-svfprintf.o)
_svfprintf_r                                      /export/SoftWare/ARM/gcc-arm-none-eabi-10.3-2021.10/bin/../lib/gcc/arm-none-eabi/10.3.1/../../../../arm-none-eabi/lib/thumb/v7-m/nofp/libc_nano.a(lib_a-nano-svfprintf.o)
                                                  /export/SoftWare/ARM/gcc-arm-none-eabi-10.3-2021.10/bin/../lib/gcc/arm-none-eabi/10.3.1/../../../../arm-none-eabi/lib/thumb/v7-m/nofp/libc_nano.a(lib_a-vsprintf.o)
_vsiprintf_r                                      /export/SoftWare/ARM/gcc-arm-none-eabi-10.3-2021.10/bin/../lib/gcc/arm-none-eabi/10.3.1/../../../../arm-none-eabi/lib/thumb/v7-m/nofp/libc_nano.a(lib_a-vsprintf.o)
_vsprintf_r                                       /export/SoftWare/ARM/gcc-arm-none-eabi-10.3-2021.10/bin/../lib/gcc/arm-none-eabi/10.3.1/../../../../arm-none-eabi/lib/thumb/v7-m/nofp/libc_nano.a(lib_a-vsprintf.o)
atexit                                            /export/SoftWare/ARM/gcc-arm-none-eabi-10.3-2021.10/bin/../lib/gcc/arm-none-eabi/10.3.1/../../../../arm-none-eabi/lib/thumb/v7-m/nofp/crt0.o
cleanup_glue                                      /export/SoftWare/ARM/gcc-arm-none-eabi-10.3-2021.10/bin/../lib/gcc/arm-none-eabi/10.3.1/../../../../arm-none-eabi/lib/thumb/v7-m/nofp/libc_nano.a(lib_a-reent.o)
drv_byte_data_array_clear                         drv_common.o
drv_check_data                                    drv_common.o
drv_check_rw_data                                 drv_common.o
                                                  drv_uart.o
                                                  drv_spim.o
drv_dual_byte_data_array_clear                    drv_common.o
drv_dual_halfword_data_array_clear                drv_common.o
drv_dual_word_data_array_clear                    drv_common.o
drv_halfword_data_array_clear                     drv_common.o
drv_spim_default_config                           drv_spim.o
drv_spim_deinit                                   drv_spim.o
                                                  gd25lb256e_op.o
drv_spim_init                                     drv_spim.o
                                                  gd25lb256e_op.o
drv_spim_interrupt_handler                        drv_spim.o
                                                  interrupt.o
drv_spim_rx_data_with_pending                     drv_spim.o
drv_spim_set_config                               drv_spim.o
drv_spim_trans_data_with_pending                  drv_spim.o
                                                  gd25lb256e_op.o
drv_spim_trans_frame_with_pending                 drv_spim.o
                                                  gd25lb256e_op.o
drv_spim_tx_data                                  drv_spim.o
                                                  gd25lb256e_op.o
drv_spim_tx_data_with_pending                     drv_spim.o
drv_uart_default_config                           drv_uart.o
                                                  uart_bsp.o
drv_uart_deinit                                   drv_uart.o
drv_uart_getchar                                  drv_uart.o
drv_uart_getchar_timeout                          drv_uart.o
                                                  main.o
drv_uart_init                                     drv_uart.o
                                                  uart_bsp.o
drv_uart_interrupt_handler                        drv_uart.o
                                                  interrupt.o
drv_uart_printf                                   drv_uart_ex.o
                                                  uart_bsp.o
                                                  main.o
drv_uart_putchar                                  drv_uart.o
drv_uart_putchars                                 drv_uart.o
                                                  drv_uart_ex.o
drv_uart_rx_data                                  drv_uart.o
drv_uart_rx_data_it                               drv_uart.o
drv_uart_set_config                               drv_uart.o
drv_uart_tx_data                                  drv_uart.o
drv_word_data_array_clear                         drv_common.o
end                                               /export/SoftWare/ARM/gcc-arm-none-eabi-10.3-2021.10/bin/../lib/gcc/arm-none-eabi/10.3.1/../../../../arm-none-eabi/lib/thumb/v7-m/nofp/libnosys.a(sbrk.o)
errno                                             /export/SoftWare/ARM/gcc-arm-none-eabi-10.3-2021.10/bin/../lib/gcc/arm-none-eabi/10.3.1/../../../../arm-none-eabi/lib/thumb/v7-m/nofp/libc_nano.a(lib_a-reent.o)
                                                  /export/SoftWare/ARM/gcc-arm-none-eabi-10.3-2021.10/bin/../lib/gcc/arm-none-eabi/10.3.1/../../../../arm-none-eabi/lib/thumb/v7-m/nofp/libc_nano.a(lib_a-sbrkr.o)
exit                                              /export/SoftWare/ARM/gcc-arm-none-eabi-10.3-2021.10/bin/../lib/gcc/arm-none-eabi/10.3.1/../../../../arm-none-eabi/lib/thumb/v7-m/nofp/libc_nano.a(lib_a-exit.o)
                                                  startup_CM3DS.o
                                                  /export/SoftWare/ARM/gcc-arm-none-eabi-10.3-2021.10/bin/../lib/gcc/arm-none-eabi/10.3.1/../../../../arm-none-eabi/lib/thumb/v7-m/nofp/crt0.o
g_gd25lb256e_menu                                 spim_gd25lb256e.o
g_mcu_menu                                        main.o
gd25lb256e_4bytes_address_disable                 gd25lb256e_op.o
gd25lb256e_4bytes_address_enable                  gd25lb256e_op.o
gd25lb256e_erase                                  gd25lb256e_op.o
                                                  spim_gd25lb256e.o
gd25lb256e_erase_case                             spim_gd25lb256e.o
gd25lb256e_operations_case                        spim_gd25lb256e.o
gd25lb256e_program_case                           spim_gd25lb256e.o
gd25lb256e_program_data_bytes                     gd25lb256e_op.o
                                                  spim_gd25lb256e.o
gd25lb256e_read_all_status                        spim_gd25lb256e.o
gd25lb256e_read_case                              spim_gd25lb256e.o
gd25lb256e_read_data_bytes                        gd25lb256e_op.o
                                                  spim_gd25lb256e.o
gd25lb256e_read_flag_status_reg                   gd25lb256e_op.o
gd25lb256e_read_id                                gd25lb256e_op.o
                                                  spim_gd25lb256e.o
gd25lb256e_read_id_case                           spim_gd25lb256e.o
gd25lb256e_read_status_reg                        gd25lb256e_op.o
                                                  spim_gd25lb256e.o
gd25lb256e_spi_flash_cases                        spim_gd25lb256e.o
                                                  main.o
gd25lb256e_write_disable                          gd25lb256e_op.o
gd25lb256e_write_enable                           gd25lb256e_op.o
                                                  spim_gd25lb256e.o
gd25lb256e_write_latch                            spim_gd25lb256e.o
hardware_init_hook                                /export/SoftWare/ARM/gcc-arm-none-eabi-10.3-2021.10/bin/../lib/gcc/arm-none-eabi/10.3.1/../../../../arm-none-eabi/lib/thumb/v7-m/nofp/crt0.o
hspim                                             main.o
                                                  interrupt.o
                                                  gd25lb256e_op.o
huart0                                            uart_bsp.o
                                                  main.o
                                                  interrupt.o
                                                  drv_uart_ex.o
main                                              main.o
                                                  startup_CM3DS.o
                                                  /export/SoftWare/ARM/gcc-arm-none-eabi-10.3-2021.10/bin/../lib/gcc/arm-none-eabi/10.3.1/../../../../arm-none-eabi/lib/thumb/v7-m/nofp/crt0.o
mcu_testmenu                                      main.o
memchr                                            /export/SoftWare/ARM/gcc-arm-none-eabi-10.3-2021.10/bin/../lib/gcc/arm-none-eabi/10.3.1/../../../../arm-none-eabi/lib/thumb/v7-m/nofp/libc_nano.a(lib_a-memchr-stub.o)
                                                  /export/SoftWare/ARM/gcc-arm-none-eabi-10.3-2021.10/bin/../lib/gcc/arm-none-eabi/10.3.1/../../../../arm-none-eabi/lib/thumb/v7-m/nofp/libc_nano.a(lib_a-nano-vfprintf_i.o)
                                                  /export/SoftWare/ARM/gcc-arm-none-eabi-10.3-2021.10/bin/../lib/gcc/arm-none-eabi/10.3.1/../../../../arm-none-eabi/lib/thumb/v7-m/nofp/libc_nano.a(lib_a-nano-svfprintf.o)
memcpy                                            /export/SoftWare/ARM/gcc-arm-none-eabi-10.3-2021.10/bin/../lib/gcc/arm-none-eabi/10.3.1/../../../../arm-none-eabi/lib/thumb/v7-m/nofp/libc_nano.a(lib_a-memcpy-stub.o)
                                                  /export/SoftWare/ARM/gcc-arm-none-eabi-10.3-2021.10/bin/../lib/gcc/arm-none-eabi/10.3.1/../../../../arm-none-eabi/lib/thumb/v7-m/nofp/libc_nano.a(lib_a-nano-reallocr.o)
                                                  /export/SoftWare/ARM/gcc-arm-none-eabi-10.3-2021.10/bin/../lib/gcc/arm-none-eabi/10.3.1/../../../../arm-none-eabi/lib/thumb/v7-m/nofp/libc_nano.a(lib_a-nano-svfprintf.o)
                                                  gd25lb256e_op.o
memmove                                           /export/SoftWare/ARM/gcc-arm-none-eabi-10.3-2021.10/bin/../lib/gcc/arm-none-eabi/10.3.1/../../../../arm-none-eabi/lib/thumb/v7-m/nofp/libc_nano.a(lib_a-memmove.o)
                                                  /export/SoftWare/ARM/gcc-arm-none-eabi-10.3-2021.10/bin/../lib/gcc/arm-none-eabi/10.3.1/../../../../arm-none-eabi/lib/thumb/v7-m/nofp/libc_nano.a(lib_a-nano-svfprintf.o)
memset                                            /export/SoftWare/ARM/gcc-arm-none-eabi-10.3-2021.10/bin/../lib/gcc/arm-none-eabi/10.3.1/../../../../arm-none-eabi/lib/thumb/v7-m/nofp/libc_nano.a(lib_a-memset.o)
                                                  /export/SoftWare/ARM/gcc-arm-none-eabi-10.3-2021.10/bin/../lib/gcc/arm-none-eabi/10.3.1/../../../../arm-none-eabi/lib/thumb/v7-m/nofp/crt0.o
rx_flash_data                                     spim_gd25lb256e.o
rx_flash_data_prepare                             spim_gd25lb256e.o
show_testmenu                                     main.o
                                                  spim_gd25lb256e.o
software_init_hook                                /export/SoftWare/ARM/gcc-arm-none-eabi-10.3-2021.10/bin/../lib/gcc/arm-none-eabi/10.3.1/../../../../arm-none-eabi/lib/thumb/v7-m/nofp/crt0.o
spim_deinit_for_gd25lb256e                        gd25lb256e_op.o
                                                  spim_gd25lb256e.o
spim_init_for_gd25lb256e                          gd25lb256e_op.o
                                                  spim_gd25lb256e.o
spim_int_frame_done_callback                      drv_spim.o
spim_int_rx_fifo_noempty_callback                 drv_spim.o
spim_int_rx_fifo_thres_callback                   drv_spim.o
spim_int_rx_stop_detect_callback                  drv_spim.o
spim_int_transferring_pending_callback            drv_spim.o
spim_int_tx_fifo_empty_callback                   drv_spim.o
spim_int_tx_fifo_thres_callback                   drv_spim.o
strlen                                            /export/SoftWare/ARM/gcc-arm-none-eabi-10.3-2021.10/bin/../lib/gcc/arm-none-eabi/10.3.1/../../../../arm-none-eabi/lib/thumb/v7-m/nofp/libc_nano.a(lib_a-strlen.o)
                                                  drv_uart_ex.o
test_execute                                      main.o
                                                  spim_gd25lb256e.o
test_printf_ch                                    uart_bsp.o
                                                  spim_gd25lb256e.o
                                                  gd25lb256e_op.o
test_printf_s                                     uart_bsp.o
                                                  spim_gd25lb256e.o
                                                  main.o
                                                  interrupt.o
tx_flash_data                                     spim_gd25lb256e.o
tx_flash_data_prepare                             spim_gd25lb256e.o
uart0_init                                        uart_bsp.o
                                                  main.o
uart_int_rx_fifo_noempty_callback                 drv_uart.o
uart_int_rx_fifo_thres_callback                   drv_uart.o
uart_int_rx_noise_detect_callback                 drv_uart.o
uart_int_rx_parity_error_callback                 drv_uart.o
uart_int_rx_stop_callback                         drv_uart.o
uart_int_rx_stop_detect_callback                  drv_uart.o
uart_int_rx_stop_error_callback                   drv_uart.o
uart_int_tx_done_callback                         drv_uart.o
uart_int_tx_fifo_empty_callback                   drv_uart.o
uart_int_tx_fifo_thres_callback                   drv_uart.o
vprintf                                           drv_uart_ex.o
vsiprintf                                         /export/SoftWare/ARM/gcc-arm-none-eabi-10.3-2021.10/bin/../lib/gcc/arm-none-eabi/10.3.1/../../../../arm-none-eabi/lib/thumb/v7-m/nofp/libc_nano.a(lib_a-vsprintf.o)
vsprintf                                          /export/SoftWare/ARM/gcc-arm-none-eabi-10.3-2021.10/bin/../lib/gcc/arm-none-eabi/10.3.1/../../../../arm-none-eabi/lib/thumb/v7-m/nofp/libc_nano.a(lib_a-vsprintf.o)
                                                  drv_uart_ex.o
