Archive member included to satisfy reference by file (symbol)

/export/SoftWare/ARM/gcc-arm-none-eabi-10.3-2021.10/bin/../lib/gcc/arm-none-eabi/10.3.1/../../../../arm-none-eabi/lib/thumb/v7-m/nofp/libc_nano.a(lib_a-exit.o)
                              /export/SoftWare/ARM/gcc-arm-none-eabi-10.3-2021.10/bin/../lib/gcc/arm-none-eabi/10.3.1/../../../../arm-none-eabi/lib/thumb/v7-m/nofp/crt0.o (exit)
/export/SoftWare/ARM/gcc-arm-none-eabi-10.3-2021.10/bin/../lib/gcc/arm-none-eabi/10.3.1/../../../../arm-none-eabi/lib/thumb/v7-m/nofp/libc_nano.a(lib_a-impure.o)
                              /export/SoftWare/ARM/gcc-arm-none-eabi-10.3-2021.10/bin/../lib/gcc/arm-none-eabi/10.3.1/../../../../arm-none-eabi/lib/thumb/v7-m/nofp/libc_nano.a(lib_a-exit.o) (_global_impure_ptr)
/export/SoftWare/ARM/gcc-arm-none-eabi-10.3-2021.10/bin/../lib/gcc/arm-none-eabi/10.3.1/../../../../arm-none-eabi/lib/thumb/v7-m/nofp/libc_nano.a(lib_a-init.o)
                              /export/SoftWare/ARM/gcc-arm-none-eabi-10.3-2021.10/bin/../lib/gcc/arm-none-eabi/10.3.1/../../../../arm-none-eabi/lib/thumb/v7-m/nofp/crt0.o (__libc_init_array)
/export/SoftWare/ARM/gcc-arm-none-eabi-10.3-2021.10/bin/../lib/gcc/arm-none-eabi/10.3.1/../../../../arm-none-eabi/lib/thumb/v7-m/nofp/libc_nano.a(lib_a-memset.o)
                              /export/SoftWare/ARM/gcc-arm-none-eabi-10.3-2021.10/bin/../lib/gcc/arm-none-eabi/10.3.1/../../../../arm-none-eabi/lib/thumb/v7-m/nofp/crt0.o (memset)
/export/SoftWare/ARM/gcc-arm-none-eabi-10.3-2021.10/bin/../lib/gcc/arm-none-eabi/10.3.1/../../../../arm-none-eabi/lib/thumb/v7-m/nofp/libc_nano.a(lib_a-strlen.o)
                              drv_uart_ex.o (strlen)
/export/SoftWare/ARM/gcc-arm-none-eabi-10.3-2021.10/bin/../lib/gcc/arm-none-eabi/10.3.1/../../../../arm-none-eabi/lib/thumb/v7-m/nofp/libc_nano.a(lib_a-vsprintf.o)
                              drv_uart_ex.o (vsprintf)
/export/SoftWare/ARM/gcc-arm-none-eabi-10.3-2021.10/bin/../lib/gcc/arm-none-eabi/10.3.1/../../../../arm-none-eabi/lib/thumb/v7-m/nofp/libc_nano.a(lib_a-nano-svfprintf.o)
                              /export/SoftWare/ARM/gcc-arm-none-eabi-10.3-2021.10/bin/../lib/gcc/arm-none-eabi/10.3.1/../../../../arm-none-eabi/lib/thumb/v7-m/nofp/libc_nano.a(lib_a-vsprintf.o) (_svfprintf_r)
/export/SoftWare/ARM/gcc-arm-none-eabi-10.3-2021.10/bin/../lib/gcc/arm-none-eabi/10.3.1/../../../../arm-none-eabi/lib/thumb/v7-m/nofp/libc_nano.a(lib_a-nano-vfprintf_i.o)
                              /export/SoftWare/ARM/gcc-arm-none-eabi-10.3-2021.10/bin/../lib/gcc/arm-none-eabi/10.3.1/../../../../arm-none-eabi/lib/thumb/v7-m/nofp/libc_nano.a(lib_a-nano-svfprintf.o) (_printf_i)
/export/SoftWare/ARM/gcc-arm-none-eabi-10.3-2021.10/bin/../lib/gcc/arm-none-eabi/10.3.1/../../../../arm-none-eabi/lib/thumb/v7-m/nofp/libc_nano.a(lib_a-memchr-stub.o)
                              /export/SoftWare/ARM/gcc-arm-none-eabi-10.3-2021.10/bin/../lib/gcc/arm-none-eabi/10.3.1/../../../../arm-none-eabi/lib/thumb/v7-m/nofp/libc_nano.a(lib_a-nano-svfprintf.o) (memchr)
/export/SoftWare/ARM/gcc-arm-none-eabi-10.3-2021.10/bin/../lib/gcc/arm-none-eabi/10.3.1/../../../../arm-none-eabi/lib/thumb/v7-m/nofp/libc_nano.a(lib_a-memcpy-stub.o)
                              /export/SoftWare/ARM/gcc-arm-none-eabi-10.3-2021.10/bin/../lib/gcc/arm-none-eabi/10.3.1/../../../../arm-none-eabi/lib/thumb/v7-m/nofp/libc_nano.a(lib_a-nano-svfprintf.o) (memcpy)
/export/SoftWare/ARM/gcc-arm-none-eabi-10.3-2021.10/bin/../lib/gcc/arm-none-eabi/10.3.1/../../../../arm-none-eabi/lib/thumb/v7-m/nofp/libc_nano.a(lib_a-memmove.o)
                              /export/SoftWare/ARM/gcc-arm-none-eabi-10.3-2021.10/bin/../lib/gcc/arm-none-eabi/10.3.1/../../../../arm-none-eabi/lib/thumb/v7-m/nofp/libc_nano.a(lib_a-nano-svfprintf.o) (memmove)
/export/SoftWare/ARM/gcc-arm-none-eabi-10.3-2021.10/bin/../lib/gcc/arm-none-eabi/10.3.1/../../../../arm-none-eabi/lib/thumb/v7-m/nofp/libc_nano.a(lib_a-nano-freer.o)
                              /export/SoftWare/ARM/gcc-arm-none-eabi-10.3-2021.10/bin/../lib/gcc/arm-none-eabi/10.3.1/../../../../arm-none-eabi/lib/thumb/v7-m/nofp/libc_nano.a(lib_a-nano-svfprintf.o) (_free_r)
/export/SoftWare/ARM/gcc-arm-none-eabi-10.3-2021.10/bin/../lib/gcc/arm-none-eabi/10.3.1/../../../../arm-none-eabi/lib/thumb/v7-m/nofp/libc_nano.a(lib_a-nano-mallocr.o)
                              /export/SoftWare/ARM/gcc-arm-none-eabi-10.3-2021.10/bin/../lib/gcc/arm-none-eabi/10.3.1/../../../../arm-none-eabi/lib/thumb/v7-m/nofp/libc_nano.a(lib_a-nano-svfprintf.o) (_malloc_r)
/export/SoftWare/ARM/gcc-arm-none-eabi-10.3-2021.10/bin/../lib/gcc/arm-none-eabi/10.3.1/../../../../arm-none-eabi/lib/thumb/v7-m/nofp/libc_nano.a(lib_a-nano-reallocr.o)
                              /export/SoftWare/ARM/gcc-arm-none-eabi-10.3-2021.10/bin/../lib/gcc/arm-none-eabi/10.3.1/../../../../arm-none-eabi/lib/thumb/v7-m/nofp/libc_nano.a(lib_a-nano-svfprintf.o) (_realloc_r)
[...]
Memory Configuration

Name             Origin             Length             Attributes
FLASH            0x0000000000000000 0x0000000000008000 xr
RAM              0x0000000000010000 0x0000000000002000 xrw
*default*        0x0000000000000000 0xffffffffffffffff

Linker script and memory map

LOAD /export/SoftWare/ARM/gcc-arm-none-eabi-10.3-2021.10/bin/../lib/gcc/arm-none-eabi/10.3.1/thumb/v7-m/nofp/crti.o
LOAD /export/SoftWare/ARM/gcc-arm-none-eabi-10.3-2021.10/bin/../lib/gcc/arm-none-eabi/10.3.1/thumb/v7-m/nofp/crtbegin.o
LOAD /export/SoftWare/ARM/gcc-arm-none-eabi-10.3-2021.10/bin/../lib/gcc/arm-none-eabi/10.3.1/../../../../arm-none-eabi/lib/thumb/v7-m/nofp/crt0.o
LOAD bastim_bsp.o
LOAD bastim_test.o
LOAD drv_bastim.o
LOAD drv_common.o
LOAD drv_gpio.o
LOAD drv_uart.o
LOAD drv_uart_ex.o
LOAD gpio_bsp.o
LOAD gpio_test.o
LOAD interrupt.o
LOAD main.o
LOAD startup_CM3DS.o
LOAD uart_bsp.o
LOAD uart_test.o
START GROUP
LOAD /export/SoftWare/ARM/gcc-arm-none-eabi-10.3-2021.10/bin/../lib/gcc/arm-none-eabi/10.3.1/thumb/v7-m/nofp/libgcc.a
LOAD /export/SoftWare/ARM/gcc-arm-none-eabi-10.3-2021.10/bin/../lib/gcc/arm-none-eabi/10.3.1/../../../../arm-none-eabi/lib/thumb/v7-m/nofp/libc_nano.a
END GROUP
START GROUP
LOAD /export/SoftWare/ARM/gcc-arm-none-eabi-10.3-2021.10/bin/../lib/gcc/arm-none-eabi/10.3.1/thumb/v7-m/nofp/libgcc.a
LOAD /export/SoftWare/ARM/gcc-arm-none-eabi-10.3-2021.10/bin/../lib/gcc/arm-none-eabi/10.3.1/../../../../arm-none-eabi/lib/thumb/v7-m/nofp/libc_nano.a
LOAD /export/SoftWare/ARM/gcc-arm-none-eabi-10.3-2021.10/bin/../lib/gcc/arm-none-eabi/10.3.1/../../../../arm-none-eabi/lib/thumb/v7-m/nofp/libnosys.a
END GROUP
START GROUP
LOAD /export/SoftWare/ARM/gcc-arm-none-eabi-10.3-2021.10/bin/../lib/gcc/arm-none-eabi/10.3.1/thumb/v7-m/nofp/libgcc.a
LOAD /export/SoftWare/ARM/gcc-arm-none-eabi-10.3-2021.10/bin/../lib/gcc/arm-none-eabi/10.3.1/../../../../arm-none-eabi/lib/thumb/v7-m/nofp/libc_nano.a
LOAD /export/SoftWare/ARM/gcc-arm-none-eabi-10.3-2021.10/bin/../lib/gcc/arm-none-eabi/10.3.1/../../../../arm-none-eabi/lib/thumb/v7-m/nofp/libnosys.a
END GROUP
LOAD /export/SoftWare/ARM/gcc-arm-none-eabi-10.3-2021.10/bin/../lib/gcc/arm-none-eabi/10.3.1/thumb/v7-m/nofp/crtend.o
LOAD /export/SoftWare/ARM/gcc-arm-none-eabi-10.3-2021.10/bin/../lib/gcc/arm-none-eabi/10.3.1/thumb/v7-m/nofp/crtn.o
                0x0000000000000000                __FLASH_BASE = 0x0
                0x0000000000008000                __FLASH_SIZE = 0x8000
                0x0000000000010000                __RAM_BASE = 0x10000
                0x0000000000002000                __RAM_SIZE = 0x2000

.text           0x0000000000000000      0xae0
 *(.isr_vector)
 .isr_vector    0x0000000000000000       0x74 startup_CM3DS.o
                0x0000000000000000                __isr_vector
 *(.text*)
 .text          0x0000000000000074       0x40 /export/SoftWare/ARM/gcc-arm-none-eabi-10.3-2021.10/bin/../lib/gcc/arm-none-eabi/10.3.1/thumb/v7-m/nofp/crtbegin.o
 .text.bastim_ch0_init
                0x00000000000000b4       0x28 bastim_bsp.o
                0x00000000000000b4                bastim_ch0_init
 .text.bastim_ch1_init
                0x00000000000000dc       0x28 bastim_bsp.o
                0x00000000000000dc                bastim_ch1_init
 .text.bastim_ch2_init
                0x0000000000000104       0x28 bastim_bsp.o
                0x0000000000000104                bastim_ch2_init
 .text.bastim_ch3_init
                0x000000000000012c       0x28 bastim_bsp.o
                0x000000000000012c                bastim_ch3_init
 .text.bastim_ch0_deinit
                0x0000000000000154       0x14 bastim_bsp.o
                0x0000000000000154                bastim_ch0_deinit
 .text.bastim_ch1_deinit
                0x0000000000000168       0x14 bastim_bsp.o
                0x0000000000000168                bastim_ch1_deinit
 .text.bastim_ch2_deinit
                0x000000000000017c       0x14 bastim_bsp.o
                0x000000000000017c                bastim_ch2_deinit
 .text.bastim_ch3_deinit
                0x0000000000000190       0x14 bastim_bsp.o
                0x0000000000000190                bastim_ch3_deinit
 .text.bastim_4ch_autoreload_int_test
                0x00000000000001a4      0x150 bastim_test.o
                0x00000000000001a4                bastim_4ch_autoreload_int_test
 .text.bastim_channel0_int_callback
                0x00000000000002f4       0x10 bastim_test.o
                0x00000000000002f4                bastim_channel0_int_callback
 .text.bastim_channel1_int_callback
                0x0000000000000304       0x10 bastim_test.o
                0x0000000000000304                bastim_channel1_int_callback
 .text.bastim_channel2_int_callback
                0x0000000000000314       0x10 bastim_test.o
                0x0000000000000314                bastim_channel2_int_callback
 .text.bastim_channel3_int_callback
                0x0000000000000324       0x10 bastim_test.o
                0x0000000000000324                bastim_channel3_int_callback
 .text.drv_bastim_set_config
                0x0000000000000334      0x11a drv_bastim.o
                0x0000000000000334                drv_bastim_set_config
 .text.drv_bastim_init
                0x000000000000044e       0x82 drv_bastim.o
                0x000000000000044e                drv_bastim_init
 .text.drv_bastim_deinit
                0x00000000000004d0       0x50 drv_bastim.o
                0x00000000000004d0                drv_bastim_deinit
 .text.drv_bastim_channel0_interrupt_handler
                0x0000000000000520       0x24 drv_bastim.o
                0x0000000000000520                drv_bastim_channel0_interrupt_handler
 .text.drv_bastim_channel1_interrupt_handler
                0x0000000000000544       0x24 drv_bastim.o
                0x0000000000000544                drv_bastim_channel1_interrupt_handler
 .text.drv_bastim_channel2_interrupt_handler
                0x0000000000000568       0x24 drv_bastim.o
                0x0000000000000568                drv_bastim_channel2_interrupt_handler
 .text.drv_bastim_channel3_interrupt_handler
                0x000000000000058c       0x24 drv_bastim.o
                0x000000000000058c                drv_bastim_channel3_interrupt_handler
 .text.drv_check_rw_data
                0x00000000000005b0       0x22 drv_common.o
                0x00000000000005b0                drv_check_rw_data
 .text.drv_uart_default_config
                0x00000000000005d2       0x1c drv_uart.o
                0x00000000000005d2                drv_uart_default_config
 *fill*         0x00000000000005ee        0x2 
 .text.drv_uart_set_config
                0x00000000000005f0       0x48 drv_uart.o
                0x00000000000005f0                drv_uart_set_config
 .text.drv_uart_init
                0x0000000000000638       0x90 drv_uart.o
                0x0000000000000638                drv_uart_init
 .text.uart_int_tx_done_callback
                0x00000000000006c8        0x2 drv_uart.o
                0x00000000000006c8                uart_int_tx_done_callback
 .text.uart_int_rx_stop_callback
                0x00000000000006ca        0x2 drv_uart.o
                0x00000000000006ca                uart_int_rx_stop_callback
 .text.uart_int_rx_parity_error_callback
                0x00000000000006cc        0x2 drv_uart.o
                0x00000000000006cc                uart_int_rx_parity_error_callback
 .text.uart_int_rx_noise_detect_callback
                0x00000000000006ce        0x2 drv_uart.o
                0x00000000000006ce                uart_int_rx_noise_detect_callback
 .text.uart_int_rx_stop_detect_callback
                0x00000000000006d0        0x2 drv_uart.o
                0x00000000000006d0                uart_int_rx_stop_detect_callback
 .text.uart_int_tx_fifo_empty_callback
                0x00000000000006d2        0x2 drv_uart.o
                0x00000000000006d2                uart_int_tx_fifo_empty_callback
 .text.uart_int_tx_fifo_thres_callback
                0x00000000000006d4        0x2 drv_uart.o
                0x00000000000006d4                uart_int_tx_fifo_thres_callback
 .text.uart_int_rx_fifo_noempty_callback
                0x00000000000006d6        0x2 drv_uart.o
                0x00000000000006d6                uart_int_rx_fifo_noempty_callback
 .text.uart_int_rx_fifo_thres_callback
                0x00000000000006d8        0x2 drv_uart.o
                0x00000000000006d8                uart_int_rx_fifo_thres_callback
 .text.drv_uart_interrupt_handler
                0x00000000000006da      0x254 drv_uart.o
                0x00000000000006da                drv_uart_interrupt_handler
 .text.NMI_Handler
                0x000000000000092e        0x2 interrupt.o
                0x000000000000092e                NMI_Handler
 .text.HardFault_Handler
                0x0000000000000930        0x2 interrupt.o
                0x0000000000000930                HardFault_Handler
 .text.MemManage_Handler
                0x0000000000000932        0x2 interrupt.o
                0x0000000000000932                MemManage_Handler
 .text.BusFault_Handler
                0x0000000000000934        0x2 interrupt.o
                0x0000000000000934                BusFault_Handler
 .text.UsageFault_Handler
                0x0000000000000936        0x2 interrupt.o
                0x0000000000000936                UsageFault_Handler
 .text.SVC_Handler
                0x0000000000000938        0x2 interrupt.o
                0x0000000000000938                SVC_Handler
 .text.DebugMon_Handler
                0x000000000000093a        0x2 interrupt.o
                0x000000000000093a                DebugMon_Handler
 .text.PendSV_Handler
                0x000000000000093c        0x2 interrupt.o
                0x000000000000093c                PendSV_Handler
 .text.SysTick_Handler
                0x000000000000093e        0x2 interrupt.o
                0x000000000000093e                SysTick_Handler
 .text.Uart0_Handler
                0x0000000000000940       0x1c interrupt.o
                0x0000000000000940                Uart0_Handler
 .text.Bastim_Ch0_Handler
                0x000000000000095c       0x1c interrupt.o
                0x000000000000095c                Bastim_Ch0_Handler
 .text.Bastim_Ch1_Handler
                0x0000000000000978       0x1c interrupt.o
                0x0000000000000978                Bastim_Ch1_Handler
 .text.Bastim_Ch2_Handler
                0x0000000000000994       0x1c interrupt.o
                0x0000000000000994                Bastim_Ch2_Handler
 .text.Bastim_Ch3_Handler
                0x00000000000009b0       0x1c interrupt.o
                0x00000000000009b0                Bastim_Ch3_Handler
 .text.main     0x00000000000009cc       0x18 main.o
                0x00000000000009cc                main
 .text          0x00000000000009e4       0x6c startup_CM3DS.o
                0x00000000000009e4                Reset_Handler
                0x0000000000000a38                Uart1_Handler
                0x0000000000000a3a                Resv2_Handler
                0x0000000000000a3c                Resv3_Handler
                0x0000000000000a3e                Resv4_Handler
                0x0000000000000a40                Gpioa_Handler
                0x0000000000000a42                Resv6_Handler
                0x0000000000000a44                Resv7_Handler
                0x0000000000000a4e                Resv12_Handler
 .text.uart0_init
                0x0000000000000a50       0x20 uart_bsp.o
                0x0000000000000a50                uart0_init
 .text.test_printf_s
                0x0000000000000a70        0x2 uart_bsp.o
                0x0000000000000a70                test_printf_s
 *fill*         0x0000000000000a72        0x2 
 .text.exit     0x0000000000000a74       0x28 /export/SoftWare/ARM/gcc-arm-none-eabi-10.3-2021.10/bin/../lib/gcc/arm-none-eabi/10.3.1/../../../../arm-none-eabi/lib/thumb/v7-m/nofp/libc_nano.a(lib_a-exit.o)
                0x0000000000000a74                exit
 .text._exit    0x0000000000000a9c        0x4 /export/SoftWare/ARM/gcc-arm-none-eabi-10.3-2021.10/bin/../lib/gcc/arm-none-eabi/10.3.1/../../../../arm-none-eabi/lib/thumb/v7-m/nofp/libnosys.a(_exit.o)
                0x0000000000000a9c                _exit
 *(.init)
 .init          0x0000000000000aa0        0x4 /export/SoftWare/ARM/gcc-arm-none-eabi-10.3-2021.10/bin/../lib/gcc/arm-none-eabi/10.3.1/thumb/v7-m/nofp/crti.o
                0x0000000000000aa0                _init
 .init          0x0000000000000aa4        0x8 /export/SoftWare/ARM/gcc-arm-none-eabi-10.3-2021.10/bin/../lib/gcc/arm-none-eabi/10.3.1/thumb/v7-m/nofp/crtn.o
 *(.fini)
 .fini          0x0000000000000aac        0x4 /export/SoftWare/ARM/gcc-arm-none-eabi-10.3-2021.10/bin/../lib/gcc/arm-none-eabi/10.3.1/thumb/v7-m/nofp/crti.o
                0x0000000000000aac                _fini
 .fini          0x0000000000000ab0        0x8 /export/SoftWare/ARM/gcc-arm-none-eabi-10.3-2021.10/bin/../lib/gcc/arm-none-eabi/10.3.1/thumb/v7-m/nofp/crtn.o
 *crtbegin.o(.ctors)
 *crtbegin?.o(.ctors)
 *(EXCLUDE_FILE(*crtend.o *crtend?.o) .ctors)
 *(SORT_BY_NAME(.ctors.*))
 *(.ctors)
 *crtbegin.o(.dtors)
 *crtbegin?.o(.dtors)
 *(EXCLUDE_FILE(*crtend.o *crtend?.o) .dtors)
 *(SORT_BY_NAME(.dtors.*))
 *(.dtors)
 *(.rodata*)
 .rodata.bastim_4ch_autoreload_int_test.str1.4
                0x0000000000000ab8       0x1d bastim_test.o
 *fill*         0x0000000000000ad5        0x3 
 .rodata._global_impure_ptr
                0x0000000000000ad8        0x4 /export/SoftWare/ARM/gcc-arm-none-eabi-10.3-2021.10/bin/../lib/gcc/arm-none-eabi/10.3.1/../../../../arm-none-eabi/lib/thumb/v7-m/nofp/libc_nano.a(lib_a-impure.o)
                0x0000000000000ad8                _global_impure_ptr
 *(.eh_frame*)
 .eh_frame      0x0000000000000adc        0x0 /export/SoftWare/ARM/gcc-arm-none-eabi-10.3-2021.10/bin/../lib/gcc/arm-none-eabi/10.3.1/thumb/v7-m/nofp/crtbegin.o
 .eh_frame      0x0000000000000adc        0x4 /export/SoftWare/ARM/gcc-arm-none-eabi-10.3-2021.10/bin/../lib/gcc/arm-none-eabi/10.3.1/thumb/v7-m/nofp/crtend.o

.glue_7         0x0000000000000ae0        0x0
 .glue_7        0x0000000000000ae0        0x0 linker stubs

.glue_7t        0x0000000000000ae0        0x0
 .glue_7t       0x0000000000000ae0        0x0 linker stubs

.vfp11_veneer   0x0000000000000ae0        0x0
 .vfp11_veneer  0x0000000000000ae0        0x0 linker stubs

.v4_bx          0x0000000000000ae0        0x0
 .v4_bx         0x0000000000000ae0        0x0 linker stubs

.iplt           0x0000000000000ae0        0x0
 .iplt          0x0000000000000ae0        0x0 /export/SoftWare/ARM/gcc-arm-none-eabi-10.3-2021.10/bin/../lib/gcc/arm-none-eabi/10.3.1/thumb/v7-m/nofp/crtbegin.o

.rel.dyn        0x0000000000000ae0        0x0
 .rel.iplt      0x0000000000000ae0        0x0 /export/SoftWare/ARM/gcc-arm-none-eabi-10.3-2021.10/bin/../lib/gcc/arm-none-eabi/10.3.1/thumb/v7-m/nofp/crtbegin.o

.ARM.extab
 *(.ARM.extab* .gnu.linkonce.armextab.*)
                0x0000000000000ae0                __exidx_start = .

.ARM.exidx
 *(.ARM.exidx* .gnu.linkonce.armexidx.*)
                0x0000000000000ae0                __exidx_end = .
                0x0000000000000ae0                __etext = .

.data           0x0000000000010000       0x68 load address 0x0000000000000ae0
                0x0000000000010000                __data_start__ = .
 *(vtable)
 *(.data*)
 .data.impure_data
                0x0000000000010000       0x60 /export/SoftWare/ARM/gcc-arm-none-eabi-10.3-2021.10/bin/../lib/gcc/arm-none-eabi/10.3.1/../../../../arm-none-eabi/lib/thumb/v7-m/nofp/libc_nano.a(lib_a-impure.o)
                0x0000000000010060                . = ALIGN (0x4)
                0x0000000000010060                PROVIDE (__preinit_array_start = .)
 *(.preinit_array)
                0x0000000000010060                PROVIDE (__preinit_array_end = .)
                0x0000000000010060                . = ALIGN (0x4)
                0x0000000000010060                PROVIDE (__init_array_start = .)
 *(SORT_BY_NAME(.init_array.*))
 *(.init_array)
 .init_array    0x0000000000010060        0x4 /export/SoftWare/ARM/gcc-arm-none-eabi-10.3-2021.10/bin/../lib/gcc/arm-none-eabi/10.3.1/thumb/v7-m/nofp/crtbegin.o
                0x0000000000010064                PROVIDE (__init_array_end = .)
                0x0000000000010064                . = ALIGN (0x4)
                [!provide]                        PROVIDE (__fini_array_start = .)
 *(SORT_BY_NAME(.fini_array.*))
 *(.fini_array)
 .fini_array    0x0000000000010064        0x4 /export/SoftWare/ARM/gcc-arm-none-eabi-10.3-2021.10/bin/../lib/gcc/arm-none-eabi/10.3.1/thumb/v7-m/nofp/crtbegin.o
                [!provide]                        PROVIDE (__fini_array_end = .)
 *(.jcr*)
                0x0000000000010068                . = ALIGN (0x4)
                0x0000000000010068                __data_end__ = .

.igot.plt       0x0000000000010068        0x0 load address 0x0000000000000b48
 .igot.plt      0x0000000000010068        0x0 /export/SoftWare/ARM/gcc-arm-none-eabi-10.3-2021.10/bin/../lib/gcc/arm-none-eabi/10.3.1/thumb/v7-m/nofp/crtbegin.o

.bss            0x0000000000010068       0x5c load address 0x0000000000000b48
                0x0000000000010068                . = ALIGN (0x4)
                0x0000000000010068                __bss_start__ = .
 *(.bss*)
 .bss           0x0000000000010068       0x1c /export/SoftWare/ARM/gcc-arm-none-eabi-10.3-2021.10/bin/../lib/gcc/arm-none-eabi/10.3.1/thumb/v7-m/nofp/crtbegin.o
 .bss.bastim_ch0
                0x0000000000010084        0x8 bastim_bsp.o
                0x0000000000010084                bastim_ch0
 .bss.bastim_ch1
                0x000000000001008c        0x8 bastim_bsp.o
                0x000000000001008c                bastim_ch1
 .bss.bastim_ch2
                0x0000000000010094        0x8 bastim_bsp.o
                0x0000000000010094                bastim_ch2
 .bss.bastim_ch3
                0x000000000001009c        0x8 bastim_bsp.o
                0x000000000001009c                bastim_ch3
 .bss.bastim_ch0_int_flag
                0x00000000000100a4        0x1 bastim_test.o
                0x00000000000100a4                bastim_ch0_int_flag
 .bss.bastim_ch1_int_flag
                0x00000000000100a5        0x1 bastim_test.o
                0x00000000000100a5                bastim_ch1_int_flag
 .bss.bastim_ch2_int_flag
                0x00000000000100a6        0x1 bastim_test.o
                0x00000000000100a6                bastim_ch2_int_flag
 .bss.bastim_ch3_int_flag
                0x00000000000100a7        0x1 bastim_test.o
                0x00000000000100a7                bastim_ch3_int_flag
 .bss.huart0    0x00000000000100a8       0x1c uart_bsp.o
                0x00000000000100a8                huart0
 *(COMMON)
                0x00000000000100c4                . = ALIGN (0x4)
                0x00000000000100c4                __bss_end__ = .

.heap           0x00000000000100c8        0x0
                0x00000000000100c8                __end__ = .
                0x00000000000100c8                end = __end__
 *(.heap*)
 .heap          0x00000000000100c8        0x0 startup_CM3DS.o
                0x00000000000100c8                __HeapLimit = .

.stack_dummy    0x00000000000100c8      0x200
 *(.stack*)
 .stack         0x00000000000100c8      0x200 startup_CM3DS.o
                0x0000000000012000                __StackTop = (ORIGIN (RAM) + LENGTH (RAM))
                0x0000000000011e00                __StackLimit = (__StackTop - SIZEOF (.stack_dummy))
                0x0000000000012000                PROVIDE (__stack = __StackTop)
                0x0000000000000001                ASSERT ((__StackLimit >= __HeapLimit), region RAM overflowed with stack)
OUTPUT(fw_test.elf elf32-littlearm)
LOAD linker stubs

.ARM.attributes
                0x0000000000000000       0x29
 .ARM.attributes
                0x0000000000000000       0x1d /export/SoftWare/ARM/gcc-arm-none-eabi-10.3-2021.10/bin/../lib/gcc/arm-none-eabi/10.3.1/thumb/v7-m/nofp/crti.o
 .ARM.attributes
                0x000000000000001d       0x2d /export/SoftWare/ARM/gcc-arm-none-eabi-10.3-2021.10/bin/../lib/gcc/arm-none-eabi/10.3.1/thumb/v7-m/nofp/crtbegin.o
 .ARM.attributes
                0x000000000000004a       0x2d bastim_bsp.o
 .ARM.attributes
                0x0000000000000077       0x2d bastim_test.o
 .ARM.attributes
                0x00000000000000a4       0x2d drv_bastim.o
 .ARM.attributes
                0x00000000000000d1       0x2d drv_common.o
 .ARM.attributes
                0x00000000000000fe       0x2d drv_uart.o
 .ARM.attributes
                0x000000000000012b       0x2d interrupt.o
 .ARM.attributes
                0x0000000000000158       0x2d main.o
 .ARM.attributes
                0x0000000000000185       0x1b startup_CM3DS.o
 .ARM.attributes
                0x00000000000001a0       0x2d uart_bsp.o
 .ARM.attributes
                0x00000000000001cd       0x2d /export/SoftWare/ARM/gcc-arm-none-eabi-10.3-2021.10/bin/../lib/gcc/arm-none-eabi/10.3.1/../../../../arm-none-eabi/lib/thumb/v7-m/nofp/libc_nano.a(lib_a-exit.o)
 .ARM.attributes
                0x00000000000001fa       0x2d /export/SoftWare/ARM/gcc-arm-none-eabi-10.3-2021.10/bin/../lib/gcc/arm-none-eabi/10.3.1/../../../../arm-none-eabi/lib/thumb/v7-m/nofp/libc_nano.a(lib_a-impure.o)
 .ARM.attributes
                0x0000000000000227       0x2d /export/SoftWare/ARM/gcc-arm-none-eabi-10.3-2021.10/bin/../lib/gcc/arm-none-eabi/10.3.1/../../../../arm-none-eabi/lib/thumb/v7-m/nofp/libnosys.a(_exit.o)
 .ARM.attributes
                0x0000000000000254       0x2d /export/SoftWare/ARM/gcc-arm-none-eabi-10.3-2021.10/bin/../lib/gcc/arm-none-eabi/10.3.1/thumb/v7-m/nofp/crtend.o
 .ARM.attributes
                0x0000000000000281       0x1d /export/SoftWare/ARM/gcc-arm-none-eabi-10.3-2021.10/bin/../lib/gcc/arm-none-eabi/10.3.1/thumb/v7-m/nofp/crtn.o

.comment        0x0000000000000000       0x49
 .comment       0x0000000000000000       0x49 bastim_bsp.o
                                         0x4a (size before relaxing)
 .comment       0x0000000000000049       0x4a bastim_test.o
 .comment       0x0000000000000049       0x4a drv_bastim.o
 .comment       0x0000000000000049       0x4a drv_common.o
 .comment       0x0000000000000049       0x4a drv_uart.o
 .comment       0x0000000000000049       0x4a interrupt.o
 .comment       0x0000000000000049       0x4a main.o
 .comment       0x0000000000000049       0x4a uart_bsp.o

.debug_frame    0x0000000000000000       0x48
 .debug_frame   0x0000000000000000       0x28 /export/SoftWare/ARM/gcc-arm-none-eabi-10.3-2021.10/bin/../lib/gcc/arm-none-eabi/10.3.1/../../../../arm-none-eabi/lib/thumb/v7-m/nofp/libc_nano.a(lib_a-exit.o)
 .debug_frame   0x0000000000000028       0x20 /export/SoftWare/ARM/gcc-arm-none-eabi-10.3-2021.10/bin/../lib/gcc/arm-none-eabi/10.3.1/../../../../arm-none-eabi/lib/thumb/v7-m/nofp/libnosys.a(_exit.o)

Cross Reference Table

Symbol                                            File
Bastim_Ch0_Handler                                interrupt.o
Bastim_Ch1_Handler                                interrupt.o
Bastim_Ch2_Handler                                interrupt.o
Bastim_Ch3_Handler                                interrupt.o
BusFault_Handler                                  interrupt.o
DebugMon_Handler                                  interrupt.o
Gpioa_Handler                                     startup_CM3DS.o
HardFault_Handler                                 interrupt.o
MemManage_Handler                                 interrupt.o
NMI_Handler                                       interrupt.o
PendSV_Handler                                    interrupt.o
Reset_Handler                                     startup_CM3DS.o
Resv12_Handler                                    startup_CM3DS.o
Resv2_Handler                                     startup_CM3DS.o
Resv3_Handler                                     startup_CM3DS.o
Resv4_Handler                                     startup_CM3DS.o
Resv6_Handler                                     startup_CM3DS.o
Resv7_Handler                                     startup_CM3DS.o
SVC_Handler                                       interrupt.o
SysTick_Handler                                   interrupt.o
Uart0_Handler                                     interrupt.o
Uart1_Handler                                     startup_CM3DS.o
UsageFault_Handler                                interrupt.o
__HEAP_SIZE                                       startup_CM3DS.o
__HeapBase                                        startup_CM3DS.o
__HeapLimit                                       startup_CM3DS.o
__STACK_SIZE                                      startup_CM3DS.o
__StackLimit                                      startup_CM3DS.o
__StackTop                                        startup_CM3DS.o
__bss_end__                                       startup_CM3DS.o
                                                  /export/SoftWare/ARM/gcc-arm-none-eabi-10.3-2021.10/bin/../lib/gcc/arm-none-eabi/10.3.1/../../../../arm-none-eabi/lib/thumb/v7-m/nofp/crt0.o
__bss_start__                                     startup_CM3DS.o
                                                  /export/SoftWare/ARM/gcc-arm-none-eabi-10.3-2021.10/bin/../lib/gcc/arm-none-eabi/10.3.1/../../../../arm-none-eabi/lib/thumb/v7-m/nofp/crt0.o
__call_exitprocs                                  /export/SoftWare/ARM/gcc-arm-none-eabi-10.3-2021.10/bin/../lib/gcc/arm-none-eabi/10.3.1/../../../../arm-none-eabi/lib/thumb/v7-m/nofp/libc_nano.a(lib_a-exit.o)
__data_end__                                      startup_CM3DS.o
__data_start__                                    startup_CM3DS.o
__deregister_frame_info                           /export/SoftWare/ARM/gcc-arm-none-eabi-10.3-2021.10/bin/../lib/gcc/arm-none-eabi/10.3.1/thumb/v7-m/nofp/crtbegin.o
__dso_handle                                      /export/SoftWare/ARM/gcc-arm-none-eabi-10.3-2021.10/bin/../lib/gcc/arm-none-eabi/10.3.1/thumb/v7-m/nofp/crtbegin.o
__etext                                           startup_CM3DS.o
__init_array_end                                  /export/SoftWare/ARM/gcc-arm-none-eabi-10.3-2021.10/bin/../lib/gcc/arm-none-eabi/10.3.1/../../../../arm-none-eabi/lib/thumb/v7-m/nofp/libc_nano.a(lib_a-init.o)
__init_array_start                                /export/SoftWare/ARM/gcc-arm-none-eabi-10.3-2021.10/bin/../lib/gcc/arm-none-eabi/10.3.1/../../../../arm-none-eabi/lib/thumb/v7-m/nofp/libc_nano.a(lib_a-init.o)
__isr_vector                                      startup_CM3DS.o
__libc_fini_array                                 /export/SoftWare/ARM/gcc-arm-none-eabi-10.3-2021.10/bin/../lib/gcc/arm-none-eabi/10.3.1/../../../../arm-none-eabi/lib/thumb/v7-m/nofp/crt0.o
__libc_init_array                                 /export/SoftWare/ARM/gcc-arm-none-eabi-10.3-2021.10/bin/../lib/gcc/arm-none-eabi/10.3.1/../../../../arm-none-eabi/lib/thumb/v7-m/nofp/libc_nano.a(lib_a-init.o)
                                                  /export/SoftWare/ARM/gcc-arm-none-eabi-10.3-2021.10/bin/../lib/gcc/arm-none-eabi/10.3.1/../../../../arm-none-eabi/lib/thumb/v7-m/nofp/crt0.o
__lock___arc4random_mutex                         /export/SoftWare/ARM/gcc-arm-none-eabi-10.3-2021.10/bin/../lib/gcc/arm-none-eabi/10.3.1/../../../../arm-none-eabi/lib/thumb/v7-m/nofp/libc_nano.a(lib_a-lock.o)
__lock___at_quick_exit_mutex                      /export/SoftWare/ARM/gcc-arm-none-eabi-10.3-2021.10/bin/../lib/gcc/arm-none-eabi/10.3.1/../../../../arm-none-eabi/lib/thumb/v7-m/nofp/libc_nano.a(lib_a-lock.o)
__lock___atexit_recursive_mutex                   /export/SoftWare/ARM/gcc-arm-none-eabi-10.3-2021.10/bin/../lib/gcc/arm-none-eabi/10.3.1/../../../../arm-none-eabi/lib/thumb/v7-m/nofp/libc_nano.a(lib_a-lock.o)
__lock___dd_hash_mutex                            /export/SoftWare/ARM/gcc-arm-none-eabi-10.3-2021.10/bin/../lib/gcc/arm-none-eabi/10.3.1/../../../../arm-none-eabi/lib/thumb/v7-m/nofp/libc_nano.a(lib_a-lock.o)
__lock___env_recursive_mutex                      /export/SoftWare/ARM/gcc-arm-none-eabi-10.3-2021.10/bin/../lib/gcc/arm-none-eabi/10.3.1/../../../../arm-none-eabi/lib/thumb/v7-m/nofp/libc_nano.a(lib_a-lock.o)
__lock___malloc_recursive_mutex                   /export/SoftWare/ARM/gcc-arm-none-eabi-10.3-2021.10/bin/../lib/gcc/arm-none-eabi/10.3.1/../../../../arm-none-eabi/lib/thumb/v7-m/nofp/libc_nano.a(lib_a-lock.o)
                                                  /export/SoftWare/ARM/gcc-arm-none-eabi-10.3-2021.10/bin/../lib/gcc/arm-none-eabi/10.3.1/../../../../arm-none-eabi/lib/thumb/v7-m/nofp/libc_nano.a(lib_a-mlock.o)
__lock___sfp_recursive_mutex                      /export/SoftWare/ARM/gcc-arm-none-eabi-10.3-2021.10/bin/../lib/gcc/arm-none-eabi/10.3.1/../../../../arm-none-eabi/lib/thumb/v7-m/nofp/libc_nano.a(lib_a-lock.o)
__lock___sinit_recursive_mutex                    /export/SoftWare/ARM/gcc-arm-none-eabi-10.3-2021.10/bin/../lib/gcc/arm-none-eabi/10.3.1/../../../../arm-none-eabi/lib/thumb/v7-m/nofp/libc_nano.a(lib_a-lock.o)
__lock___tz_mutex                                 /export/SoftWare/ARM/gcc-arm-none-eabi-10.3-2021.10/bin/../lib/gcc/arm-none-eabi/10.3.1/../../../../arm-none-eabi/lib/thumb/v7-m/nofp/libc_nano.a(lib_a-lock.o)
__malloc_free_list                                /export/SoftWare/ARM/gcc-arm-none-eabi-10.3-2021.10/bin/../lib/gcc/arm-none-eabi/10.3.1/../../../../arm-none-eabi/lib/thumb/v7-m/nofp/libc_nano.a(lib_a-nano-mallocr.o)
                                                  /export/SoftWare/ARM/gcc-arm-none-eabi-10.3-2021.10/bin/../lib/gcc/arm-none-eabi/10.3.1/../../../../arm-none-eabi/lib/thumb/v7-m/nofp/libc_nano.a(lib_a-nano-freer.o)
__malloc_lock                                     /export/SoftWare/ARM/gcc-arm-none-eabi-10.3-2021.10/bin/../lib/gcc/arm-none-eabi/10.3.1/../../../../arm-none-eabi/lib/thumb/v7-m/nofp/libc_nano.a(lib_a-mlock.o)
                                                  /export/SoftWare/ARM/gcc-arm-none-eabi-10.3-2021.10/bin/../lib/gcc/arm-none-eabi/10.3.1/../../../../arm-none-eabi/lib/thumb/v7-m/nofp/libc_nano.a(lib_a-nano-mallocr.o)
                                                  /export/SoftWare/ARM/gcc-arm-none-eabi-10.3-2021.10/bin/../lib/gcc/arm-none-eabi/10.3.1/../../../../arm-none-eabi/lib/thumb/v7-m/nofp/libc_nano.a(lib_a-nano-freer.o)
__malloc_sbrk_start                               /export/SoftWare/ARM/gcc-arm-none-eabi-10.3-2021.10/bin/../lib/gcc/arm-none-eabi/10.3.1/../../../../arm-none-eabi/lib/thumb/v7-m/nofp/libc_nano.a(lib_a-nano-mallocr.o)
__malloc_unlock                                   /export/SoftWare/ARM/gcc-arm-none-eabi-10.3-2021.10/bin/../lib/gcc/arm-none-eabi/10.3.1/../../../../arm-none-eabi/lib/thumb/v7-m/nofp/libc_nano.a(lib_a-mlock.o)
                                                  /export/SoftWare/ARM/gcc-arm-none-eabi-10.3-2021.10/bin/../lib/gcc/arm-none-eabi/10.3.1/../../../../arm-none-eabi/lib/thumb/v7-m/nofp/libc_nano.a(lib_a-nano-mallocr.o)
                                                  /export/SoftWare/ARM/gcc-arm-none-eabi-10.3-2021.10/bin/../lib/gcc/arm-none-eabi/10.3.1/../../../../arm-none-eabi/lib/thumb/v7-m/nofp/libc_nano.a(lib_a-nano-freer.o)
__preinit_array_end                               /export/SoftWare/ARM/gcc-arm-none-eabi-10.3-2021.10/bin/../lib/gcc/arm-none-eabi/10.3.1/../../../../arm-none-eabi/lib/thumb/v7-m/nofp/libc_nano.a(lib_a-init.o)
__preinit_array_start                             /export/SoftWare/ARM/gcc-arm-none-eabi-10.3-2021.10/bin/../lib/gcc/arm-none-eabi/10.3.1/../../../../arm-none-eabi/lib/thumb/v7-m/nofp/libc_nano.a(lib_a-init.o)
__register_frame_info                             /export/SoftWare/ARM/gcc-arm-none-eabi-10.3-2021.10/bin/../lib/gcc/arm-none-eabi/10.3.1/thumb/v7-m/nofp/crtbegin.o
__retarget_lock_acquire                           /export/SoftWare/ARM/gcc-arm-none-eabi-10.3-2021.10/bin/../lib/gcc/arm-none-eabi/10.3.1/../../../../arm-none-eabi/lib/thumb/v7-m/nofp/libc_nano.a(lib_a-lock.o)
__retarget_lock_acquire_recursive                 /export/SoftWare/ARM/gcc-arm-none-eabi-10.3-2021.10/bin/../lib/gcc/arm-none-eabi/10.3.1/../../../../arm-none-eabi/lib/thumb/v7-m/nofp/libc_nano.a(lib_a-lock.o)
                                                  /export/SoftWare/ARM/gcc-arm-none-eabi-10.3-2021.10/bin/../lib/gcc/arm-none-eabi/10.3.1/../../../../arm-none-eabi/lib/thumb/v7-m/nofp/libc_nano.a(lib_a-mlock.o)
__retarget_lock_close                             /export/SoftWare/ARM/gcc-arm-none-eabi-10.3-2021.10/bin/../lib/gcc/arm-none-eabi/10.3.1/../../../../arm-none-eabi/lib/thumb/v7-m/nofp/libc_nano.a(lib_a-lock.o)
__retarget_lock_close_recursive                   /export/SoftWare/ARM/gcc-arm-none-eabi-10.3-2021.10/bin/../lib/gcc/arm-none-eabi/10.3.1/../../../../arm-none-eabi/lib/thumb/v7-m/nofp/libc_nano.a(lib_a-lock.o)
__retarget_lock_init                              /export/SoftWare/ARM/gcc-arm-none-eabi-10.3-2021.10/bin/../lib/gcc/arm-none-eabi/10.3.1/../../../../arm-none-eabi/lib/thumb/v7-m/nofp/libc_nano.a(lib_a-lock.o)
__retarget_lock_init_recursive                    /export/SoftWare/ARM/gcc-arm-none-eabi-10.3-2021.10/bin/../lib/gcc/arm-none-eabi/10.3.1/../../../../arm-none-eabi/lib/thumb/v7-m/nofp/libc_nano.a(lib_a-lock.o)
__retarget_lock_release                           /export/SoftWare/ARM/gcc-arm-none-eabi-10.3-2021.10/bin/../lib/gcc/arm-none-eabi/10.3.1/../../../../arm-none-eabi/lib/thumb/v7-m/nofp/libc_nano.a(lib_a-lock.o)
__retarget_lock_release_recursive                 /export/SoftWare/ARM/gcc-arm-none-eabi-10.3-2021.10/bin/../lib/gcc/arm-none-eabi/10.3.1/../../../../arm-none-eabi/lib/thumb/v7-m/nofp/libc_nano.a(lib_a-lock.o)
                                                  /export/SoftWare/ARM/gcc-arm-none-eabi-10.3-2021.10/bin/../lib/gcc/arm-none-eabi/10.3.1/../../../../arm-none-eabi/lib/thumb/v7-m/nofp/libc_nano.a(lib_a-mlock.o)
__retarget_lock_try_acquire                       /export/SoftWare/ARM/gcc-arm-none-eabi-10.3-2021.10/bin/../lib/gcc/arm-none-eabi/10.3.1/../../../../arm-none-eabi/lib/thumb/v7-m/nofp/libc_nano.a(lib_a-lock.o)
__retarget_lock_try_acquire_recursive             /export/SoftWare/ARM/gcc-arm-none-eabi-10.3-2021.10/bin/../lib/gcc/arm-none-eabi/10.3.1/../../../../arm-none-eabi/lib/thumb/v7-m/nofp/libc_nano.a(lib_a-lock.o)
__sf_fake_stderr                                  /export/SoftWare/ARM/gcc-arm-none-eabi-10.3-2021.10/bin/../lib/gcc/arm-none-eabi/10.3.1/../../../../arm-none-eabi/lib/thumb/v7-m/nofp/libc_nano.a(lib_a-impure.o)
__sf_fake_stdin                                   /export/SoftWare/ARM/gcc-arm-none-eabi-10.3-2021.10/bin/../lib/gcc/arm-none-eabi/10.3.1/../../../../arm-none-eabi/lib/thumb/v7-m/nofp/libc_nano.a(lib_a-impure.o)
__sf_fake_stdout                                  /export/SoftWare/ARM/gcc-arm-none-eabi-10.3-2021.10/bin/../lib/gcc/arm-none-eabi/10.3.1/../../../../arm-none-eabi/lib/thumb/v7-m/nofp/libc_nano.a(lib_a-impure.o)
__ssprint_r                                       /export/SoftWare/ARM/gcc-arm-none-eabi-10.3-2021.10/bin/../lib/gcc/arm-none-eabi/10.3.1/../../../../arm-none-eabi/lib/thumb/v7-m/nofp/libc_nano.a(lib_a-nano-svfprintf.o)
__ssputs_r                                        /export/SoftWare/ARM/gcc-arm-none-eabi-10.3-2021.10/bin/../lib/gcc/arm-none-eabi/10.3.1/../../../../arm-none-eabi/lib/thumb/v7-m/nofp/libc_nano.a(lib_a-nano-svfprintf.o)
__stack                                           /export/SoftWare/ARM/gcc-arm-none-eabi-10.3-2021.10/bin/../lib/gcc/arm-none-eabi/10.3.1/../../../../arm-none-eabi/lib/thumb/v7-m/nofp/crt0.o
_exit                                             /export/SoftWare/ARM/gcc-arm-none-eabi-10.3-2021.10/bin/../lib/gcc/arm-none-eabi/10.3.1/../../../../arm-none-eabi/lib/thumb/v7-m/nofp/libnosys.a(_exit.o)
                                                  /export/SoftWare/ARM/gcc-arm-none-eabi-10.3-2021.10/bin/../lib/gcc/arm-none-eabi/10.3.1/../../../../arm-none-eabi/lib/thumb/v7-m/nofp/libc_nano.a(lib_a-exit.o)
_fini                                             /export/SoftWare/ARM/gcc-arm-none-eabi-10.3-2021.10/bin/../lib/gcc/arm-none-eabi/10.3.1/thumb/v7-m/nofp/crti.o
_free_r                                           /export/SoftWare/ARM/gcc-arm-none-eabi-10.3-2021.10/bin/../lib/gcc/arm-none-eabi/10.3.1/../../../../arm-none-eabi/lib/thumb/v7-m/nofp/libc_nano.a(lib_a-nano-freer.o)
                                                  /export/SoftWare/ARM/gcc-arm-none-eabi-10.3-2021.10/bin/../lib/gcc/arm-none-eabi/10.3.1/../../../../arm-none-eabi/lib/thumb/v7-m/nofp/libc_nano.a(lib_a-reent.o)
                                                  /export/SoftWare/ARM/gcc-arm-none-eabi-10.3-2021.10/bin/../lib/gcc/arm-none-eabi/10.3.1/../../../../arm-none-eabi/lib/thumb/v7-m/nofp/libc_nano.a(lib_a-nano-reallocr.o)
                                                  /export/SoftWare/ARM/gcc-arm-none-eabi-10.3-2021.10/bin/../lib/gcc/arm-none-eabi/10.3.1/../../../../arm-none-eabi/lib/thumb/v7-m/nofp/libc_nano.a(lib_a-nano-svfprintf.o)
_global_impure_ptr                                /export/SoftWare/ARM/gcc-arm-none-eabi-10.3-2021.10/bin/../lib/gcc/arm-none-eabi/10.3.1/../../../../arm-none-eabi/lib/thumb/v7-m/nofp/libc_nano.a(lib_a-impure.o)
                                                  /export/SoftWare/ARM/gcc-arm-none-eabi-10.3-2021.10/bin/../lib/gcc/arm-none-eabi/10.3.1/../../../../arm-none-eabi/lib/thumb/v7-m/nofp/libc_nano.a(lib_a-exit.o)
_impure_ptr                                       /export/SoftWare/ARM/gcc-arm-none-eabi-10.3-2021.10/bin/../lib/gcc/arm-none-eabi/10.3.1/../../../../arm-none-eabi/lib/thumb/v7-m/nofp/libc_nano.a(lib_a-impure.o)
                                                  /export/SoftWare/ARM/gcc-arm-none-eabi-10.3-2021.10/bin/../lib/gcc/arm-none-eabi/10.3.1/../../../../arm-none-eabi/lib/thumb/v7-m/nofp/libc_nano.a(lib_a-reent.o)
                                                  /export/SoftWare/ARM/gcc-arm-none-eabi-10.3-2021.10/bin/../lib/gcc/arm-none-eabi/10.3.1/../../../../arm-none-eabi/lib/thumb/v7-m/nofp/libc_nano.a(lib_a-vsprintf.o)
_init                                             /export/SoftWare/ARM/gcc-arm-none-eabi-10.3-2021.10/bin/../lib/gcc/arm-none-eabi/10.3.1/thumb/v7-m/nofp/crti.o
                                                  /export/SoftWare/ARM/gcc-arm-none-eabi-10.3-2021.10/bin/../lib/gcc/arm-none-eabi/10.3.1/../../../../arm-none-eabi/lib/thumb/v7-m/nofp/libc_nano.a(lib_a-init.o)
_mainCRTStartup                                   /export/SoftWare/ARM/gcc-arm-none-eabi-10.3-2021.10/bin/../lib/gcc/arm-none-eabi/10.3.1/../../../../arm-none-eabi/lib/thumb/v7-m/nofp/crt0.o
_malloc_r                                         /export/SoftWare/ARM/gcc-arm-none-eabi-10.3-2021.10/bin/../lib/gcc/arm-none-eabi/10.3.1/../../../../arm-none-eabi/lib/thumb/v7-m/nofp/libc_nano.a(lib_a-nano-mallocr.o)
                                                  /export/SoftWare/ARM/gcc-arm-none-eabi-10.3-2021.10/bin/../lib/gcc/arm-none-eabi/10.3.1/../../../../arm-none-eabi/lib/thumb/v7-m/nofp/libc_nano.a(lib_a-nano-reallocr.o)
                                                  /export/SoftWare/ARM/gcc-arm-none-eabi-10.3-2021.10/bin/../lib/gcc/arm-none-eabi/10.3.1/../../../../arm-none-eabi/lib/thumb/v7-m/nofp/libc_nano.a(lib_a-nano-svfprintf.o)
_malloc_usable_size_r                             /export/SoftWare/ARM/gcc-arm-none-eabi-10.3-2021.10/bin/../lib/gcc/arm-none-eabi/10.3.1/../../../../arm-none-eabi/lib/thumb/v7-m/nofp/libc_nano.a(lib_a-nano-msizer.o)
                                                  /export/SoftWare/ARM/gcc-arm-none-eabi-10.3-2021.10/bin/../lib/gcc/arm-none-eabi/10.3.1/../../../../arm-none-eabi/lib/thumb/v7-m/nofp/libc_nano.a(lib_a-nano-reallocr.o)
_printf_common                                    /export/SoftWare/ARM/gcc-arm-none-eabi-10.3-2021.10/bin/../lib/gcc/arm-none-eabi/10.3.1/../../../../arm-none-eabi/lib/thumb/v7-m/nofp/libc_nano.a(lib_a-nano-vfprintf_i.o)
_printf_float                                     /export/SoftWare/ARM/gcc-arm-none-eabi-10.3-2021.10/bin/../lib/gcc/arm-none-eabi/10.3.1/../../../../arm-none-eabi/lib/thumb/v7-m/nofp/libc_nano.a(lib_a-nano-svfprintf.o)
_printf_i                                         /export/SoftWare/ARM/gcc-arm-none-eabi-10.3-2021.10/bin/../lib/gcc/arm-none-eabi/10.3.1/../../../../arm-none-eabi/lib/thumb/v7-m/nofp/libc_nano.a(lib_a-nano-vfprintf_i.o)
                                                  /export/SoftWare/ARM/gcc-arm-none-eabi-10.3-2021.10/bin/../lib/gcc/arm-none-eabi/10.3.1/../../../../arm-none-eabi/lib/thumb/v7-m/nofp/libc_nano.a(lib_a-nano-svfprintf.o)
_realloc_r                                        /export/SoftWare/ARM/gcc-arm-none-eabi-10.3-2021.10/bin/../lib/gcc/arm-none-eabi/10.3.1/../../../../arm-none-eabi/lib/thumb/v7-m/nofp/libc_nano.a(lib_a-nano-reallocr.o)
                                                  /export/SoftWare/ARM/gcc-arm-none-eabi-10.3-2021.10/bin/../lib/gcc/arm-none-eabi/10.3.1/../../../../arm-none-eabi/lib/thumb/v7-m/nofp/libc_nano.a(lib_a-nano-svfprintf.o)
_reclaim_reent                                    /export/SoftWare/ARM/gcc-arm-none-eabi-10.3-2021.10/bin/../lib/gcc/arm-none-eabi/10.3.1/../../../../arm-none-eabi/lib/thumb/v7-m/nofp/libc_nano.a(lib_a-reent.o)
_sbrk                                             /export/SoftWare/ARM/gcc-arm-none-eabi-10.3-2021.10/bin/../lib/gcc/arm-none-eabi/10.3.1/../../../../arm-none-eabi/lib/thumb/v7-m/nofp/libnosys.a(sbrk.o)
                                                  /export/SoftWare/ARM/gcc-arm-none-eabi-10.3-2021.10/bin/../lib/gcc/arm-none-eabi/10.3.1/../../../../arm-none-eabi/lib/thumb/v7-m/nofp/libc_nano.a(lib_a-sbrkr.o)
_sbrk_r                                           /export/SoftWare/ARM/gcc-arm-none-eabi-10.3-2021.10/bin/../lib/gcc/arm-none-eabi/10.3.1/../../../../arm-none-eabi/lib/thumb/v7-m/nofp/libc_nano.a(lib_a-sbrkr.o)
                                                  /export/SoftWare/ARM/gcc-arm-none-eabi-10.3-2021.10/bin/../lib/gcc/arm-none-eabi/10.3.1/../../../../arm-none-eabi/lib/thumb/v7-m/nofp/libc_nano.a(lib_a-nano-mallocr.o)
_stack_init                                       /export/SoftWare/ARM/gcc-arm-none-eabi-10.3-2021.10/bin/../lib/gcc/arm-none-eabi/10.3.1/../../../../arm-none-eabi/lib/thumb/v7-m/nofp/crt0.o
_start                                            /export/SoftWare/ARM/gcc-arm-none-eabi-10.3-2021.10/bin/../lib/gcc/arm-none-eabi/10.3.1/../../../../arm-none-eabi/lib/thumb/v7-m/nofp/crt0.o
_svfiprintf_r                                     /export/SoftWare/ARM/gcc-arm-none-eabi-10.3-2021.10/bin/../lib/gcc/arm-none-eabi/10.3.1/../../../../arm-none-eabi/lib/thumb/v7-m/nofp/libc_nano.a(lib_a-nano-svfprintf.o)
_svfprintf_r                                      /export/SoftWare/ARM/gcc-arm-none-eabi-10.3-2021.10/bin/../lib/gcc/arm-none-eabi/10.3.1/../../../../arm-none-eabi/lib/thumb/v7-m/nofp/libc_nano.a(lib_a-nano-svfprintf.o)
                                                  /export/SoftWare/ARM/gcc-arm-none-eabi-10.3-2021.10/bin/../lib/gcc/arm-none-eabi/10.3.1/../../../../arm-none-eabi/lib/thumb/v7-m/nofp/libc_nano.a(lib_a-vsprintf.o)
_vsiprintf_r                                      /export/SoftWare/ARM/gcc-arm-none-eabi-10.3-2021.10/bin/../lib/gcc/arm-none-eabi/10.3.1/../../../../arm-none-eabi/lib/thumb/v7-m/nofp/libc_nano.a(lib_a-vsprintf.o)
_vsprintf_r                                       /export/SoftWare/ARM/gcc-arm-none-eabi-10.3-2021.10/bin/../lib/gcc/arm-none-eabi/10.3.1/../../../../arm-none-eabi/lib/thumb/v7-m/nofp/libc_nano.a(lib_a-vsprintf.o)
atexit                                            /export/SoftWare/ARM/gcc-arm-none-eabi-10.3-2021.10/bin/../lib/gcc/arm-none-eabi/10.3.1/../../../../arm-none-eabi/lib/thumb/v7-m/nofp/crt0.o
bastim_4ch_autoreload_int_test                    bastim_test.o
                                                  main.o
bastim_4ch_autoreload_test                        bastim_test.o
bastim_4ch_test                                   bastim_test.o
bastim_ch0                                        bastim_bsp.o
                                                  bastim_test.o
bastim_ch0_deinit                                 bastim_bsp.o
                                                  bastim_test.o
bastim_ch0_init                                   bastim_bsp.o
                                                  bastim_test.o
bastim_ch0_int_flag                               bastim_test.o
bastim_ch0_int_init                               bastim_bsp.o
bastim_ch1                                        bastim_bsp.o
                                                  bastim_test.o
bastim_ch1_deinit                                 bastim_bsp.o
                                                  bastim_test.o
bastim_ch1_init                                   bastim_bsp.o
                                                  bastim_test.o
bastim_ch1_int_flag                               bastim_test.o
bastim_ch1_int_init                               bastim_bsp.o
bastim_ch2                                        bastim_bsp.o
                                                  bastim_test.o
bastim_ch2_deinit                                 bastim_bsp.o
                                                  bastim_test.o
bastim_ch2_init                                   bastim_bsp.o
                                                  bastim_test.o
bastim_ch2_int_flag                               bastim_test.o
bastim_ch2_int_init                               bastim_bsp.o
bastim_ch3                                        bastim_bsp.o
                                                  bastim_test.o
bastim_ch3_deinit                                 bastim_bsp.o
                                                  bastim_test.o
bastim_ch3_init                                   bastim_bsp.o
                                                  bastim_test.o
bastim_ch3_int_flag                               bastim_test.o
bastim_ch3_int_init                               bastim_bsp.o
bastim_channel0_int_callback                      bastim_test.o
bastim_channel1_int_callback                      bastim_test.o
bastim_channel2_int_callback                      bastim_test.o
bastim_channel3_int_callback                      bastim_test.o
bastim_testmenu                                   bastim_test.o
                                                  main.o
cleanup_glue                                      /export/SoftWare/ARM/gcc-arm-none-eabi-10.3-2021.10/bin/../lib/gcc/arm-none-eabi/10.3.1/../../../../arm-none-eabi/lib/thumb/v7-m/nofp/libc_nano.a(lib_a-reent.o)
drv_bastim_channel0_interrupt_handler             drv_bastim.o
                                                  interrupt.o
drv_bastim_channel1_interrupt_handler             drv_bastim.o
                                                  interrupt.o
drv_bastim_channel2_interrupt_handler             drv_bastim.o
                                                  interrupt.o
drv_bastim_channel3_interrupt_handler             drv_bastim.o
                                                  interrupt.o
drv_bastim_deinit                                 drv_bastim.o
                                                  bastim_bsp.o
drv_bastim_init                                   drv_bastim.o
                                                  bastim_bsp.o
drv_bastim_set_config                             drv_bastim.o
drv_check_data                                    drv_common.o
drv_check_rw_data                                 drv_common.o
                                                  drv_uart.o
                                                  drv_bastim.o
drv_gpio_deinit                                   drv_gpio.o
drv_gpio_init                                     drv_gpio.o
                                                  gpio_bsp.o
drv_gpio_interrupt_handler                        drv_gpio.o
drv_gpio_set_config                               drv_gpio.o
drv_uart_default_config                           drv_uart.o
                                                  uart_bsp.o
drv_uart_deinit                                   drv_uart.o
drv_uart_getchar                                  drv_uart.o
drv_uart_getchar_timeout                          drv_uart.o
                                                  main.o
drv_uart_init                                     drv_uart.o
                                                  uart_bsp.o
drv_uart_interrupt_handler                        drv_uart.o
                                                  interrupt.o
drv_uart_printf                                   drv_uart_ex.o
                                                  main.o
drv_uart_putchar                                  drv_uart.o
drv_uart_putchars                                 drv_uart.o
                                                  drv_uart_ex.o
drv_uart_rx_data                                  drv_uart.o
drv_uart_rx_data_it                               drv_uart.o
drv_uart_set_config                               drv_uart.o
drv_uart_tx_data                                  drv_uart.o
end                                               /export/SoftWare/ARM/gcc-arm-none-eabi-10.3-2021.10/bin/../lib/gcc/arm-none-eabi/10.3.1/../../../../arm-none-eabi/lib/thumb/v7-m/nofp/libnosys.a(sbrk.o)
errno                                             /export/SoftWare/ARM/gcc-arm-none-eabi-10.3-2021.10/bin/../lib/gcc/arm-none-eabi/10.3.1/../../../../arm-none-eabi/lib/thumb/v7-m/nofp/libc_nano.a(lib_a-reent.o)
                                                  /export/SoftWare/ARM/gcc-arm-none-eabi-10.3-2021.10/bin/../lib/gcc/arm-none-eabi/10.3.1/../../../../arm-none-eabi/lib/thumb/v7-m/nofp/libc_nano.a(lib_a-sbrkr.o)
exit                                              /export/SoftWare/ARM/gcc-arm-none-eabi-10.3-2021.10/bin/../lib/gcc/arm-none-eabi/10.3.1/../../../../arm-none-eabi/lib/thumb/v7-m/nofp/libc_nano.a(lib_a-exit.o)
                                                  startup_CM3DS.o
                                                  /export/SoftWare/ARM/gcc-arm-none-eabi-10.3-2021.10/bin/../lib/gcc/arm-none-eabi/10.3.1/../../../../arm-none-eabi/lib/thumb/v7-m/nofp/crt0.o
exit_current_test                                 main.o
g_bastim_menu                                     bastim_test.o
g_gpio_menu                                       gpio_test.o
g_mcu_menu                                        main.o
gpio0_int_callback                                drv_gpio.o
gpio10_int_callback                               drv_gpio.o
gpio11_int_callback                               drv_gpio.o
gpio12_int_callback                               drv_gpio.o
gpio13_int_callback                               drv_gpio.o
gpio14_int_callback                               drv_gpio.o
gpio15_int_callback                               drv_gpio.o
gpio1_int_callback                                drv_gpio.o
gpio2_int_callback                                drv_gpio.o
gpio3_int_callback                                gpio_test.o
                                                  drv_gpio.o
gpio4_int_callback                                drv_gpio.o
gpio5_int_callback                                drv_gpio.o
gpio6_int_callback                                drv_gpio.o
gpio7_int_callback                                drv_gpio.o
gpio8_int_callback                                drv_gpio.o
gpio9_int_callback                                drv_gpio.o
gpio_int_flag                                     gpio_test.o
gpio_testmenu                                     gpio_test.o
gpioa2                                            gpio_bsp.o
gpioa2_init                                       gpio_bsp.o
                                                  gpio_test.o
gpioa2_out_gpioa3_in_it_test                      gpio_test.o
gpioa2_out_gpioa3_in_test                         gpio_test.o
gpioa3                                            gpio_bsp.o
gpioa3_init                                       gpio_bsp.o
                                                  gpio_test.o
gpioa3_int_init                                   gpio_bsp.o
                                                  gpio_test.o
hardware_init_hook                                /export/SoftWare/ARM/gcc-arm-none-eabi-10.3-2021.10/bin/../lib/gcc/arm-none-eabi/10.3.1/../../../../arm-none-eabi/lib/thumb/v7-m/nofp/crt0.o
huart0                                            uart_bsp.o
                                                  main.o
                                                  interrupt.o
                                                  drv_uart_ex.o
huart1                                            uart_bsp.o
main                                              main.o
                                                  startup_CM3DS.o
                                                  /export/SoftWare/ARM/gcc-arm-none-eabi-10.3-2021.10/bin/../lib/gcc/arm-none-eabi/10.3.1/../../../../arm-none-eabi/lib/thumb/v7-m/nofp/crt0.o
mcu_testmenu                                      main.o
memchr                                            /export/SoftWare/ARM/gcc-arm-none-eabi-10.3-2021.10/bin/../lib/gcc/arm-none-eabi/10.3.1/../../../../arm-none-eabi/lib/thumb/v7-m/nofp/libc_nano.a(lib_a-memchr-stub.o)
                                                  /export/SoftWare/ARM/gcc-arm-none-eabi-10.3-2021.10/bin/../lib/gcc/arm-none-eabi/10.3.1/../../../../arm-none-eabi/lib/thumb/v7-m/nofp/libc_nano.a(lib_a-nano-vfprintf_i.o)
                                                  /export/SoftWare/ARM/gcc-arm-none-eabi-10.3-2021.10/bin/../lib/gcc/arm-none-eabi/10.3.1/../../../../arm-none-eabi/lib/thumb/v7-m/nofp/libc_nano.a(lib_a-nano-svfprintf.o)
memcpy                                            /export/SoftWare/ARM/gcc-arm-none-eabi-10.3-2021.10/bin/../lib/gcc/arm-none-eabi/10.3.1/../../../../arm-none-eabi/lib/thumb/v7-m/nofp/libc_nano.a(lib_a-memcpy-stub.o)
                                                  /export/SoftWare/ARM/gcc-arm-none-eabi-10.3-2021.10/bin/../lib/gcc/arm-none-eabi/10.3.1/../../../../arm-none-eabi/lib/thumb/v7-m/nofp/libc_nano.a(lib_a-nano-reallocr.o)
                                                  /export/SoftWare/ARM/gcc-arm-none-eabi-10.3-2021.10/bin/../lib/gcc/arm-none-eabi/10.3.1/../../../../arm-none-eabi/lib/thumb/v7-m/nofp/libc_nano.a(lib_a-nano-svfprintf.o)
memmove                                           /export/SoftWare/ARM/gcc-arm-none-eabi-10.3-2021.10/bin/../lib/gcc/arm-none-eabi/10.3.1/../../../../arm-none-eabi/lib/thumb/v7-m/nofp/libc_nano.a(lib_a-memmove.o)
                                                  /export/SoftWare/ARM/gcc-arm-none-eabi-10.3-2021.10/bin/../lib/gcc/arm-none-eabi/10.3.1/../../../../arm-none-eabi/lib/thumb/v7-m/nofp/libc_nano.a(lib_a-nano-svfprintf.o)
memset                                            /export/SoftWare/ARM/gcc-arm-none-eabi-10.3-2021.10/bin/../lib/gcc/arm-none-eabi/10.3.1/../../../../arm-none-eabi/lib/thumb/v7-m/nofp/libc_nano.a(lib_a-memset.o)
                                                  /export/SoftWare/ARM/gcc-arm-none-eabi-10.3-2021.10/bin/../lib/gcc/arm-none-eabi/10.3.1/../../../../arm-none-eabi/lib/thumb/v7-m/nofp/crt0.o
show_testmenu                                     main.o
                                                  gpio_test.o
                                                  bastim_test.o
software_init_hook                                /export/SoftWare/ARM/gcc-arm-none-eabi-10.3-2021.10/bin/../lib/gcc/arm-none-eabi/10.3.1/../../../../arm-none-eabi/lib/thumb/v7-m/nofp/crt0.o
strlen                                            /export/SoftWare/ARM/gcc-arm-none-eabi-10.3-2021.10/bin/../lib/gcc/arm-none-eabi/10.3.1/../../../../arm-none-eabi/lib/thumb/v7-m/nofp/libc_nano.a(lib_a-strlen.o)
                                                  drv_uart_ex.o
test_execute                                      main.o
                                                  gpio_test.o
                                                  bastim_test.o
test_printf_ch                                    uart_bsp.o
test_printf_s                                     uart_bsp.o
                                                  gpio_test.o
                                                  bastim_test.o
uart0_init                                        uart_bsp.o
                                                  main.o
uart1_init                                        uart_bsp.o
uart_int_rx_fifo_noempty_callback                 drv_uart.o
uart_int_rx_fifo_thres_callback                   drv_uart.o
uart_int_rx_noise_detect_callback                 drv_uart.o
uart_int_rx_parity_error_callback                 drv_uart.o
uart_int_rx_stop_callback                         drv_uart.o
uart_int_rx_stop_detect_callback                  drv_uart.o
uart_int_rx_stop_error_callback                   drv_uart.o
uart_int_tx_done_callback                         drv_uart.o
uart_int_tx_fifo_empty_callback                   drv_uart.o
uart_int_tx_fifo_thres_callback                   drv_uart.o
vprintf                                           drv_uart_ex.o
vsiprintf                                         /export/SoftWare/ARM/gcc-arm-none-eabi-10.3-2021.10/bin/../lib/gcc/arm-none-eabi/10.3.1/../../../../arm-none-eabi/lib/thumb/v7-m/nofp/libc_nano.a(lib_a-vsprintf.o)
vsprintf                                          /export/SoftWare/ARM/gcc-arm-none-eabi-10.3-2021.10/bin/../lib/gcc/arm-none-eabi/10.3.1/../../../../arm-none-eabi/lib/thumb/v7-m/nofp/libc_nano.a(lib_a-vsprintf.o)
                                                  drv_uart_ex.o
