Archive member included to satisfy reference by file (symbol)

/export/SoftWare/ARM/gcc-arm-none-eabi-10.3-2021.10/bin/../lib/gcc/arm-none-eabi/10.3.1/../../../../arm-none-eabi/lib/thumb/v7-m/nofp/libc_nano.a(lib_a-exit.o)
                              /export/SoftWare/ARM/gcc-arm-none-eabi-10.3-2021.10/bin/../lib/gcc/arm-none-eabi/10.3.1/../../../../arm-none-eabi/lib/thumb/v7-m/nofp/crt0.o (exit)
/export/SoftWare/ARM/gcc-arm-none-eabi-10.3-2021.10/bin/../lib/gcc/arm-none-eabi/10.3.1/../../../../arm-none-eabi/lib/thumb/v7-m/nofp/libc_nano.a(lib_a-impure.o)
                              /export/SoftWare/ARM/gcc-arm-none-eabi-10.3-2021.10/bin/../lib/gcc/arm-none-eabi/10.3.1/../../../../arm-none-eabi/lib/thumb/v7-m/nofp/libc_nano.a(lib_a-exit.o) (_global_impure_ptr)
/export/SoftWare/ARM/gcc-arm-none-eabi-10.3-2021.10/bin/../lib/gcc/arm-none-eabi/10.3.1/../../../../arm-none-eabi/lib/thumb/v7-m/nofp/libc_nano.a(lib_a-init.o)
                              /export/SoftWare/ARM/gcc-arm-none-eabi-10.3-2021.10/bin/../lib/gcc/arm-none-eabi/10.3.1/../../../../arm-none-eabi/lib/thumb/v7-m/nofp/crt0.o (__libc_init_array)
/export/SoftWare/ARM/gcc-arm-none-eabi-10.3-2021.10/bin/../lib/gcc/arm-none-eabi/10.3.1/../../../../arm-none-eabi/lib/thumb/v7-m/nofp/libc_nano.a(lib_a-memset.o)
                              /export/SoftWare/ARM/gcc-arm-none-eabi-10.3-2021.10/bin/../lib/gcc/arm-none-eabi/10.3.1/../../../../arm-none-eabi/lib/thumb/v7-m/nofp/crt0.o (memset)
/export/SoftWare/ARM/gcc-arm-none-eabi-10.3-2021.10/bin/../lib/gcc/arm-none-eabi/10.3.1/../../../../arm-none-eabi/lib/thumb/v7-m/nofp/libc_nano.a(lib_a-strlen.o)
                              drv_uart_ex.o (strlen)
/export/SoftWare/ARM/gcc-arm-none-eabi-10.3-2021.10/bin/../lib/gcc/arm-none-eabi/10.3.1/../../../../arm-none-eabi/lib/thumb/v7-m/nofp/libc_nano.a(lib_a-vsprintf.o)
                              drv_uart_ex.o (vsprintf)
/export/SoftWare/ARM/gcc-arm-none-eabi-10.3-2021.10/bin/../lib/gcc/arm-none-eabi/10.3.1/../../../../arm-none-eabi/lib/thumb/v7-m/nofp/libc_nano.a(lib_a-nano-svfprintf.o)
                              /export/SoftWare/ARM/gcc-arm-none-eabi-10.3-2021.10/bin/../lib/gcc/arm-none-eabi/10.3.1/../../../../arm-none-eabi/lib/thumb/v7-m/nofp/libc_nano.a(lib_a-vsprintf.o) (_svfprintf_r)
/export/SoftWare/ARM/gcc-arm-none-eabi-10.3-2021.10/bin/../lib/gcc/arm-none-eabi/10.3.1/../../../../arm-none-eabi/lib/thumb/v7-m/nofp/libc_nano.a(lib_a-nano-vfprintf_i.o)
                              /export/SoftWare/ARM/gcc-arm-none-eabi-10.3-2021.10/bin/../lib/gcc/arm-none-eabi/10.3.1/../../../../arm-none-eabi/lib/thumb/v7-m/nofp/libc_nano.a(lib_a-nano-svfprintf.o) (_printf_i)
/export/SoftWare/ARM/gcc-arm-none-eabi-10.3-2021.10/bin/../lib/gcc/arm-none-eabi/10.3.1/../../../../arm-none-eabi/lib/thumb/v7-m/nofp/libc_nano.a(lib_a-memchr-stub.o)
                              /export/SoftWare/ARM/gcc-arm-none-eabi-10.3-2021.10/bin/../lib/gcc/arm-none-eabi/10.3.1/../../../../arm-none-eabi/lib/thumb/v7-m/nofp/libc_nano.a(lib_a-nano-svfprintf.o) (memchr)
/export/SoftWare/ARM/gcc-arm-none-eabi-10.3-2021.10/bin/../lib/gcc/arm-none-eabi/10.3.1/../../../../arm-none-eabi/lib/thumb/v7-m/nofp/libc_nano.a(lib_a-memcpy-stub.o)
                              /export/SoftWare/ARM/gcc-arm-none-eabi-10.3-2021.10/bin/../lib/gcc/arm-none-eabi/10.3.1/../../../../arm-none-eabi/lib/thumb/v7-m/nofp/libc_nano.a(lib_a-nano-svfprintf.o) (memcpy)
/export/SoftWare/ARM/gcc-arm-none-eabi-10.3-2021.10/bin/../lib/gcc/arm-none-eabi/10.3.1/../../../../arm-none-eabi/lib/thumb/v7-m/nofp/libc_nano.a(lib_a-memmove.o)
                              /export/SoftWare/ARM/gcc-arm-none-eabi-10.3-2021.10/bin/../lib/gcc/arm-none-eabi/10.3.1/../../../../arm-none-eabi/lib/thumb/v7-m/nofp/libc_nano.a(lib_a-nano-svfprintf.o) (memmove)
/export/SoftWare/ARM/gcc-arm-none-eabi-10.3-2021.10/bin/../lib/gcc/arm-none-eabi/10.3.1/../../../../arm-none-eabi/lib/thumb/v7-m/nofp/libc_nano.a(lib_a-nano-freer.o)
                              /export/SoftWare/ARM/gcc-arm-none-eabi-10.3-2021.10/bin/../lib/gcc/arm-none-eabi/10.3.1/../../../../arm-none-eabi/lib/thumb/v7-m/nofp/libc_nano.a(lib_a-nano-svfprintf.o) (_free_r)
/export/SoftWare/ARM/gcc-arm-none-eabi-10.3-2021.10/bin/../lib/gcc/arm-none-eabi/10.3.1/../../../../arm-none-eabi/lib/thumb/v7-m/nofp/libc_nano.a(lib_a-nano-mallocr.o)
                              /export/SoftWare/ARM/gcc-arm-none-eabi-10.3-2021.10/bin/../lib/gcc/arm-none-eabi/10.3.1/../../../../arm-none-eabi/lib/thumb/v7-m/nofp/libc_nano.a(lib_a-nano-svfprintf.o) (_malloc_r)
/export/SoftWare/ARM/gcc-arm-none-eabi-10.3-2021.10/bin/../lib/gcc/arm-none-eabi/10.3.1/../../../../arm-none-eabi/lib/thumb/v7-m/nofp/libc_nano.a(lib_a-nano-reallocr.o)
                              /export/SoftWare/ARM/gcc-arm-none-eabi-10.3-2021.10/bin/../lib/gcc/arm-none-eabi/10.3.1/../../../../arm-none-eabi/lib/thumb/v7-m/nofp/libc_nano.a(lib_a-nano-svfprintf.o) (_realloc_r)
[...]
Memory Configuration

Name             Origin             Length             Attributes
FLASH            0x0000000000000000 0x0000000000008000 xr
RAM              0x0000000000020000 0x0000000000002000 xrw
*default*        0x0000000000000000 0xffffffffffffffff

Linker script and memory map

LOAD /export/SoftWare/ARM/gcc-arm-none-eabi-10.3-2021.10/bin/../lib/gcc/arm-none-eabi/10.3.1/thumb/v7-m/nofp/crti.o
LOAD /export/SoftWare/ARM/gcc-arm-none-eabi-10.3-2021.10/bin/../lib/gcc/arm-none-eabi/10.3.1/thumb/v7-m/nofp/crtbegin.o
LOAD /export/SoftWare/ARM/gcc-arm-none-eabi-10.3-2021.10/bin/../lib/gcc/arm-none-eabi/10.3.1/../../../../arm-none-eabi/lib/thumb/v7-m/nofp/crt0.o
LOAD advtim_bsp.o
LOAD advtim_test.o
LOAD drv_advtim_cap.o
LOAD drv_advtim_enc.o
LOAD drv_advtim_gen.o
LOAD drv_common.o
LOAD drv_uart.o
LOAD drv_uart_ex.o
LOAD interrupt.o
LOAD main.o
LOAD startup_CM3DS.o
LOAD uart_bsp.o
LOAD uart_test.o
START GROUP
LOAD /export/SoftWare/ARM/gcc-arm-none-eabi-10.3-2021.10/bin/../lib/gcc/arm-none-eabi/10.3.1/thumb/v7-m/nofp/libgcc.a
LOAD /export/SoftWare/ARM/gcc-arm-none-eabi-10.3-2021.10/bin/../lib/gcc/arm-none-eabi/10.3.1/../../../../arm-none-eabi/lib/thumb/v7-m/nofp/libc_nano.a
END GROUP
START GROUP
LOAD /export/SoftWare/ARM/gcc-arm-none-eabi-10.3-2021.10/bin/../lib/gcc/arm-none-eabi/10.3.1/thumb/v7-m/nofp/libgcc.a
LOAD /export/SoftWare/ARM/gcc-arm-none-eabi-10.3-2021.10/bin/../lib/gcc/arm-none-eabi/10.3.1/../../../../arm-none-eabi/lib/thumb/v7-m/nofp/libc_nano.a
LOAD /export/SoftWare/ARM/gcc-arm-none-eabi-10.3-2021.10/bin/../lib/gcc/arm-none-eabi/10.3.1/../../../../arm-none-eabi/lib/thumb/v7-m/nofp/libnosys.a
END GROUP
START GROUP
LOAD /export/SoftWare/ARM/gcc-arm-none-eabi-10.3-2021.10/bin/../lib/gcc/arm-none-eabi/10.3.1/thumb/v7-m/nofp/libgcc.a
LOAD /export/SoftWare/ARM/gcc-arm-none-eabi-10.3-2021.10/bin/../lib/gcc/arm-none-eabi/10.3.1/../../../../arm-none-eabi/lib/thumb/v7-m/nofp/libc_nano.a
LOAD /export/SoftWare/ARM/gcc-arm-none-eabi-10.3-2021.10/bin/../lib/gcc/arm-none-eabi/10.3.1/../../../../arm-none-eabi/lib/thumb/v7-m/nofp/libnosys.a
END GROUP
LOAD /export/SoftWare/ARM/gcc-arm-none-eabi-10.3-2021.10/bin/../lib/gcc/arm-none-eabi/10.3.1/thumb/v7-m/nofp/crtend.o
LOAD /export/SoftWare/ARM/gcc-arm-none-eabi-10.3-2021.10/bin/../lib/gcc/arm-none-eabi/10.3.1/thumb/v7-m/nofp/crtn.o
                0x0000000000000000                __FLASH_BASE = 0x0
                0x0000000000008000                __FLASH_SIZE = 0x8000
                0x0000000000020000                __RAM_BASE = 0x20000
                0x0000000000002000                __RAM_SIZE = 0x2000

.text           0x0000000000000000     0x2194
 *(.isr_vector)
 .isr_vector    0x0000000000000000       0x8c startup_CM3DS.o
                0x0000000000000000                __isr_vector
 *(.text*)
 .text          0x000000000000008c       0x40 /export/SoftWare/ARM/gcc-arm-none-eabi-10.3-2021.10/bin/../lib/gcc/arm-none-eabi/10.3.1/thumb/v7-m/nofp/crtbegin.o
 .text.advtim_ch_all_pwm_with_deadzone_with_break_on_init
                0x00000000000000cc      0x114 advtim_bsp.o
                0x00000000000000cc                advtim_ch_all_pwm_with_deadzone_with_break_on_init
 .text.advtim_ch_up_all_pwm_with_deadzone_with_break_on_init
                0x00000000000001e0      0x114 advtim_bsp.o
                0x00000000000001e0                advtim_ch_up_all_pwm_with_deadzone_with_break_on_init
 .text.advtim_ch_all_pwm_logic_with_deadzone_with_break_on_init
                0x00000000000002f4      0x118 advtim_bsp.o
                0x00000000000002f4                advtim_ch_all_pwm_logic_with_deadzone_with_break_on_init
 .text.advtim_ch1_cap_step_on_init
                0x000000000000040c       0x60 advtim_bsp.o
                0x000000000000040c                advtim_ch1_cap_step_on_init
 .text.advtim_ch1_cap_pwm_on_init
                0x000000000000046c       0x60 advtim_bsp.o
                0x000000000000046c                advtim_ch1_cap_pwm_on_init
 .text.advtim_ch1_enc_direct_both_edge_on_init
                0x00000000000004cc       0x58 advtim_bsp.o
                0x00000000000004cc                advtim_ch1_enc_direct_both_edge_on_init
 .text.advtim_deinit
                0x0000000000000524       0x1c advtim_bsp.o
                0x0000000000000524                advtim_deinit
 .text.advtim_ch_all_pwm_with_deadzone_with_break_on_test
                0x0000000000000540       0x80 advtim_test.o
                0x0000000000000540                advtim_ch_all_pwm_with_deadzone_with_break_on_test
 .text.advtim_ch_all_pwm_gpio_with_deadzone_with_break_on_test
                0x00000000000005c0       0xb0 advtim_test.o
                0x00000000000005c0                advtim_ch_all_pwm_gpio_with_deadzone_with_break_on_test
 .text.advtim_ch_up_all_pwm_gpio_with_deadzone_with_break_on_test
                0x0000000000000670       0xb0 advtim_test.o
                0x0000000000000670                advtim_ch_up_all_pwm_gpio_with_deadzone_with_break_on_test
 .text.advtim_ch_all_pwm_logic_with_deadzone_with_break_on_test
                0x0000000000000720       0x90 advtim_test.o
                0x0000000000000720                advtim_ch_all_pwm_logic_with_deadzone_with_break_on_test
 .text.advtim_ch1_step_input_on_test
                0x00000000000007b0       0x80 advtim_test.o
                0x00000000000007b0                advtim_ch1_step_input_on_test
 .text.advtim_ch1_pwm_input_on_test
                0x0000000000000830       0x80 advtim_test.o
                0x0000000000000830                advtim_ch1_pwm_input_on_test
 .text.advtim_ch1_encoder_direct_both_edge_on_test
                0x00000000000008b0       0x68 advtim_test.o
                0x00000000000008b0                advtim_ch1_encoder_direct_both_edge_on_test
 .text.advtim_gen_int_reloaded_callback
                0x0000000000000918       0x88 advtim_test.o
                0x0000000000000918                advtim_gen_int_reloaded_callback
 .text.advtim_gen_int_reloading_reaching_rcr_callback
                0x00000000000009a0       0x14 advtim_test.o
                0x00000000000009a0                advtim_gen_int_reloading_reaching_rcr_callback
 .text.advtim_gen_int_fault_detected_callback
                0x00000000000009b4       0x2c advtim_test.o
                0x00000000000009b4                advtim_gen_int_fault_detected_callback
 .text.advtim_cap_int_reloaded_callback
                0x00000000000009e0       0x58 advtim_test.o
                0x00000000000009e0                advtim_cap_int_reloaded_callback
 .text.advtim_cap_int_reloading_reaching_rcr_callback
                0x0000000000000a38       0x14 advtim_test.o
                0x0000000000000a38                advtim_cap_int_reloading_reaching_rcr_callback
 .text.advtim_enc_int_reloaded_callback
                0x0000000000000a4c       0x34 advtim_test.o
                0x0000000000000a4c                advtim_enc_int_reloaded_callback
 .text.advtim_enc_int_detected_callback
                0x0000000000000a80       0x10 advtim_test.o
                0x0000000000000a80                advtim_enc_int_detected_callback
 .text.advtim_testmenu
                0x0000000000000a90       0x1c advtim_test.o
                0x0000000000000a90                advtim_testmenu
 .text.drv_advtim_cap_set_config
                0x0000000000000aac       0x60 drv_advtim_cap.o
                0x0000000000000aac                drv_advtim_cap_set_config
 .text.drv_advtim_cap_init
                0x0000000000000b0c       0x3e drv_advtim_cap.o
                0x0000000000000b0c                drv_advtim_cap_init
 .text.drv_advtim_cap_deinit
                0x0000000000000b4a       0x26 drv_advtim_cap.o
                0x0000000000000b4a                drv_advtim_cap_deinit
 .text.drv_advtim_cap_interrupt_handler
                0x0000000000000b70       0x4a drv_advtim_cap.o
                0x0000000000000b70                drv_advtim_cap_interrupt_handler
 .text.drv_advtim_enc_set_config
                0x0000000000000bba       0x4e drv_advtim_enc.o
                0x0000000000000bba                drv_advtim_enc_set_config
 .text.drv_advtim_enc_init
                0x0000000000000c08       0x42 drv_advtim_enc.o
                0x0000000000000c08                drv_advtim_enc_init
 .text.drv_advtim_enc_deinit
                0x0000000000000c4a       0x2a drv_advtim_enc.o
                0x0000000000000c4a                drv_advtim_enc_deinit
 .text.drv_advtim_enc_interrupt_handler
                0x0000000000000c74       0x58 drv_advtim_enc.o
                0x0000000000000c74                drv_advtim_enc_interrupt_handler
 .text.drv_advtim_gen_set_config
                0x0000000000000ccc      0x25a drv_advtim_gen.o
                0x0000000000000ccc                drv_advtim_gen_set_config
 .text.drv_advtim_gen_init
                0x0000000000000f26       0x3e drv_advtim_gen.o
                0x0000000000000f26                drv_advtim_gen_init
 .text.drv_advtim_gen_deinit
                0x0000000000000f64       0x26 drv_advtim_gen.o
                0x0000000000000f64                drv_advtim_gen_deinit
 .text.drv_advtim_gen_interrupt_handler
                0x0000000000000f8a       0x68 drv_advtim_gen.o
                0x0000000000000f8a                drv_advtim_gen_interrupt_handler
 .text.drv_check_rw_data
                0x0000000000000ff2       0x22 drv_common.o
                0x0000000000000ff2                drv_check_rw_data
 .text.drv_uart_default_config
                0x0000000000001014       0x1c drv_uart.o
                0x0000000000001014                drv_uart_default_config
 .text.drv_uart_set_config
                0x0000000000001030       0x48 drv_uart.o
                0x0000000000001030                drv_uart_set_config
 .text.drv_uart_init
                0x0000000000001078       0x90 drv_uart.o
                0x0000000000001078                drv_uart_init
 .text.drv_uart_putchars
                0x0000000000001108       0x44 drv_uart.o
                0x0000000000001108                drv_uart_putchars
 .text.drv_uart_getchar_timeout
                0x000000000000114c       0xbc drv_uart.o
                0x000000000000114c                drv_uart_getchar_timeout
 .text.uart_int_tx_done_callback
                0x0000000000001208        0x2 drv_uart.o
                0x0000000000001208                uart_int_tx_done_callback
 .text.uart_int_rx_stop_callback
                0x000000000000120a        0x2 drv_uart.o
                0x000000000000120a                uart_int_rx_stop_callback
 .text.uart_int_rx_parity_error_callback
                0x000000000000120c        0x2 drv_uart.o
                0x000000000000120c                uart_int_rx_parity_error_callback
 .text.uart_int_rx_noise_detect_callback
                0x000000000000120e        0x2 drv_uart.o
                0x000000000000120e                uart_int_rx_noise_detect_callback
 .text.uart_int_rx_stop_detect_callback
                0x0000000000001210        0x2 drv_uart.o
                0x0000000000001210                uart_int_rx_stop_detect_callback
 .text.uart_int_tx_fifo_empty_callback
                0x0000000000001212        0x2 drv_uart.o
                0x0000000000001212                uart_int_tx_fifo_empty_callback
 .text.uart_int_tx_fifo_thres_callback
                0x0000000000001214        0x2 drv_uart.o
                0x0000000000001214                uart_int_tx_fifo_thres_callback
 .text.uart_int_rx_fifo_noempty_callback
                0x0000000000001216        0x2 drv_uart.o
                0x0000000000001216                uart_int_rx_fifo_noempty_callback
 .text.uart_int_rx_fifo_thres_callback
                0x0000000000001218        0x2 drv_uart.o
                0x0000000000001218                uart_int_rx_fifo_thres_callback
 .text.drv_uart_interrupt_handler
                0x000000000000121a      0x254 drv_uart.o
                0x000000000000121a                drv_uart_interrupt_handler
 *fill*         0x000000000000146e        0x2 
 .text.vprintf  0x0000000000001470       0x34 drv_uart_ex.o
                0x0000000000001470                vprintf
 .text.drv_uart_printf
                0x00000000000014a4       0x1c drv_uart_ex.o
                0x00000000000014a4                drv_uart_printf
 .text.NMI_Handler
                0x00000000000014c0       0x10 interrupt.o
                0x00000000000014c0                NMI_Handler
 .text.HardFault_Handler
                0x00000000000014d0        0x2 interrupt.o
                0x00000000000014d0                HardFault_Handler
 .text.MemManage_Handler
                0x00000000000014d2        0x2 interrupt.o
                0x00000000000014d2                MemManage_Handler
 .text.BusFault_Handler
                0x00000000000014d4        0x2 interrupt.o
                0x00000000000014d4                BusFault_Handler
 .text.UsageFault_Handler
                0x00000000000014d6        0x2 interrupt.o
                0x00000000000014d6                UsageFault_Handler
 .text.SVC_Handler
                0x00000000000014d8        0x2 interrupt.o
                0x00000000000014d8                SVC_Handler
 .text.DebugMon_Handler
                0x00000000000014da        0x2 interrupt.o
                0x00000000000014da                DebugMon_Handler
 .text.PendSV_Handler
                0x00000000000014dc        0x2 interrupt.o
                0x00000000000014dc                PendSV_Handler
 .text.SysTick_Handler
                0x00000000000014de        0x2 interrupt.o
                0x00000000000014de                SysTick_Handler
 .text.Uart0_Handler
                0x00000000000014e0       0x1c interrupt.o
                0x00000000000014e0                Uart0_Handler
 .text.AdvtimGen_Handler
                0x00000000000014fc       0x1c interrupt.o
                0x00000000000014fc                AdvtimGen_Handler
 .text.AdvtimCap_Handler
                0x0000000000001518       0x1c interrupt.o
                0x0000000000001518                AdvtimCap_Handler
 .text.AdvtimEnc_Handler
                0x0000000000001534       0x1c interrupt.o
                0x0000000000001534                AdvtimEnc_Handler
 .text.show_testmenu
                0x0000000000001550       0x40 main.o
                0x0000000000001550                show_testmenu
 .text.test_execute
                0x0000000000001590       0x94 main.o
                0x0000000000001590                test_execute
 .text.mcu_testmenu
                0x0000000000001624       0x1c main.o
                0x0000000000001624                mcu_testmenu
 .text.main     0x0000000000001640        0xc main.o
                0x0000000000001640                main
 .text.exit_current_test_loop
                0x000000000000164c       0x2c main.o
                0x000000000000164c                exit_current_test_loop
 .text          0x0000000000001678       0x78 startup_CM3DS.o
                0x0000000000001678                Reset_Handler
                0x00000000000016cc                Uart1_Handler
                0x00000000000016ce                Resv2_Handler
                0x00000000000016d0                Resv3_Handler
                0x00000000000016d2                EthDma_Handler
                0x00000000000016d4                Gpioa_Handler
                0x00000000000016d6                Resv6_Handler
                0x00000000000016d8                Resv7_Handler
                0x00000000000016da                Bastim_Ch0_Handler
                0x00000000000016dc                Bastim_Ch1_Handler
                0x00000000000016de                Bastim_Ch2_Handler
                0x00000000000016e0                Bastim_Ch3_Handler
                0x00000000000016e2                EthSma_Handler
                0x00000000000016e4                EthTx_Handler
                0x00000000000016e6                EthRx_Handler
                0x00000000000016e8                Resv15_Handler
 .text.uart0_init
                0x00000000000016f0       0x20 uart_bsp.o
                0x00000000000016f0                uart0_init
 .text.test_printf_s
                0x0000000000001710        0x8 uart_bsp.o
                0x0000000000001710                test_printf_s
 .text.exit     0x0000000000001718       0x28 /export/SoftWare/ARM/gcc-arm-none-eabi-10.3-2021.10/bin/../lib/gcc/arm-none-eabi/10.3.1/../../../../arm-none-eabi/lib/thumb/v7-m/nofp/libc_nano.a(lib_a-exit.o)
                0x0000000000001718                exit
 .text          0x0000000000001740       0x10 /export/SoftWare/ARM/gcc-arm-none-eabi-10.3-2021.10/bin/../lib/gcc/arm-none-eabi/10.3.1/../../../../arm-none-eabi/lib/thumb/v7-m/nofp/libc_nano.a(lib_a-strlen.o)
                0x0000000000001740                strlen
 .text._vsprintf_r
                0x0000000000001750       0x2c /export/SoftWare/ARM/gcc-arm-none-eabi-10.3-2021.10/bin/../lib/gcc/arm-none-eabi/10.3.1/../../../../arm-none-eabi/lib/thumb/v7-m/nofp/libc_nano.a(lib_a-vsprintf.o)
                0x0000000000001750                _vsiprintf_r
                0x0000000000001750                _vsprintf_r
 .text.vsprintf
                0x000000000000177c       0x14 /export/SoftWare/ARM/gcc-arm-none-eabi-10.3-2021.10/bin/../lib/gcc/arm-none-eabi/10.3.1/../../../../arm-none-eabi/lib/thumb/v7-m/nofp/libc_nano.a(lib_a-vsprintf.o)
                0x000000000000177c                vsprintf
                0x000000000000177c                vsiprintf
 .text.__ssputs_r
                0x0000000000001790       0xb6 /export/SoftWare/ARM/gcc-arm-none-eabi-10.3-2021.10/bin/../lib/gcc/arm-none-eabi/10.3.1/../../../../arm-none-eabi/lib/thumb/v7-m/nofp/libc_nano.a(lib_a-nano-svfprintf.o)
                0x0000000000001790                __ssputs_r
 *fill*         0x0000000000001846        0x2 
 .text._svfprintf_r
                0x0000000000001848      0x200 /export/SoftWare/ARM/gcc-arm-none-eabi-10.3-2021.10/bin/../lib/gcc/arm-none-eabi/10.3.1/../../../../arm-none-eabi/lib/thumb/v7-m/nofp/libc_nano.a(lib_a-nano-svfprintf.o)
                0x0000000000001848                _svfprintf_r
                0x0000000000001848                _svfiprintf_r
 .text._printf_common
                0x0000000000001a48       0xde /export/SoftWare/ARM/gcc-arm-none-eabi-10.3-2021.10/bin/../lib/gcc/arm-none-eabi/10.3.1/../../../../arm-none-eabi/lib/thumb/v7-m/nofp/libc_nano.a(lib_a-nano-vfprintf_i.o)
                0x0000000000001a48                _printf_common
 *fill*         0x0000000000001b26        0x2 
 .text._printf_i
                0x0000000000001b28      0x24c /export/SoftWare/ARM/gcc-arm-none-eabi-10.3-2021.10/bin/../lib/gcc/arm-none-eabi/10.3.1/../../../../arm-none-eabi/lib/thumb/v7-m/nofp/libc_nano.a(lib_a-nano-vfprintf_i.o)
                0x0000000000001b28                _printf_i
 .text.memchr   0x0000000000001d74       0x1c /export/SoftWare/ARM/gcc-arm-none-eabi-10.3-2021.10/bin/../lib/gcc/arm-none-eabi/10.3.1/../../../../arm-none-eabi/lib/thumb/v7-m/nofp/libc_nano.a(lib_a-memchr-stub.o)
                0x0000000000001d74                memchr
 .text.memcpy   0x0000000000001d90       0x1c /export/SoftWare/ARM/gcc-arm-none-eabi-10.3-2021.10/bin/../lib/gcc/arm-none-eabi/10.3.1/../../../../arm-none-eabi/lib/thumb/v7-m/nofp/libc_nano.a(lib_a-memcpy-stub.o)
                0x0000000000001d90                memcpy
 .text.memmove  0x0000000000001dac       0x34 /export/SoftWare/ARM/gcc-arm-none-eabi-10.3-2021.10/bin/../lib/gcc/arm-none-eabi/10.3.1/../../../../arm-none-eabi/lib/thumb/v7-m/nofp/libc_nano.a(lib_a-memmove.o)
                0x0000000000001dac                memmove
 .text._free_r  0x0000000000001de0       0x90 /export/SoftWare/ARM/gcc-arm-none-eabi-10.3-2021.10/bin/../lib/gcc/arm-none-eabi/10.3.1/../../../../arm-none-eabi/lib/thumb/v7-m/nofp/libc_nano.a(lib_a-nano-freer.o)
                0x0000000000001de0                _free_r
 .text.sbrk_aligned
                0x0000000000001e70       0x40 /export/SoftWare/ARM/gcc-arm-none-eabi-10.3-2021.10/bin/../lib/gcc/arm-none-eabi/10.3.1/../../../../arm-none-eabi/lib/thumb/v7-m/nofp/libc_nano.a(lib_a-nano-mallocr.o)
 .text._malloc_r
                0x0000000000001eb0       0xe8 /export/SoftWare/ARM/gcc-arm-none-eabi-10.3-2021.10/bin/../lib/gcc/arm-none-eabi/10.3.1/../../../../arm-none-eabi/lib/thumb/v7-m/nofp/libc_nano.a(lib_a-nano-mallocr.o)
                0x0000000000001eb0                _malloc_r
 .text._realloc_r
                0x0000000000001f98       0x5e /export/SoftWare/ARM/gcc-arm-none-eabi-10.3-2021.10/bin/../lib/gcc/arm-none-eabi/10.3.1/../../../../arm-none-eabi/lib/thumb/v7-m/nofp/libc_nano.a(lib_a-nano-reallocr.o)
                0x0000000000001f98                _realloc_r
 *fill*         0x0000000000001ff6        0x2 
 .text._sbrk_r  0x0000000000001ff8       0x20 /export/SoftWare/ARM/gcc-arm-none-eabi-10.3-2021.10/bin/../lib/gcc/arm-none-eabi/10.3.1/../../../../arm-none-eabi/lib/thumb/v7-m/nofp/libc_nano.a(lib_a-sbrkr.o)
                0x0000000000001ff8                _sbrk_r
 .text.__malloc_lock
                0x0000000000002018        0xc /export/SoftWare/ARM/gcc-arm-none-eabi-10.3-2021.10/bin/../lib/gcc/arm-none-eabi/10.3.1/../../../../arm-none-eabi/lib/thumb/v7-m/nofp/libc_nano.a(lib_a-mlock.o)
                0x0000000000002018                __malloc_lock
 .text.__malloc_unlock
                0x0000000000002024        0xc /export/SoftWare/ARM/gcc-arm-none-eabi-10.3-2021.10/bin/../lib/gcc/arm-none-eabi/10.3.1/../../../../arm-none-eabi/lib/thumb/v7-m/nofp/libc_nano.a(lib_a-mlock.o)
                0x0000000000002024                __malloc_unlock
 .text._malloc_usable_size_r
                0x0000000000002030       0x10 /export/SoftWare/ARM/gcc-arm-none-eabi-10.3-2021.10/bin/../lib/gcc/arm-none-eabi/10.3.1/../../../../arm-none-eabi/lib/thumb/v7-m/nofp/libc_nano.a(lib_a-nano-msizer.o)
                0x0000000000002030                _malloc_usable_size_r
 .text.__retarget_lock_acquire_recursive
                0x0000000000002040        0x2 /export/SoftWare/ARM/gcc-arm-none-eabi-10.3-2021.10/bin/../lib/gcc/arm-none-eabi/10.3.1/../../../../arm-none-eabi/lib/thumb/v7-m/nofp/libc_nano.a(lib_a-lock.o)
                0x0000000000002040                __retarget_lock_acquire_recursive
 .text.__retarget_lock_release_recursive
                0x0000000000002042        0x2 /export/SoftWare/ARM/gcc-arm-none-eabi-10.3-2021.10/bin/../lib/gcc/arm-none-eabi/10.3.1/../../../../arm-none-eabi/lib/thumb/v7-m/nofp/libc_nano.a(lib_a-lock.o)
                0x0000000000002042                __retarget_lock_release_recursive
 .text._sbrk    0x0000000000002044       0x1c /export/SoftWare/ARM/gcc-arm-none-eabi-10.3-2021.10/bin/../lib/gcc/arm-none-eabi/10.3.1/../../../../arm-none-eabi/lib/thumb/v7-m/nofp/libnosys.a(sbrk.o)
                0x0000000000002044                _sbrk
 .text._exit    0x0000000000002060        0x4 /export/SoftWare/ARM/gcc-arm-none-eabi-10.3-2021.10/bin/../lib/gcc/arm-none-eabi/10.3.1/../../../../arm-none-eabi/lib/thumb/v7-m/nofp/libnosys.a(_exit.o)
                0x0000000000002060                _exit
 *(.init)
 .init          0x0000000000002064        0x4 /export/SoftWare/ARM/gcc-arm-none-eabi-10.3-2021.10/bin/../lib/gcc/arm-none-eabi/10.3.1/thumb/v7-m/nofp/crti.o
                0x0000000000002064                _init
 .init          0x0000000000002068        0x8 /export/SoftWare/ARM/gcc-arm-none-eabi-10.3-2021.10/bin/../lib/gcc/arm-none-eabi/10.3.1/thumb/v7-m/nofp/crtn.o
 *(.fini)
 .fini          0x0000000000002070        0x4 /export/SoftWare/ARM/gcc-arm-none-eabi-10.3-2021.10/bin/../lib/gcc/arm-none-eabi/10.3.1/thumb/v7-m/nofp/crti.o
                0x0000000000002070                _fini
 .fini          0x0000000000002074        0x8 /export/SoftWare/ARM/gcc-arm-none-eabi-10.3-2021.10/bin/../lib/gcc/arm-none-eabi/10.3.1/thumb/v7-m/nofp/crtn.o
 *crtbegin.o(.ctors)
 *crtbegin?.o(.ctors)
 *(EXCLUDE_FILE(*crtend.o *crtend?.o) .ctors)
 *(SORT_BY_NAME(.ctors.*))
 *(.ctors)
 *crtbegin.o(.dtors)
 *crtbegin?.o(.dtors)
 *(EXCLUDE_FILE(*crtend.o *crtend?.o) .dtors)
 *(SORT_BY_NAME(.dtors.*))
 *(.dtors)
 *(.rodata*)
 .rodata.advtim_ch_all_pwm_with_deadzone_with_break_on_test.str1.4
                0x000000000000207c       0x13 advtim_test.o
 *fill*         0x000000000000208f        0x1 
 .rodata.advtim_gen_int_fault_detected_callback.str1.4
                0x0000000000002090       0x12 advtim_test.o
 *fill*         0x00000000000020a2        0x2 
 .rodata.NMI_Handler.str1.4
                0x00000000000020a4        0x4 interrupt.o
 .rodata.show_testmenu.str1.4
                0x00000000000020a8       0x54 main.o
 .rodata.test_execute.str1.4
                0x00000000000020fc       0x59 main.o
 *fill*         0x0000000000002155        0x3 
 .rodata._global_impure_ptr
                0x0000000000002158        0x4 /export/SoftWare/ARM/gcc-arm-none-eabi-10.3-2021.10/bin/../lib/gcc/arm-none-eabi/10.3.1/../../../../arm-none-eabi/lib/thumb/v7-m/nofp/libc_nano.a(lib_a-impure.o)
                0x0000000000002158                _global_impure_ptr
 .rodata._svfprintf_r.str1.1
                0x000000000000215c       0x11 /export/SoftWare/ARM/gcc-arm-none-eabi-10.3-2021.10/bin/../lib/gcc/arm-none-eabi/10.3.1/../../../../arm-none-eabi/lib/thumb/v7-m/nofp/libc_nano.a(lib_a-nano-svfprintf.o)
 .rodata._printf_i.str1.1
                0x000000000000216d       0x22 /export/SoftWare/ARM/gcc-arm-none-eabi-10.3-2021.10/bin/../lib/gcc/arm-none-eabi/10.3.1/../../../../arm-none-eabi/lib/thumb/v7-m/nofp/libc_nano.a(lib_a-nano-vfprintf_i.o)
 *(.eh_frame*)
 *fill*         0x000000000000218f        0x1 
 .eh_frame      0x0000000000002190        0x0 /export/SoftWare/ARM/gcc-arm-none-eabi-10.3-2021.10/bin/../lib/gcc/arm-none-eabi/10.3.1/thumb/v7-m/nofp/crtbegin.o
 .eh_frame      0x0000000000002190        0x4 /export/SoftWare/ARM/gcc-arm-none-eabi-10.3-2021.10/bin/../lib/gcc/arm-none-eabi/10.3.1/thumb/v7-m/nofp/crtend.o

.glue_7         0x0000000000002194        0x0
 .glue_7        0x0000000000002194        0x0 linker stubs

.glue_7t        0x0000000000002194        0x0
 .glue_7t       0x0000000000002194        0x0 linker stubs

.vfp11_veneer   0x0000000000002194        0x0
 .vfp11_veneer  0x0000000000002194        0x0 linker stubs

.v4_bx          0x0000000000002194        0x0
 .v4_bx         0x0000000000002194        0x0 linker stubs

.iplt           0x0000000000002194        0x0
 .iplt          0x0000000000002194        0x0 /export/SoftWare/ARM/gcc-arm-none-eabi-10.3-2021.10/bin/../lib/gcc/arm-none-eabi/10.3.1/thumb/v7-m/nofp/crtbegin.o

.rel.dyn        0x0000000000002194        0x0
 .rel.iplt      0x0000000000002194        0x0 /export/SoftWare/ARM/gcc-arm-none-eabi-10.3-2021.10/bin/../lib/gcc/arm-none-eabi/10.3.1/thumb/v7-m/nofp/crtbegin.o

.ARM.extab
 *(.ARM.extab* .gnu.linkonce.armextab.*)
                0x0000000000002194                __exidx_start = .

.ARM.exidx
 *(.ARM.exidx* .gnu.linkonce.armexidx.*)
                0x0000000000002194                __exidx_end = .
                0x0000000000002194                __etext = .

.data           0x0000000000020000      0x534 load address 0x0000000000002194
                0x0000000000020000                __data_start__ = .
 *(vtable)
 *(.data*)
 .data.g_advtim_menu
                0x0000000000020000      0x3b8 advtim_test.o
                0x0000000000020000                g_advtim_menu
 .data.g_mcu_menu
                0x00000000000203b8      0x110 main.o
                0x00000000000203b8                g_mcu_menu
 .data._impure_ptr
                0x00000000000204c8        0x4 /export/SoftWare/ARM/gcc-arm-none-eabi-10.3-2021.10/bin/../lib/gcc/arm-none-eabi/10.3.1/../../../../arm-none-eabi/lib/thumb/v7-m/nofp/libc_nano.a(lib_a-impure.o)
                0x00000000000204c8                _impure_ptr
 .data.impure_data
                0x00000000000204cc       0x60 /export/SoftWare/ARM/gcc-arm-none-eabi-10.3-2021.10/bin/../lib/gcc/arm-none-eabi/10.3.1/../../../../arm-none-eabi/lib/thumb/v7-m/nofp/libc_nano.a(lib_a-impure.o)
                0x000000000002052c                . = ALIGN (0x4)
                0x000000000002052c                PROVIDE (__preinit_array_start = .)
 *(.preinit_array)
                0x000000000002052c                PROVIDE (__preinit_array_end = .)
                0x000000000002052c                . = ALIGN (0x4)
                0x000000000002052c                PROVIDE (__init_array_start = .)
 *(SORT_BY_NAME(.init_array.*))
 *(.init_array)
 .init_array    0x000000000002052c        0x4 /export/SoftWare/ARM/gcc-arm-none-eabi-10.3-2021.10/bin/../lib/gcc/arm-none-eabi/10.3.1/thumb/v7-m/nofp/crtbegin.o
                0x0000000000020530                PROVIDE (__init_array_end = .)
                0x0000000000020530                . = ALIGN (0x4)
                [!provide]                        PROVIDE (__fini_array_start = .)
 *(SORT_BY_NAME(.fini_array.*))
 *(.fini_array)
 .fini_array    0x0000000000020530        0x4 /export/SoftWare/ARM/gcc-arm-none-eabi-10.3-2021.10/bin/../lib/gcc/arm-none-eabi/10.3.1/thumb/v7-m/nofp/crtbegin.o
                [!provide]                        PROVIDE (__fini_array_end = .)
 *(.jcr*)
                0x0000000000020534                . = ALIGN (0x4)
                0x0000000000020534                __data_end__ = .

.igot.plt       0x0000000000020534        0x0 load address 0x00000000000026c8
 .igot.plt      0x0000000000020534        0x0 /export/SoftWare/ARM/gcc-arm-none-eabi-10.3-2021.10/bin/../lib/gcc/arm-none-eabi/10.3.1/thumb/v7-m/nofp/crtbegin.o

.bss            0x0000000000020534       0xc4 load address 0x00000000000026c8
                0x0000000000020534                . = ALIGN (0x4)
                0x0000000000020534                __bss_start__ = .
 *(.bss*)
 .bss           0x0000000000020534       0x1c /export/SoftWare/ARM/gcc-arm-none-eabi-10.3-2021.10/bin/../lib/gcc/arm-none-eabi/10.3.1/thumb/v7-m/nofp/crtbegin.o
 .bss.hadvtim   0x0000000000020550       0x70 advtim_bsp.o
                0x0000000000020550                hadvtim
 .bss.advtim_case_flag
                0x00000000000205c0        0x1 advtim_test.o
                0x00000000000205c0                advtim_case_flag
 *fill*         0x00000000000205c1        0x1 
 .bss.advtim_int_flag
                0x00000000000205c2        0x2 advtim_test.o
                0x00000000000205c2                advtim_int_flag
 .bss.advtim_int_flag1
                0x00000000000205c4        0x1 advtim_test.o
                0x00000000000205c4                advtim_int_flag1
 .bss.advtim_int_flag2
                0x00000000000205c5        0x1 advtim_test.o
                0x00000000000205c5                advtim_int_flag2
 .bss.advtim_int_flag3
                0x00000000000205c6        0x1 advtim_test.o
                0x00000000000205c6                advtim_int_flag3
 .bss.advtim_temp
                0x00000000000205c7        0x1 advtim_test.o
                0x00000000000205c7                advtim_temp
 .bss.huart0    0x00000000000205c8       0x1c uart_bsp.o
                0x00000000000205c8                huart0
 .bss.__malloc_free_list
                0x00000000000205e4        0x4 /export/SoftWare/ARM/gcc-arm-none-eabi-10.3-2021.10/bin/../lib/gcc/arm-none-eabi/10.3.1/../../../../arm-none-eabi/lib/thumb/v7-m/nofp/libc_nano.a(lib_a-nano-mallocr.o)
                0x00000000000205e4                __malloc_free_list
 .bss.__malloc_sbrk_start
                0x00000000000205e8        0x4 /export/SoftWare/ARM/gcc-arm-none-eabi-10.3-2021.10/bin/../lib/gcc/arm-none-eabi/10.3.1/../../../../arm-none-eabi/lib/thumb/v7-m/nofp/libc_nano.a(lib_a-nano-mallocr.o)
                0x00000000000205e8                __malloc_sbrk_start
 .bss.errno     0x00000000000205ec        0x4 /export/SoftWare/ARM/gcc-arm-none-eabi-10.3-2021.10/bin/../lib/gcc/arm-none-eabi/10.3.1/../../../../arm-none-eabi/lib/thumb/v7-m/nofp/libc_nano.a(lib_a-reent.o)
                0x00000000000205ec                errno
 .bss.__lock___malloc_recursive_mutex
                0x00000000000205f0        0x1 /export/SoftWare/ARM/gcc-arm-none-eabi-10.3-2021.10/bin/../lib/gcc/arm-none-eabi/10.3.1/../../../../arm-none-eabi/lib/thumb/v7-m/nofp/libc_nano.a(lib_a-lock.o)
                0x00000000000205f0                __lock___malloc_recursive_mutex
 *fill*         0x00000000000205f1        0x3 
 .bss.heap_end.0
                0x00000000000205f4        0x4 /export/SoftWare/ARM/gcc-arm-none-eabi-10.3-2021.10/bin/../lib/gcc/arm-none-eabi/10.3.1/../../../../arm-none-eabi/lib/thumb/v7-m/nofp/libnosys.a(sbrk.o)
 *(COMMON)
                0x00000000000205f8                . = ALIGN (0x4)
                0x00000000000205f8                __bss_end__ = .

.heap           0x00000000000205f8        0x0
                0x00000000000205f8                __end__ = .
                0x00000000000205f8                end = __end__
 *(.heap*)
 .heap          0x00000000000205f8        0x0 startup_CM3DS.o
                0x00000000000205f8                __HeapLimit = .

.stack_dummy    0x00000000000205f8      0x200
 *(.stack*)
 .stack         0x00000000000205f8      0x200 startup_CM3DS.o
                0x0000000000022000                __StackTop = (ORIGIN (RAM) + LENGTH (RAM))
                0x0000000000021e00                __StackLimit = (__StackTop - SIZEOF (.stack_dummy))
                0x0000000000022000                PROVIDE (__stack = __StackTop)
                0x0000000000000001                ASSERT ((__StackLimit >= __HeapLimit), region RAM overflowed with stack)
OUTPUT(fw_test.elf elf32-littlearm)
LOAD linker stubs

.ARM.attributes
                0x0000000000000000       0x29
 .ARM.attributes
                0x0000000000000000       0x1d /export/SoftWare/ARM/gcc-arm-none-eabi-10.3-2021.10/bin/../lib/gcc/arm-none-eabi/10.3.1/thumb/v7-m/nofp/crti.o
 .ARM.attributes
                0x000000000000001d       0x2d /export/SoftWare/ARM/gcc-arm-none-eabi-10.3-2021.10/bin/../lib/gcc/arm-none-eabi/10.3.1/thumb/v7-m/nofp/crtbegin.o
 .ARM.attributes
                0x000000000000004a       0x2d advtim_bsp.o
 .ARM.attributes
                0x0000000000000077       0x2d advtim_test.o
 .ARM.attributes
                0x00000000000000a4       0x2d drv_advtim_cap.o
 .ARM.attributes
                0x00000000000000d1       0x2d drv_advtim_enc.o
 .ARM.attributes
                0x00000000000000fe       0x2d drv_advtim_gen.o
 .ARM.attributes
                0x000000000000012b       0x2d drv_common.o
 .ARM.attributes
                0x0000000000000158       0x2d drv_uart.o
 .ARM.attributes
                0x0000000000000185       0x2d drv_uart_ex.o
 .ARM.attributes
                0x00000000000001b2       0x2d interrupt.o
 .ARM.attributes
                0x00000000000001df       0x2d main.o
 .ARM.attributes
                0x000000000000020c       0x1b startup_CM3DS.o
 .ARM.attributes
                0x0000000000000227       0x2d uart_bsp.o
 .ARM.attributes
                0x0000000000000254       0x2d /export/SoftWare/ARM/gcc-arm-none-eabi-10.3-2021.10/bin/../lib/gcc/arm-none-eabi/10.3.1/../../../../arm-none-eabi/lib/thumb/v7-m/nofp/libc_nano.a(lib_a-exit.o)
 .ARM.attributes
                0x0000000000000281       0x2d /export/SoftWare/ARM/gcc-arm-none-eabi-10.3-2021.10/bin/../lib/gcc/arm-none-eabi/10.3.1/../../../../arm-none-eabi/lib/thumb/v7-m/nofp/libc_nano.a(lib_a-impure.o)
 .ARM.attributes
                0x00000000000002ae       0x17 /export/SoftWare/ARM/gcc-arm-none-eabi-10.3-2021.10/bin/../lib/gcc/arm-none-eabi/10.3.1/../../../../arm-none-eabi/lib/thumb/v7-m/nofp/libc_nano.a(lib_a-strlen.o)
 .ARM.attributes
                0x00000000000002c5       0x2d /export/SoftWare/ARM/gcc-arm-none-eabi-10.3-2021.10/bin/../lib/gcc/arm-none-eabi/10.3.1/../../../../arm-none-eabi/lib/thumb/v7-m/nofp/libc_nano.a(lib_a-vsprintf.o)
 .ARM.attributes
                0x00000000000002f2       0x2d /export/SoftWare/ARM/gcc-arm-none-eabi-10.3-2021.10/bin/../lib/gcc/arm-none-eabi/10.3.1/../../../../arm-none-eabi/lib/thumb/v7-m/nofp/libc_nano.a(lib_a-nano-svfprintf.o)
 .ARM.attributes
                0x000000000000031f       0x2d /export/SoftWare/ARM/gcc-arm-none-eabi-10.3-2021.10/bin/../lib/gcc/arm-none-eabi/10.3.1/../../../../arm-none-eabi/lib/thumb/v7-m/nofp/libc_nano.a(lib_a-nano-vfprintf_i.o)
 .ARM.attributes
                0x000000000000034c       0x2d /export/SoftWare/ARM/gcc-arm-none-eabi-10.3-2021.10/bin/../lib/gcc/arm-none-eabi/10.3.1/../../../../arm-none-eabi/lib/thumb/v7-m/nofp/libc_nano.a(lib_a-memchr-stub.o)
 .ARM.attributes
                0x0000000000000379       0x2d /export/SoftWare/ARM/gcc-arm-none-eabi-10.3-2021.10/bin/../lib/gcc/arm-none-eabi/10.3.1/../../../../arm-none-eabi/lib/thumb/v7-m/nofp/libc_nano.a(lib_a-memcpy-stub.o)
 .ARM.attributes
                0x00000000000003a6       0x2d /export/SoftWare/ARM/gcc-arm-none-eabi-10.3-2021.10/bin/../lib/gcc/arm-none-eabi/10.3.1/../../../../arm-none-eabi/lib/thumb/v7-m/nofp/libc_nano.a(lib_a-memmove.o)
 .ARM.attributes
                0x00000000000003d3       0x2d /export/SoftWare/ARM/gcc-arm-none-eabi-10.3-2021.10/bin/../lib/gcc/arm-none-eabi/10.3.1/../../../../arm-none-eabi/lib/thumb/v7-m/nofp/libc_nano.a(lib_a-nano-freer.o)
 .ARM.attributes
                0x0000000000000400       0x2d /export/SoftWare/ARM/gcc-arm-none-eabi-10.3-2021.10/bin/../lib/gcc/arm-none-eabi/10.3.1/../../../../arm-none-eabi/lib/thumb/v7-m/nofp/libc_nano.a(lib_a-nano-mallocr.o)
 .ARM.attributes
                0x000000000000042d       0x2d /export/SoftWare/ARM/gcc-arm-none-eabi-10.3-2021.10/bin/../lib/gcc/arm-none-eabi/10.3.1/../../../../arm-none-eabi/lib/thumb/v7-m/nofp/libc_nano.a(lib_a-nano-reallocr.o)
 .ARM.attributes
                0x000000000000045a       0x2d /export/SoftWare/ARM/gcc-arm-none-eabi-10.3-2021.10/bin/../lib/gcc/arm-none-eabi/10.3.1/../../../../arm-none-eabi/lib/thumb/v7-m/nofp/libc_nano.a(lib_a-sbrkr.o)
 .ARM.attributes
                0x0000000000000487       0x2d /export/SoftWare/ARM/gcc-arm-none-eabi-10.3-2021.10/bin/../lib/gcc/arm-none-eabi/10.3.1/../../../../arm-none-eabi/lib/thumb/v7-m/nofp/libc_nano.a(lib_a-mlock.o)
 .ARM.attributes
                0x00000000000004b4       0x2d /export/SoftWare/ARM/gcc-arm-none-eabi-10.3-2021.10/bin/../lib/gcc/arm-none-eabi/10.3.1/../../../../arm-none-eabi/lib/thumb/v7-m/nofp/libc_nano.a(lib_a-nano-msizer.o)
 .ARM.attributes
                0x00000000000004e1       0x2d /export/SoftWare/ARM/gcc-arm-none-eabi-10.3-2021.10/bin/../lib/gcc/arm-none-eabi/10.3.1/../../../../arm-none-eabi/lib/thumb/v7-m/nofp/libc_nano.a(lib_a-reent.o)
 .ARM.attributes
                0x000000000000050e       0x2d /export/SoftWare/ARM/gcc-arm-none-eabi-10.3-2021.10/bin/../lib/gcc/arm-none-eabi/10.3.1/../../../../arm-none-eabi/lib/thumb/v7-m/nofp/libc_nano.a(lib_a-lock.o)
 .ARM.attributes
                0x000000000000053b       0x2d /export/SoftWare/ARM/gcc-arm-none-eabi-10.3-2021.10/bin/../lib/gcc/arm-none-eabi/10.3.1/../../../../arm-none-eabi/lib/thumb/v7-m/nofp/libnosys.a(sbrk.o)
 .ARM.attributes
                0x0000000000000568       0x2d /export/SoftWare/ARM/gcc-arm-none-eabi-10.3-2021.10/bin/../lib/gcc/arm-none-eabi/10.3.1/../../../../arm-none-eabi/lib/thumb/v7-m/nofp/libnosys.a(_exit.o)
 .ARM.attributes
                0x0000000000000595       0x2d /export/SoftWare/ARM/gcc-arm-none-eabi-10.3-2021.10/bin/../lib/gcc/arm-none-eabi/10.3.1/thumb/v7-m/nofp/crtend.o
 .ARM.attributes
                0x00000000000005c2       0x1d /export/SoftWare/ARM/gcc-arm-none-eabi-10.3-2021.10/bin/../lib/gcc/arm-none-eabi/10.3.1/thumb/v7-m/nofp/crtn.o

.comment        0x0000000000000000       0x49
 .comment       0x0000000000000000       0x49 advtim_bsp.o
                                         0x4a (size before relaxing)
 .comment       0x0000000000000049       0x4a advtim_test.o
 .comment       0x0000000000000049       0x4a drv_advtim_cap.o
 .comment       0x0000000000000049       0x4a drv_advtim_enc.o
 .comment       0x0000000000000049       0x4a drv_advtim_gen.o
 .comment       0x0000000000000049       0x4a drv_common.o
 .comment       0x0000000000000049       0x4a drv_uart.o
 .comment       0x0000000000000049       0x4a drv_uart_ex.o
 .comment       0x0000000000000049       0x4a interrupt.o
 .comment       0x0000000000000049       0x4a main.o
 .comment       0x0000000000000049       0x4a uart_bsp.o

.debug_frame    0x0000000000000000      0x454
 .debug_frame   0x0000000000000000       0x28 /export/SoftWare/ARM/gcc-arm-none-eabi-10.3-2021.10/bin/../lib/gcc/arm-none-eabi/10.3.1/../../../../arm-none-eabi/lib/thumb/v7-m/nofp/libc_nano.a(lib_a-exit.o)
 .debug_frame   0x0000000000000028       0x3c /export/SoftWare/ARM/gcc-arm-none-eabi-10.3-2021.10/bin/../lib/gcc/arm-none-eabi/10.3.1/../../../../arm-none-eabi/lib/thumb/v7-m/nofp/libc_nano.a(lib_a-vsprintf.o)
 .debug_frame   0x0000000000000064       0x90 /export/SoftWare/ARM/gcc-arm-none-eabi-10.3-2021.10/bin/../lib/gcc/arm-none-eabi/10.3.1/../../../../arm-none-eabi/lib/thumb/v7-m/nofp/libc_nano.a(lib_a-nano-svfprintf.o)
 .debug_frame   0x00000000000000f4       0x60 /export/SoftWare/ARM/gcc-arm-none-eabi-10.3-2021.10/bin/../lib/gcc/arm-none-eabi/10.3.1/../../../../arm-none-eabi/lib/thumb/v7-m/nofp/libc_nano.a(lib_a-nano-vfprintf_i.o)
 .debug_frame   0x0000000000000154       0x28 /export/SoftWare/ARM/gcc-arm-none-eabi-10.3-2021.10/bin/../lib/gcc/arm-none-eabi/10.3.1/../../../../arm-none-eabi/lib/thumb/v7-m/nofp/libc_nano.a(lib_a-memchr-stub.o)
 .debug_frame   0x000000000000017c       0x28 /export/SoftWare/ARM/gcc-arm-none-eabi-10.3-2021.10/bin/../lib/gcc/arm-none-eabi/10.3.1/../../../../arm-none-eabi/lib/thumb/v7-m/nofp/libc_nano.a(lib_a-memcpy-stub.o)
 .debug_frame   0x00000000000001a4       0x28 /export/SoftWare/ARM/gcc-arm-none-eabi-10.3-2021.10/bin/../lib/gcc/arm-none-eabi/10.3.1/../../../../arm-none-eabi/lib/thumb/v7-m/nofp/libc_nano.a(lib_a-memmove.o)
 .debug_frame   0x00000000000001cc       0x38 /export/SoftWare/ARM/gcc-arm-none-eabi-10.3-2021.10/bin/../lib/gcc/arm-none-eabi/10.3.1/../../../../arm-none-eabi/lib/thumb/v7-m/nofp/libc_nano.a(lib_a-nano-freer.o)
 .debug_frame   0x0000000000000204       0x4c /export/SoftWare/ARM/gcc-arm-none-eabi-10.3-2021.10/bin/../lib/gcc/arm-none-eabi/10.3.1/../../../../arm-none-eabi/lib/thumb/v7-m/nofp/libc_nano.a(lib_a-nano-mallocr.o)
 .debug_frame   0x0000000000000250       0x3c /export/SoftWare/ARM/gcc-arm-none-eabi-10.3-2021.10/bin/../lib/gcc/arm-none-eabi/10.3.1/../../../../arm-none-eabi/lib/thumb/v7-m/nofp/libc_nano.a(lib_a-nano-reallocr.o)
 .debug_frame   0x000000000000028c       0x2c /export/SoftWare/ARM/gcc-arm-none-eabi-10.3-2021.10/bin/../lib/gcc/arm-none-eabi/10.3.1/../../../../arm-none-eabi/lib/thumb/v7-m/nofp/libc_nano.a(lib_a-sbrkr.o)
 .debug_frame   0x00000000000002b8       0x30 /export/SoftWare/ARM/gcc-arm-none-eabi-10.3-2021.10/bin/../lib/gcc/arm-none-eabi/10.3.1/../../../../arm-none-eabi/lib/thumb/v7-m/nofp/libc_nano.a(lib_a-mlock.o)
 .debug_frame   0x00000000000002e8       0x20 /export/SoftWare/ARM/gcc-arm-none-eabi-10.3-2021.10/bin/../lib/gcc/arm-none-eabi/10.3.1/../../../../arm-none-eabi/lib/thumb/v7-m/nofp/libc_nano.a(lib_a-nano-msizer.o)
 .debug_frame   0x0000000000000308       0x5c /export/SoftWare/ARM/gcc-arm-none-eabi-10.3-2021.10/bin/../lib/gcc/arm-none-eabi/10.3.1/../../../../arm-none-eabi/lib/thumb/v7-m/nofp/libc_nano.a(lib_a-reent.o)
 .debug_frame   0x0000000000000364       0xb0 /export/SoftWare/ARM/gcc-arm-none-eabi-10.3-2021.10/bin/../lib/gcc/arm-none-eabi/10.3.1/../../../../arm-none-eabi/lib/thumb/v7-m/nofp/libc_nano.a(lib_a-lock.o)
 .debug_frame   0x0000000000000414       0x20 /export/SoftWare/ARM/gcc-arm-none-eabi-10.3-2021.10/bin/../lib/gcc/arm-none-eabi/10.3.1/../../../../arm-none-eabi/lib/thumb/v7-m/nofp/libnosys.a(sbrk.o)
 .debug_frame   0x0000000000000434       0x20 /export/SoftWare/ARM/gcc-arm-none-eabi-10.3-2021.10/bin/../lib/gcc/arm-none-eabi/10.3.1/../../../../arm-none-eabi/lib/thumb/v7-m/nofp/libnosys.a(_exit.o)

Cross Reference Table

Symbol                                            File
AdvtimCap_Handler                                 interrupt.o
AdvtimEnc_Handler                                 interrupt.o
AdvtimGen_Handler                                 interrupt.o
Bastim_Ch0_Handler                                startup_CM3DS.o
Bastim_Ch1_Handler                                startup_CM3DS.o
Bastim_Ch2_Handler                                startup_CM3DS.o
Bastim_Ch3_Handler                                startup_CM3DS.o
BusFault_Handler                                  interrupt.o
DebugMon_Handler                                  interrupt.o
EthDma_Handler                                    startup_CM3DS.o
EthRx_Handler                                     startup_CM3DS.o
EthSma_Handler                                    startup_CM3DS.o
EthTx_Handler                                     startup_CM3DS.o
Gpioa_Handler                                     startup_CM3DS.o
HardFault_Handler                                 interrupt.o
MemManage_Handler                                 interrupt.o
NMI_Handler                                       interrupt.o
PendSV_Handler                                    interrupt.o
Reset_Handler                                     startup_CM3DS.o
Resv15_Handler                                    startup_CM3DS.o
Resv2_Handler                                     startup_CM3DS.o
Resv3_Handler                                     startup_CM3DS.o
Resv6_Handler                                     startup_CM3DS.o
Resv7_Handler                                     startup_CM3DS.o
SVC_Handler                                       interrupt.o
SysTick_Handler                                   interrupt.o
Uart0_Handler                                     interrupt.o
Uart1_Handler                                     startup_CM3DS.o
UsageFault_Handler                                interrupt.o
__HEAP_SIZE                                       startup_CM3DS.o
__HeapBase                                        startup_CM3DS.o
__HeapLimit                                       startup_CM3DS.o
__STACK_SIZE                                      startup_CM3DS.o
__StackLimit                                      startup_CM3DS.o
__StackTop                                        startup_CM3DS.o
__bss_end__                                       startup_CM3DS.o
                                                  /export/SoftWare/ARM/gcc-arm-none-eabi-10.3-2021.10/bin/../lib/gcc/arm-none-eabi/10.3.1/../../../../arm-none-eabi/lib/thumb/v7-m/nofp/crt0.o
__bss_start__                                     startup_CM3DS.o
                                                  /export/SoftWare/ARM/gcc-arm-none-eabi-10.3-2021.10/bin/../lib/gcc/arm-none-eabi/10.3.1/../../../../arm-none-eabi/lib/thumb/v7-m/nofp/crt0.o
__call_exitprocs                                  /export/SoftWare/ARM/gcc-arm-none-eabi-10.3-2021.10/bin/../lib/gcc/arm-none-eabi/10.3.1/../../../../arm-none-eabi/lib/thumb/v7-m/nofp/libc_nano.a(lib_a-exit.o)
__data_end__                                      startup_CM3DS.o
__data_start__                                    startup_CM3DS.o
__deregister_frame_info                           /export/SoftWare/ARM/gcc-arm-none-eabi-10.3-2021.10/bin/../lib/gcc/arm-none-eabi/10.3.1/thumb/v7-m/nofp/crtbegin.o
__dso_handle                                      /export/SoftWare/ARM/gcc-arm-none-eabi-10.3-2021.10/bin/../lib/gcc/arm-none-eabi/10.3.1/thumb/v7-m/nofp/crtbegin.o
__etext                                           startup_CM3DS.o
__init_array_end                                  /export/SoftWare/ARM/gcc-arm-none-eabi-10.3-2021.10/bin/../lib/gcc/arm-none-eabi/10.3.1/../../../../arm-none-eabi/lib/thumb/v7-m/nofp/libc_nano.a(lib_a-init.o)
__init_array_start                                /export/SoftWare/ARM/gcc-arm-none-eabi-10.3-2021.10/bin/../lib/gcc/arm-none-eabi/10.3.1/../../../../arm-none-eabi/lib/thumb/v7-m/nofp/libc_nano.a(lib_a-init.o)
__isr_vector                                      startup_CM3DS.o
__libc_fini_array                                 /export/SoftWare/ARM/gcc-arm-none-eabi-10.3-2021.10/bin/../lib/gcc/arm-none-eabi/10.3.1/../../../../arm-none-eabi/lib/thumb/v7-m/nofp/crt0.o
__libc_init_array                                 /export/SoftWare/ARM/gcc-arm-none-eabi-10.3-2021.10/bin/../lib/gcc/arm-none-eabi/10.3.1/../../../../arm-none-eabi/lib/thumb/v7-m/nofp/libc_nano.a(lib_a-init.o)
                                                  /export/SoftWare/ARM/gcc-arm-none-eabi-10.3-2021.10/bin/../lib/gcc/arm-none-eabi/10.3.1/../../../../arm-none-eabi/lib/thumb/v7-m/nofp/crt0.o
__lock___arc4random_mutex                         /export/SoftWare/ARM/gcc-arm-none-eabi-10.3-2021.10/bin/../lib/gcc/arm-none-eabi/10.3.1/../../../../arm-none-eabi/lib/thumb/v7-m/nofp/libc_nano.a(lib_a-lock.o)
__lock___at_quick_exit_mutex                      /export/SoftWare/ARM/gcc-arm-none-eabi-10.3-2021.10/bin/../lib/gcc/arm-none-eabi/10.3.1/../../../../arm-none-eabi/lib/thumb/v7-m/nofp/libc_nano.a(lib_a-lock.o)
__lock___atexit_recursive_mutex                   /export/SoftWare/ARM/gcc-arm-none-eabi-10.3-2021.10/bin/../lib/gcc/arm-none-eabi/10.3.1/../../../../arm-none-eabi/lib/thumb/v7-m/nofp/libc_nano.a(lib_a-lock.o)
__lock___dd_hash_mutex                            /export/SoftWare/ARM/gcc-arm-none-eabi-10.3-2021.10/bin/../lib/gcc/arm-none-eabi/10.3.1/../../../../arm-none-eabi/lib/thumb/v7-m/nofp/libc_nano.a(lib_a-lock.o)
__lock___env_recursive_mutex                      /export/SoftWare/ARM/gcc-arm-none-eabi-10.3-2021.10/bin/../lib/gcc/arm-none-eabi/10.3.1/../../../../arm-none-eabi/lib/thumb/v7-m/nofp/libc_nano.a(lib_a-lock.o)
__lock___malloc_recursive_mutex                   /export/SoftWare/ARM/gcc-arm-none-eabi-10.3-2021.10/bin/../lib/gcc/arm-none-eabi/10.3.1/../../../../arm-none-eabi/lib/thumb/v7-m/nofp/libc_nano.a(lib_a-lock.o)
                                                  /export/SoftWare/ARM/gcc-arm-none-eabi-10.3-2021.10/bin/../lib/gcc/arm-none-eabi/10.3.1/../../../../arm-none-eabi/lib/thumb/v7-m/nofp/libc_nano.a(lib_a-mlock.o)
__lock___sfp_recursive_mutex                      /export/SoftWare/ARM/gcc-arm-none-eabi-10.3-2021.10/bin/../lib/gcc/arm-none-eabi/10.3.1/../../../../arm-none-eabi/lib/thumb/v7-m/nofp/libc_nano.a(lib_a-lock.o)
__lock___sinit_recursive_mutex                    /export/SoftWare/ARM/gcc-arm-none-eabi-10.3-2021.10/bin/../lib/gcc/arm-none-eabi/10.3.1/../../../../arm-none-eabi/lib/thumb/v7-m/nofp/libc_nano.a(lib_a-lock.o)
__lock___tz_mutex                                 /export/SoftWare/ARM/gcc-arm-none-eabi-10.3-2021.10/bin/../lib/gcc/arm-none-eabi/10.3.1/../../../../arm-none-eabi/lib/thumb/v7-m/nofp/libc_nano.a(lib_a-lock.o)
__malloc_free_list                                /export/SoftWare/ARM/gcc-arm-none-eabi-10.3-2021.10/bin/../lib/gcc/arm-none-eabi/10.3.1/../../../../arm-none-eabi/lib/thumb/v7-m/nofp/libc_nano.a(lib_a-nano-mallocr.o)
                                                  /export/SoftWare/ARM/gcc-arm-none-eabi-10.3-2021.10/bin/../lib/gcc/arm-none-eabi/10.3.1/../../../../arm-none-eabi/lib/thumb/v7-m/nofp/libc_nano.a(lib_a-nano-freer.o)
__malloc_lock                                     /export/SoftWare/ARM/gcc-arm-none-eabi-10.3-2021.10/bin/../lib/gcc/arm-none-eabi/10.3.1/../../../../arm-none-eabi/lib/thumb/v7-m/nofp/libc_nano.a(lib_a-mlock.o)
                                                  /export/SoftWare/ARM/gcc-arm-none-eabi-10.3-2021.10/bin/../lib/gcc/arm-none-eabi/10.3.1/../../../../arm-none-eabi/lib/thumb/v7-m/nofp/libc_nano.a(lib_a-nano-mallocr.o)
                                                  /export/SoftWare/ARM/gcc-arm-none-eabi-10.3-2021.10/bin/../lib/gcc/arm-none-eabi/10.3.1/../../../../arm-none-eabi/lib/thumb/v7-m/nofp/libc_nano.a(lib_a-nano-freer.o)
__malloc_sbrk_start                               /export/SoftWare/ARM/gcc-arm-none-eabi-10.3-2021.10/bin/../lib/gcc/arm-none-eabi/10.3.1/../../../../arm-none-eabi/lib/thumb/v7-m/nofp/libc_nano.a(lib_a-nano-mallocr.o)
__malloc_unlock                                   /export/SoftWare/ARM/gcc-arm-none-eabi-10.3-2021.10/bin/../lib/gcc/arm-none-eabi/10.3.1/../../../../arm-none-eabi/lib/thumb/v7-m/nofp/libc_nano.a(lib_a-mlock.o)
                                                  /export/SoftWare/ARM/gcc-arm-none-eabi-10.3-2021.10/bin/../lib/gcc/arm-none-eabi/10.3.1/../../../../arm-none-eabi/lib/thumb/v7-m/nofp/libc_nano.a(lib_a-nano-mallocr.o)
                                                  /export/SoftWare/ARM/gcc-arm-none-eabi-10.3-2021.10/bin/../lib/gcc/arm-none-eabi/10.3.1/../../../../arm-none-eabi/lib/thumb/v7-m/nofp/libc_nano.a(lib_a-nano-freer.o)
__preinit_array_end                               /export/SoftWare/ARM/gcc-arm-none-eabi-10.3-2021.10/bin/../lib/gcc/arm-none-eabi/10.3.1/../../../../arm-none-eabi/lib/thumb/v7-m/nofp/libc_nano.a(lib_a-init.o)
__preinit_array_start                             /export/SoftWare/ARM/gcc-arm-none-eabi-10.3-2021.10/bin/../lib/gcc/arm-none-eabi/10.3.1/../../../../arm-none-eabi/lib/thumb/v7-m/nofp/libc_nano.a(lib_a-init.o)
__register_frame_info                             /export/SoftWare/ARM/gcc-arm-none-eabi-10.3-2021.10/bin/../lib/gcc/arm-none-eabi/10.3.1/thumb/v7-m/nofp/crtbegin.o
__retarget_lock_acquire                           /export/SoftWare/ARM/gcc-arm-none-eabi-10.3-2021.10/bin/../lib/gcc/arm-none-eabi/10.3.1/../../../../arm-none-eabi/lib/thumb/v7-m/nofp/libc_nano.a(lib_a-lock.o)
__retarget_lock_acquire_recursive                 /export/SoftWare/ARM/gcc-arm-none-eabi-10.3-2021.10/bin/../lib/gcc/arm-none-eabi/10.3.1/../../../../arm-none-eabi/lib/thumb/v7-m/nofp/libc_nano.a(lib_a-lock.o)
                                                  /export/SoftWare/ARM/gcc-arm-none-eabi-10.3-2021.10/bin/../lib/gcc/arm-none-eabi/10.3.1/../../../../arm-none-eabi/lib/thumb/v7-m/nofp/libc_nano.a(lib_a-mlock.o)
__retarget_lock_close                             /export/SoftWare/ARM/gcc-arm-none-eabi-10.3-2021.10/bin/../lib/gcc/arm-none-eabi/10.3.1/../../../../arm-none-eabi/lib/thumb/v7-m/nofp/libc_nano.a(lib_a-lock.o)
__retarget_lock_close_recursive                   /export/SoftWare/ARM/gcc-arm-none-eabi-10.3-2021.10/bin/../lib/gcc/arm-none-eabi/10.3.1/../../../../arm-none-eabi/lib/thumb/v7-m/nofp/libc_nano.a(lib_a-lock.o)
__retarget_lock_init                              /export/SoftWare/ARM/gcc-arm-none-eabi-10.3-2021.10/bin/../lib/gcc/arm-none-eabi/10.3.1/../../../../arm-none-eabi/lib/thumb/v7-m/nofp/libc_nano.a(lib_a-lock.o)
__retarget_lock_init_recursive                    /export/SoftWare/ARM/gcc-arm-none-eabi-10.3-2021.10/bin/../lib/gcc/arm-none-eabi/10.3.1/../../../../arm-none-eabi/lib/thumb/v7-m/nofp/libc_nano.a(lib_a-lock.o)
__retarget_lock_release                           /export/SoftWare/ARM/gcc-arm-none-eabi-10.3-2021.10/bin/../lib/gcc/arm-none-eabi/10.3.1/../../../../arm-none-eabi/lib/thumb/v7-m/nofp/libc_nano.a(lib_a-lock.o)
__retarget_lock_release_recursive                 /export/SoftWare/ARM/gcc-arm-none-eabi-10.3-2021.10/bin/../lib/gcc/arm-none-eabi/10.3.1/../../../../arm-none-eabi/lib/thumb/v7-m/nofp/libc_nano.a(lib_a-lock.o)
                                                  /export/SoftWare/ARM/gcc-arm-none-eabi-10.3-2021.10/bin/../lib/gcc/arm-none-eabi/10.3.1/../../../../arm-none-eabi/lib/thumb/v7-m/nofp/libc_nano.a(lib_a-mlock.o)
__retarget_lock_try_acquire                       /export/SoftWare/ARM/gcc-arm-none-eabi-10.3-2021.10/bin/../lib/gcc/arm-none-eabi/10.3.1/../../../../arm-none-eabi/lib/thumb/v7-m/nofp/libc_nano.a(lib_a-lock.o)
__retarget_lock_try_acquire_recursive             /export/SoftWare/ARM/gcc-arm-none-eabi-10.3-2021.10/bin/../lib/gcc/arm-none-eabi/10.3.1/../../../../arm-none-eabi/lib/thumb/v7-m/nofp/libc_nano.a(lib_a-lock.o)
__sf_fake_stderr                                  /export/SoftWare/ARM/gcc-arm-none-eabi-10.3-2021.10/bin/../lib/gcc/arm-none-eabi/10.3.1/../../../../arm-none-eabi/lib/thumb/v7-m/nofp/libc_nano.a(lib_a-impure.o)
__sf_fake_stdin                                   /export/SoftWare/ARM/gcc-arm-none-eabi-10.3-2021.10/bin/../lib/gcc/arm-none-eabi/10.3.1/../../../../arm-none-eabi/lib/thumb/v7-m/nofp/libc_nano.a(lib_a-impure.o)
__sf_fake_stdout                                  /export/SoftWare/ARM/gcc-arm-none-eabi-10.3-2021.10/bin/../lib/gcc/arm-none-eabi/10.3.1/../../../../arm-none-eabi/lib/thumb/v7-m/nofp/libc_nano.a(lib_a-impure.o)
__ssprint_r                                       /export/SoftWare/ARM/gcc-arm-none-eabi-10.3-2021.10/bin/../lib/gcc/arm-none-eabi/10.3.1/../../../../arm-none-eabi/lib/thumb/v7-m/nofp/libc_nano.a(lib_a-nano-svfprintf.o)
__ssputs_r                                        /export/SoftWare/ARM/gcc-arm-none-eabi-10.3-2021.10/bin/../lib/gcc/arm-none-eabi/10.3.1/../../../../arm-none-eabi/lib/thumb/v7-m/nofp/libc_nano.a(lib_a-nano-svfprintf.o)
__stack                                           /export/SoftWare/ARM/gcc-arm-none-eabi-10.3-2021.10/bin/../lib/gcc/arm-none-eabi/10.3.1/../../../../arm-none-eabi/lib/thumb/v7-m/nofp/crt0.o
_exit                                             /export/SoftWare/ARM/gcc-arm-none-eabi-10.3-2021.10/bin/../lib/gcc/arm-none-eabi/10.3.1/../../../../arm-none-eabi/lib/thumb/v7-m/nofp/libnosys.a(_exit.o)
                                                  /export/SoftWare/ARM/gcc-arm-none-eabi-10.3-2021.10/bin/../lib/gcc/arm-none-eabi/10.3.1/../../../../arm-none-eabi/lib/thumb/v7-m/nofp/libc_nano.a(lib_a-exit.o)
_fini                                             /export/SoftWare/ARM/gcc-arm-none-eabi-10.3-2021.10/bin/../lib/gcc/arm-none-eabi/10.3.1/thumb/v7-m/nofp/crti.o
_free_r                                           /export/SoftWare/ARM/gcc-arm-none-eabi-10.3-2021.10/bin/../lib/gcc/arm-none-eabi/10.3.1/../../../../arm-none-eabi/lib/thumb/v7-m/nofp/libc_nano.a(lib_a-nano-freer.o)
                                                  /export/SoftWare/ARM/gcc-arm-none-eabi-10.3-2021.10/bin/../lib/gcc/arm-none-eabi/10.3.1/../../../../arm-none-eabi/lib/thumb/v7-m/nofp/libc_nano.a(lib_a-reent.o)
                                                  /export/SoftWare/ARM/gcc-arm-none-eabi-10.3-2021.10/bin/../lib/gcc/arm-none-eabi/10.3.1/../../../../arm-none-eabi/lib/thumb/v7-m/nofp/libc_nano.a(lib_a-nano-reallocr.o)
                                                  /export/SoftWare/ARM/gcc-arm-none-eabi-10.3-2021.10/bin/../lib/gcc/arm-none-eabi/10.3.1/../../../../arm-none-eabi/lib/thumb/v7-m/nofp/libc_nano.a(lib_a-nano-svfprintf.o)
_global_impure_ptr                                /export/SoftWare/ARM/gcc-arm-none-eabi-10.3-2021.10/bin/../lib/gcc/arm-none-eabi/10.3.1/../../../../arm-none-eabi/lib/thumb/v7-m/nofp/libc_nano.a(lib_a-impure.o)
                                                  /export/SoftWare/ARM/gcc-arm-none-eabi-10.3-2021.10/bin/../lib/gcc/arm-none-eabi/10.3.1/../../../../arm-none-eabi/lib/thumb/v7-m/nofp/libc_nano.a(lib_a-exit.o)
_impure_ptr                                       /export/SoftWare/ARM/gcc-arm-none-eabi-10.3-2021.10/bin/../lib/gcc/arm-none-eabi/10.3.1/../../../../arm-none-eabi/lib/thumb/v7-m/nofp/libc_nano.a(lib_a-impure.o)
                                                  /export/SoftWare/ARM/gcc-arm-none-eabi-10.3-2021.10/bin/../lib/gcc/arm-none-eabi/10.3.1/../../../../arm-none-eabi/lib/thumb/v7-m/nofp/libc_nano.a(lib_a-reent.o)
                                                  /export/SoftWare/ARM/gcc-arm-none-eabi-10.3-2021.10/bin/../lib/gcc/arm-none-eabi/10.3.1/../../../../arm-none-eabi/lib/thumb/v7-m/nofp/libc_nano.a(lib_a-vsprintf.o)
_init                                             /export/SoftWare/ARM/gcc-arm-none-eabi-10.3-2021.10/bin/../lib/gcc/arm-none-eabi/10.3.1/thumb/v7-m/nofp/crti.o
                                                  /export/SoftWare/ARM/gcc-arm-none-eabi-10.3-2021.10/bin/../lib/gcc/arm-none-eabi/10.3.1/../../../../arm-none-eabi/lib/thumb/v7-m/nofp/libc_nano.a(lib_a-init.o)
_mainCRTStartup                                   /export/SoftWare/ARM/gcc-arm-none-eabi-10.3-2021.10/bin/../lib/gcc/arm-none-eabi/10.3.1/../../../../arm-none-eabi/lib/thumb/v7-m/nofp/crt0.o
_malloc_r                                         /export/SoftWare/ARM/gcc-arm-none-eabi-10.3-2021.10/bin/../lib/gcc/arm-none-eabi/10.3.1/../../../../arm-none-eabi/lib/thumb/v7-m/nofp/libc_nano.a(lib_a-nano-mallocr.o)
                                                  /export/SoftWare/ARM/gcc-arm-none-eabi-10.3-2021.10/bin/../lib/gcc/arm-none-eabi/10.3.1/../../../../arm-none-eabi/lib/thumb/v7-m/nofp/libc_nano.a(lib_a-nano-reallocr.o)
                                                  /export/SoftWare/ARM/gcc-arm-none-eabi-10.3-2021.10/bin/../lib/gcc/arm-none-eabi/10.3.1/../../../../arm-none-eabi/lib/thumb/v7-m/nofp/libc_nano.a(lib_a-nano-svfprintf.o)
_malloc_usable_size_r                             /export/SoftWare/ARM/gcc-arm-none-eabi-10.3-2021.10/bin/../lib/gcc/arm-none-eabi/10.3.1/../../../../arm-none-eabi/lib/thumb/v7-m/nofp/libc_nano.a(lib_a-nano-msizer.o)
                                                  /export/SoftWare/ARM/gcc-arm-none-eabi-10.3-2021.10/bin/../lib/gcc/arm-none-eabi/10.3.1/../../../../arm-none-eabi/lib/thumb/v7-m/nofp/libc_nano.a(lib_a-nano-reallocr.o)
_printf_common                                    /export/SoftWare/ARM/gcc-arm-none-eabi-10.3-2021.10/bin/../lib/gcc/arm-none-eabi/10.3.1/../../../../arm-none-eabi/lib/thumb/v7-m/nofp/libc_nano.a(lib_a-nano-vfprintf_i.o)
_printf_float                                     /export/SoftWare/ARM/gcc-arm-none-eabi-10.3-2021.10/bin/../lib/gcc/arm-none-eabi/10.3.1/../../../../arm-none-eabi/lib/thumb/v7-m/nofp/libc_nano.a(lib_a-nano-svfprintf.o)
_printf_i                                         /export/SoftWare/ARM/gcc-arm-none-eabi-10.3-2021.10/bin/../lib/gcc/arm-none-eabi/10.3.1/../../../../arm-none-eabi/lib/thumb/v7-m/nofp/libc_nano.a(lib_a-nano-vfprintf_i.o)
                                                  /export/SoftWare/ARM/gcc-arm-none-eabi-10.3-2021.10/bin/../lib/gcc/arm-none-eabi/10.3.1/../../../../arm-none-eabi/lib/thumb/v7-m/nofp/libc_nano.a(lib_a-nano-svfprintf.o)
_realloc_r                                        /export/SoftWare/ARM/gcc-arm-none-eabi-10.3-2021.10/bin/../lib/gcc/arm-none-eabi/10.3.1/../../../../arm-none-eabi/lib/thumb/v7-m/nofp/libc_nano.a(lib_a-nano-reallocr.o)
                                                  /export/SoftWare/ARM/gcc-arm-none-eabi-10.3-2021.10/bin/../lib/gcc/arm-none-eabi/10.3.1/../../../../arm-none-eabi/lib/thumb/v7-m/nofp/libc_nano.a(lib_a-nano-svfprintf.o)
_reclaim_reent                                    /export/SoftWare/ARM/gcc-arm-none-eabi-10.3-2021.10/bin/../lib/gcc/arm-none-eabi/10.3.1/../../../../arm-none-eabi/lib/thumb/v7-m/nofp/libc_nano.a(lib_a-reent.o)
_sbrk                                             /export/SoftWare/ARM/gcc-arm-none-eabi-10.3-2021.10/bin/../lib/gcc/arm-none-eabi/10.3.1/../../../../arm-none-eabi/lib/thumb/v7-m/nofp/libnosys.a(sbrk.o)
                                                  /export/SoftWare/ARM/gcc-arm-none-eabi-10.3-2021.10/bin/../lib/gcc/arm-none-eabi/10.3.1/../../../../arm-none-eabi/lib/thumb/v7-m/nofp/libc_nano.a(lib_a-sbrkr.o)
_sbrk_r                                           /export/SoftWare/ARM/gcc-arm-none-eabi-10.3-2021.10/bin/../lib/gcc/arm-none-eabi/10.3.1/../../../../arm-none-eabi/lib/thumb/v7-m/nofp/libc_nano.a(lib_a-sbrkr.o)
                                                  /export/SoftWare/ARM/gcc-arm-none-eabi-10.3-2021.10/bin/../lib/gcc/arm-none-eabi/10.3.1/../../../../arm-none-eabi/lib/thumb/v7-m/nofp/libc_nano.a(lib_a-nano-mallocr.o)
_stack_init                                       /export/SoftWare/ARM/gcc-arm-none-eabi-10.3-2021.10/bin/../lib/gcc/arm-none-eabi/10.3.1/../../../../arm-none-eabi/lib/thumb/v7-m/nofp/crt0.o
_start                                            /export/SoftWare/ARM/gcc-arm-none-eabi-10.3-2021.10/bin/../lib/gcc/arm-none-eabi/10.3.1/../../../../arm-none-eabi/lib/thumb/v7-m/nofp/crt0.o
_svfiprintf_r                                     /export/SoftWare/ARM/gcc-arm-none-eabi-10.3-2021.10/bin/../lib/gcc/arm-none-eabi/10.3.1/../../../../arm-none-eabi/lib/thumb/v7-m/nofp/libc_nano.a(lib_a-nano-svfprintf.o)
_svfprintf_r                                      /export/SoftWare/ARM/gcc-arm-none-eabi-10.3-2021.10/bin/../lib/gcc/arm-none-eabi/10.3.1/../../../../arm-none-eabi/lib/thumb/v7-m/nofp/libc_nano.a(lib_a-nano-svfprintf.o)
                                                  /export/SoftWare/ARM/gcc-arm-none-eabi-10.3-2021.10/bin/../lib/gcc/arm-none-eabi/10.3.1/../../../../arm-none-eabi/lib/thumb/v7-m/nofp/libc_nano.a(lib_a-vsprintf.o)
_vsiprintf_r                                      /export/SoftWare/ARM/gcc-arm-none-eabi-10.3-2021.10/bin/../lib/gcc/arm-none-eabi/10.3.1/../../../../arm-none-eabi/lib/thumb/v7-m/nofp/libc_nano.a(lib_a-vsprintf.o)
_vsprintf_r                                       /export/SoftWare/ARM/gcc-arm-none-eabi-10.3-2021.10/bin/../lib/gcc/arm-none-eabi/10.3.1/../../../../arm-none-eabi/lib/thumb/v7-m/nofp/libc_nano.a(lib_a-vsprintf.o)
advtim_autoreload_test                            advtim_test.o
advtim_cap_int_reloaded_callback                  advtim_test.o
advtim_cap_int_reloading_reaching_rcr_callback    advtim_test.o
advtim_case_flag                                  advtim_test.o
advtim_ch123_pwm_with_deadzone_init               advtim_bsp.o
                                                  advtim_test.o
advtim_ch123_pwm_with_deadzone_test               advtim_test.o
advtim_ch1_cap_int_init                           advtim_bsp.o
                                                  advtim_test.o
advtim_ch1_cap_pwm_int_init                       advtim_bsp.o
                                                  advtim_test.o
advtim_ch1_cap_pwm_on_init                        advtim_bsp.o
                                                  advtim_test.o
advtim_ch1_cap_step_on_init                       advtim_bsp.o
                                                  advtim_test.o
advtim_ch1_ch2_pwm_int_init                       advtim_bsp.o
advtim_ch1_ch2_pwm_test                           advtim_test.o
advtim_ch1_enc_direct_both_edge_int_init          advtim_bsp.o
                                                  advtim_test.o
advtim_ch1_enc_direct_both_edge_on_init           advtim_bsp.o
                                                  advtim_test.o
advtim_ch1_enc_direct_first_edge_int_init         advtim_bsp.o
                                                  advtim_test.o
advtim_ch1_enc_direct_quadrature_forward_int_init advtim_bsp.o
                                                  advtim_test.o
advtim_ch1_enc_direct_quadrature_reverse_int_init advtim_bsp.o
                                                  advtim_test.o
advtim_ch1_enc_quadrature_both_edge_int_init      advtim_bsp.o
                                                  advtim_test.o
advtim_ch1_enc_quadrature_first_edge_int_init     advtim_bsp.o
                                                  advtim_test.o
advtim_ch1_encoder_both_edge_input_test           advtim_test.o
advtim_ch1_encoder_direct_both_edge_on_test       advtim_test.o
advtim_ch1_encoder_dq_input_test                  advtim_test.o
advtim_ch1_encoder_input_test                     advtim_test.o
advtim_ch1_mode_with_deadzone_init                advtim_bsp.o
                                                  advtim_test.o
advtim_ch1_mode_with_deadzone_test                advtim_test.o
advtim_ch1_once_cap_int_init                      advtim_bsp.o
                                                  advtim_test.o
advtim_ch1_pwm_input_on_test                      advtim_test.o
advtim_ch1_pwm_input_test                         advtim_test.o
advtim_ch1_pwm_int_init                           advtim_bsp.o
                                                  advtim_test.o
advtim_ch1_pwm_test                               advtim_test.o
advtim_ch1_pwm_with_deadzone_init                 advtim_bsp.o
                                                  advtim_test.o
advtim_ch1_pwm_with_deadzone_test                 advtim_test.o
advtim_ch1_step_input_on_test                     advtim_test.o
advtim_ch1_step_input_test                        advtim_test.o
advtim_ch1_step_once_input_test                   advtim_test.o
advtim_ch_all_pwm_and_gpio_with_deadzone_init     advtim_bsp.o
                                                  advtim_test.o
advtim_ch_all_pwm_and_gpio_with_deadzone_test     advtim_test.o
advtim_ch_all_pwm_and_gpio_with_deadzone_with_break_test advtim_test.o
advtim_ch_all_pwm_gpio_with_deadzone_with_break_on_test advtim_test.o
advtim_ch_all_pwm_int_init                        advtim_bsp.o
                                                  advtim_test.o
advtim_ch_all_pwm_logic_with_deadzone_with_break_on_init advtim_bsp.o
                                                  advtim_test.o
advtim_ch_all_pwm_logic_with_deadzone_with_break_on_test advtim_test.o
advtim_ch_all_pwm_test                            advtim_test.o
advtim_ch_all_pwm_with_channel5_test              advtim_test.o
advtim_ch_all_pwm_with_deadzone_init              advtim_bsp.o
                                                  advtim_test.o
advtim_ch_all_pwm_with_deadzone_test              advtim_test.o
advtim_ch_all_pwm_with_deadzone_with_break_init   advtim_bsp.o
                                                  advtim_test.o
advtim_ch_all_pwm_with_deadzone_with_break_on_init advtim_bsp.o
                                                  advtim_test.o
advtim_ch_all_pwm_with_deadzone_with_break_on_test advtim_test.o
advtim_ch_all_pwm_with_deadzone_with_break_test   advtim_test.o
advtim_ch_up_all_pwm_gpio_with_deadzone_with_break_on_test advtim_test.o
advtim_ch_up_all_pwm_with_deadzone_with_break_on_init advtim_bsp.o
                                                  advtim_test.o
advtim_count_int_init                             advtim_bsp.o
                                                  advtim_test.o
advtim_deinit                                     advtim_bsp.o
                                                  advtim_test.o
advtim_enc_int_detected_callback                  advtim_test.o
advtim_enc_int_reloaded_callback                  advtim_test.o
advtim_gen_int_fault_detected_callback            advtim_test.o
advtim_gen_int_reloaded_callback                  advtim_test.o
advtim_gen_int_reloading_reaching_rcr_callback    advtim_test.o
advtim_int_flag                                   advtim_test.o
advtim_int_flag1                                  advtim_test.o
advtim_int_flag2                                  advtim_test.o
advtim_int_flag3                                  advtim_test.o
advtim_mix_cm_test                                advtim_test.o
advtim_mix_count_test                             advtim_test.o
advtim_mix_int_init                               advtim_bsp.o
                                                  advtim_test.o
advtim_mix_mode_test                              advtim_test.o
advtim_temp                                       advtim_test.o
advtim_testmenu                                   advtim_test.o
                                                  main.o
atexit                                            /export/SoftWare/ARM/gcc-arm-none-eabi-10.3-2021.10/bin/../lib/gcc/arm-none-eabi/10.3.1/../../../../arm-none-eabi/lib/thumb/v7-m/nofp/crt0.o
cleanup_glue                                      /export/SoftWare/ARM/gcc-arm-none-eabi-10.3-2021.10/bin/../lib/gcc/arm-none-eabi/10.3.1/../../../../arm-none-eabi/lib/thumb/v7-m/nofp/libc_nano.a(lib_a-reent.o)
drv_advtim_cap_default_config                     drv_advtim_cap.o
drv_advtim_cap_deinit                             drv_advtim_cap.o
                                                  advtim_bsp.o
drv_advtim_cap_init                               drv_advtim_cap.o
                                                  advtim_bsp.o
drv_advtim_cap_interrupt_handler                  drv_advtim_cap.o
                                                  interrupt.o
drv_advtim_cap_set_config                         drv_advtim_cap.o
drv_advtim_enc_default_config                     drv_advtim_enc.o
drv_advtim_enc_deinit                             drv_advtim_enc.o
                                                  advtim_bsp.o
drv_advtim_enc_init                               drv_advtim_enc.o
                                                  advtim_bsp.o
drv_advtim_enc_interrupt_handler                  drv_advtim_enc.o
                                                  interrupt.o
drv_advtim_enc_set_config                         drv_advtim_enc.o
drv_advtim_gen_default_config                     drv_advtim_gen.o
drv_advtim_gen_deinit                             drv_advtim_gen.o
                                                  advtim_bsp.o
drv_advtim_gen_init                               drv_advtim_gen.o
                                                  advtim_bsp.o
drv_advtim_gen_interrupt_handler                  drv_advtim_gen.o
                                                  interrupt.o
drv_advtim_gen_set_config                         drv_advtim_gen.o
drv_check_data                                    drv_common.o
drv_check_rw_data                                 drv_common.o
                                                  drv_uart.o
                                                  drv_advtim_gen.o
                                                  drv_advtim_enc.o
                                                  drv_advtim_cap.o
drv_uart_default_config                           drv_uart.o
                                                  uart_bsp.o
drv_uart_deinit                                   drv_uart.o
drv_uart_getchar                                  drv_uart.o
drv_uart_getchar_timeout                          drv_uart.o
                                                  main.o
drv_uart_init                                     drv_uart.o
                                                  uart_bsp.o
drv_uart_interrupt_handler                        drv_uart.o
                                                  interrupt.o
drv_uart_printf                                   drv_uart_ex.o
                                                  uart_bsp.o
                                                  main.o
drv_uart_putchar                                  drv_uart.o
drv_uart_putchars                                 drv_uart.o
                                                  drv_uart_ex.o
drv_uart_rx_data                                  drv_uart.o
drv_uart_rx_data_it                               drv_uart.o
drv_uart_set_config                               drv_uart.o
drv_uart_tx_data                                  drv_uart.o
end                                               /export/SoftWare/ARM/gcc-arm-none-eabi-10.3-2021.10/bin/../lib/gcc/arm-none-eabi/10.3.1/../../../../arm-none-eabi/lib/thumb/v7-m/nofp/libnosys.a(sbrk.o)
errno                                             /export/SoftWare/ARM/gcc-arm-none-eabi-10.3-2021.10/bin/../lib/gcc/arm-none-eabi/10.3.1/../../../../arm-none-eabi/lib/thumb/v7-m/nofp/libc_nano.a(lib_a-reent.o)
                                                  /export/SoftWare/ARM/gcc-arm-none-eabi-10.3-2021.10/bin/../lib/gcc/arm-none-eabi/10.3.1/../../../../arm-none-eabi/lib/thumb/v7-m/nofp/libc_nano.a(lib_a-sbrkr.o)
exit                                              /export/SoftWare/ARM/gcc-arm-none-eabi-10.3-2021.10/bin/../lib/gcc/arm-none-eabi/10.3.1/../../../../arm-none-eabi/lib/thumb/v7-m/nofp/libc_nano.a(lib_a-exit.o)
                                                  startup_CM3DS.o
                                                  /export/SoftWare/ARM/gcc-arm-none-eabi-10.3-2021.10/bin/../lib/gcc/arm-none-eabi/10.3.1/../../../../arm-none-eabi/lib/thumb/v7-m/nofp/crt0.o
exit_current_test_detection                       main.o
exit_current_test_loop                            main.o
                                                  advtim_test.o
g_advtim_menu                                     advtim_test.o
g_mcu_menu                                        main.o
hadvtim                                           advtim_bsp.o
                                                  interrupt.o
                                                  advtim_test.o
hardware_init_hook                                /export/SoftWare/ARM/gcc-arm-none-eabi-10.3-2021.10/bin/../lib/gcc/arm-none-eabi/10.3.1/../../../../arm-none-eabi/lib/thumb/v7-m/nofp/crt0.o
huart0                                            uart_bsp.o
                                                  main.o
                                                  interrupt.o
                                                  drv_uart_ex.o
huart1                                            uart_bsp.o
main                                              main.o
                                                  startup_CM3DS.o
                                                  /export/SoftWare/ARM/gcc-arm-none-eabi-10.3-2021.10/bin/../lib/gcc/arm-none-eabi/10.3.1/../../../../arm-none-eabi/lib/thumb/v7-m/nofp/crt0.o
mcu_testmenu                                      main.o
memchr                                            /export/SoftWare/ARM/gcc-arm-none-eabi-10.3-2021.10/bin/../lib/gcc/arm-none-eabi/10.3.1/../../../../arm-none-eabi/lib/thumb/v7-m/nofp/libc_nano.a(lib_a-memchr-stub.o)
                                                  /export/SoftWare/ARM/gcc-arm-none-eabi-10.3-2021.10/bin/../lib/gcc/arm-none-eabi/10.3.1/../../../../arm-none-eabi/lib/thumb/v7-m/nofp/libc_nano.a(lib_a-nano-vfprintf_i.o)
                                                  /export/SoftWare/ARM/gcc-arm-none-eabi-10.3-2021.10/bin/../lib/gcc/arm-none-eabi/10.3.1/../../../../arm-none-eabi/lib/thumb/v7-m/nofp/libc_nano.a(lib_a-nano-svfprintf.o)
memcpy                                            /export/SoftWare/ARM/gcc-arm-none-eabi-10.3-2021.10/bin/../lib/gcc/arm-none-eabi/10.3.1/../../../../arm-none-eabi/lib/thumb/v7-m/nofp/libc_nano.a(lib_a-memcpy-stub.o)
                                                  /export/SoftWare/ARM/gcc-arm-none-eabi-10.3-2021.10/bin/../lib/gcc/arm-none-eabi/10.3.1/../../../../arm-none-eabi/lib/thumb/v7-m/nofp/libc_nano.a(lib_a-nano-reallocr.o)
                                                  /export/SoftWare/ARM/gcc-arm-none-eabi-10.3-2021.10/bin/../lib/gcc/arm-none-eabi/10.3.1/../../../../arm-none-eabi/lib/thumb/v7-m/nofp/libc_nano.a(lib_a-nano-svfprintf.o)
memmove                                           /export/SoftWare/ARM/gcc-arm-none-eabi-10.3-2021.10/bin/../lib/gcc/arm-none-eabi/10.3.1/../../../../arm-none-eabi/lib/thumb/v7-m/nofp/libc_nano.a(lib_a-memmove.o)
                                                  /export/SoftWare/ARM/gcc-arm-none-eabi-10.3-2021.10/bin/../lib/gcc/arm-none-eabi/10.3.1/../../../../arm-none-eabi/lib/thumb/v7-m/nofp/libc_nano.a(lib_a-nano-svfprintf.o)
memset                                            /export/SoftWare/ARM/gcc-arm-none-eabi-10.3-2021.10/bin/../lib/gcc/arm-none-eabi/10.3.1/../../../../arm-none-eabi/lib/thumb/v7-m/nofp/libc_nano.a(lib_a-memset.o)
                                                  /export/SoftWare/ARM/gcc-arm-none-eabi-10.3-2021.10/bin/../lib/gcc/arm-none-eabi/10.3.1/../../../../arm-none-eabi/lib/thumb/v7-m/nofp/crt0.o
show_testmenu                                     main.o
                                                  advtim_test.o
software_init_hook                                /export/SoftWare/ARM/gcc-arm-none-eabi-10.3-2021.10/bin/../lib/gcc/arm-none-eabi/10.3.1/../../../../arm-none-eabi/lib/thumb/v7-m/nofp/crt0.o
strlen                                            /export/SoftWare/ARM/gcc-arm-none-eabi-10.3-2021.10/bin/../lib/gcc/arm-none-eabi/10.3.1/../../../../arm-none-eabi/lib/thumb/v7-m/nofp/libc_nano.a(lib_a-strlen.o)
                                                  drv_uart_ex.o
test_execute                                      main.o
                                                  advtim_test.o
test_printf_ch                                    uart_bsp.o
test_printf_s                                     uart_bsp.o
                                                  interrupt.o
                                                  advtim_test.o
uart0_init                                        uart_bsp.o
                                                  main.o
uart1_init                                        uart_bsp.o
uart_int_rx_fifo_noempty_callback                 drv_uart.o
uart_int_rx_fifo_thres_callback                   drv_uart.o
uart_int_rx_noise_detect_callback                 drv_uart.o
uart_int_rx_parity_error_callback                 drv_uart.o
uart_int_rx_stop_callback                         drv_uart.o
uart_int_rx_stop_detect_callback                  drv_uart.o
uart_int_rx_stop_error_callback                   drv_uart.o
uart_int_tx_done_callback                         drv_uart.o
uart_int_tx_fifo_empty_callback                   drv_uart.o
uart_int_tx_fifo_thres_callback                   drv_uart.o
vprintf                                           drv_uart_ex.o
vsiprintf                                         /export/SoftWare/ARM/gcc-arm-none-eabi-10.3-2021.10/bin/../lib/gcc/arm-none-eabi/10.3.1/../../../../arm-none-eabi/lib/thumb/v7-m/nofp/libc_nano.a(lib_a-vsprintf.o)
vsprintf                                          /export/SoftWare/ARM/gcc-arm-none-eabi-10.3-2021.10/bin/../lib/gcc/arm-none-eabi/10.3.1/../../../../arm-none-eabi/lib/thumb/v7-m/nofp/libc_nano.a(lib_a-vsprintf.o)
                                                  drv_uart_ex.o
