Archive member included to satisfy reference by file (symbol)

/export/SoftWare/ARM/gcc-arm-none-eabi-10.3-2021.10/bin/../lib/gcc/arm-none-eabi/10.3.1/../../../../arm-none-eabi/lib/thumb/v7-m/nofp/libc_nano.a(lib_a-exit.o)
                              /export/SoftWare/ARM/gcc-arm-none-eabi-10.3-2021.10/bin/../lib/gcc/arm-none-eabi/10.3.1/../../../../arm-none-eabi/lib/thumb/v7-m/nofp/crt0.o (exit)
/export/SoftWare/ARM/gcc-arm-none-eabi-10.3-2021.10/bin/../lib/gcc/arm-none-eabi/10.3.1/../../../../arm-none-eabi/lib/thumb/v7-m/nofp/libc_nano.a(lib_a-impure.o)
                              /export/SoftWare/ARM/gcc-arm-none-eabi-10.3-2021.10/bin/../lib/gcc/arm-none-eabi/10.3.1/../../../../arm-none-eabi/lib/thumb/v7-m/nofp/libc_nano.a(lib_a-exit.o) (_global_impure_ptr)
/export/SoftWare/ARM/gcc-arm-none-eabi-10.3-2021.10/bin/../lib/gcc/arm-none-eabi/10.3.1/../../../../arm-none-eabi/lib/thumb/v7-m/nofp/libc_nano.a(lib_a-init.o)
                              /export/SoftWare/ARM/gcc-arm-none-eabi-10.3-2021.10/bin/../lib/gcc/arm-none-eabi/10.3.1/../../../../arm-none-eabi/lib/thumb/v7-m/nofp/crt0.o (__libc_init_array)
/export/SoftWare/ARM/gcc-arm-none-eabi-10.3-2021.10/bin/../lib/gcc/arm-none-eabi/10.3.1/../../../../arm-none-eabi/lib/thumb/v7-m/nofp/libc_nano.a(lib_a-memset.o)
                              /export/SoftWare/ARM/gcc-arm-none-eabi-10.3-2021.10/bin/../lib/gcc/arm-none-eabi/10.3.1/../../../../arm-none-eabi/lib/thumb/v7-m/nofp/crt0.o (memset)
/export/SoftWare/ARM/gcc-arm-none-eabi-10.3-2021.10/bin/../lib/gcc/arm-none-eabi/10.3.1/../../../../arm-none-eabi/lib/thumb/v7-m/nofp/libc_nano.a(lib_a-strlen.o)
                              drv_uart_ex.o (strlen)
/export/SoftWare/ARM/gcc-arm-none-eabi-10.3-2021.10/bin/../lib/gcc/arm-none-eabi/10.3.1/../../../../arm-none-eabi/lib/thumb/v7-m/nofp/libc_nano.a(lib_a-vsprintf.o)
                              drv_uart_ex.o (vsprintf)
/export/SoftWare/ARM/gcc-arm-none-eabi-10.3-2021.10/bin/../lib/gcc/arm-none-eabi/10.3.1/../../../../arm-none-eabi/lib/thumb/v7-m/nofp/libc_nano.a(lib_a-nano-svfprintf.o)
                              /export/SoftWare/ARM/gcc-arm-none-eabi-10.3-2021.10/bin/../lib/gcc/arm-none-eabi/10.3.1/../../../../arm-none-eabi/lib/thumb/v7-m/nofp/libc_nano.a(lib_a-vsprintf.o) (_svfprintf_r)
/export/SoftWare/ARM/gcc-arm-none-eabi-10.3-2021.10/bin/../lib/gcc/arm-none-eabi/10.3.1/../../../../arm-none-eabi/lib/thumb/v7-m/nofp/libc_nano.a(lib_a-nano-vfprintf_i.o)
                              /export/SoftWare/ARM/gcc-arm-none-eabi-10.3-2021.10/bin/../lib/gcc/arm-none-eabi/10.3.1/../../../../arm-none-eabi/lib/thumb/v7-m/nofp/libc_nano.a(lib_a-nano-svfprintf.o) (_printf_i)
/export/SoftWare/ARM/gcc-arm-none-eabi-10.3-2021.10/bin/../lib/gcc/arm-none-eabi/10.3.1/../../../../arm-none-eabi/lib/thumb/v7-m/nofp/libc_nano.a(lib_a-memchr-stub.o)
                              /export/SoftWare/ARM/gcc-arm-none-eabi-10.3-2021.10/bin/../lib/gcc/arm-none-eabi/10.3.1/../../../../arm-none-eabi/lib/thumb/v7-m/nofp/libc_nano.a(lib_a-nano-svfprintf.o) (memchr)
/export/SoftWare/ARM/gcc-arm-none-eabi-10.3-2021.10/bin/../lib/gcc/arm-none-eabi/10.3.1/../../../../arm-none-eabi/lib/thumb/v7-m/nofp/libc_nano.a(lib_a-memcpy-stub.o)
                              /export/SoftWare/ARM/gcc-arm-none-eabi-10.3-2021.10/bin/../lib/gcc/arm-none-eabi/10.3.1/../../../../arm-none-eabi/lib/thumb/v7-m/nofp/libc_nano.a(lib_a-nano-svfprintf.o) (memcpy)
/export/SoftWare/ARM/gcc-arm-none-eabi-10.3-2021.10/bin/../lib/gcc/arm-none-eabi/10.3.1/../../../../arm-none-eabi/lib/thumb/v7-m/nofp/libc_nano.a(lib_a-memmove.o)
                              /export/SoftWare/ARM/gcc-arm-none-eabi-10.3-2021.10/bin/../lib/gcc/arm-none-eabi/10.3.1/../../../../arm-none-eabi/lib/thumb/v7-m/nofp/libc_nano.a(lib_a-nano-svfprintf.o) (memmove)
/export/SoftWare/ARM/gcc-arm-none-eabi-10.3-2021.10/bin/../lib/gcc/arm-none-eabi/10.3.1/../../../../arm-none-eabi/lib/thumb/v7-m/nofp/libc_nano.a(lib_a-nano-freer.o)
                              /export/SoftWare/ARM/gcc-arm-none-eabi-10.3-2021.10/bin/../lib/gcc/arm-none-eabi/10.3.1/../../../../arm-none-eabi/lib/thumb/v7-m/nofp/libc_nano.a(lib_a-nano-svfprintf.o) (_free_r)
/export/SoftWare/ARM/gcc-arm-none-eabi-10.3-2021.10/bin/../lib/gcc/arm-none-eabi/10.3.1/../../../../arm-none-eabi/lib/thumb/v7-m/nofp/libc_nano.a(lib_a-nano-mallocr.o)
                              /export/SoftWare/ARM/gcc-arm-none-eabi-10.3-2021.10/bin/../lib/gcc/arm-none-eabi/10.3.1/../../../../arm-none-eabi/lib/thumb/v7-m/nofp/libc_nano.a(lib_a-nano-svfprintf.o) (_malloc_r)
/export/SoftWare/ARM/gcc-arm-none-eabi-10.3-2021.10/bin/../lib/gcc/arm-none-eabi/10.3.1/../../../../arm-none-eabi/lib/thumb/v7-m/nofp/libc_nano.a(lib_a-nano-reallocr.o)
                              /export/SoftWare/ARM/gcc-arm-none-eabi-10.3-2021.10/bin/../lib/gcc/arm-none-eabi/10.3.1/../../../../arm-none-eabi/lib/thumb/v7-m/nofp/libc_nano.a(lib_a-nano-svfprintf.o) (_realloc_r)
[...]
Memory Configuration

Name             Origin             Length             Attributes
FLASH            0x0000000000000000 0x0000000000008000 xr
RAM              0x0000000000020000 0x0000000000002000 xrw
*default*        0x0000000000000000 0xffffffffffffffff

Linker script and memory map

LOAD /export/SoftWare/ARM/gcc-arm-none-eabi-10.3-2021.10/bin/../lib/gcc/arm-none-eabi/10.3.1/thumb/v7-m/nofp/crti.o
LOAD /export/SoftWare/ARM/gcc-arm-none-eabi-10.3-2021.10/bin/../lib/gcc/arm-none-eabi/10.3.1/thumb/v7-m/nofp/crtbegin.o
LOAD /export/SoftWare/ARM/gcc-arm-none-eabi-10.3-2021.10/bin/../lib/gcc/arm-none-eabi/10.3.1/../../../../arm-none-eabi/lib/thumb/v7-m/nofp/crt0.o
LOAD advtim_bsp.o
LOAD advtim_test.o
LOAD bastim_bsp.o
LOAD bastim_test.o
LOAD drv_advtim_gen.o
LOAD drv_bastim.o
LOAD drv_common.o
LOAD drv_eth.o
LOAD drv_eth_mac.o
LOAD drv_uart.o
LOAD drv_uart_ex.o
LOAD eth_bsp.o
LOAD eth_test.o
LOAD interrupt.o
LOAD main.o
LOAD startup_CM3DS.o
LOAD uart_bsp.o
LOAD uart_test.o
START GROUP
LOAD /export/SoftWare/ARM/gcc-arm-none-eabi-10.3-2021.10/bin/../lib/gcc/arm-none-eabi/10.3.1/thumb/v7-m/nofp/libgcc.a
LOAD /export/SoftWare/ARM/gcc-arm-none-eabi-10.3-2021.10/bin/../lib/gcc/arm-none-eabi/10.3.1/../../../../arm-none-eabi/lib/thumb/v7-m/nofp/libc_nano.a
END GROUP
START GROUP
LOAD /export/SoftWare/ARM/gcc-arm-none-eabi-10.3-2021.10/bin/../lib/gcc/arm-none-eabi/10.3.1/thumb/v7-m/nofp/libgcc.a
LOAD /export/SoftWare/ARM/gcc-arm-none-eabi-10.3-2021.10/bin/../lib/gcc/arm-none-eabi/10.3.1/../../../../arm-none-eabi/lib/thumb/v7-m/nofp/libc_nano.a
LOAD /export/SoftWare/ARM/gcc-arm-none-eabi-10.3-2021.10/bin/../lib/gcc/arm-none-eabi/10.3.1/../../../../arm-none-eabi/lib/thumb/v7-m/nofp/libnosys.a
END GROUP
START GROUP
LOAD /export/SoftWare/ARM/gcc-arm-none-eabi-10.3-2021.10/bin/../lib/gcc/arm-none-eabi/10.3.1/thumb/v7-m/nofp/libgcc.a
LOAD /export/SoftWare/ARM/gcc-arm-none-eabi-10.3-2021.10/bin/../lib/gcc/arm-none-eabi/10.3.1/../../../../arm-none-eabi/lib/thumb/v7-m/nofp/libc_nano.a
LOAD /export/SoftWare/ARM/gcc-arm-none-eabi-10.3-2021.10/bin/../lib/gcc/arm-none-eabi/10.3.1/../../../../arm-none-eabi/lib/thumb/v7-m/nofp/libnosys.a
END GROUP
LOAD /export/SoftWare/ARM/gcc-arm-none-eabi-10.3-2021.10/bin/../lib/gcc/arm-none-eabi/10.3.1/thumb/v7-m/nofp/crtend.o
LOAD /export/SoftWare/ARM/gcc-arm-none-eabi-10.3-2021.10/bin/../lib/gcc/arm-none-eabi/10.3.1/thumb/v7-m/nofp/crtn.o
                0x0000000000000000                __FLASH_BASE = 0x0
                0x0000000000008000                __FLASH_SIZE = 0x8000
                0x0000000000020000                __RAM_BASE = 0x20000
                0x0000000000002000                __RAM_SIZE = 0x2000

.text           0x0000000000000000     0x105c
 *(.isr_vector)
 .isr_vector    0x0000000000000000       0x88 startup_CM3DS.o
                0x0000000000000000                __isr_vector
 *(.text*)
 .text          0x0000000000000088       0x40 /export/SoftWare/ARM/gcc-arm-none-eabi-10.3-2021.10/bin/../lib/gcc/arm-none-eabi/10.3.1/thumb/v7-m/nofp/crtbegin.o
 .text.drv_check_rw_data
                0x00000000000000c8       0x22 drv_common.o
                0x00000000000000c8                drv_check_rw_data
 .text.eth_sma_int_rx_turn_nack_callback
                0x00000000000000ea        0x2 drv_eth.o
                0x00000000000000ea                eth_sma_int_rx_turn_nack_callback
 .text.eth_sma_int_master_frame_done_callback
                0x00000000000000ec        0x2 drv_eth.o
                0x00000000000000ec                eth_sma_int_master_frame_done_callback
 .text.eth_sma_int_tx_fifo_empty_callback
                0x00000000000000ee        0x2 drv_eth.o
                0x00000000000000ee                eth_sma_int_tx_fifo_empty_callback
 .text.eth_sma_int_tx_fifo_thres_callback
                0x00000000000000f0        0x2 drv_eth.o
                0x00000000000000f0                eth_sma_int_tx_fifo_thres_callback
 .text.eth_sma_int_rx_fifo_noempty_callback
                0x00000000000000f2        0x2 drv_eth.o
                0x00000000000000f2                eth_sma_int_rx_fifo_noempty_callback
 .text.eth_sma_int_rx_fifo_thres_callback
                0x00000000000000f4        0x2 drv_eth.o
                0x00000000000000f4                eth_sma_int_rx_fifo_thres_callback
 .text.drv_eth_sma_interrupt_handler
                0x00000000000000f6       0xc6 drv_eth.o
                0x00000000000000f6                drv_eth_sma_interrupt_handler
 .text.drv_eth_mac_dma_default_config
                0x00000000000001bc        0xe drv_eth_mac.o
                0x00000000000001bc                drv_eth_mac_dma_default_config
 *fill*         0x00000000000001ca        0x2 
 .text.drv_eth_mac_pe_default_config
                0x00000000000001cc       0x24 drv_eth_mac.o
                0x00000000000001cc                drv_eth_mac_pe_default_config
 .text.drv_eth_mac_set_dma_config
                0x00000000000001f0       0x22 drv_eth_mac.o
                0x00000000000001f0                drv_eth_mac_set_dma_config
 .text.drv_eth_mac_set_pe_config
                0x0000000000000212       0x5c drv_eth_mac.o
                0x0000000000000212                drv_eth_mac_set_pe_config
 .text.drv_eth_mac_init
                0x000000000000026e       0xec drv_eth_mac.o
                0x000000000000026e                drv_eth_mac_init
 .text.drv_eth_mac_address_set
                0x000000000000035a       0x40 drv_eth_mac.o
                0x000000000000035a                drv_eth_mac_address_set
 .text.drv_eth_mac_tx_descriptor_default_config
                0x000000000000039a       0x12 drv_eth_mac.o
                0x000000000000039a                drv_eth_mac_tx_descriptor_default_config
 .text.drv_eth_mac_tx_descriptor_config
                0x00000000000003ac       0x26 drv_eth_mac.o
                0x00000000000003ac                drv_eth_mac_tx_descriptor_config
 .text.drv_eth_mac_set_tx_descriptor_config
                0x00000000000003d2       0x76 drv_eth_mac.o
                0x00000000000003d2                drv_eth_mac_set_tx_descriptor_config
 .text.drv_eth_mac_tx_descriptor_clear
                0x0000000000000448       0x3c drv_eth_mac.o
                0x0000000000000448                drv_eth_mac_tx_descriptor_clear
 .text.drv_eth_mac_set_tx_descriptor_and_tx_enable
                0x0000000000000484       0x28 drv_eth_mac.o
                0x0000000000000484                drv_eth_mac_set_tx_descriptor_and_tx_enable
 .text.eth_mac_tx_int_tx_frame_done_callback
                0x00000000000004ac        0x2 drv_eth_mac.o
                0x00000000000004ac                eth_mac_tx_int_tx_frame_done_callback
 .text.eth_mac_rx_int_rx_frame_done_callback
                0x00000000000004ae        0x2 drv_eth_mac.o
                0x00000000000004ae                eth_mac_rx_int_rx_frame_done_callback
 .text.eth_mac_dma_int_once_process_done_callback
                0x00000000000004b0        0x2 drv_eth_mac.o
                0x00000000000004b0                eth_mac_dma_int_once_process_done_callback
 .text.eth_mac_dma_int_hready_to_callback
                0x00000000000004b2        0x2 drv_eth_mac.o
                0x00000000000004b2                eth_mac_dma_int_hready_to_callback
 .text.eth_mac_dma_int_bus_error_callback
                0x00000000000004b4        0x2 drv_eth_mac.o
                0x00000000000004b4                eth_mac_dma_int_bus_error_callback
 .text.drv_eth_mac_tx_interrupt_handler
                0x00000000000004b6       0x3c drv_eth_mac.o
                0x00000000000004b6                drv_eth_mac_tx_interrupt_handler
 .text.drv_eth_mac_rx_interrupt_handler
                0x00000000000004f2       0x3c drv_eth_mac.o
                0x00000000000004f2                drv_eth_mac_rx_interrupt_handler
 .text.drv_eth_mac_dma_interrupt_handler
                0x000000000000052e       0x90 drv_eth_mac.o
                0x000000000000052e                drv_eth_mac_dma_interrupt_handler
 .text.drv_uart_default_config
                0x00000000000005be       0x1c drv_uart.o
                0x00000000000005be                drv_uart_default_config
 *fill*         0x00000000000005da        0x2 
 .text.drv_uart_set_config
                0x00000000000005dc       0x48 drv_uart.o
                0x00000000000005dc                drv_uart_set_config
 .text.drv_uart_init
                0x0000000000000624       0x90 drv_uart.o
                0x0000000000000624                drv_uart_init
 .text.uart_int_tx_done_callback
                0x00000000000006b4        0x2 drv_uart.o
                0x00000000000006b4                uart_int_tx_done_callback
 .text.uart_int_rx_stop_callback
                0x00000000000006b6        0x2 drv_uart.o
                0x00000000000006b6                uart_int_rx_stop_callback
 .text.uart_int_rx_parity_error_callback
                0x00000000000006b8        0x2 drv_uart.o
                0x00000000000006b8                uart_int_rx_parity_error_callback
 .text.uart_int_rx_noise_detect_callback
                0x00000000000006ba        0x2 drv_uart.o
                0x00000000000006ba                uart_int_rx_noise_detect_callback
 .text.uart_int_rx_stop_detect_callback
                0x00000000000006bc        0x2 drv_uart.o
                0x00000000000006bc                uart_int_rx_stop_detect_callback
 .text.uart_int_tx_fifo_empty_callback
                0x00000000000006be        0x2 drv_uart.o
                0x00000000000006be                uart_int_tx_fifo_empty_callback
 .text.uart_int_tx_fifo_thres_callback
                0x00000000000006c0        0x2 drv_uart.o
                0x00000000000006c0                uart_int_tx_fifo_thres_callback
 .text.uart_int_rx_fifo_noempty_callback
                0x00000000000006c2        0x2 drv_uart.o
                0x00000000000006c2                uart_int_rx_fifo_noempty_callback
 .text.uart_int_rx_fifo_thres_callback
                0x00000000000006c4        0x2 drv_uart.o
                0x00000000000006c4                uart_int_rx_fifo_thres_callback
 .text.drv_uart_interrupt_handler
                0x00000000000006c6      0x254 drv_uart.o
                0x00000000000006c6                drv_uart_interrupt_handler
 *fill*         0x000000000000091a        0x2 
 .text.eth_mac_descriptor_ip_igmp_frame_crc_replacement_hw_handle_prepare
                0x000000000000091c       0x88 eth_bsp.o
                0x000000000000091c                eth_mac_descriptor_ip_igmp_frame_crc_replacement_hw_handle_prepare
 .text.eth_mac_descriptor_ip_igmp_frame_padding_crc_insertion_hw_handle_prepare
                0x00000000000009a4       0x84 eth_bsp.o
                0x00000000000009a4                eth_mac_descriptor_ip_igmp_frame_padding_crc_insertion_hw_handle_prepare
 .text.eth_mac_descriptor_ip_igmp_frame_padding_crc_sw_handle_prepare
                0x0000000000000a28       0x84 eth_bsp.o
                0x0000000000000a28                eth_mac_descriptor_ip_igmp_frame_padding_crc_sw_handle_prepare
 .text.eth_mac_descriptor_ip_udp_frame2_replacement_hw_handle_prepare
                0x0000000000000aac       0x84 eth_bsp.o
                0x0000000000000aac                eth_mac_descriptor_ip_udp_frame2_replacement_hw_handle_prepare
 .text.eth_mac_descriptor_ip_udp_frame2_insertion_hw_handle_prepare
                0x0000000000000b30       0x84 eth_bsp.o
                0x0000000000000b30                eth_mac_descriptor_ip_udp_frame2_insertion_hw_handle_prepare
 .text.eth_mac_init
                0x0000000000000bb4       0x2c eth_bsp.o
                0x0000000000000bb4                eth_mac_init
 .text.eth_mac_tx_frame_data_prepare
                0x0000000000000be0       0x42 eth_test.o
 *fill*         0x0000000000000c22        0x2 
 .text.eth_mac_tx_ip_igmp_frame_by_hw_crc_replacement
                0x0000000000000c24       0x3c eth_test.o
                0x0000000000000c24                eth_mac_tx_ip_igmp_frame_by_hw_crc_replacement
 .text.eth_mac_tx_ip_igmp_frame_by_hw_padding_crc_insertion
                0x0000000000000c60       0x3c eth_test.o
                0x0000000000000c60                eth_mac_tx_ip_igmp_frame_by_hw_padding_crc_insertion
 .text.eth_mac_tx_ip_igmp_frame_by_sw_padding_crc
                0x0000000000000c9c       0x3c eth_test.o
                0x0000000000000c9c                eth_mac_tx_ip_igmp_frame_by_sw_padding_crc
 .text.eth_mac_tx_ip_udp_frame2_by_hw_replacement
                0x0000000000000cd8       0x3c eth_test.o
                0x0000000000000cd8                eth_mac_tx_ip_udp_frame2_by_hw_replacement
 .text.eth_mac_tx_ip_udp_frame2_by_hw_insertion
                0x0000000000000d14       0x3c eth_test.o
                0x0000000000000d14                eth_mac_tx_ip_udp_frame2_by_hw_insertion
 .text.NMI_Handler
                0x0000000000000d50        0x2 interrupt.o
                0x0000000000000d50                NMI_Handler
 .text.HardFault_Handler
                0x0000000000000d52        0x2 interrupt.o
                0x0000000000000d52                HardFault_Handler
 .text.MemManage_Handler
                0x0000000000000d54        0x2 interrupt.o
                0x0000000000000d54                MemManage_Handler
 .text.BusFault_Handler
                0x0000000000000d56        0x2 interrupt.o
                0x0000000000000d56                BusFault_Handler
 .text.UsageFault_Handler
                0x0000000000000d58        0x2 interrupt.o
                0x0000000000000d58                UsageFault_Handler
 .text.SVC_Handler
                0x0000000000000d5a        0x2 interrupt.o
                0x0000000000000d5a                SVC_Handler
 .text.DebugMon_Handler
                0x0000000000000d5c        0x2 interrupt.o
                0x0000000000000d5c                DebugMon_Handler
 .text.PendSV_Handler
                0x0000000000000d5e        0x2 interrupt.o
                0x0000000000000d5e                PendSV_Handler
 .text.SysTick_Handler
                0x0000000000000d60        0x2 interrupt.o
                0x0000000000000d60                SysTick_Handler
 *fill*         0x0000000000000d62        0x2 
 .text.Uart0_Handler
                0x0000000000000d64       0x1c interrupt.o
                0x0000000000000d64                Uart0_Handler
 .text.EthSma_Handler
                0x0000000000000d80       0x1c interrupt.o
                0x0000000000000d80                EthSma_Handler
 .text.EthTx_Handler
                0x0000000000000d9c       0x1c interrupt.o
                0x0000000000000d9c                EthTx_Handler
 .text.EthRx_Handler
                0x0000000000000db8       0x1c interrupt.o
                0x0000000000000db8                EthRx_Handler
 .text.EthDma_Handler
                0x0000000000000dd4       0x1c interrupt.o
                0x0000000000000dd4                EthDma_Handler
 .text.main     0x0000000000000df0       0x28 main.o
                0x0000000000000df0                main
 .text          0x0000000000000e18       0x78 startup_CM3DS.o
                0x0000000000000e18                Reset_Handler
                0x0000000000000e6c                Uart1_Handler
                0x0000000000000e6e                Resv2_Handler
                0x0000000000000e70                Resv3_Handler
                0x0000000000000e74                Gpioa_Handler
                0x0000000000000e76                Resv6_Handler
                0x0000000000000e78                Resv7_Handler
                0x0000000000000e7a                Bastim_Ch0_Handler
                0x0000000000000e7c                Bastim_Ch1_Handler
                0x0000000000000e7e                Bastim_Ch2_Handler
                0x0000000000000e80                Bastim_Ch3_Handler
                0x0000000000000e88                Resv15_Handler
                0x0000000000000e8a                AdvtimGen_Handler
                0x0000000000000e8c                AdvtimCap_Handler
 .text.uart0_init
                0x0000000000000e90       0x20 uart_bsp.o
                0x0000000000000e90                uart0_init
 .text.exit     0x0000000000000eb0       0x28 /export/SoftWare/ARM/gcc-arm-none-eabi-10.3-2021.10/bin/../lib/gcc/arm-none-eabi/10.3.1/../../../../arm-none-eabi/lib/thumb/v7-m/nofp/libc_nano.a(lib_a-exit.o)
                0x0000000000000eb0                exit
 .text._exit    0x0000000000000ed8        0x4 /export/SoftWare/ARM/gcc-arm-none-eabi-10.3-2021.10/bin/../lib/gcc/arm-none-eabi/10.3.1/../../../../arm-none-eabi/lib/thumb/v7-m/nofp/libnosys.a(_exit.o)
                0x0000000000000ed8                _exit
 *(.init)
 .init          0x0000000000000edc        0x4 /export/SoftWare/ARM/gcc-arm-none-eabi-10.3-2021.10/bin/../lib/gcc/arm-none-eabi/10.3.1/thumb/v7-m/nofp/crti.o
                0x0000000000000edc                _init
 .init          0x0000000000000ee0        0x8 /export/SoftWare/ARM/gcc-arm-none-eabi-10.3-2021.10/bin/../lib/gcc/arm-none-eabi/10.3.1/thumb/v7-m/nofp/crtn.o
 *(.fini)
 .fini          0x0000000000000ee8        0x4 /export/SoftWare/ARM/gcc-arm-none-eabi-10.3-2021.10/bin/../lib/gcc/arm-none-eabi/10.3.1/thumb/v7-m/nofp/crti.o
                0x0000000000000ee8                _fini
 .fini          0x0000000000000eec        0x8 /export/SoftWare/ARM/gcc-arm-none-eabi-10.3-2021.10/bin/../lib/gcc/arm-none-eabi/10.3.1/thumb/v7-m/nofp/crtn.o
 *crtbegin.o(.ctors)
 *crtbegin?.o(.ctors)
 *(EXCLUDE_FILE(*crtend.o *crtend?.o) .ctors)
 *(SORT_BY_NAME(.ctors.*))
 *(.ctors)
 *crtbegin.o(.dtors)
 *crtbegin?.o(.dtors)
 *(EXCLUDE_FILE(*crtend.o *crtend?.o) .dtors)
 *(SORT_BY_NAME(.dtors.*))
 *(.dtors)
 *(.rodata*)
 .rodata.eth_mac_descriptor_ip_udp_frame2_replacement_hw_handle_prepare.str1.4
                0x0000000000000ef4        0x7 eth_bsp.o
 *fill*         0x0000000000000efb        0x1 
 .rodata        0x0000000000000efc        0xe eth_bsp.o
 *fill*         0x0000000000000f0a        0x2 
 .rodata.eth_igmp_hw_padding_crc_insertion_frame
                0x0000000000000f0c       0x32 eth_test.o
                0x0000000000000f0c                eth_igmp_hw_padding_crc_insertion_frame
 *fill*         0x0000000000000f3e        0x2 
 .rodata.eth_igmp_sw_padding_crc_frame
                0x0000000000000f40       0x40 eth_test.o
                0x0000000000000f40                eth_igmp_sw_padding_crc_frame
 .rodata.eth_udp_hw_insertion_frame2
                0x0000000000000f80       0x63 eth_test.o
                0x0000000000000f80                eth_udp_hw_insertion_frame2
 *fill*         0x0000000000000fe3        0x1 
 .rodata.eth_udp_hw_replacement_frame2
                0x0000000000000fe4       0x6d eth_test.o
                0x0000000000000fe4                eth_udp_hw_replacement_frame2
 *fill*         0x0000000000001051        0x3 
 .rodata._global_impure_ptr
                0x0000000000001054        0x4 /export/SoftWare/ARM/gcc-arm-none-eabi-10.3-2021.10/bin/../lib/gcc/arm-none-eabi/10.3.1/../../../../arm-none-eabi/lib/thumb/v7-m/nofp/libc_nano.a(lib_a-impure.o)
                0x0000000000001054                _global_impure_ptr
 *(.eh_frame*)
 .eh_frame      0x0000000000001058        0x0 /export/SoftWare/ARM/gcc-arm-none-eabi-10.3-2021.10/bin/../lib/gcc/arm-none-eabi/10.3.1/thumb/v7-m/nofp/crtbegin.o
 .eh_frame      0x0000000000001058        0x4 /export/SoftWare/ARM/gcc-arm-none-eabi-10.3-2021.10/bin/../lib/gcc/arm-none-eabi/10.3.1/thumb/v7-m/nofp/crtend.o

.glue_7         0x000000000000105c        0x0
 .glue_7        0x000000000000105c        0x0 linker stubs

.glue_7t        0x000000000000105c        0x0
 .glue_7t       0x000000000000105c        0x0 linker stubs

.vfp11_veneer   0x000000000000105c        0x0
 .vfp11_veneer  0x000000000000105c        0x0 linker stubs

.v4_bx          0x000000000000105c        0x0
 .v4_bx         0x000000000000105c        0x0 linker stubs

.iplt           0x000000000000105c        0x0
 .iplt          0x000000000000105c        0x0 /export/SoftWare/ARM/gcc-arm-none-eabi-10.3-2021.10/bin/../lib/gcc/arm-none-eabi/10.3.1/thumb/v7-m/nofp/crtbegin.o

.rel.dyn        0x000000000000105c        0x0
 .rel.iplt      0x000000000000105c        0x0 /export/SoftWare/ARM/gcc-arm-none-eabi-10.3-2021.10/bin/../lib/gcc/arm-none-eabi/10.3.1/thumb/v7-m/nofp/crtbegin.o

.ARM.extab
 *(.ARM.extab* .gnu.linkonce.armextab.*)
                0x000000000000105c                __exidx_start = .

.ARM.exidx
 *(.ARM.exidx* .gnu.linkonce.armexidx.*)
                0x000000000000105c                __exidx_end = .
                0x000000000000105c                __etext = .

.data           0x0000000000020000       0x68 load address 0x000000000000105c
                0x0000000000020000                __data_start__ = .
 *(vtable)
 *(.data*)
 .data.impure_data
                0x0000000000020000       0x60 /export/SoftWare/ARM/gcc-arm-none-eabi-10.3-2021.10/bin/../lib/gcc/arm-none-eabi/10.3.1/../../../../arm-none-eabi/lib/thumb/v7-m/nofp/libc_nano.a(lib_a-impure.o)
                0x0000000000020060                . = ALIGN (0x4)
                0x0000000000020060                PROVIDE (__preinit_array_start = .)
 *(.preinit_array)
                0x0000000000020060                PROVIDE (__preinit_array_end = .)
                0x0000000000020060                . = ALIGN (0x4)
                0x0000000000020060                PROVIDE (__init_array_start = .)
 *(SORT_BY_NAME(.init_array.*))
 *(.init_array)
 .init_array    0x0000000000020060        0x4 /export/SoftWare/ARM/gcc-arm-none-eabi-10.3-2021.10/bin/../lib/gcc/arm-none-eabi/10.3.1/thumb/v7-m/nofp/crtbegin.o
                0x0000000000020064                PROVIDE (__init_array_end = .)
                0x0000000000020064                . = ALIGN (0x4)
                [!provide]                        PROVIDE (__fini_array_start = .)
 *(SORT_BY_NAME(.fini_array.*))
 *(.fini_array)
 .fini_array    0x0000000000020064        0x4 /export/SoftWare/ARM/gcc-arm-none-eabi-10.3-2021.10/bin/../lib/gcc/arm-none-eabi/10.3.1/thumb/v7-m/nofp/crtbegin.o
                [!provide]                        PROVIDE (__fini_array_end = .)
 *(.jcr*)
                0x0000000000020068                . = ALIGN (0x4)
                0x0000000000020068                __data_end__ = .

.igot.plt       0x0000000000020068        0x0 load address 0x00000000000010c4
 .igot.plt      0x0000000000020068        0x0 /export/SoftWare/ARM/gcc-arm-none-eabi-10.3-2021.10/bin/../lib/gcc/arm-none-eabi/10.3.1/thumb/v7-m/nofp/crtbegin.o

.bss            0x0000000000020068       0xc4 load address 0x00000000000010c4
                0x0000000000020068                . = ALIGN (0x4)
                0x0000000000020068                __bss_start__ = .
 *(.bss*)
 .bss           0x0000000000020068       0x1c /export/SoftWare/ARM/gcc-arm-none-eabi-10.3-2021.10/bin/../lib/gcc/arm-none-eabi/10.3.1/thumb/v7-m/nofp/crtbegin.o
 .bss.EthDmaTxDesc
                0x0000000000020084       0x40 eth_bsp.o
                0x0000000000020084                EthDmaTxDesc
 .bss.heth      0x00000000000200c4       0x14 eth_bsp.o
                0x00000000000200c4                heth
 .bss.hethmac   0x00000000000200d8       0x2c eth_bsp.o
                0x00000000000200d8                hethmac
 .bss.hethmac_desccfg
                0x0000000000020104        0xc eth_bsp.o
                0x0000000000020104                hethmac_desccfg
 .bss.huart0    0x0000000000020110       0x1c uart_bsp.o
                0x0000000000020110                huart0
 *(COMMON)
                0x000000000002012c                . = ALIGN (0x4)
                0x000000000002012c                __bss_end__ = .

.heap           0x0000000000020130        0x0
                0x0000000000020130                __end__ = .
                0x0000000000020130                end = __end__
 *(.heap*)
 .heap          0x0000000000020130        0x0 startup_CM3DS.o
                0x0000000000020130                __HeapLimit = .

.stack_dummy    0x0000000000020130      0x200
 *(.stack*)
 .stack         0x0000000000020130      0x200 startup_CM3DS.o
                0x0000000000022000                __StackTop = (ORIGIN (RAM) + LENGTH (RAM))
                0x0000000000021e00                __StackLimit = (__StackTop - SIZEOF (.stack_dummy))
                0x0000000000022000                PROVIDE (__stack = __StackTop)
                0x0000000000000001                ASSERT ((__StackLimit >= __HeapLimit), region RAM overflowed with stack)
OUTPUT(fw_test.elf elf32-littlearm)
LOAD linker stubs

.ARM.attributes
                0x0000000000000000       0x29
 .ARM.attributes
                0x0000000000000000       0x1d /export/SoftWare/ARM/gcc-arm-none-eabi-10.3-2021.10/bin/../lib/gcc/arm-none-eabi/10.3.1/thumb/v7-m/nofp/crti.o
 .ARM.attributes
                0x000000000000001d       0x2d /export/SoftWare/ARM/gcc-arm-none-eabi-10.3-2021.10/bin/../lib/gcc/arm-none-eabi/10.3.1/thumb/v7-m/nofp/crtbegin.o
 .ARM.attributes
                0x000000000000004a       0x2d drv_common.o
 .ARM.attributes
                0x0000000000000077       0x2d drv_eth.o
 .ARM.attributes
                0x00000000000000a4       0x2d drv_eth_mac.o
 .ARM.attributes
                0x00000000000000d1       0x2d drv_uart.o
 .ARM.attributes
                0x00000000000000fe       0x2d eth_bsp.o
 .ARM.attributes
                0x000000000000012b       0x2d eth_test.o
 .ARM.attributes
                0x0000000000000158       0x2d interrupt.o
 .ARM.attributes
                0x0000000000000185       0x2d main.o
 .ARM.attributes
                0x00000000000001b2       0x1b startup_CM3DS.o
 .ARM.attributes
                0x00000000000001cd       0x2d uart_bsp.o
 .ARM.attributes
                0x00000000000001fa       0x2d /export/SoftWare/ARM/gcc-arm-none-eabi-10.3-2021.10/bin/../lib/gcc/arm-none-eabi/10.3.1/../../../../arm-none-eabi/lib/thumb/v7-m/nofp/libc_nano.a(lib_a-exit.o)
 .ARM.attributes
                0x0000000000000227       0x2d /export/SoftWare/ARM/gcc-arm-none-eabi-10.3-2021.10/bin/../lib/gcc/arm-none-eabi/10.3.1/../../../../arm-none-eabi/lib/thumb/v7-m/nofp/libc_nano.a(lib_a-impure.o)
 .ARM.attributes
                0x0000000000000254       0x2d /export/SoftWare/ARM/gcc-arm-none-eabi-10.3-2021.10/bin/../lib/gcc/arm-none-eabi/10.3.1/../../../../arm-none-eabi/lib/thumb/v7-m/nofp/libnosys.a(_exit.o)
 .ARM.attributes
                0x0000000000000281       0x2d /export/SoftWare/ARM/gcc-arm-none-eabi-10.3-2021.10/bin/../lib/gcc/arm-none-eabi/10.3.1/thumb/v7-m/nofp/crtend.o
 .ARM.attributes
                0x00000000000002ae       0x1d /export/SoftWare/ARM/gcc-arm-none-eabi-10.3-2021.10/bin/../lib/gcc/arm-none-eabi/10.3.1/thumb/v7-m/nofp/crtn.o

.comment        0x0000000000000000       0x49
 .comment       0x0000000000000000       0x49 drv_common.o
                                         0x4a (size before relaxing)
 .comment       0x0000000000000049       0x4a drv_eth.o
 .comment       0x0000000000000049       0x4a drv_eth_mac.o
 .comment       0x0000000000000049       0x4a drv_uart.o
 .comment       0x0000000000000049       0x4a eth_bsp.o
 .comment       0x0000000000000049       0x4a eth_test.o
 .comment       0x0000000000000049       0x4a interrupt.o
 .comment       0x0000000000000049       0x4a main.o
 .comment       0x0000000000000049       0x4a uart_bsp.o

.debug_frame    0x0000000000000000       0x48
 .debug_frame   0x0000000000000000       0x28 /export/SoftWare/ARM/gcc-arm-none-eabi-10.3-2021.10/bin/../lib/gcc/arm-none-eabi/10.3.1/../../../../arm-none-eabi/lib/thumb/v7-m/nofp/libc_nano.a(lib_a-exit.o)
 .debug_frame   0x0000000000000028       0x20 /export/SoftWare/ARM/gcc-arm-none-eabi-10.3-2021.10/bin/../lib/gcc/arm-none-eabi/10.3.1/../../../../arm-none-eabi/lib/thumb/v7-m/nofp/libnosys.a(_exit.o)

Cross Reference Table

Symbol                                            File
AdvtimCap_Handler                                 startup_CM3DS.o
AdvtimGen_Handler                                 startup_CM3DS.o
Bastim_Ch0_Handler                                startup_CM3DS.o
Bastim_Ch1_Handler                                startup_CM3DS.o
Bastim_Ch2_Handler                                startup_CM3DS.o
Bastim_Ch3_Handler                                startup_CM3DS.o
BusFault_Handler                                  interrupt.o
DebugMon_Handler                                  interrupt.o
EthDmaTxDesc                                      eth_bsp.o
                                                  eth_test.o
EthDma_Handler                                    interrupt.o
EthRx_Handler                                     interrupt.o
EthSma_Handler                                    interrupt.o
EthTx_Handler                                     interrupt.o
Gpioa_Handler                                     startup_CM3DS.o
HardFault_Handler                                 interrupt.o
MemManage_Handler                                 interrupt.o
NMI_Handler                                       interrupt.o
PendSV_Handler                                    interrupt.o
Reset_Handler                                     startup_CM3DS.o
Resv15_Handler                                    startup_CM3DS.o
Resv2_Handler                                     startup_CM3DS.o
Resv3_Handler                                     startup_CM3DS.o
Resv6_Handler                                     startup_CM3DS.o
Resv7_Handler                                     startup_CM3DS.o
SVC_Handler                                       interrupt.o
SysTick_Handler                                   interrupt.o
Uart0_Handler                                     interrupt.o
Uart1_Handler                                     startup_CM3DS.o
UsageFault_Handler                                interrupt.o
__HEAP_SIZE                                       startup_CM3DS.o
__HeapBase                                        startup_CM3DS.o
__HeapLimit                                       startup_CM3DS.o
__STACK_SIZE                                      startup_CM3DS.o
__StackLimit                                      startup_CM3DS.o
__StackTop                                        startup_CM3DS.o
__bss_end__                                       startup_CM3DS.o
                                                  /export/SoftWare/ARM/gcc-arm-none-eabi-10.3-2021.10/bin/../lib/gcc/arm-none-eabi/10.3.1/../../../../arm-none-eabi/lib/thumb/v7-m/nofp/crt0.o
__bss_start__                                     startup_CM3DS.o
                                                  /export/SoftWare/ARM/gcc-arm-none-eabi-10.3-2021.10/bin/../lib/gcc/arm-none-eabi/10.3.1/../../../../arm-none-eabi/lib/thumb/v7-m/nofp/crt0.o
__call_exitprocs                                  /export/SoftWare/ARM/gcc-arm-none-eabi-10.3-2021.10/bin/../lib/gcc/arm-none-eabi/10.3.1/../../../../arm-none-eabi/lib/thumb/v7-m/nofp/libc_nano.a(lib_a-exit.o)
__data_end__                                      startup_CM3DS.o
__data_start__                                    startup_CM3DS.o
__deregister_frame_info                           /export/SoftWare/ARM/gcc-arm-none-eabi-10.3-2021.10/bin/../lib/gcc/arm-none-eabi/10.3.1/thumb/v7-m/nofp/crtbegin.o
__dso_handle                                      /export/SoftWare/ARM/gcc-arm-none-eabi-10.3-2021.10/bin/../lib/gcc/arm-none-eabi/10.3.1/thumb/v7-m/nofp/crtbegin.o
__etext                                           startup_CM3DS.o
__init_array_end                                  /export/SoftWare/ARM/gcc-arm-none-eabi-10.3-2021.10/bin/../lib/gcc/arm-none-eabi/10.3.1/../../../../arm-none-eabi/lib/thumb/v7-m/nofp/libc_nano.a(lib_a-init.o)
__init_array_start                                /export/SoftWare/ARM/gcc-arm-none-eabi-10.3-2021.10/bin/../lib/gcc/arm-none-eabi/10.3.1/../../../../arm-none-eabi/lib/thumb/v7-m/nofp/libc_nano.a(lib_a-init.o)
__isr_vector                                      startup_CM3DS.o
__libc_fini_array                                 /export/SoftWare/ARM/gcc-arm-none-eabi-10.3-2021.10/bin/../lib/gcc/arm-none-eabi/10.3.1/../../../../arm-none-eabi/lib/thumb/v7-m/nofp/crt0.o
__libc_init_array                                 /export/SoftWare/ARM/gcc-arm-none-eabi-10.3-2021.10/bin/../lib/gcc/arm-none-eabi/10.3.1/../../../../arm-none-eabi/lib/thumb/v7-m/nofp/libc_nano.a(lib_a-init.o)
                                                  /export/SoftWare/ARM/gcc-arm-none-eabi-10.3-2021.10/bin/../lib/gcc/arm-none-eabi/10.3.1/../../../../arm-none-eabi/lib/thumb/v7-m/nofp/crt0.o
__lock___arc4random_mutex                         /export/SoftWare/ARM/gcc-arm-none-eabi-10.3-2021.10/bin/../lib/gcc/arm-none-eabi/10.3.1/../../../../arm-none-eabi/lib/thumb/v7-m/nofp/libc_nano.a(lib_a-lock.o)
__lock___at_quick_exit_mutex                      /export/SoftWare/ARM/gcc-arm-none-eabi-10.3-2021.10/bin/../lib/gcc/arm-none-eabi/10.3.1/../../../../arm-none-eabi/lib/thumb/v7-m/nofp/libc_nano.a(lib_a-lock.o)
__lock___atexit_recursive_mutex                   /export/SoftWare/ARM/gcc-arm-none-eabi-10.3-2021.10/bin/../lib/gcc/arm-none-eabi/10.3.1/../../../../arm-none-eabi/lib/thumb/v7-m/nofp/libc_nano.a(lib_a-lock.o)
__lock___dd_hash_mutex                            /export/SoftWare/ARM/gcc-arm-none-eabi-10.3-2021.10/bin/../lib/gcc/arm-none-eabi/10.3.1/../../../../arm-none-eabi/lib/thumb/v7-m/nofp/libc_nano.a(lib_a-lock.o)
__lock___env_recursive_mutex                      /export/SoftWare/ARM/gcc-arm-none-eabi-10.3-2021.10/bin/../lib/gcc/arm-none-eabi/10.3.1/../../../../arm-none-eabi/lib/thumb/v7-m/nofp/libc_nano.a(lib_a-lock.o)
__lock___malloc_recursive_mutex                   /export/SoftWare/ARM/gcc-arm-none-eabi-10.3-2021.10/bin/../lib/gcc/arm-none-eabi/10.3.1/../../../../arm-none-eabi/lib/thumb/v7-m/nofp/libc_nano.a(lib_a-lock.o)
                                                  /export/SoftWare/ARM/gcc-arm-none-eabi-10.3-2021.10/bin/../lib/gcc/arm-none-eabi/10.3.1/../../../../arm-none-eabi/lib/thumb/v7-m/nofp/libc_nano.a(lib_a-mlock.o)
__lock___sfp_recursive_mutex                      /export/SoftWare/ARM/gcc-arm-none-eabi-10.3-2021.10/bin/../lib/gcc/arm-none-eabi/10.3.1/../../../../arm-none-eabi/lib/thumb/v7-m/nofp/libc_nano.a(lib_a-lock.o)
__lock___sinit_recursive_mutex                    /export/SoftWare/ARM/gcc-arm-none-eabi-10.3-2021.10/bin/../lib/gcc/arm-none-eabi/10.3.1/../../../../arm-none-eabi/lib/thumb/v7-m/nofp/libc_nano.a(lib_a-lock.o)
__lock___tz_mutex                                 /export/SoftWare/ARM/gcc-arm-none-eabi-10.3-2021.10/bin/../lib/gcc/arm-none-eabi/10.3.1/../../../../arm-none-eabi/lib/thumb/v7-m/nofp/libc_nano.a(lib_a-lock.o)
__malloc_free_list                                /export/SoftWare/ARM/gcc-arm-none-eabi-10.3-2021.10/bin/../lib/gcc/arm-none-eabi/10.3.1/../../../../arm-none-eabi/lib/thumb/v7-m/nofp/libc_nano.a(lib_a-nano-mallocr.o)
                                                  /export/SoftWare/ARM/gcc-arm-none-eabi-10.3-2021.10/bin/../lib/gcc/arm-none-eabi/10.3.1/../../../../arm-none-eabi/lib/thumb/v7-m/nofp/libc_nano.a(lib_a-nano-freer.o)
__malloc_lock                                     /export/SoftWare/ARM/gcc-arm-none-eabi-10.3-2021.10/bin/../lib/gcc/arm-none-eabi/10.3.1/../../../../arm-none-eabi/lib/thumb/v7-m/nofp/libc_nano.a(lib_a-mlock.o)
                                                  /export/SoftWare/ARM/gcc-arm-none-eabi-10.3-2021.10/bin/../lib/gcc/arm-none-eabi/10.3.1/../../../../arm-none-eabi/lib/thumb/v7-m/nofp/libc_nano.a(lib_a-nano-mallocr.o)
                                                  /export/SoftWare/ARM/gcc-arm-none-eabi-10.3-2021.10/bin/../lib/gcc/arm-none-eabi/10.3.1/../../../../arm-none-eabi/lib/thumb/v7-m/nofp/libc_nano.a(lib_a-nano-freer.o)
__malloc_sbrk_start                               /export/SoftWare/ARM/gcc-arm-none-eabi-10.3-2021.10/bin/../lib/gcc/arm-none-eabi/10.3.1/../../../../arm-none-eabi/lib/thumb/v7-m/nofp/libc_nano.a(lib_a-nano-mallocr.o)
__malloc_unlock                                   /export/SoftWare/ARM/gcc-arm-none-eabi-10.3-2021.10/bin/../lib/gcc/arm-none-eabi/10.3.1/../../../../arm-none-eabi/lib/thumb/v7-m/nofp/libc_nano.a(lib_a-mlock.o)
                                                  /export/SoftWare/ARM/gcc-arm-none-eabi-10.3-2021.10/bin/../lib/gcc/arm-none-eabi/10.3.1/../../../../arm-none-eabi/lib/thumb/v7-m/nofp/libc_nano.a(lib_a-nano-mallocr.o)
                                                  /export/SoftWare/ARM/gcc-arm-none-eabi-10.3-2021.10/bin/../lib/gcc/arm-none-eabi/10.3.1/../../../../arm-none-eabi/lib/thumb/v7-m/nofp/libc_nano.a(lib_a-nano-freer.o)
__preinit_array_end                               /export/SoftWare/ARM/gcc-arm-none-eabi-10.3-2021.10/bin/../lib/gcc/arm-none-eabi/10.3.1/../../../../arm-none-eabi/lib/thumb/v7-m/nofp/libc_nano.a(lib_a-init.o)
__preinit_array_start                             /export/SoftWare/ARM/gcc-arm-none-eabi-10.3-2021.10/bin/../lib/gcc/arm-none-eabi/10.3.1/../../../../arm-none-eabi/lib/thumb/v7-m/nofp/libc_nano.a(lib_a-init.o)
__register_frame_info                             /export/SoftWare/ARM/gcc-arm-none-eabi-10.3-2021.10/bin/../lib/gcc/arm-none-eabi/10.3.1/thumb/v7-m/nofp/crtbegin.o
__retarget_lock_acquire                           /export/SoftWare/ARM/gcc-arm-none-eabi-10.3-2021.10/bin/../lib/gcc/arm-none-eabi/10.3.1/../../../../arm-none-eabi/lib/thumb/v7-m/nofp/libc_nano.a(lib_a-lock.o)
__retarget_lock_acquire_recursive                 /export/SoftWare/ARM/gcc-arm-none-eabi-10.3-2021.10/bin/../lib/gcc/arm-none-eabi/10.3.1/../../../../arm-none-eabi/lib/thumb/v7-m/nofp/libc_nano.a(lib_a-lock.o)
                                                  /export/SoftWare/ARM/gcc-arm-none-eabi-10.3-2021.10/bin/../lib/gcc/arm-none-eabi/10.3.1/../../../../arm-none-eabi/lib/thumb/v7-m/nofp/libc_nano.a(lib_a-mlock.o)
__retarget_lock_close                             /export/SoftWare/ARM/gcc-arm-none-eabi-10.3-2021.10/bin/../lib/gcc/arm-none-eabi/10.3.1/../../../../arm-none-eabi/lib/thumb/v7-m/nofp/libc_nano.a(lib_a-lock.o)
__retarget_lock_close_recursive                   /export/SoftWare/ARM/gcc-arm-none-eabi-10.3-2021.10/bin/../lib/gcc/arm-none-eabi/10.3.1/../../../../arm-none-eabi/lib/thumb/v7-m/nofp/libc_nano.a(lib_a-lock.o)
__retarget_lock_init                              /export/SoftWare/ARM/gcc-arm-none-eabi-10.3-2021.10/bin/../lib/gcc/arm-none-eabi/10.3.1/../../../../arm-none-eabi/lib/thumb/v7-m/nofp/libc_nano.a(lib_a-lock.o)
__retarget_lock_init_recursive                    /export/SoftWare/ARM/gcc-arm-none-eabi-10.3-2021.10/bin/../lib/gcc/arm-none-eabi/10.3.1/../../../../arm-none-eabi/lib/thumb/v7-m/nofp/libc_nano.a(lib_a-lock.o)
__retarget_lock_release                           /export/SoftWare/ARM/gcc-arm-none-eabi-10.3-2021.10/bin/../lib/gcc/arm-none-eabi/10.3.1/../../../../arm-none-eabi/lib/thumb/v7-m/nofp/libc_nano.a(lib_a-lock.o)
__retarget_lock_release_recursive                 /export/SoftWare/ARM/gcc-arm-none-eabi-10.3-2021.10/bin/../lib/gcc/arm-none-eabi/10.3.1/../../../../arm-none-eabi/lib/thumb/v7-m/nofp/libc_nano.a(lib_a-lock.o)
                                                  /export/SoftWare/ARM/gcc-arm-none-eabi-10.3-2021.10/bin/../lib/gcc/arm-none-eabi/10.3.1/../../../../arm-none-eabi/lib/thumb/v7-m/nofp/libc_nano.a(lib_a-mlock.o)
__retarget_lock_try_acquire                       /export/SoftWare/ARM/gcc-arm-none-eabi-10.3-2021.10/bin/../lib/gcc/arm-none-eabi/10.3.1/../../../../arm-none-eabi/lib/thumb/v7-m/nofp/libc_nano.a(lib_a-lock.o)
__retarget_lock_try_acquire_recursive             /export/SoftWare/ARM/gcc-arm-none-eabi-10.3-2021.10/bin/../lib/gcc/arm-none-eabi/10.3.1/../../../../arm-none-eabi/lib/thumb/v7-m/nofp/libc_nano.a(lib_a-lock.o)
__sf_fake_stderr                                  /export/SoftWare/ARM/gcc-arm-none-eabi-10.3-2021.10/bin/../lib/gcc/arm-none-eabi/10.3.1/../../../../arm-none-eabi/lib/thumb/v7-m/nofp/libc_nano.a(lib_a-impure.o)
__sf_fake_stdin                                   /export/SoftWare/ARM/gcc-arm-none-eabi-10.3-2021.10/bin/../lib/gcc/arm-none-eabi/10.3.1/../../../../arm-none-eabi/lib/thumb/v7-m/nofp/libc_nano.a(lib_a-impure.o)
__sf_fake_stdout                                  /export/SoftWare/ARM/gcc-arm-none-eabi-10.3-2021.10/bin/../lib/gcc/arm-none-eabi/10.3.1/../../../../arm-none-eabi/lib/thumb/v7-m/nofp/libc_nano.a(lib_a-impure.o)
__ssprint_r                                       /export/SoftWare/ARM/gcc-arm-none-eabi-10.3-2021.10/bin/../lib/gcc/arm-none-eabi/10.3.1/../../../../arm-none-eabi/lib/thumb/v7-m/nofp/libc_nano.a(lib_a-nano-svfprintf.o)
__ssputs_r                                        /export/SoftWare/ARM/gcc-arm-none-eabi-10.3-2021.10/bin/../lib/gcc/arm-none-eabi/10.3.1/../../../../arm-none-eabi/lib/thumb/v7-m/nofp/libc_nano.a(lib_a-nano-svfprintf.o)
__stack                                           /export/SoftWare/ARM/gcc-arm-none-eabi-10.3-2021.10/bin/../lib/gcc/arm-none-eabi/10.3.1/../../../../arm-none-eabi/lib/thumb/v7-m/nofp/crt0.o
_exit                                             /export/SoftWare/ARM/gcc-arm-none-eabi-10.3-2021.10/bin/../lib/gcc/arm-none-eabi/10.3.1/../../../../arm-none-eabi/lib/thumb/v7-m/nofp/libnosys.a(_exit.o)
                                                  /export/SoftWare/ARM/gcc-arm-none-eabi-10.3-2021.10/bin/../lib/gcc/arm-none-eabi/10.3.1/../../../../arm-none-eabi/lib/thumb/v7-m/nofp/libc_nano.a(lib_a-exit.o)
_fini                                             /export/SoftWare/ARM/gcc-arm-none-eabi-10.3-2021.10/bin/../lib/gcc/arm-none-eabi/10.3.1/thumb/v7-m/nofp/crti.o
_free_r                                           /export/SoftWare/ARM/gcc-arm-none-eabi-10.3-2021.10/bin/../lib/gcc/arm-none-eabi/10.3.1/../../../../arm-none-eabi/lib/thumb/v7-m/nofp/libc_nano.a(lib_a-nano-freer.o)
                                                  /export/SoftWare/ARM/gcc-arm-none-eabi-10.3-2021.10/bin/../lib/gcc/arm-none-eabi/10.3.1/../../../../arm-none-eabi/lib/thumb/v7-m/nofp/libc_nano.a(lib_a-reent.o)
                                                  /export/SoftWare/ARM/gcc-arm-none-eabi-10.3-2021.10/bin/../lib/gcc/arm-none-eabi/10.3.1/../../../../arm-none-eabi/lib/thumb/v7-m/nofp/libc_nano.a(lib_a-nano-reallocr.o)
                                                  /export/SoftWare/ARM/gcc-arm-none-eabi-10.3-2021.10/bin/../lib/gcc/arm-none-eabi/10.3.1/../../../../arm-none-eabi/lib/thumb/v7-m/nofp/libc_nano.a(lib_a-nano-svfprintf.o)
_global_impure_ptr                                /export/SoftWare/ARM/gcc-arm-none-eabi-10.3-2021.10/bin/../lib/gcc/arm-none-eabi/10.3.1/../../../../arm-none-eabi/lib/thumb/v7-m/nofp/libc_nano.a(lib_a-impure.o)
                                                  /export/SoftWare/ARM/gcc-arm-none-eabi-10.3-2021.10/bin/../lib/gcc/arm-none-eabi/10.3.1/../../../../arm-none-eabi/lib/thumb/v7-m/nofp/libc_nano.a(lib_a-exit.o)
_impure_ptr                                       /export/SoftWare/ARM/gcc-arm-none-eabi-10.3-2021.10/bin/../lib/gcc/arm-none-eabi/10.3.1/../../../../arm-none-eabi/lib/thumb/v7-m/nofp/libc_nano.a(lib_a-impure.o)
                                                  /export/SoftWare/ARM/gcc-arm-none-eabi-10.3-2021.10/bin/../lib/gcc/arm-none-eabi/10.3.1/../../../../arm-none-eabi/lib/thumb/v7-m/nofp/libc_nano.a(lib_a-reent.o)
                                                  /export/SoftWare/ARM/gcc-arm-none-eabi-10.3-2021.10/bin/../lib/gcc/arm-none-eabi/10.3.1/../../../../arm-none-eabi/lib/thumb/v7-m/nofp/libc_nano.a(lib_a-vsprintf.o)
_init                                             /export/SoftWare/ARM/gcc-arm-none-eabi-10.3-2021.10/bin/../lib/gcc/arm-none-eabi/10.3.1/thumb/v7-m/nofp/crti.o
                                                  /export/SoftWare/ARM/gcc-arm-none-eabi-10.3-2021.10/bin/../lib/gcc/arm-none-eabi/10.3.1/../../../../arm-none-eabi/lib/thumb/v7-m/nofp/libc_nano.a(lib_a-init.o)
_mainCRTStartup                                   /export/SoftWare/ARM/gcc-arm-none-eabi-10.3-2021.10/bin/../lib/gcc/arm-none-eabi/10.3.1/../../../../arm-none-eabi/lib/thumb/v7-m/nofp/crt0.o
_malloc_r                                         /export/SoftWare/ARM/gcc-arm-none-eabi-10.3-2021.10/bin/../lib/gcc/arm-none-eabi/10.3.1/../../../../arm-none-eabi/lib/thumb/v7-m/nofp/libc_nano.a(lib_a-nano-mallocr.o)
                                                  /export/SoftWare/ARM/gcc-arm-none-eabi-10.3-2021.10/bin/../lib/gcc/arm-none-eabi/10.3.1/../../../../arm-none-eabi/lib/thumb/v7-m/nofp/libc_nano.a(lib_a-nano-reallocr.o)
                                                  /export/SoftWare/ARM/gcc-arm-none-eabi-10.3-2021.10/bin/../lib/gcc/arm-none-eabi/10.3.1/../../../../arm-none-eabi/lib/thumb/v7-m/nofp/libc_nano.a(lib_a-nano-svfprintf.o)
_malloc_usable_size_r                             /export/SoftWare/ARM/gcc-arm-none-eabi-10.3-2021.10/bin/../lib/gcc/arm-none-eabi/10.3.1/../../../../arm-none-eabi/lib/thumb/v7-m/nofp/libc_nano.a(lib_a-nano-msizer.o)
                                                  /export/SoftWare/ARM/gcc-arm-none-eabi-10.3-2021.10/bin/../lib/gcc/arm-none-eabi/10.3.1/../../../../arm-none-eabi/lib/thumb/v7-m/nofp/libc_nano.a(lib_a-nano-reallocr.o)
_printf_common                                    /export/SoftWare/ARM/gcc-arm-none-eabi-10.3-2021.10/bin/../lib/gcc/arm-none-eabi/10.3.1/../../../../arm-none-eabi/lib/thumb/v7-m/nofp/libc_nano.a(lib_a-nano-vfprintf_i.o)
_printf_float                                     /export/SoftWare/ARM/gcc-arm-none-eabi-10.3-2021.10/bin/../lib/gcc/arm-none-eabi/10.3.1/../../../../arm-none-eabi/lib/thumb/v7-m/nofp/libc_nano.a(lib_a-nano-svfprintf.o)
_printf_i                                         /export/SoftWare/ARM/gcc-arm-none-eabi-10.3-2021.10/bin/../lib/gcc/arm-none-eabi/10.3.1/../../../../arm-none-eabi/lib/thumb/v7-m/nofp/libc_nano.a(lib_a-nano-vfprintf_i.o)
                                                  /export/SoftWare/ARM/gcc-arm-none-eabi-10.3-2021.10/bin/../lib/gcc/arm-none-eabi/10.3.1/../../../../arm-none-eabi/lib/thumb/v7-m/nofp/libc_nano.a(lib_a-nano-svfprintf.o)
_realloc_r                                        /export/SoftWare/ARM/gcc-arm-none-eabi-10.3-2021.10/bin/../lib/gcc/arm-none-eabi/10.3.1/../../../../arm-none-eabi/lib/thumb/v7-m/nofp/libc_nano.a(lib_a-nano-reallocr.o)
                                                  /export/SoftWare/ARM/gcc-arm-none-eabi-10.3-2021.10/bin/../lib/gcc/arm-none-eabi/10.3.1/../../../../arm-none-eabi/lib/thumb/v7-m/nofp/libc_nano.a(lib_a-nano-svfprintf.o)
_reclaim_reent                                    /export/SoftWare/ARM/gcc-arm-none-eabi-10.3-2021.10/bin/../lib/gcc/arm-none-eabi/10.3.1/../../../../arm-none-eabi/lib/thumb/v7-m/nofp/libc_nano.a(lib_a-reent.o)
_sbrk                                             /export/SoftWare/ARM/gcc-arm-none-eabi-10.3-2021.10/bin/../lib/gcc/arm-none-eabi/10.3.1/../../../../arm-none-eabi/lib/thumb/v7-m/nofp/libnosys.a(sbrk.o)
                                                  /export/SoftWare/ARM/gcc-arm-none-eabi-10.3-2021.10/bin/../lib/gcc/arm-none-eabi/10.3.1/../../../../arm-none-eabi/lib/thumb/v7-m/nofp/libc_nano.a(lib_a-sbrkr.o)
_sbrk_r                                           /export/SoftWare/ARM/gcc-arm-none-eabi-10.3-2021.10/bin/../lib/gcc/arm-none-eabi/10.3.1/../../../../arm-none-eabi/lib/thumb/v7-m/nofp/libc_nano.a(lib_a-sbrkr.o)
                                                  /export/SoftWare/ARM/gcc-arm-none-eabi-10.3-2021.10/bin/../lib/gcc/arm-none-eabi/10.3.1/../../../../arm-none-eabi/lib/thumb/v7-m/nofp/libc_nano.a(lib_a-nano-mallocr.o)
_stack_init                                       /export/SoftWare/ARM/gcc-arm-none-eabi-10.3-2021.10/bin/../lib/gcc/arm-none-eabi/10.3.1/../../../../arm-none-eabi/lib/thumb/v7-m/nofp/crt0.o
_start                                            /export/SoftWare/ARM/gcc-arm-none-eabi-10.3-2021.10/bin/../lib/gcc/arm-none-eabi/10.3.1/../../../../arm-none-eabi/lib/thumb/v7-m/nofp/crt0.o
_svfiprintf_r                                     /export/SoftWare/ARM/gcc-arm-none-eabi-10.3-2021.10/bin/../lib/gcc/arm-none-eabi/10.3.1/../../../../arm-none-eabi/lib/thumb/v7-m/nofp/libc_nano.a(lib_a-nano-svfprintf.o)
_svfprintf_r                                      /export/SoftWare/ARM/gcc-arm-none-eabi-10.3-2021.10/bin/../lib/gcc/arm-none-eabi/10.3.1/../../../../arm-none-eabi/lib/thumb/v7-m/nofp/libc_nano.a(lib_a-nano-svfprintf.o)
                                                  /export/SoftWare/ARM/gcc-arm-none-eabi-10.3-2021.10/bin/../lib/gcc/arm-none-eabi/10.3.1/../../../../arm-none-eabi/lib/thumb/v7-m/nofp/libc_nano.a(lib_a-vsprintf.o)
_vsiprintf_r                                      /export/SoftWare/ARM/gcc-arm-none-eabi-10.3-2021.10/bin/../lib/gcc/arm-none-eabi/10.3.1/../../../../arm-none-eabi/lib/thumb/v7-m/nofp/libc_nano.a(lib_a-vsprintf.o)
_vsprintf_r                                       /export/SoftWare/ARM/gcc-arm-none-eabi-10.3-2021.10/bin/../lib/gcc/arm-none-eabi/10.3.1/../../../../arm-none-eabi/lib/thumb/v7-m/nofp/libc_nano.a(lib_a-vsprintf.o)
advtim_autoreload_test                            advtim_test.o
advtim_ch123_pwm_with_deadzone_init               advtim_bsp.o
                                                  advtim_test.o
advtim_ch123_pwm_with_deadzone_test               advtim_test.o
advtim_ch1_ch2_pwm_int_init                       advtim_bsp.o
advtim_ch1_ch2_pwm_test                           advtim_test.o
advtim_ch1_mode_with_deadzone_init                advtim_bsp.o
                                                  advtim_test.o
advtim_ch1_mode_with_deadzone_test                advtim_test.o
advtim_ch1_pwm_int_init                           advtim_bsp.o
                                                  advtim_test.o
advtim_ch1_pwm_test                               advtim_test.o
advtim_ch1_pwm_with_deadzone_init                 advtim_bsp.o
                                                  advtim_test.o
advtim_ch1_pwm_with_deadzone_test                 advtim_test.o
advtim_ch_all_pwm_and_gpio_with_deadzone_init     advtim_bsp.o
                                                  advtim_test.o
advtim_ch_all_pwm_and_gpio_with_deadzone_test     advtim_test.o
advtim_ch_all_pwm_int_init                        advtim_bsp.o
                                                  advtim_test.o
advtim_ch_all_pwm_test                            advtim_test.o
advtim_ch_all_pwm_with_channel5_test              advtim_test.o
advtim_ch_all_pwm_with_deadzone_init              advtim_bsp.o
                                                  advtim_test.o
advtim_ch_all_pwm_with_deadzone_test              advtim_test.o
advtim_count_int_init                             advtim_bsp.o
                                                  advtim_test.o
advtim_deinit                                     advtim_bsp.o
                                                  advtim_test.o
advtim_gen_int_reload_callback                    advtim_test.o
advtim_gen_int_reload_reaching_rcr_callback       advtim_test.o
advtim_int_flag                                   advtim_test.o
advtim_int_flag1                                  advtim_test.o
advtim_mix_cm_test                                advtim_test.o
advtim_mix_count_test                             advtim_test.o
advtim_mix_int_init                               advtim_bsp.o
                                                  advtim_test.o
advtim_mix_mode_test                              advtim_test.o
advtim_testmenu                                   advtim_test.o
atexit                                            /export/SoftWare/ARM/gcc-arm-none-eabi-10.3-2021.10/bin/../lib/gcc/arm-none-eabi/10.3.1/../../../../arm-none-eabi/lib/thumb/v7-m/nofp/crt0.o
b50610_get_reglist_test                           eth_test.o
b50610_get_status                                 eth_bsp.o
                                                  eth_test.o
b50610_init                                       eth_bsp.o
                                                  eth_test.o
b50610_init_conifg                                eth_bsp.o
b50610_init_test                                  eth_test.o
b50610_reglist                                    eth_bsp.o
                                                  eth_test.o
b50610_set_config                                 eth_bsp.o
                                                  eth_test.o
b50610_set_swrst                                  eth_bsp.o
                                                  eth_test.o
bastim_4ch_autoreload_int_test                    bastim_test.o
bastim_4ch_autoreload_test                        bastim_test.o
bastim_4ch_test                                   bastim_test.o
bastim_ch0                                        bastim_bsp.o
                                                  bastim_test.o
bastim_ch0_deinit                                 bastim_bsp.o
                                                  bastim_test.o
bastim_ch0_init                                   bastim_bsp.o
                                                  bastim_test.o
bastim_ch0_int_flag                               bastim_test.o
bastim_ch0_int_init                               bastim_bsp.o
bastim_ch1                                        bastim_bsp.o
                                                  bastim_test.o
bastim_ch1_deinit                                 bastim_bsp.o
                                                  bastim_test.o
bastim_ch1_init                                   bastim_bsp.o
                                                  bastim_test.o
bastim_ch1_int_flag                               bastim_test.o
bastim_ch1_int_init                               bastim_bsp.o
bastim_ch2                                        bastim_bsp.o
                                                  bastim_test.o
bastim_ch2_deinit                                 bastim_bsp.o
                                                  bastim_test.o
bastim_ch2_init                                   bastim_bsp.o
                                                  bastim_test.o
bastim_ch2_int_flag                               bastim_test.o
bastim_ch2_int_init                               bastim_bsp.o
bastim_ch3                                        bastim_bsp.o
                                                  bastim_test.o
bastim_ch3_deinit                                 bastim_bsp.o
                                                  bastim_test.o
bastim_ch3_init                                   bastim_bsp.o
                                                  bastim_test.o
bastim_ch3_int_flag                               bastim_test.o
bastim_ch3_int_init                               bastim_bsp.o
bastim_channel0_int_callback                      bastim_test.o
bastim_channel1_int_callback                      bastim_test.o
bastim_channel2_int_callback                      bastim_test.o
bastim_channel3_int_callback                      bastim_test.o
bastim_testmenu                                   bastim_test.o
cleanup_glue                                      /export/SoftWare/ARM/gcc-arm-none-eabi-10.3-2021.10/bin/../lib/gcc/arm-none-eabi/10.3.1/../../../../arm-none-eabi/lib/thumb/v7-m/nofp/libc_nano.a(lib_a-reent.o)
drv_advtim_gen_default_config                     drv_advtim_gen.o
drv_advtim_gen_deinit                             drv_advtim_gen.o
                                                  advtim_bsp.o
drv_advtim_gen_init                               drv_advtim_gen.o
                                                  advtim_bsp.o
drv_advtim_gen_interrupt_handler                  drv_advtim_gen.o
drv_advtim_gen_set_config                         drv_advtim_gen.o
drv_bastim_channel0_interrupt_handler             drv_bastim.o
drv_bastim_channel1_interrupt_handler             drv_bastim.o
drv_bastim_channel2_interrupt_handler             drv_bastim.o
drv_bastim_channel3_interrupt_handler             drv_bastim.o
drv_bastim_deinit                                 drv_bastim.o
                                                  bastim_bsp.o
drv_bastim_init                                   drv_bastim.o
                                                  bastim_bsp.o
drv_bastim_set_config                             drv_bastim.o
drv_check_data                                    drv_common.o
drv_check_rw_data                                 drv_common.o
                                                  drv_uart.o
                                                  drv_eth_mac.o
                                                  drv_eth.o
                                                  drv_bastim.o
                                                  drv_advtim_gen.o
drv_eth_mac_address_set                           drv_eth_mac.o
                                                  eth_bsp.o
drv_eth_mac_deinit                                drv_eth_mac.o
drv_eth_mac_dma_default_config                    drv_eth_mac.o
                                                  eth_bsp.o
drv_eth_mac_dma_interrupt_handler                 drv_eth_mac.o
                                                  interrupt.o
drv_eth_mac_init                                  drv_eth_mac.o
                                                  eth_bsp.o
drv_eth_mac_pe_default_config                     drv_eth_mac.o
                                                  eth_bsp.o
drv_eth_mac_rx_descriptor_clear                   drv_eth_mac.o
drv_eth_mac_rx_descriptor_config                  drv_eth_mac.o
drv_eth_mac_rx_descriptor_default_config          drv_eth_mac.o
drv_eth_mac_rx_interrupt_handler                  drv_eth_mac.o
                                                  interrupt.o
drv_eth_mac_set_dma_config                        drv_eth_mac.o
drv_eth_mac_set_pe_config                         drv_eth_mac.o
drv_eth_mac_set_rx_descriptor_and_rx_enable       drv_eth_mac.o
drv_eth_mac_set_rx_descriptor_config              drv_eth_mac.o
drv_eth_mac_set_tx_descriptor_and_tx_enable       drv_eth_mac.o
                                                  eth_test.o
drv_eth_mac_set_tx_descriptor_config              drv_eth_mac.o
drv_eth_mac_tx_descriptor_clear                   drv_eth_mac.o
                                                  eth_bsp.o
drv_eth_mac_tx_descriptor_config                  drv_eth_mac.o
                                                  eth_bsp.o
drv_eth_mac_tx_descriptor_default_config          drv_eth_mac.o
                                                  eth_bsp.o
drv_eth_mac_tx_interrupt_handler                  drv_eth_mac.o
                                                  interrupt.o
drv_eth_sma_default_config                        drv_eth.o
                                                  eth_bsp.o
drv_eth_sma_deinit                                drv_eth.o
drv_eth_sma_init                                  drv_eth.o
                                                  eth_bsp.o
drv_eth_sma_interrupt_handler                     drv_eth.o
                                                  interrupt.o
drv_eth_sma_master_read_reg                       drv_eth.o
                                                  eth_bsp.o
drv_eth_sma_master_read_reglist                   drv_eth.o
                                                  eth_test.o
drv_eth_sma_master_write_reg                      drv_eth.o
                                                  eth_bsp.o
drv_eth_sma_master_write_reglist                  drv_eth.o
                                                  eth_bsp.o
drv_eth_sma_set_config                            drv_eth.o
                                                  eth_bsp.o
drv_uart_default_config                           drv_uart.o
                                                  uart_bsp.o
drv_uart_deinit                                   drv_uart.o
drv_uart_getchar                                  drv_uart.o
drv_uart_getchar_timeout                          drv_uart.o
                                                  main.o
drv_uart_init                                     drv_uart.o
                                                  uart_bsp.o
drv_uart_interrupt_handler                        drv_uart.o
                                                  interrupt.o
drv_uart_printf                                   drv_uart_ex.o
                                                  main.o
drv_uart_putchar                                  drv_uart.o
drv_uart_putchars                                 drv_uart.o
                                                  drv_uart_ex.o
drv_uart_rx_data                                  drv_uart.o
drv_uart_rx_data_it                               drv_uart.o
drv_uart_set_config                               drv_uart.o
drv_uart_tx_data                                  drv_uart.o
end                                               /export/SoftWare/ARM/gcc-arm-none-eabi-10.3-2021.10/bin/../lib/gcc/arm-none-eabi/10.3.1/../../../../arm-none-eabi/lib/thumb/v7-m/nofp/libnosys.a(sbrk.o)
errno                                             /export/SoftWare/ARM/gcc-arm-none-eabi-10.3-2021.10/bin/../lib/gcc/arm-none-eabi/10.3.1/../../../../arm-none-eabi/lib/thumb/v7-m/nofp/libc_nano.a(lib_a-reent.o)
                                                  /export/SoftWare/ARM/gcc-arm-none-eabi-10.3-2021.10/bin/../lib/gcc/arm-none-eabi/10.3.1/../../../../arm-none-eabi/lib/thumb/v7-m/nofp/libc_nano.a(lib_a-sbrkr.o)
eth_arp_hw_insertion_frame                        eth_test.o
eth_arp_hw_replacement_frame                      eth_test.o
eth_icmp_hw_insertion_frame                       eth_test.o
eth_icmp_hw_replacement_frame                     eth_test.o
eth_igmp_hw_crc_replacement_frame                 eth_test.o
eth_igmp_hw_insertion_frame                       eth_test.o
eth_igmp_hw_padding_crc_insertion_frame           eth_test.o
eth_igmp_hw_replacement_frame                     eth_test.o
eth_igmp_sw_padding_crc_frame                     eth_test.o
eth_mac_descriptor_arp_frame_insertion_hw_handle_prepare eth_bsp.o
                                                  eth_test.o
eth_mac_descriptor_arp_frame_replacement_hw_handle_prepare eth_bsp.o
                                                  eth_test.o
eth_mac_descriptor_hw_handle_prepare              eth_bsp.o
                                                  eth_test.o
eth_mac_descriptor_ip_icmp_frame_insertion_hw_handle_prepare eth_bsp.o
                                                  eth_test.o
eth_mac_descriptor_ip_icmp_frame_replacement_hw_handle_prepare eth_bsp.o
                                                  eth_test.o
eth_mac_descriptor_ip_igmp_frame_crc_insertion_hw_handle_prepare eth_bsp.o
                                                  eth_test.o
eth_mac_descriptor_ip_igmp_frame_crc_replacement_hw_handle_prepare eth_bsp.o
                                                  eth_test.o
eth_mac_descriptor_ip_igmp_frame_insertion_hw_handle_prepare eth_bsp.o
                                                  eth_test.o
eth_mac_descriptor_ip_igmp_frame_padding_crc_insertion_hw_handle_prepare eth_bsp.o
                                                  eth_test.o
eth_mac_descriptor_ip_igmp_frame_padding_crc_sw_handle_prepare eth_bsp.o
                                                  eth_test.o
eth_mac_descriptor_ip_igmp_frame_replacement_hw_handle_prepare eth_bsp.o
                                                  eth_test.o
eth_mac_descriptor_ip_tcp_frame_insertion_hw_handle_prepare eth_bsp.o
                                                  eth_test.o
eth_mac_descriptor_ip_tcp_frame_replacement_hw_handle_prepare eth_bsp.o
                                                  eth_test.o
eth_mac_descriptor_ip_udp_frame2_insertion_hw_handle_prepare eth_bsp.o
                                                  eth_test.o
eth_mac_descriptor_ip_udp_frame2_replacement_hw_handle_prepare eth_bsp.o
                                                  eth_test.o
eth_mac_descriptor_ip_udp_frame_insertion_hw_handle_prepare eth_bsp.o
                                                  eth_test.o
eth_mac_descriptor_ip_udp_frame_replacement_hw_handle_prepare eth_bsp.o
                                                  eth_test.o
eth_mac_descriptor_sw_handle_prepare              eth_bsp.o
                                                  eth_test.o
eth_mac_dma_int_bus_error_callback                drv_eth_mac.o
eth_mac_dma_int_hready_to_callback                drv_eth_mac.o
eth_mac_dma_int_once_process_done_callback        drv_eth_mac.o
eth_mac_init                                      eth_bsp.o
                                                  eth_test.o
eth_mac_rx_int_rx_frame_done_callback             drv_eth_mac.o
eth_mac_testcase                                  eth_test.o
eth_mac_tx_arp_frame_by_hw_insertion              eth_test.o
eth_mac_tx_arp_frame_by_hw_replacement            eth_test.o
eth_mac_tx_data_by_hw                             eth_test.o
eth_mac_tx_data_by_sw                             eth_test.o
eth_mac_tx_int_tx_frame_done_callback             drv_eth_mac.o
eth_mac_tx_ip_icmp_frame_by_hw_insertion          eth_test.o
eth_mac_tx_ip_icmp_frame_by_hw_replacement        eth_test.o
eth_mac_tx_ip_igmp_frame_by_hw_crc_insertion      eth_test.o
eth_mac_tx_ip_igmp_frame_by_hw_crc_replacement    eth_test.o
                                                  main.o
eth_mac_tx_ip_igmp_frame_by_hw_insertion          eth_test.o
eth_mac_tx_ip_igmp_frame_by_hw_padding_crc_insertion eth_test.o
                                                  main.o
eth_mac_tx_ip_igmp_frame_by_hw_replacement        eth_test.o
eth_mac_tx_ip_igmp_frame_by_sw_padding_crc        eth_test.o
                                                  main.o
eth_mac_tx_ip_tcp_frame_by_hw_insertion           eth_test.o
eth_mac_tx_ip_tcp_frame_by_hw_replacement         eth_test.o
eth_mac_tx_ip_udp_frame2_by_hw_insertion          eth_test.o
                                                  main.o
eth_mac_tx_ip_udp_frame2_by_hw_replacement        eth_test.o
                                                  main.o
eth_mac_tx_ip_udp_frame_by_hw_insertion           eth_test.o
eth_mac_tx_ip_udp_frame_by_hw_replacement         eth_test.o
eth_sma_init                                      eth_bsp.o
                                                  eth_test.o
eth_sma_int_master_frame_done_callback            drv_eth.o
eth_sma_int_rx_fifo_noempty_callback              drv_eth.o
eth_sma_int_rx_fifo_thres_callback                drv_eth.o
eth_sma_int_rx_turn_nack_callback                 drv_eth.o
eth_sma_int_tx_fifo_empty_callback                drv_eth.o
eth_sma_int_tx_fifo_thres_callback                drv_eth.o
eth_tcp_hw_insertion_frame                        eth_test.o
eth_tcp_hw_replacement_frame                      eth_test.o
eth_testmenu                                      eth_test.o
                                                  main.o
eth_udp_hw_insertion_frame                        eth_test.o
eth_udp_hw_insertion_frame2                       eth_test.o
eth_udp_hw_replacement_frame                      eth_test.o
eth_udp_hw_replacement_frame2                     eth_test.o
exit                                              /export/SoftWare/ARM/gcc-arm-none-eabi-10.3-2021.10/bin/../lib/gcc/arm-none-eabi/10.3.1/../../../../arm-none-eabi/lib/thumb/v7-m/nofp/libc_nano.a(lib_a-exit.o)
                                                  startup_CM3DS.o
                                                  /export/SoftWare/ARM/gcc-arm-none-eabi-10.3-2021.10/bin/../lib/gcc/arm-none-eabi/10.3.1/../../../../arm-none-eabi/lib/thumb/v7-m/nofp/crt0.o
exit_current_test                                 main.o
g_advtim_menu                                     advtim_test.o
g_bastim_menu                                     bastim_test.o
g_eth_menu                                        eth_test.o
g_mcu_menu                                        main.o
hadvtim                                           advtim_bsp.o
                                                  advtim_test.o
hardware_init_hook                                /export/SoftWare/ARM/gcc-arm-none-eabi-10.3-2021.10/bin/../lib/gcc/arm-none-eabi/10.3.1/../../../../arm-none-eabi/lib/thumb/v7-m/nofp/crt0.o
heth                                              eth_bsp.o
                                                  interrupt.o
                                                  eth_test.o
hethmac                                           eth_bsp.o
                                                  interrupt.o
                                                  eth_test.o
hethmac_desccfg                                   eth_bsp.o
huart0                                            uart_bsp.o
                                                  main.o
                                                  interrupt.o
                                                  drv_uart_ex.o
huart1                                            uart_bsp.o
main                                              main.o
                                                  startup_CM3DS.o
                                                  /export/SoftWare/ARM/gcc-arm-none-eabi-10.3-2021.10/bin/../lib/gcc/arm-none-eabi/10.3.1/../../../../arm-none-eabi/lib/thumb/v7-m/nofp/crt0.o
mcu_testmenu                                      main.o
memchr                                            /export/SoftWare/ARM/gcc-arm-none-eabi-10.3-2021.10/bin/../lib/gcc/arm-none-eabi/10.3.1/../../../../arm-none-eabi/lib/thumb/v7-m/nofp/libc_nano.a(lib_a-memchr-stub.o)
                                                  /export/SoftWare/ARM/gcc-arm-none-eabi-10.3-2021.10/bin/../lib/gcc/arm-none-eabi/10.3.1/../../../../arm-none-eabi/lib/thumb/v7-m/nofp/libc_nano.a(lib_a-nano-vfprintf_i.o)
                                                  /export/SoftWare/ARM/gcc-arm-none-eabi-10.3-2021.10/bin/../lib/gcc/arm-none-eabi/10.3.1/../../../../arm-none-eabi/lib/thumb/v7-m/nofp/libc_nano.a(lib_a-nano-svfprintf.o)
memcpy                                            /export/SoftWare/ARM/gcc-arm-none-eabi-10.3-2021.10/bin/../lib/gcc/arm-none-eabi/10.3.1/../../../../arm-none-eabi/lib/thumb/v7-m/nofp/libc_nano.a(lib_a-memcpy-stub.o)
                                                  /export/SoftWare/ARM/gcc-arm-none-eabi-10.3-2021.10/bin/../lib/gcc/arm-none-eabi/10.3.1/../../../../arm-none-eabi/lib/thumb/v7-m/nofp/libc_nano.a(lib_a-nano-reallocr.o)
                                                  /export/SoftWare/ARM/gcc-arm-none-eabi-10.3-2021.10/bin/../lib/gcc/arm-none-eabi/10.3.1/../../../../arm-none-eabi/lib/thumb/v7-m/nofp/libc_nano.a(lib_a-nano-svfprintf.o)
memmove                                           /export/SoftWare/ARM/gcc-arm-none-eabi-10.3-2021.10/bin/../lib/gcc/arm-none-eabi/10.3.1/../../../../arm-none-eabi/lib/thumb/v7-m/nofp/libc_nano.a(lib_a-memmove.o)
                                                  /export/SoftWare/ARM/gcc-arm-none-eabi-10.3-2021.10/bin/../lib/gcc/arm-none-eabi/10.3.1/../../../../arm-none-eabi/lib/thumb/v7-m/nofp/libc_nano.a(lib_a-nano-svfprintf.o)
memset                                            /export/SoftWare/ARM/gcc-arm-none-eabi-10.3-2021.10/bin/../lib/gcc/arm-none-eabi/10.3.1/../../../../arm-none-eabi/lib/thumb/v7-m/nofp/libc_nano.a(lib_a-memset.o)
                                                  /export/SoftWare/ARM/gcc-arm-none-eabi-10.3-2021.10/bin/../lib/gcc/arm-none-eabi/10.3.1/../../../../arm-none-eabi/lib/thumb/v7-m/nofp/crt0.o
rx_data                                           eth_test.o
show_testmenu                                     main.o
                                                  eth_test.o
                                                  bastim_test.o
                                                  advtim_test.o
sma_callback_cnt                                  eth_test.o
software_init_hook                                /export/SoftWare/ARM/gcc-arm-none-eabi-10.3-2021.10/bin/../lib/gcc/arm-none-eabi/10.3.1/../../../../arm-none-eabi/lib/thumb/v7-m/nofp/crt0.o
strlen                                            /export/SoftWare/ARM/gcc-arm-none-eabi-10.3-2021.10/bin/../lib/gcc/arm-none-eabi/10.3.1/../../../../arm-none-eabi/lib/thumb/v7-m/nofp/libc_nano.a(lib_a-strlen.o)
                                                  drv_uart_ex.o
test_execute                                      main.o
                                                  eth_test.o
                                                  bastim_test.o
                                                  advtim_test.o
test_printf_ch                                    uart_bsp.o
                                                  eth_test.o
                                                  eth_bsp.o
test_printf_s                                     uart_bsp.o
                                                  eth_test.o
                                                  eth_bsp.o
                                                  bastim_test.o
                                                  advtim_test.o
tx_data                                           eth_test.o
uart0_init                                        uart_bsp.o
                                                  main.o
uart1_init                                        uart_bsp.o
uart_int_rx_fifo_noempty_callback                 drv_uart.o
uart_int_rx_fifo_thres_callback                   drv_uart.o
uart_int_rx_noise_detect_callback                 drv_uart.o
uart_int_rx_parity_error_callback                 drv_uart.o
uart_int_rx_stop_callback                         drv_uart.o
uart_int_rx_stop_detect_callback                  drv_uart.o
uart_int_rx_stop_error_callback                   drv_uart.o
uart_int_tx_done_callback                         drv_uart.o
uart_int_tx_fifo_empty_callback                   drv_uart.o
uart_int_tx_fifo_thres_callback                   drv_uart.o
vprintf                                           drv_uart_ex.o
vsiprintf                                         /export/SoftWare/ARM/gcc-arm-none-eabi-10.3-2021.10/bin/../lib/gcc/arm-none-eabi/10.3.1/../../../../arm-none-eabi/lib/thumb/v7-m/nofp/libc_nano.a(lib_a-vsprintf.o)
vsprintf                                          /export/SoftWare/ARM/gcc-arm-none-eabi-10.3-2021.10/bin/../lib/gcc/arm-none-eabi/10.3.1/../../../../arm-none-eabi/lib/thumb/v7-m/nofp/libc_nano.a(lib_a-vsprintf.o)
                                                  drv_uart_ex.o
